nohup: ignoring input

==================================================
🔥 SYSTEM CHECK: Raw Args -> ['main.py', '--model', 'deit_small', '--strategy', 'vit_pdt', '--epochs', '100', '--start_epoch', '30', '--prune_every', '20', '--channel_keep_ratio', '0.4', '--batch_size', '64', '--lr', '0.0003']
==================================================

🔥 DEBUG: Final Batch Size fixed to -> 64
>>> [System] ViT detected. Input size forced to 224 for dataloader.
📝 Logging started: deit_small_patch16_224_vit_pdt_20260325_070358.log
>>> [System] ViT detected. Input size forced to 224 for dataloader.
✅ CIFAR-100 Data loaded: Train(50000), Val/Test(10000)
Experimental Mode: pdt
Target Model: deit_small_patch16_224 | Dataset: imagenet100
>>> [Model] Loading Vision Transformer: deit_small_patch16_224
>>> [System] ViT head replaced: 384 → 100
>>> [System] Head warmup 시작 (5 epochs, head only)...
  [Head Warmup] Epoch 1/5 | Val Acc: 70.44%
  [Head Warmup] Epoch 2/5 | Val Acc: 71.93%
  [Head Warmup] Epoch 3/5 | Val Acc: 72.84%
  [Head Warmup] Epoch 4/5 | Val Acc: 73.76%
  [Head Warmup] Epoch 5/5 | Val Acc: 73.27%
>>> [System] Head warmup 완료. 전체 fine-tuning 시작.
[*] ViT Topology: 12 blocks → 24 groups (num_heads=6, head_dim=64)
>>> [System] Flash Attention disabled for Hessian computation.

[Pruner Init] Identified 24 groups for pruning.
[*] Applied Min Survival Guarantee: 10.0%
[System] Initializing ViTPDTPruner for deit_small_patch16_224

>>> Strategy: VIT_PDT | Total Epochs: 100
>>> Pruning starts at Epoch 30, every 20 epochs.
Epoch 1/100 | Loss: 0.8210 | Val Acc: 79.37% | Peak VRAM: 9122.15 MB
Epoch 2/100 | Loss: 0.5077 | Val Acc: 80.26% | Peak VRAM: 9122.15 MB
Epoch 3/100 | Loss: 0.3593 | Val Acc: 80.76% | Peak VRAM: 9122.15 MB
Epoch 4/100 | Loss: 0.2747 | Val Acc: 80.86% | Peak VRAM: 9122.15 MB
Epoch 5/100 | Loss: 0.2214 | Val Acc: 81.22% | Peak VRAM: 9122.15 MB
Epoch 6/100 | Loss: 0.1833 | Val Acc: 80.92% | Peak VRAM: 9122.15 MB
Epoch 7/100 | Loss: 0.1626 | Val Acc: 80.51% | Peak VRAM: 9122.15 MB
Epoch 8/100 | Loss: 0.1431 | Val Acc: 80.65% | Peak VRAM: 9122.15 MB
Epoch 9/100 | Loss: 0.1284 | Val Acc: 80.05% | Peak VRAM: 9122.15 MB
Epoch 10/100 | Loss: 0.1147 | Val Acc: 80.41% | Peak VRAM: 9122.15 MB
Epoch 11/100 | Loss: 0.1092 | Val Acc: 80.52% | Peak VRAM: 9122.15 MB
Epoch 12/100 | Loss: 0.1058 | Val Acc: 80.20% | Peak VRAM: 9122.15 MB
Epoch 13/100 | Loss: 0.0941 | Val Acc: 79.35% | Peak VRAM: 9122.15 MB
Epoch 14/100 | Loss: 0.0884 | Val Acc: 80.85% | Peak VRAM: 9122.15 MB
Epoch 15/100 | Loss: 0.0885 | Val Acc: 80.47% | Peak VRAM: 9122.15 MB
Epoch 16/100 | Loss: 0.0830 | Val Acc: 79.66% | Peak VRAM: 9122.15 MB
Epoch 17/100 | Loss: 0.0787 | Val Acc: 80.44% | Peak VRAM: 9122.15 MB
Epoch 18/100 | Loss: 0.0748 | Val Acc: 79.54% | Peak VRAM: 9122.15 MB
Epoch 19/100 | Loss: 0.0747 | Val Acc: 79.92% | Peak VRAM: 9122.15 MB
Epoch 20/100 | Loss: 0.0723 | Val Acc: 79.30% | Peak VRAM: 9122.15 MB
Epoch 21/100 | Loss: 0.0668 | Val Acc: 79.86% | Peak VRAM: 9122.15 MB
Epoch 22/100 | Loss: 0.0690 | Val Acc: 80.64% | Peak VRAM: 9122.15 MB
Epoch 23/100 | Loss: 0.0602 | Val Acc: 80.48% | Peak VRAM: 9122.15 MB
Epoch 24/100 | Loss: 0.0602 | Val Acc: 80.52% | Peak VRAM: 9122.15 MB
Epoch 25/100 | Loss: 0.0634 | Val Acc: 80.34% | Peak VRAM: 9122.15 MB
Epoch 26/100 | Loss: 0.0572 | Val Acc: 79.44% | Peak VRAM: 9122.15 MB
Epoch 27/100 | Loss: 0.0587 | Val Acc: 79.56% | Peak VRAM: 9122.15 MB
Epoch 28/100 | Loss: 0.0567 | Val Acc: 80.07% | Peak VRAM: 9122.15 MB
Epoch 29/100 | Loss: 0.0560 | Val Acc: 79.15% | Peak VRAM: 9122.15 MB

[DEBUG] >>> PRUNING @ Epoch 30

[DEBUG] === ViT PDT Pruning (k-horizon=5): Epoch 30 ===

============================== ViT PDT k-horizon Pruning Report ==============================
 k_horizon=5 | Pruned: 5842 units
 [ATTN] blocks.0.attn.qkv                        |    4/   6 |  33.3% pruned
 [FFN] blocks.0.mlp.fc1                         | 1422/1536 |   7.4% pruned
 [ATTN] blocks.1.attn.qkv                        |    5/   6 |  16.7% pruned
 [FFN] blocks.1.mlp.fc1                         | 1401/1536 |   8.8% pruned
 [ATTN] blocks.2.attn.qkv                        |    5/   6 |  16.7% pruned
 [FFN] blocks.2.mlp.fc1                         | 1347/1536 |  12.3% pruned
 [ATTN] blocks.3.attn.qkv                        |    4/   6 |  33.3% pruned
 [FFN] blocks.3.mlp.fc1                         | 1319/1536 |  14.1% pruned
 [ATTN] blocks.4.attn.qkv                        |    5/   6 |  16.7% pruned
 [FFN] blocks.4.mlp.fc1                         | 1390/1536 |   9.5% pruned
 [ATTN] blocks.5.attn.qkv                        |    4/   6 |  33.3% pruned
 [FFN] blocks.5.mlp.fc1                         | 1477/1536 |   3.8% pruned
 [ATTN] blocks.6.attn.qkv                        |    5/   6 |  16.7% pruned
 [FFN] blocks.6.mlp.fc1                         | 1499/1536 |   2.4% pruned
 [ATTN] blocks.7.attn.qkv                        |    5/   6 |  16.7% pruned
 [FFN] blocks.7.mlp.fc1                         | 1460/1536 |   4.9% pruned
 [ATTN] blocks.8.attn.qkv                        |    5/   6 |  16.7% pruned
 [FFN] blocks.8.mlp.fc1                         | 1449/1536 |   5.7% pruned
 [ATTN] blocks.9.attn.qkv                        |    4/   6 |  33.3% pruned
 [FFN] blocks.9.mlp.fc1                         | 1297/1536 |  15.6% pruned
 [ATTN] blocks.10.attn.qkv                       |    3/   6 |  50.0% pruned
 [FFN] blocks.10.mlp.fc1                        | 1091/1536 |  29.0% pruned
 [ATTN] blocks.11.attn.qkv                       |    1/   6 |  83.3% pruned
 [FFN] blocks.11.mlp.fc1                        |  381/1536 |  75.2% pruned

 Size: 64.26MB | Sparsity: 20.67% | Speedup: 1.26x
===================================================================
🧹 Post-Pruning Memory Cleared & Graph Destroyed.

[Scientific Metrics - Epoch 30]
 🟢 Model Size: 81.00 MB -> 64.26 MB
 🔵 Sparsity: 15.79 %
 🟡 Speedup: 1.26x
💾 Checkpoint saved: deit_small_patch16_224_vit_pdt_ep30_sp15.79.pth
Epoch 30/100 | Loss: 0.1475 | Val Acc: 78.08% | Peak VRAM: 43064.57 MB
Epoch 31/100 | Loss: 0.0930 | Val Acc: 78.64% | Peak VRAM: 9121.27 MB
Epoch 32/100 | Loss: 0.0806 | Val Acc: 78.06% | Peak VRAM: 9121.27 MB
Epoch 33/100 | Loss: 0.0725 | Val Acc: 78.71% | Peak VRAM: 9121.27 MB
Epoch 34/100 | Loss: 0.0694 | Val Acc: 78.27% | Peak VRAM: 9121.27 MB
Epoch 35/100 | Loss: 0.0657 | Val Acc: 78.25% | Peak VRAM: 9121.27 MB
Epoch 36/100 | Loss: 0.0655 | Val Acc: 78.47% | Peak VRAM: 9121.27 MB
Epoch 37/100 | Loss: 0.0611 | Val Acc: 78.06% | Peak VRAM: 9121.27 MB
Epoch 38/100 | Loss: 0.0565 | Val Acc: 78.22% | Peak VRAM: 9121.27 MB
Epoch 39/100 | Loss: 0.0549 | Val Acc: 78.22% | Peak VRAM: 9121.27 MB
Epoch 40/100 | Loss: 0.0540 | Val Acc: 78.38% | Peak VRAM: 9121.27 MB
Epoch 41/100 | Loss: 0.0520 | Val Acc: 77.93% | Peak VRAM: 9121.27 MB
Epoch 42/100 | Loss: 0.0510 | Val Acc: 77.92% | Peak VRAM: 9121.27 MB
Epoch 43/100 | Loss: 0.0491 | Val Acc: 78.56% | Peak VRAM: 9121.27 MB
Epoch 44/100 | Loss: 0.0507 | Val Acc: 77.90% | Peak VRAM: 9121.27 MB
Epoch 45/100 | Loss: 0.0476 | Val Acc: 78.22% | Peak VRAM: 9121.27 MB
Epoch 46/100 | Loss: 0.0469 | Val Acc: 78.66% | Peak VRAM: 9121.27 MB
Epoch 47/100 | Loss: 0.0501 | Val Acc: 78.33% | Peak VRAM: 9121.27 MB
Epoch 48/100 | Loss: 0.0485 | Val Acc: 78.05% | Peak VRAM: 9121.27 MB
Epoch 49/100 | Loss: 0.0452 | Val Acc: 78.55% | Peak VRAM: 9121.27 MB

[DEBUG] >>> PRUNING @ Epoch 50

[DEBUG] === ViT PDT Pruning (k-horizon=5): Epoch 50 ===

============================== ViT PDT k-horizon Pruning Report ==============================
 k_horizon=5 | Pruned: 4298 units
 [ATTN] blocks.0.attn.qkv                        |    2/   6 |  66.7% pruned
 [FFN] blocks.0.mlp.fc1                         | 1295/1536 |  15.7% pruned
 [ATTN] blocks.1.attn.qkv                        |    4/   6 |  33.3% pruned
 [FFN] blocks.1.mlp.fc1                         | 1300/1536 |  15.4% pruned
 [ATTN] blocks.2.attn.qkv                        |    3/   6 |  50.0% pruned
 [FFN] blocks.2.mlp.fc1                         | 1267/1536 |  17.5% pruned
 [ATTN] blocks.3.attn.qkv                        |    4/   6 |  33.3% pruned
 [FFN] blocks.3.mlp.fc1                         | 1230/1536 |  19.9% pruned
 [ATTN] blocks.4.attn.qkv                        |    2/   6 |  66.7% pruned
 [FFN] blocks.4.mlp.fc1                         | 1299/1536 |  15.4% pruned
 [ATTN] blocks.5.attn.qkv                        |    3/   6 |  50.0% pruned
 [FFN] blocks.5.mlp.fc1                         | 1371/1536 |  10.7% pruned
Traceback (most recent call last):
  File "/home/stella/anaconda3/envs/pdt/lib/python3.10/multiprocessing/queues.py", line 244, in _feed
    obj = _ForkingPickler.dumps(obj)
  File "/home/stella/anaconda3/envs/pdt/lib/python3.10/multiprocessing/reduction.py", line 51, in dumps
    cls(buf, protocol).dump(obj)
  File "/home/stella/anaconda3/envs/pdt/lib/python3.10/site-packages/torch/multiprocessing/reductions.py", line 616, in reduce_storage
    df = multiprocessing.reduction.DupFd(fd)
  File "/home/stella/anaconda3/envs/pdt/lib/python3.10/multiprocessing/reduction.py", line 198, in DupFd
    return resource_sharer.DupFd(fd)
  File "/home/stella/anaconda3/envs/pdt/lib/python3.10/multiprocessing/resource_sharer.py", line 53, in __init__
    self._id = _resource_sharer.register(send, close)
  File "/home/stella/anaconda3/envs/pdt/lib/python3.10/multiprocessing/resource_sharer.py", line 76, in register
    self._start()
  File "/home/stella/anaconda3/envs/pdt/lib/python3.10/multiprocessing/resource_sharer.py", line 126, in _start
    self._listener = Listener(authkey=process.current_process().authkey)
  File "/home/stella/anaconda3/envs/pdt/lib/python3.10/multiprocessing/connection.py", line 442, in __init__
    address = address or arbitrary_address(family)
  File "/home/stella/anaconda3/envs/pdt/lib/python3.10/multiprocessing/connection.py", line 76, in arbitrary_address
    return tempfile.mktemp(prefix='listener-', dir=util.get_temp_dir())
  File "/home/stella/anaconda3/envs/pdt/lib/python3.10/multiprocessing/util.py", line 146, in get_temp_dir
    tempdir = tempfile.mkdtemp(prefix='pymp-')
  File "/home/stella/anaconda3/envs/pdt/lib/python3.10/tempfile.py", line 384, in mkdtemp
    _os.mkdir(file, 0o700)
OSError: [Errno 28] No space left on device: '/tmp/pymp-f5t7cmg3'
Traceback (most recent call last):
  File "/home/stella/anaconda3/envs/pdt/lib/python3.10/multiprocessing/queues.py", line 244, in _feed
    obj = _ForkingPickler.dumps(obj)
  File "/home/stella/anaconda3/envs/pdt/lib/python3.10/multiprocessing/reduction.py", line 51, in dumps
    cls(buf, protocol).dump(obj)
  File "/home/stella/anaconda3/envs/pdt/lib/python3.10/site-packages/torch/multiprocessing/reductions.py", line 616, in reduce_storage
    df = multiprocessing.reduction.DupFd(fd)
  File "/home/stella/anaconda3/envs/pdt/lib/python3.10/multiprocessing/reduction.py", line 198, in DupFd
    return resource_sharer.DupFd(fd)
  File "/home/stella/anaconda3/envs/pdt/lib/python3.10/multiprocessing/resource_sharer.py", line 53, in __init__
    self._id = _resource_sharer.register(send, close)
  File "/home/stella/anaconda3/envs/pdt/lib/python3.10/multiprocessing/resource_sharer.py", line 76, in register
    self._start()
  File "/home/stella/anaconda3/envs/pdt/lib/python3.10/multiprocessing/resource_sharer.py", line 126, in _start
    self._listener = Listener(authkey=process.current_process().authkey)
  File "/home/stella/anaconda3/envs/pdt/lib/python3.10/multiprocessing/connection.py", line 442, in __init__
    address = address or arbitrary_address(family)
  File "/home/stella/anaconda3/envs/pdt/lib/python3.10/multiprocessing/connection.py", line 76, in arbitrary_address
    return tempfile.mktemp(prefix='listener-', dir=util.get_temp_dir())
  File "/home/stella/anaconda3/envs/pdt/lib/python3.10/multiprocessing/util.py", line 146, in get_temp_dir
    tempdir = tempfile.mkdtemp(prefix='pymp-')
  File "/home/stella/anaconda3/envs/pdt/lib/python3.10/tempfile.py", line 384, in mkdtemp
    _os.mkdir(file, 0o700)
OSError: [Errno 28] No space left on device: '/tmp/pymp-f50l588j'
