1773899509.599488 client started (4141): version 3.6, socket /tmp/tmux-1001/default, protocol 8
1773899509.599546 on Linux 5.15.0-139-generic #149~20.04.1-Ubuntu SMP Wed Apr 16 08:29:56 UTC 2025
1773899509.599562 using libevent 2.1.12-stable poll
1773899509.599573 using ncurses 6.5 20240427
1773899509.599612 flags are 0x18010000
1773899509.599623 socket is /tmp/tmux-1001/default
1773899509.599649 trying connect
1773899509.599681 connect failed: Connection refused
1773899509.599704 lock file is /tmp/tmux-1001/default.lock
1773899509.599767 flock succeeded
1773899509.599780 got lock (6)
1773899509.599796 trying connect
1773899509.599816 connect failed: Connection refused
1773899509.600174 add peer 0x55b5d877e3f0: 7 ((nil))
1773899509.600984 sending message 111 to peer 0x55b5d877e3f0 (8 bytes)
1773899509.600990 sending message 111 to peer 0x55b5d877e3f0 (8 bytes)
1773899509.600992 sending message 101 to peer 0x55b5d877e3f0 (15 bytes)
1773899509.600994 sending message 109 to peer 0x55b5d877e3f0 (4 bytes)
1773899509.600996 sending message 102 to peer 0x55b5d877e3f0 (11 bytes)
1773899509.600997 sending message 108 to peer 0x55b5d877e3f0 (30 bytes)
1773899509.600999 sending message 112 to peer 0x55b5d877e3f0 (58 bytes)
1773899509.601001 sending message 112 to peer 0x55b5d877e3f0 (5 bytes)
1773899509.601003 sending message 112 to peer 0x55b5d877e3f0 (5 bytes)
1773899509.601005 sending message 112 to peer 0x55b5d877e3f0 (6 bytes)
1773899509.601007 sending message 112 to peer 0x55b5d877e3f0 (6 bytes)
1773899509.601008 sending message 112 to peer 0x55b5d877e3f0 (11 bytes)
1773899509.601010 sending message 112 to peer 0x55b5d877e3f0 (10 bytes)
1773899509.601012 sending message 112 to peer 0x55b5d877e3f0 (13 bytes)
1773899509.601013 sending message 112 to peer 0x55b5d877e3f0 (14 bytes)
1773899509.601015 sending message 112 to peer 0x55b5d877e3f0 (19 bytes)
1773899509.601017 sending message 112 to peer 0x55b5d877e3f0 (11 bytes)
1773899509.601018 sending message 112 to peer 0x55b5d877e3f0 (10 bytes)
1773899509.601020 sending message 112 to peer 0x55b5d877e3f0 (15 bytes)
1773899509.601022 sending message 112 to peer 0x55b5d877e3f0 (21 bytes)
1773899509.601024 sending message 112 to peer 0x55b5d877e3f0 (13 bytes)
1773899509.601025 sending message 112 to peer 0x55b5d877e3f0 (7 bytes)
1773899509.601027 sending message 112 to peer 0x55b5d877e3f0 (13 bytes)
1773899509.601029 sending message 112 to peer 0x55b5d877e3f0 (7 bytes)
1773899509.601031 sending message 112 to peer 0x55b5d877e3f0 (13 bytes)
1773899509.601033 sending message 112 to peer 0x55b5d877e3f0 (9 bytes)
1773899509.601035 sending message 112 to peer 0x55b5d877e3f0 (21 bytes)
1773899509.601037 sending message 112 to peer 0x55b5d877e3f0 (13 bytes)
1773899509.601039 sending message 112 to peer 0x55b5d877e3f0 (9 bytes)
1773899509.601040 sending message 112 to peer 0x55b5d877e3f0 (16 bytes)
1773899509.601042 sending message 112 to peer 0x55b5d877e3f0 (13 bytes)
1773899509.601044 sending message 112 to peer 0x55b5d877e3f0 (9 bytes)
1773899509.601046 sending message 112 to peer 0x55b5d877e3f0 (9 bytes)
1773899509.601048 sending message 112 to peer 0x55b5d877e3f0 (12 bytes)
1773899509.601050 sending message 112 to peer 0x55b5d877e3f0 (8 bytes)
1773899509.601052 sending message 112 to peer 0x55b5d877e3f0 (8 bytes)
1773899509.601054 sending message 112 to peer 0x55b5d877e3f0 (13 bytes)
1773899509.601056 sending message 112 to peer 0x55b5d877e3f0 (7 bytes)
1773899509.601058 sending message 112 to peer 0x55b5d877e3f0 (7 bytes)
1773899509.601060 sending message 112 to peer 0x55b5d877e3f0 (9 bytes)
1773899509.601061 sending message 112 to peer 0x55b5d877e3f0 (9 bytes)
1773899509.601063 sending message 112 to peer 0x55b5d877e3f0 (15 bytes)
1773899509.601066 sending message 112 to peer 0x55b5d877e3f0 (13 bytes)
1773899509.601068 sending message 112 to peer 0x55b5d877e3f0 (12 bytes)
1773899509.601070 sending message 112 to peer 0x55b5d877e3f0 (8 bytes)
1773899509.601072 sending message 112 to peer 0x55b5d877e3f0 (14 bytes)
1773899509.601073 sending message 112 to peer 0x55b5d877e3f0 (11 bytes)
1773899509.601075 sending message 112 to peer 0x55b5d877e3f0 (9 bytes)
1773899509.601080 sending message 112 to peer 0x55b5d877e3f0 (10 bytes)
1773899509.601083 sending message 112 to peer 0x55b5d877e3f0 (10 bytes)
1773899509.601085 sending message 112 to peer 0x55b5d877e3f0 (10 bytes)
1773899509.601087 sending message 112 to peer 0x55b5d877e3f0 (10 bytes)
1773899509.601088 sending message 112 to peer 0x55b5d877e3f0 (11 bytes)
1773899509.601090 sending message 112 to peer 0x55b5d877e3f0 (12 bytes)
1773899509.601092 sending message 112 to peer 0x55b5d877e3f0 (12 bytes)
1773899509.601094 sending message 112 to peer 0x55b5d877e3f0 (12 bytes)
1773899509.601096 sending message 112 to peer 0x55b5d877e3f0 (12 bytes)
1773899509.601098 sending message 112 to peer 0x55b5d877e3f0 (12 bytes)
1773899509.601100 sending message 112 to peer 0x55b5d877e3f0 (11 bytes)
1773899509.601101 sending message 112 to peer 0x55b5d877e3f0 (11 bytes)
1773899509.601103 sending message 112 to peer 0x55b5d877e3f0 (12 bytes)
1773899509.601105 sending message 112 to peer 0x55b5d877e3f0 (12 bytes)
1773899509.601107 sending message 112 to peer 0x55b5d877e3f0 (12 bytes)
1773899509.601109 sending message 112 to peer 0x55b5d877e3f0 (12 bytes)
1773899509.601111 sending message 112 to peer 0x55b5d877e3f0 (12 bytes)
1773899509.601113 sending message 112 to peer 0x55b5d877e3f0 (9 bytes)
1773899509.601115 sending message 112 to peer 0x55b5d877e3f0 (12 bytes)
1773899509.601117 sending message 112 to peer 0x55b5d877e3f0 (13 bytes)
1773899509.601119 sending message 112 to peer 0x55b5d877e3f0 (13 bytes)
1773899509.601120 sending message 112 to peer 0x55b5d877e3f0 (13 bytes)
1773899509.601122 sending message 112 to peer 0x55b5d877e3f0 (13 bytes)
1773899509.601124 sending message 112 to peer 0x55b5d877e3f0 (13 bytes)
1773899509.601126 sending message 112 to peer 0x55b5d877e3f0 (8 bytes)
1773899509.601128 sending message 112 to peer 0x55b5d877e3f0 (11 bytes)
1773899509.601130 sending message 112 to peer 0x55b5d877e3f0 (11 bytes)
1773899509.601132 sending message 112 to peer 0x55b5d877e3f0 (11 bytes)
1773899509.601134 sending message 112 to peer 0x55b5d877e3f0 (12 bytes)
1773899509.601136 sending message 112 to peer 0x55b5d877e3f0 (12 bytes)
1773899509.601138 sending message 112 to peer 0x55b5d877e3f0 (12 bytes)
1773899509.601140 sending message 112 to peer 0x55b5d877e3f0 (12 bytes)
1773899509.601141 sending message 112 to peer 0x55b5d877e3f0 (13 bytes)
1773899509.601143 sending message 112 to peer 0x55b5d877e3f0 (13 bytes)
1773899509.601145 sending message 112 to peer 0x55b5d877e3f0 (13 bytes)
1773899509.601147 sending message 112 to peer 0x55b5d877e3f0 (8 bytes)
1773899509.601149 sending message 112 to peer 0x55b5d877e3f0 (13 bytes)
1773899509.601151 sending message 112 to peer 0x55b5d877e3f0 (13 bytes)
1773899509.601152 sending message 112 to peer 0x55b5d877e3f0 (13 bytes)
1773899509.601154 sending message 112 to peer 0x55b5d877e3f0 (13 bytes)
1773899509.601156 sending message 112 to peer 0x55b5d877e3f0 (13 bytes)
1773899509.601158 sending message 112 to peer 0x55b5d877e3f0 (12 bytes)
1773899509.601160 sending message 112 to peer 0x55b5d877e3f0 (12 bytes)
1773899509.601162 sending message 112 to peer 0x55b5d877e3f0 (12 bytes)
1773899509.601164 sending message 112 to peer 0x55b5d877e3f0 (12 bytes)
1773899509.601165 sending message 112 to peer 0x55b5d877e3f0 (13 bytes)
1773899509.601167 sending message 112 to peer 0x55b5d877e3f0 (8 bytes)
1773899509.601169 sending message 112 to peer 0x55b5d877e3f0 (13 bytes)
1773899509.601171 sending message 112 to peer 0x55b5d877e3f0 (13 bytes)
1773899509.601173 sending message 112 to peer 0x55b5d877e3f0 (13 bytes)
1773899509.601175 sending message 112 to peer 0x55b5d877e3f0 (13 bytes)
1773899509.601177 sending message 112 to peer 0x55b5d877e3f0 (13 bytes)
1773899509.601179 sending message 112 to peer 0x55b5d877e3f0 (13 bytes)
1773899509.601180 sending message 112 to peer 0x55b5d877e3f0 (13 bytes)
1773899509.601182 sending message 112 to peer 0x55b5d877e3f0 (12 bytes)
1773899509.601184 sending message 112 to peer 0x55b5d877e3f0 (12 bytes)
1773899509.601188 sending message 112 to peer 0x55b5d877e3f0 (12 bytes)
1773899509.601190 sending message 112 to peer 0x55b5d877e3f0 (8 bytes)
1773899509.601192 sending message 112 to peer 0x55b5d877e3f0 (12 bytes)
1773899509.601194 sending message 112 to peer 0x55b5d877e3f0 (13 bytes)
1773899509.601195 sending message 112 to peer 0x55b5d877e3f0 (13 bytes)
1773899509.601198 sending message 112 to peer 0x55b5d877e3f0 (13 bytes)
1773899509.601200 sending message 112 to peer 0x55b5d877e3f0 (13 bytes)
1773899509.601202 sending message 112 to peer 0x55b5d877e3f0 (13 bytes)
1773899509.601204 sending message 112 to peer 0x55b5d877e3f0 (13 bytes)
1773899509.601206 sending message 112 to peer 0x55b5d877e3f0 (13 bytes)
1773899509.601208 sending message 112 to peer 0x55b5d877e3f0 (13 bytes)
1773899509.601210 sending message 112 to peer 0x55b5d877e3f0 (12 bytes)
1773899509.601211 sending message 112 to peer 0x55b5d877e3f0 (10 bytes)
1773899509.601213 sending message 112 to peer 0x55b5d877e3f0 (12 bytes)
1773899509.601215 sending message 112 to peer 0x55b5d877e3f0 (12 bytes)
1773899509.601217 sending message 112 to peer 0x55b5d877e3f0 (12 bytes)
1773899509.601219 sending message 112 to peer 0x55b5d877e3f0 (13 bytes)
1773899509.601221 sending message 112 to peer 0x55b5d877e3f0 (13 bytes)
1773899509.601223 sending message 112 to peer 0x55b5d877e3f0 (13 bytes)
1773899509.601224 sending message 112 to peer 0x55b5d877e3f0 (13 bytes)
1773899509.601226 sending message 112 to peer 0x55b5d877e3f0 (13 bytes)
1773899509.601228 sending message 112 to peer 0x55b5d877e3f0 (13 bytes)
1773899509.601230 sending message 112 to peer 0x55b5d877e3f0 (13 bytes)
1773899509.601232 sending message 112 to peer 0x55b5d877e3f0 (10 bytes)
1773899509.601234 sending message 112 to peer 0x55b5d877e3f0 (13 bytes)
1773899509.601236 sending message 112 to peer 0x55b5d877e3f0 (12 bytes)
1773899509.601238 sending message 112 to peer 0x55b5d877e3f0 (12 bytes)
1773899509.601240 sending message 112 to peer 0x55b5d877e3f0 (12 bytes)
1773899509.601242 sending message 112 to peer 0x55b5d877e3f0 (10 bytes)
1773899509.601243 sending message 112 to peer 0x55b5d877e3f0 (10 bytes)
1773899509.601245 sending message 112 to peer 0x55b5d877e3f0 (10 bytes)
1773899509.601247 sending message 112 to peer 0x55b5d877e3f0 (12 bytes)
1773899509.601249 sending message 112 to peer 0x55b5d877e3f0 (13 bytes)
1773899509.601251 sending message 112 to peer 0x55b5d877e3f0 (13 bytes)
1773899509.601252 sending message 112 to peer 0x55b5d877e3f0 (13 bytes)
1773899509.601254 sending message 112 to peer 0x55b5d877e3f0 (13 bytes)
1773899509.601256 sending message 112 to peer 0x55b5d877e3f0 (13 bytes)
1773899509.601258 sending message 112 to peer 0x55b5d877e3f0 (10 bytes)
1773899509.601260 sending message 112 to peer 0x55b5d877e3f0 (11 bytes)
1773899509.601262 sending message 112 to peer 0x55b5d877e3f0 (12 bytes)
1773899509.601264 sending message 112 to peer 0x55b5d877e3f0 (12 bytes)
1773899509.601266 sending message 112 to peer 0x55b5d877e3f0 (12 bytes)
1773899509.601268 sending message 112 to peer 0x55b5d877e3f0 (12 bytes)
1773899509.601270 sending message 112 to peer 0x55b5d877e3f0 (12 bytes)
1773899509.601272 sending message 112 to peer 0x55b5d877e3f0 (11 bytes)
1773899509.601273 sending message 112 to peer 0x55b5d877e3f0 (12 bytes)
1773899509.601275 sending message 112 to peer 0x55b5d877e3f0 (12 bytes)
1773899509.601277 sending message 112 to peer 0x55b5d877e3f0 (13 bytes)
1773899509.601279 sending message 112 to peer 0x55b5d877e3f0 (13 bytes)
1773899509.601281 sending message 112 to peer 0x55b5d877e3f0 (13 bytes)
1773899509.601282 sending message 112 to peer 0x55b5d877e3f0 (13 bytes)
1773899509.601284 sending message 112 to peer 0x55b5d877e3f0 (13 bytes)
1773899509.601286 sending message 112 to peer 0x55b5d877e3f0 (10 bytes)
1773899509.601288 sending message 112 to peer 0x55b5d877e3f0 (9 bytes)
1773899509.601290 sending message 112 to peer 0x55b5d877e3f0 (12 bytes)
1773899509.601291 sending message 112 to peer 0x55b5d877e3f0 (13 bytes)
1773899509.601293 sending message 112 to peer 0x55b5d877e3f0 (13 bytes)
1773899509.601297 sending message 112 to peer 0x55b5d877e3f0 (13 bytes)
1773899509.601299 sending message 112 to peer 0x55b5d877e3f0 (13 bytes)
1773899509.601301 sending message 112 to peer 0x55b5d877e3f0 (13 bytes)
1773899509.601303 sending message 112 to peer 0x55b5d877e3f0 (9 bytes)
1773899509.601305 sending message 112 to peer 0x55b5d877e3f0 (12 bytes)
1773899509.601307 sending message 112 to peer 0x55b5d877e3f0 (13 bytes)
1773899509.601308 sending message 112 to peer 0x55b5d877e3f0 (13 bytes)
1773899509.601310 sending message 112 to peer 0x55b5d877e3f0 (13 bytes)
1773899509.601312 sending message 112 to peer 0x55b5d877e3f0 (13 bytes)
1773899509.601314 sending message 112 to peer 0x55b5d877e3f0 (13 bytes)
1773899509.601316 sending message 112 to peer 0x55b5d877e3f0 (11 bytes)
1773899509.601318 sending message 112 to peer 0x55b5d877e3f0 (12 bytes)
1773899509.601320 sending message 112 to peer 0x55b5d877e3f0 (13 bytes)
1773899509.601322 sending message 112 to peer 0x55b5d877e3f0 (13 bytes)
1773899509.601325 sending message 112 to peer 0x55b5d877e3f0 (13 bytes)
1773899509.601327 sending message 112 to peer 0x55b5d877e3f0 (13 bytes)
1773899509.601329 sending message 112 to peer 0x55b5d877e3f0 (13 bytes)
1773899509.601330 sending message 112 to peer 0x55b5d877e3f0 (11 bytes)
1773899509.601332 sending message 112 to peer 0x55b5d877e3f0 (12 bytes)
1773899509.601334 sending message 112 to peer 0x55b5d877e3f0 (12 bytes)
1773899509.601336 sending message 112 to peer 0x55b5d877e3f0 (12 bytes)
1773899509.601338 sending message 112 to peer 0x55b5d877e3f0 (12 bytes)
1773899509.601340 sending message 112 to peer 0x55b5d877e3f0 (12 bytes)
1773899509.601342 sending message 112 to peer 0x55b5d877e3f0 (21 bytes)
1773899509.601343 sending message 112 to peer 0x55b5d877e3f0 (12 bytes)
1773899509.601345 sending message 112 to peer 0x55b5d877e3f0 (9 bytes)
1773899509.601347 sending message 112 to peer 0x55b5d877e3f0 (6 bytes)
1773899509.601349 sending message 112 to peer 0x55b5d877e3f0 (13 bytes)
1773899509.601351 sending message 112 to peer 0x55b5d877e3f0 (10 bytes)
1773899509.601353 sending message 112 to peer 0x55b5d877e3f0 (24 bytes)
1773899509.601355 sending message 112 to peer 0x55b5d877e3f0 (13 bytes)
1773899509.601356 sending message 112 to peer 0x55b5d877e3f0 (9 bytes)
1773899509.601358 sending message 112 to peer 0x55b5d877e3f0 (70 bytes)
1773899509.601360 sending message 112 to peer 0x55b5d877e3f0 (69 bytes)
1773899509.601362 sending message 112 to peer 0x55b5d877e3f0 (12 bytes)
1773899509.601364 sending message 112 to peer 0x55b5d877e3f0 (10 bytes)
1773899509.601366 sending message 112 to peer 0x55b5d877e3f0 (10 bytes)
1773899509.601368 sending message 112 to peer 0x55b5d877e3f0 (24 bytes)
1773899509.601370 sending message 112 to peer 0x55b5d877e3f0 (13 bytes)
1773899509.601372 sending message 112 to peer 0x55b5d877e3f0 (10 bytes)
1773899509.601374 sending message 112 to peer 0x55b5d877e3f0 (10 bytes)
1773899509.601376 sending message 112 to peer 0x55b5d877e3f0 (10 bytes)
1773899509.601378 sending message 112 to peer 0x55b5d877e3f0 (13 bytes)
1773899509.601380 sending message 112 to peer 0x55b5d877e3f0 (15 bytes)
1773899509.601382 sending message 112 to peer 0x55b5d877e3f0 (5 bytes)
1773899509.601384 sending message 104 to peer 0x55b5d877e3f0 (0 bytes)
1773899509.601386 sending message 110 to peer 0x55b5d877e3f0 (0 bytes)
1773899509.601389 sending message 107 to peer 0x55b5d877e3f0 (4 bytes)
1773899509.601391 sending message 105 to peer 0x55b5d877e3f0 (16 bytes)
1773899509.601393 sending message 105 to peer 0x55b5d877e3f0 (20 bytes)
1773899509.601395 sending message 105 to peer 0x55b5d877e3f0 (171 bytes)
1773899509.601397 sending message 105 to peer 0x55b5d877e3f0 (29 bytes)
1773899509.601399 sending message 105 to peer 0x55b5d877e3f0 (43 bytes)
1773899509.601401 sending message 105 to peer 0x55b5d877e3f0 (7 bytes)
1773899509.601403 sending message 105 to peer 0x55b5d877e3f0 (23 bytes)
1773899509.601405 sending message 105 to peer 0x55b5d877e3f0 (20 bytes)
1773899509.601407 sending message 105 to peer 0x55b5d877e3f0 (33 bytes)
1773899509.601410 sending message 105 to peer 0x55b5d877e3f0 (24 bytes)
1773899509.601412 sending message 105 to peer 0x55b5d877e3f0 (34 bytes)
1773899509.601414 sending message 105 to peer 0x55b5d877e3f0 (78 bytes)
1773899509.601416 sending message 105 to peer 0x55b5d877e3f0 (15 bytes)
1773899509.601418 sending message 105 to peer 0x55b5d877e3f0 (21 bytes)
1773899509.601420 sending message 105 to peer 0x55b5d877e3f0 (47 bytes)
1773899509.601422 sending message 105 to peer 0x55b5d877e3f0 (35 bytes)
1773899509.601424 sending message 105 to peer 0x55b5d877e3f0 (119 bytes)
1773899509.601426 sending message 105 to peer 0x55b5d877e3f0 (124 bytes)
1773899509.601427 sending message 105 to peer 0x55b5d877e3f0 (15 bytes)
1773899509.601429 sending message 105 to peer 0x55b5d877e3f0 (18 bytes)
1773899509.601431 sending message 105 to peer 0x55b5d877e3f0 (21 bytes)
1773899509.601433 sending message 105 to peer 0x55b5d877e3f0 (17 bytes)
1773899509.601435 sending message 105 to peer 0x55b5d877e3f0 (1506 bytes)
1773899509.601446 sending message 105 to peer 0x55b5d877e3f0 (131 bytes)
1773899509.601448 sending message 105 to peer 0x55b5d877e3f0 (32 bytes)
1773899509.601450 sending message 105 to peer 0x55b5d877e3f0 (31 bytes)
1773899509.601452 sending message 105 to peer 0x55b5d877e3f0 (138 bytes)
1773899509.601454 sending message 105 to peer 0x55b5d877e3f0 (54 bytes)
1773899509.601455 sending message 105 to peer 0x55b5d877e3f0 (31 bytes)
1773899509.601457 sending message 105 to peer 0x55b5d877e3f0 (35 bytes)
1773899509.601459 sending message 105 to peer 0x55b5d877e3f0 (34 bytes)
1773899509.601460 sending message 105 to peer 0x55b5d877e3f0 (23 bytes)
1773899509.601462 sending message 105 to peer 0x55b5d877e3f0 (20 bytes)
1773899509.601464 sending message 105 to peer 0x55b5d877e3f0 (30 bytes)
1773899509.601466 sending message 105 to peer 0x55b5d877e3f0 (20 bytes)
1773899509.601467 sending message 105 to peer 0x55b5d877e3f0 (11 bytes)
1773899509.601469 sending message 105 to peer 0x55b5d877e3f0 (32 bytes)
1773899509.601471 sending message 105 to peer 0x55b5d877e3f0 (12 bytes)
1773899509.601473 sending message 105 to peer 0x55b5d877e3f0 (64 bytes)
1773899509.601475 sending message 105 to peer 0x55b5d877e3f0 (14 bytes)
1773899509.601477 sending message 105 to peer 0x55b5d877e3f0 (8 bytes)
1773899509.601479 sending message 105 to peer 0x55b5d877e3f0 (25 bytes)
1773899509.601481 sending message 105 to peer 0x55b5d877e3f0 (27 bytes)
1773899509.601484 sending message 105 to peer 0x55b5d877e3f0 (17 bytes)
1773899509.601485 sending message 105 to peer 0x55b5d877e3f0 (51 bytes)
1773899509.601487 sending message 105 to peer 0x55b5d877e3f0 (31 bytes)
1773899509.601489 sending message 105 to peer 0x55b5d877e3f0 (53 bytes)
1773899509.601491 sending message 105 to peer 0x55b5d877e3f0 (36 bytes)
1773899509.601493 sending message 105 to peer 0x55b5d877e3f0 (24 bytes)
1773899509.601495 sending message 105 to peer 0x55b5d877e3f0 (20 bytes)
1773899509.601497 sending message 105 to peer 0x55b5d877e3f0 (155 bytes)
1773899509.601499 sending message 105 to peer 0x55b5d877e3f0 (65 bytes)
1773899509.601501 sending message 105 to peer 0x55b5d877e3f0 (126 bytes)
1773899509.601503 sending message 105 to peer 0x55b5d877e3f0 (393 bytes)
1773899509.601505 sending message 105 to peer 0x55b5d877e3f0 (54 bytes)
1773899509.601507 sending message 105 to peer 0x55b5d877e3f0 (38 bytes)
1773899509.601509 sending message 105 to peer 0x55b5d877e3f0 (23 bytes)
1773899509.601510 sending message 105 to peer 0x55b5d877e3f0 (20 bytes)
1773899509.601512 sending message 105 to peer 0x55b5d877e3f0 (88 bytes)
1773899509.601514 sending message 105 to peer 0x55b5d877e3f0 (45 bytes)
1773899509.601516 sending message 106 to peer 0x55b5d877e3f0 (0 bytes)
1773899509.601542 cmd_pack_argv: argv[0]=new
1773899509.601545 cmd_pack_argv: argv[1]=-s
1773899509.601547 cmd_pack_argv: argv[2]=exp0
1773899509.601549 sending message 200 to peer 0x55b5d877e3f0 (16 bytes)
1773899509.601551 client loop enter
1773899509.601559 client_signal: Child exited
1773899509.723171 client loop exit
