📝 Logging started: deit_small_patch16_224_vit_pdt_20260326_050514.log
>>> [System] ViT detected. Input size forced to 224 for dataloader.
[*] Train classes: 100
✅ imagenet100 loaded: Train(130000), Val(5000)
   Val dir: /home/stella/data/imagenet100/val.X
Experimental Mode: pdt
Target Model: deit_small_patch16_224 | Dataset: imagenet100
>>> [Model] Loading Vision Transformer: deit_small_patch16_224
>>> [System] ViT head replaced: 384 → 100
>>> [System] Head warmup 시작 (5 epochs, head only)...
  [Head Warmup] Epoch 1/5 | Val Acc: 87.62%
  [Head Warmup] Epoch 2/5 | Val Acc: 87.42%
  [Head Warmup] Epoch 3/5 | Val Acc: 88.02%
  [Head Warmup] Epoch 4/5 | Val Acc: 87.88%
  [Head Warmup] Epoch 5/5 | Val Acc: 88.26%
>>> [System] Head warmup 완료. 전체 fine-tuning 시작.
[*] ViT Topology: 12 blocks → 24 groups (num_heads=6, head_dim=64)
>>> [System] Flash Attention disabled for Hessian computation.

[Pruner Init] Identified 24 groups for pruning.
[*] Applied Min Survival Guarantee: 10.0%
[System] Initializing ViTPDTPruner for deit_small_patch16_224

>>> Strategy: VIT_PDT | Total Epochs: 35
>>> Pruning starts at Epoch 30, every 20 epochs.
 [Normal step time] batch 0: 0.2334s
 [Normal step time] batch 100: 0.0813s
 [Normal step time] batch 200: 0.0813s
 [Normal step time] batch 300: 0.0812s
 [Normal step time] batch 400: 0.0704s
 [Normal step time] batch 500: 0.0813s
 [Normal step time] batch 600: 0.0805s
 [Normal step time] batch 700: 0.0813s
 [Normal step time] batch 800: 0.0813s
 [Normal step time] batch 900: 0.0812s
 [Normal step time] batch 1000: 0.0498s
 [Normal step time] batch 1100: 0.0814s
 [Normal step time] batch 1200: 0.0551s
 [Normal step time] batch 1300: 0.0530s
 [Normal step time] batch 1400: 0.0815s
 [Normal step time] batch 1500: 0.0616s
 [Normal step time] batch 1600: 0.0814s
 [Normal step time] batch 1700: 0.0707s
 [Normal step time] batch 1800: 0.0705s
 [Normal step time] batch 1900: 0.0810s
 [Normal step time] batch 2000: 0.0662s
 [Normal step time] batch 2100: 0.0566s
 [Normal step time] batch 2200: 0.0724s
 [Normal step time] batch 2300: 0.0811s
 [Normal step time] batch 2400: 0.0603s
 [Normal step time] batch 2500: 0.0312s
 [Normal step time] batch 2600: 0.0706s
 [Normal step time] batch 2700: 0.0329s
 [Normal step time] batch 2800: 0.0665s
 [Normal step time] batch 2900: 0.0812s
 [Normal step time] batch 3000: 0.0306s
 [Normal step time] batch 3100: 0.0812s
 [Normal step time] batch 3200: 0.0653s
 [Normal step time] batch 3300: 0.0599s
 [Normal step time] batch 3400: 0.0813s
 [Normal step time] batch 3500: 0.0532s
 [Normal step time] batch 3600: 0.0467s
 [Normal step time] batch 3700: 0.0559s
 [Normal step time] batch 3800: 0.0815s
 [Normal step time] batch 3900: 0.0309s
 [Normal step time] batch 4000: 0.0771s
Epoch 1/35 | Loss: 1.5167 | Val Acc: 65.32% | Peak VRAM: 2484.88 MB
 [Normal step time] batch 0: 0.0527s
 [Normal step time] batch 100: 0.0813s
 [Normal step time] batch 200: 0.0661s
 [Normal step time] batch 300: 0.0661s
 [Normal step time] batch 400: 0.0813s
 [Normal step time] batch 500: 0.0815s
 [Normal step time] batch 600: 0.0706s
 [Normal step time] batch 700: 0.0668s
 [Normal step time] batch 800: 0.0815s
 [Normal step time] batch 900: 0.0812s
 [Normal step time] batch 1000: 0.0597s
 [Normal step time] batch 1100: 0.0309s
 [Normal step time] batch 1200: 0.0397s
 [Normal step time] batch 1300: 0.0710s
 [Normal step time] batch 1400: 0.0813s
 [Normal step time] batch 1500: 0.0600s
 [Normal step time] batch 1600: 0.0802s
 [Normal step time] batch 1700: 0.0812s
 [Normal step time] batch 1800: 0.0582s
 [Normal step time] batch 1900: 0.0314s
 [Normal step time] batch 2000: 0.0787s
 [Normal step time] batch 2100: 0.0755s
 [Normal step time] batch 2200: 0.0311s
 [Normal step time] batch 2300: 0.0477s
 [Normal step time] batch 2400: 0.0813s
 [Normal step time] batch 2500: 0.0814s
 [Normal step time] batch 2600: 0.0544s
 [Normal step time] batch 2700: 0.0814s
 [Normal step time] batch 2800: 0.0600s
 [Normal step time] batch 2900: 0.0814s
 [Normal step time] batch 3000: 0.0312s
 [Normal step time] batch 3100: 0.0703s
 [Normal step time] batch 3200: 0.0689s
 [Normal step time] batch 3300: 0.0276s
 [Normal step time] batch 3400: 0.0486s
 [Normal step time] batch 3500: 0.0600s
 [Normal step time] batch 3600: 0.0333s
 [Normal step time] batch 3700: 0.0811s
 [Normal step time] batch 3800: 0.0599s
 [Normal step time] batch 3900: 0.0814s
 [Normal step time] batch 4000: 0.0681s
Epoch 2/35 | Loss: 1.3740 | Val Acc: 65.86% | Peak VRAM: 2484.88 MB
 [Normal step time] batch 0: 0.0733s
 [Normal step time] batch 100: 0.0509s
 [Normal step time] batch 200: 0.0543s
 [Normal step time] batch 300: 0.0694s
 [Normal step time] batch 400: 0.0661s
 [Normal step time] batch 500: 0.0312s
 [Normal step time] batch 600: 0.0813s
 [Normal step time] batch 700: 0.0814s
 [Normal step time] batch 800: 0.0363s
 [Normal step time] batch 900: 0.0813s
 [Normal step time] batch 1000: 0.0633s
 [Normal step time] batch 1100: 0.0509s
 [Normal step time] batch 1200: 0.0511s
 [Normal step time] batch 1300: 0.0619s
 [Normal step time] batch 1400: 0.0812s
 [Normal step time] batch 1500: 0.0316s
 [Normal step time] batch 1600: 0.0813s
 [Normal step time] batch 1700: 0.0767s
 [Normal step time] batch 1800: 0.0706s
 [Normal step time] batch 1900: 0.0645s
 [Normal step time] batch 2000: 0.0835s
 [Normal step time] batch 2100: 0.0390s
 [Normal step time] batch 2200: 0.0789s
 [Normal step time] batch 2300: 0.0595s
 [Normal step time] batch 2400: 0.0485s
 [Normal step time] batch 2500: 0.0304s
 [Normal step time] batch 2600: 0.0276s
 [Normal step time] batch 2700: 0.0586s
 [Normal step time] batch 2800: 0.0813s
 [Normal step time] batch 2900: 0.0813s
 [Normal step time] batch 3000: 0.0810s
 [Normal step time] batch 3100: 0.0813s
 [Normal step time] batch 3200: 0.0464s
 [Normal step time] batch 3300: 0.0379s
 [Normal step time] batch 3400: 0.0663s
 [Normal step time] batch 3500: 0.0607s
 [Normal step time] batch 3600: 0.0601s
 [Normal step time] batch 3700: 0.0611s
 [Normal step time] batch 3800: 0.0660s
 [Normal step time] batch 3900: 0.0813s
 [Normal step time] batch 4000: 0.0813s
Epoch 3/35 | Loss: 1.2864 | Val Acc: 66.94% | Peak VRAM: 2484.88 MB
 [Normal step time] batch 0: 0.0771s
 [Normal step time] batch 100: 0.0813s
 [Normal step time] batch 200: 0.0600s
 [Normal step time] batch 300: 0.0619s
 [Normal step time] batch 400: 0.0701s
 [Normal step time] batch 500: 0.0618s
 [Normal step time] batch 600: 0.0746s
 [Normal step time] batch 700: 0.0812s
 [Normal step time] batch 800: 0.0810s
 [Normal step time] batch 900: 0.0813s
 [Normal step time] batch 1000: 0.0602s
 [Normal step time] batch 1100: 0.0399s
 [Normal step time] batch 1200: 0.0813s
 [Normal step time] batch 1300: 0.0315s
 [Normal step time] batch 1400: 0.0394s
 [Normal step time] batch 1500: 0.0601s
 [Normal step time] batch 1600: 0.0309s
 [Normal step time] batch 1700: 0.0812s
 [Normal step time] batch 1800: 0.0769s
 [Normal step time] batch 1900: 0.0782s
 [Normal step time] batch 2000: 0.0811s
 [Normal step time] batch 2100: 0.0304s
 [Normal step time] batch 2200: 0.0814s
 [Normal step time] batch 2300: 0.0769s
 [Normal step time] batch 2400: 0.0678s
 [Normal step time] batch 2500: 0.0312s
 [Normal step time] batch 2600: 0.0546s
 [Normal step time] batch 2700: 0.0596s
 [Normal step time] batch 2800: 0.0301s
 [Normal step time] batch 2900: 0.0835s
 [Normal step time] batch 3000: 0.0813s
 [Normal step time] batch 3100: 0.0812s
 [Normal step time] batch 3200: 0.0834s
 [Normal step time] batch 3300: 0.0813s
 [Normal step time] batch 3400: 0.0600s
 [Normal step time] batch 3500: 0.0814s
 [Normal step time] batch 3600: 0.0662s
 [Normal step time] batch 3700: 0.0835s
 [Normal step time] batch 3800: 0.0662s
 [Normal step time] batch 3900: 0.0813s
 [Normal step time] batch 4000: 0.0812s
Epoch 4/35 | Loss: 1.2172 | Val Acc: 69.28% | Peak VRAM: 2484.88 MB
 [Normal step time] batch 0: 0.0621s
 [Normal step time] batch 100: 0.0835s
 [Normal step time] batch 200: 0.0809s
 [Normal step time] batch 300: 0.0811s
 [Normal step time] batch 400: 0.0815s
 [Normal step time] batch 500: 0.0306s
 [Normal step time] batch 600: 0.0375s
 [Normal step time] batch 700: 0.0508s
 [Normal step time] batch 800: 0.0813s
 [Normal step time] batch 900: 0.0563s
 [Normal step time] batch 1000: 0.0502s
 [Normal step time] batch 1100: 0.0595s
 [Normal step time] batch 1200: 0.0721s
 [Normal step time] batch 1300: 0.0603s
 [Normal step time] batch 1400: 0.0309s
 [Normal step time] batch 1500: 0.0812s
 [Normal step time] batch 1600: 0.0511s
 [Normal step time] batch 1700: 0.0682s
 [Normal step time] batch 1800: 0.0813s
 [Normal step time] batch 1900: 0.0601s
 [Normal step time] batch 2000: 0.0833s
 [Normal step time] batch 2100: 0.0811s
 [Normal step time] batch 2200: 0.0814s
 [Normal step time] batch 2300: 0.0544s
 [Normal step time] batch 2400: 0.0656s
 [Normal step time] batch 2500: 0.0813s
 [Normal step time] batch 2600: 0.0835s
 [Normal step time] batch 2700: 0.0750s
 [Normal step time] batch 2800: 0.0813s
 [Normal step time] batch 2900: 0.0811s
 [Normal step time] batch 3000: 0.0836s
 [Normal step time] batch 3100: 0.0813s
 [Normal step time] batch 3200: 0.0533s
 [Normal step time] batch 3300: 0.0813s
 [Normal step time] batch 3400: 0.0812s
 [Normal step time] batch 3500: 0.0821s
 [Normal step time] batch 3600: 0.0655s
 [Normal step time] batch 3700: 0.0464s
 [Normal step time] batch 3800: 0.0381s
 [Normal step time] batch 3900: 0.0814s
 [Normal step time] batch 4000: 0.0333s
Epoch 5/35 | Loss: 1.1835 | Val Acc: 69.84% | Peak VRAM: 2484.88 MB
 [Normal step time] batch 0: 0.0813s
 [Normal step time] batch 100: 0.0705s
 [Normal step time] batch 200: 0.0812s
 [Normal step time] batch 300: 0.0311s
 [Normal step time] batch 400: 0.0811s
 [Normal step time] batch 500: 0.0741s
 [Normal step time] batch 600: 0.0813s
 [Normal step time] batch 700: 0.0661s
 [Normal step time] batch 800: 0.0661s
 [Normal step time] batch 900: 0.0383s
 [Normal step time] batch 1000: 0.0813s
 [Normal step time] batch 1100: 0.0402s
 [Normal step time] batch 1200: 0.0599s
 [Normal step time] batch 1300: 0.0463s
 [Normal step time] batch 1400: 0.0554s
 [Normal step time] batch 1500: 0.0813s
 [Normal step time] batch 1600: 0.0813s
 [Normal step time] batch 1700: 0.0812s
 [Normal step time] batch 1800: 0.0835s
 [Normal step time] batch 1900: 0.0812s
 [Normal step time] batch 2000: 0.0813s
 [Normal step time] batch 2100: 0.0662s
 [Normal step time] batch 2200: 0.0311s
 [Normal step time] batch 2300: 0.0768s
 [Normal step time] batch 2400: 0.0811s
 [Normal step time] batch 2500: 0.0661s
 [Normal step time] batch 2600: 0.0588s
 [Normal step time] batch 2700: 0.0486s
 [Normal step time] batch 2800: 0.0706s
 [Normal step time] batch 2900: 0.0380s
 [Normal step time] batch 3000: 0.0816s
 [Normal step time] batch 3100: 0.0597s
 [Normal step time] batch 3200: 0.0813s
 [Normal step time] batch 3300: 0.0814s
 [Normal step time] batch 3400: 0.0812s
 [Normal step time] batch 3500: 0.0753s
 [Normal step time] batch 3600: 0.0812s
 [Normal step time] batch 3700: 0.0596s
 [Normal step time] batch 3800: 0.0698s
 [Normal step time] batch 3900: 0.0784s
 [Normal step time] batch 4000: 0.0605s
Epoch 6/35 | Loss: 1.1374 | Val Acc: 70.98% | Peak VRAM: 2484.88 MB
 [Normal step time] batch 0: 0.0739s
 [Normal step time] batch 100: 0.0307s
 [Normal step time] batch 200: 0.0812s
 [Normal step time] batch 300: 0.0813s
 [Normal step time] batch 400: 0.0662s
 [Normal step time] batch 500: 0.0486s
 [Normal step time] batch 600: 0.0709s
 [Normal step time] batch 700: 0.0616s
 [Normal step time] batch 800: 0.0812s
 [Normal step time] batch 900: 0.0459s
 [Normal step time] batch 1000: 0.0663s
 [Normal step time] batch 1100: 0.0706s
 [Normal step time] batch 1200: 0.0383s
 [Normal step time] batch 1300: 0.0814s
 [Normal step time] batch 1400: 0.0682s
 [Normal step time] batch 1500: 0.0813s
 [Normal step time] batch 1600: 0.0709s
 [Normal step time] batch 1700: 0.0812s
 [Normal step time] batch 1800: 0.0663s
 [Normal step time] batch 1900: 0.0604s
 [Normal step time] batch 2000: 0.0838s
 [Normal step time] batch 2100: 0.0813s
 [Normal step time] batch 2200: 0.0833s
 [Normal step time] batch 2300: 0.0585s
 [Normal step time] batch 2400: 0.0381s
 [Normal step time] batch 2500: 0.0768s
 [Normal step time] batch 2600: 0.0811s
 [Normal step time] batch 2700: 0.0464s
 [Normal step time] batch 2800: 0.0813s
 [Normal step time] batch 2900: 0.0602s
 [Normal step time] batch 3000: 0.0362s
 [Normal step time] batch 3100: 0.0683s
 [Normal step time] batch 3200: 0.0782s
 [Normal step time] batch 3300: 0.0621s
 [Normal step time] batch 3400: 0.0834s
 [Normal step time] batch 3500: 0.0811s
 [Normal step time] batch 3600: 0.0661s
 [Normal step time] batch 3700: 0.0813s
 [Normal step time] batch 3800: 0.0705s
 [Normal step time] batch 3900: 0.0709s
 [Normal step time] batch 4000: 0.0809s
Epoch 7/35 | Loss: 1.1048 | Val Acc: 68.76% | Peak VRAM: 2484.88 MB
 [Normal step time] batch 0: 0.0623s
 [Normal step time] batch 100: 0.0812s
 [Normal step time] batch 200: 0.0813s
 [Normal step time] batch 300: 0.0812s
 [Normal step time] batch 400: 0.0602s
 [Normal step time] batch 500: 0.0645s
 [Normal step time] batch 600: 0.0597s
 [Normal step time] batch 700: 0.0370s
 [Normal step time] batch 800: 0.0770s
 [Normal step time] batch 900: 0.0813s
 [Normal step time] batch 1000: 0.0812s
 [Normal step time] batch 1100: 0.0354s
 [Normal step time] batch 1200: 0.0814s
 [Normal step time] batch 1300: 0.0661s
 [Normal step time] batch 1400: 0.0812s
 [Normal step time] batch 1500: 0.0812s
 [Normal step time] batch 1600: 0.0818s
 [Normal step time] batch 1700: 0.0809s
 [Normal step time] batch 1800: 0.0400s
 [Normal step time] batch 1900: 0.0768s
 [Normal step time] batch 2000: 0.0661s
 [Normal step time] batch 2100: 0.0310s
 [Normal step time] batch 2200: 0.0812s
 [Normal step time] batch 2300: 0.0766s
 [Normal step time] batch 2400: 0.0811s
 [Normal step time] batch 2500: 0.0506s
 [Normal step time] batch 2600: 0.0812s
 [Normal step time] batch 2700: 0.0813s
 [Normal step time] batch 2800: 0.0311s
 [Normal step time] batch 2900: 0.0462s
 [Normal step time] batch 3000: 0.0605s
 [Normal step time] batch 3100: 0.0605s
 [Normal step time] batch 3200: 0.0546s
 [Normal step time] batch 3300: 0.0602s
 [Normal step time] batch 3400: 0.0822s
 [Normal step time] batch 3500: 0.0603s
 [Normal step time] batch 3600: 0.0336s
 [Normal step time] batch 3700: 0.0790s
 [Normal step time] batch 3800: 0.0813s
 [Normal step time] batch 3900: 0.0814s
 [Normal step time] batch 4000: 0.0679s
Epoch 8/35 | Loss: 1.0811 | Val Acc: 70.36% | Peak VRAM: 2484.88 MB
 [Normal step time] batch 0: 0.0831s
 [Normal step time] batch 100: 0.0321s
 [Normal step time] batch 200: 0.0813s
 [Normal step time] batch 300: 0.0813s
 [Normal step time] batch 400: 0.0309s
 [Normal step time] batch 500: 0.0813s
 [Normal step time] batch 600: 0.0280s
 [Normal step time] batch 700: 0.0278s
 [Normal step time] batch 800: 0.0290s
 [Normal step time] batch 900: 0.0279s
 [Normal step time] batch 1000: 0.0284s
 [Normal step time] batch 1100: 0.0286s
 [Normal step time] batch 1200: 0.0277s
 [Normal step time] batch 1300: 0.0280s
 [Normal step time] batch 1400: 0.0274s
 [Normal step time] batch 1500: 0.0278s
 [Normal step time] batch 1600: 0.0276s
 [Normal step time] batch 1700: 0.0276s
 [Normal step time] batch 1800: 0.0278s
 [Normal step time] batch 1900: 0.0277s
 [Normal step time] batch 2000: 0.0277s
 [Normal step time] batch 2100: 0.0279s
 [Normal step time] batch 2200: 0.0278s
 [Normal step time] batch 2300: 0.0280s
 [Normal step time] batch 2400: 0.0312s
 [Normal step time] batch 2500: 0.0277s
 [Normal step time] batch 2600: 0.0276s
 [Normal step time] batch 2700: 0.0276s
 [Normal step time] batch 2800: 0.0279s
 [Normal step time] batch 2900: 0.0277s
 [Normal step time] batch 3000: 0.0286s
 [Normal step time] batch 3100: 0.0278s
 [Normal step time] batch 3200: 0.0276s
 [Normal step time] batch 3300: 0.0277s
 [Normal step time] batch 3400: 0.0282s
 [Normal step time] batch 3500: 0.0276s
 [Normal step time] batch 3600: 0.0274s
 [Normal step time] batch 3700: 0.0274s
 [Normal step time] batch 3800: 0.0277s
 [Normal step time] batch 3900: 0.0276s
 [Normal step time] batch 4000: 0.0276s
Epoch 9/35 | Loss: 1.0584 | Val Acc: 70.48% | Peak VRAM: 2484.88 MB
 [Normal step time] batch 0: 0.0385s
 [Normal step time] batch 100: 0.0278s
 [Normal step time] batch 200: 0.0274s
 [Normal step time] batch 300: 0.0276s
 [Normal step time] batch 400: 0.0321s
 [Normal step time] batch 500: 0.0283s
 [Normal step time] batch 600: 0.0276s
 [Normal step time] batch 700: 0.0286s
 [Normal step time] batch 800: 0.0282s
 [Normal step time] batch 900: 0.0317s
 [Normal step time] batch 1000: 0.0275s
 [Normal step time] batch 1100: 0.0281s
 [Normal step time] batch 1200: 0.0275s
 [Normal step time] batch 1300: 0.0279s
 [Normal step time] batch 1400: 0.0276s
 [Normal step time] batch 1500: 0.0302s
 [Normal step time] batch 1600: 0.0276s
 [Normal step time] batch 1700: 0.0275s
 [Normal step time] batch 1800: 0.0279s
 [Normal step time] batch 1900: 0.0275s
 [Normal step time] batch 2000: 0.0288s
 [Normal step time] batch 2100: 0.0275s
 [Normal step time] batch 2200: 0.0276s
 [Normal step time] batch 2300: 0.0279s
 [Normal step time] batch 2400: 0.0279s
 [Normal step time] batch 2500: 0.0280s
 [Normal step time] batch 2600: 0.0286s
 [Normal step time] batch 2700: 0.0281s
 [Normal step time] batch 2800: 0.0278s
 [Normal step time] batch 2900: 0.0280s
 [Normal step time] batch 3000: 0.0281s
 [Normal step time] batch 3100: 0.0275s
 [Normal step time] batch 3200: 0.0280s
 [Normal step time] batch 3300: 0.0274s
 [Normal step time] batch 3400: 0.0274s
 [Normal step time] batch 3500: 0.0274s
 [Normal step time] batch 3600: 0.0274s
 [Normal step time] batch 3700: 0.0275s
 [Normal step time] batch 3800: 0.0277s
 [Normal step time] batch 3900: 0.0275s
 [Normal step time] batch 4000: 0.0275s
Epoch 10/35 | Loss: 1.0467 | Val Acc: 71.82% | Peak VRAM: 2484.88 MB
 [Normal step time] batch 0: 0.0327s
 [Normal step time] batch 100: 0.0282s
 [Normal step time] batch 200: 0.0276s
 [Normal step time] batch 300: 0.0275s
 [Normal step time] batch 400: 0.0276s
 [Normal step time] batch 500: 0.0275s
 [Normal step time] batch 600: 0.0276s
 [Normal step time] batch 700: 0.0274s
 [Normal step time] batch 800: 0.0276s
 [Normal step time] batch 900: 0.0275s
 [Normal step time] batch 1000: 0.0278s
 [Normal step time] batch 1100: 0.0276s
 [Normal step time] batch 1200: 0.0295s
 [Normal step time] batch 1300: 0.0276s
 [Normal step time] batch 1400: 0.0275s
 [Normal step time] batch 1500: 0.0276s
 [Normal step time] batch 1600: 0.0276s
 [Normal step time] batch 1700: 0.0275s
 [Normal step time] batch 1800: 0.0275s
 [Normal step time] batch 1900: 0.0305s
 [Normal step time] batch 2000: 0.0275s
 [Normal step time] batch 2100: 0.0275s
 [Normal step time] batch 2200: 0.0275s
 [Normal step time] batch 2300: 0.0275s
 [Normal step time] batch 2400: 0.0276s
 [Normal step time] batch 2500: 0.0277s
 [Normal step time] batch 2600: 0.0275s
 [Normal step time] batch 2700: 0.0288s
 [Normal step time] batch 2800: 0.0276s
 [Normal step time] batch 2900: 0.0275s
 [Normal step time] batch 3000: 0.0275s
 [Normal step time] batch 3100: 0.0276s
 [Normal step time] batch 3200: 0.0275s
 [Normal step time] batch 3300: 0.0277s
 [Normal step time] batch 3400: 0.0275s
 [Normal step time] batch 3500: 0.0283s
 [Normal step time] batch 3600: 0.0277s
 [Normal step time] batch 3700: 0.0277s
 [Normal step time] batch 3800: 0.0273s
 [Normal step time] batch 3900: 0.0275s
 [Normal step time] batch 4000: 0.0277s
Epoch 11/35 | Loss: 1.0279 | Val Acc: 71.68% | Peak VRAM: 2484.88 MB
 [Normal step time] batch 0: 0.0395s
 [Normal step time] batch 100: 0.0276s
 [Normal step time] batch 200: 0.0279s
 [Normal step time] batch 300: 0.0277s
 [Normal step time] batch 400: 0.0277s
 [Normal step time] batch 500: 0.0276s
 [Normal step time] batch 600: 0.0283s
 [Normal step time] batch 700: 0.0275s
 [Normal step time] batch 800: 0.0276s
 [Normal step time] batch 900: 0.0276s
 [Normal step time] batch 1000: 0.0284s
 [Normal step time] batch 1100: 0.0279s
 [Normal step time] batch 1200: 0.0276s
 [Normal step time] batch 1300: 0.0277s
 [Normal step time] batch 1400: 0.0276s
 [Normal step time] batch 1500: 0.0276s
 [Normal step time] batch 1600: 0.0276s
 [Normal step time] batch 1700: 0.0275s
 [Normal step time] batch 1800: 0.0276s
 [Normal step time] batch 1900: 0.0277s
 [Normal step time] batch 2000: 0.0276s
 [Normal step time] batch 2100: 0.0276s
 [Normal step time] batch 2200: 0.0275s
 [Normal step time] batch 2300: 0.0274s
 [Normal step time] batch 2400: 0.0277s
 [Normal step time] batch 2500: 0.0274s
 [Normal step time] batch 2600: 0.0274s
 [Normal step time] batch 2700: 0.0274s
 [Normal step time] batch 2800: 0.0274s
 [Normal step time] batch 2900: 0.0274s
 [Normal step time] batch 3000: 0.0275s
 [Normal step time] batch 3100: 0.0274s
 [Normal step time] batch 3200: 0.0274s
 [Normal step time] batch 3300: 0.0274s
 [Normal step time] batch 3400: 0.0274s
 [Normal step time] batch 3500: 0.0274s
 [Normal step time] batch 3600: 0.0274s
 [Normal step time] batch 3700: 0.0274s
 [Normal step time] batch 3800: 0.0274s
 [Normal step time] batch 3900: 0.0274s
 [Normal step time] batch 4000: 0.0274s
Epoch 12/35 | Loss: 1.0101 | Val Acc: 71.98% | Peak VRAM: 2484.88 MB
 [Normal step time] batch 0: 0.0481s
 [Normal step time] batch 100: 0.0282s
 [Normal step time] batch 200: 0.0276s
 [Normal step time] batch 300: 0.0280s
 [Normal step time] batch 400: 0.0277s
 [Normal step time] batch 500: 0.0278s
 [Normal step time] batch 600: 0.0278s
 [Normal step time] batch 700: 0.0278s
 [Normal step time] batch 800: 0.0278s
 [Normal step time] batch 900: 0.0277s
 [Normal step time] batch 1000: 0.0279s
 [Normal step time] batch 1100: 0.0277s
 [Normal step time] batch 1200: 0.0277s
 [Normal step time] batch 1300: 0.0276s
 [Normal step time] batch 1400: 0.0277s
 [Normal step time] batch 1500: 0.0280s
 [Normal step time] batch 1600: 0.0279s
 [Normal step time] batch 1700: 0.0281s
 [Normal step time] batch 1800: 0.0277s
 [Normal step time] batch 1900: 0.0277s
 [Normal step time] batch 2000: 0.0276s
 [Normal step time] batch 2100: 0.0276s
 [Normal step time] batch 2200: 0.0277s
 [Normal step time] batch 2300: 0.0280s
 [Normal step time] batch 2400: 0.0276s
 [Normal step time] batch 2500: 0.0281s
 [Normal step time] batch 2600: 0.0277s
 [Normal step time] batch 2700: 0.0277s
 [Normal step time] batch 2800: 0.0283s
 [Normal step time] batch 2900: 0.0276s
 [Normal step time] batch 3000: 0.0273s
 [Normal step time] batch 3100: 0.0274s
 [Normal step time] batch 3200: 0.0279s
 [Normal step time] batch 3300: 0.0275s
 [Normal step time] batch 3400: 0.0277s
 [Normal step time] batch 3500: 0.0282s
 [Normal step time] batch 3600: 0.0278s
 [Normal step time] batch 3700: 0.0277s
 [Normal step time] batch 3800: 0.0275s
 [Normal step time] batch 3900: 0.0276s
 [Normal step time] batch 4000: 0.0287s
Epoch 13/35 | Loss: 0.9963 | Val Acc: 71.94% | Peak VRAM: 2484.88 MB
 [Normal step time] batch 0: 0.0464s
 [Normal step time] batch 100: 0.0276s
 [Normal step time] batch 200: 0.0274s
 [Normal step time] batch 300: 0.0274s
 [Normal step time] batch 400: 0.0275s
 [Normal step time] batch 500: 0.0309s
 [Normal step time] batch 600: 0.0276s
 [Normal step time] batch 700: 0.0275s
 [Normal step time] batch 800: 0.0274s
 [Normal step time] batch 900: 0.0275s
 [Normal step time] batch 1000: 0.0274s
 [Normal step time] batch 1100: 0.0276s
 [Normal step time] batch 1200: 0.0275s
 [Normal step time] batch 1300: 0.0276s
 [Normal step time] batch 1400: 0.0274s
 [Normal step time] batch 1500: 0.0276s
 [Normal step time] batch 1600: 0.0274s
 [Normal step time] batch 1700: 0.0277s
 [Normal step time] batch 1800: 0.0274s
 [Normal step time] batch 1900: 0.0275s
 [Normal step time] batch 2000: 0.0275s
 [Normal step time] batch 2100: 0.0279s
 [Normal step time] batch 2200: 0.0275s
 [Normal step time] batch 2300: 0.0276s
 [Normal step time] batch 2400: 0.0278s
 [Normal step time] batch 2500: 0.0275s
 [Normal step time] batch 2600: 0.0286s
 [Normal step time] batch 2700: 0.0276s
 [Normal step time] batch 2800: 0.0275s
 [Normal step time] batch 2900: 0.0277s
 [Normal step time] batch 3000: 0.0281s
 [Normal step time] batch 3100: 0.0276s
 [Normal step time] batch 3200: 0.0277s
 [Normal step time] batch 3300: 0.0281s
 [Normal step time] batch 3400: 0.0277s
 [Normal step time] batch 3500: 0.0277s
 [Normal step time] batch 3600: 0.0277s
 [Normal step time] batch 3700: 0.0277s
 [Normal step time] batch 3800: 0.0274s
 [Normal step time] batch 3900: 0.0276s
 [Normal step time] batch 4000: 0.0274s
Epoch 14/35 | Loss: 0.9916 | Val Acc: 72.00% | Peak VRAM: 2484.88 MB
 [Normal step time] batch 0: 0.0306s
 [Normal step time] batch 100: 0.0275s
 [Normal step time] batch 200: 0.0277s
 [Normal step time] batch 300: 0.0276s
 [Normal step time] batch 400: 0.0275s
 [Normal step time] batch 500: 0.0276s
 [Normal step time] batch 600: 0.0275s
 [Normal step time] batch 700: 0.0274s
 [Normal step time] batch 800: 0.0274s
 [Normal step time] batch 900: 0.0274s
 [Normal step time] batch 1000: 0.0275s
 [Normal step time] batch 1100: 0.0277s
 [Normal step time] batch 1200: 0.0274s
 [Normal step time] batch 1300: 0.0274s
 [Normal step time] batch 1400: 0.0274s
 [Normal step time] batch 1500: 0.0275s
 [Normal step time] batch 1600: 0.0276s
 [Normal step time] batch 1700: 0.0274s
 [Normal step time] batch 1800: 0.0274s
 [Normal step time] batch 1900: 0.0280s
 [Normal step time] batch 2000: 0.0277s
 [Normal step time] batch 2100: 0.0275s
 [Normal step time] batch 2200: 0.0277s
 [Normal step time] batch 2300: 0.0277s
 [Normal step time] batch 2400: 0.0275s
 [Normal step time] batch 2500: 0.0276s
 [Normal step time] batch 2600: 0.0277s
 [Normal step time] batch 2700: 0.0275s
 [Normal step time] batch 2800: 0.0276s
 [Normal step time] batch 2900: 0.0277s
 [Normal step time] batch 3000: 0.0276s
 [Normal step time] batch 3100: 0.0275s
 [Normal step time] batch 3200: 0.0276s
 [Normal step time] batch 3300: 0.0275s
 [Normal step time] batch 3400: 0.0275s
 [Normal step time] batch 3500: 0.0286s
 [Normal step time] batch 3600: 0.0276s
 [Normal step time] batch 3700: 0.0275s
 [Normal step time] batch 3800: 0.0275s
 [Normal step time] batch 3900: 0.0276s
 [Normal step time] batch 4000: 0.0276s
Epoch 15/35 | Loss: 0.9834 | Val Acc: 73.22% | Peak VRAM: 2484.88 MB
 [Normal step time] batch 0: 0.0321s
 [Normal step time] batch 100: 0.0274s
 [Normal step time] batch 200: 0.0274s
 [Normal step time] batch 300: 0.0274s
 [Normal step time] batch 400: 0.0275s
 [Normal step time] batch 500: 0.0283s
 [Normal step time] batch 600: 0.0277s
 [Normal step time] batch 700: 0.0276s
 [Normal step time] batch 800: 0.0275s
 [Normal step time] batch 900: 0.0276s
 [Normal step time] batch 1000: 0.0276s
 [Normal step time] batch 1100: 0.0275s
 [Normal step time] batch 1200: 0.0275s
 [Normal step time] batch 1300: 0.0278s
 [Normal step time] batch 1400: 0.0276s
 [Normal step time] batch 1500: 0.0275s
 [Normal step time] batch 1600: 0.0276s
 [Normal step time] batch 1700: 0.0277s
 [Normal step time] batch 1800: 0.0276s
 [Normal step time] batch 1900: 0.0275s
 [Normal step time] batch 2000: 0.0276s
 [Normal step time] batch 2100: 0.0275s
 [Normal step time] batch 2200: 0.0276s
 [Normal step time] batch 2300: 0.0275s
 [Normal step time] batch 2400: 0.0283s
 [Normal step time] batch 2500: 0.0275s
 [Normal step time] batch 2600: 0.0276s
 [Normal step time] batch 2700: 0.0275s
 [Normal step time] batch 2800: 0.0275s
 [Normal step time] batch 2900: 0.0276s
 [Normal step time] batch 3000: 0.0276s
 [Normal step time] batch 3100: 0.0283s
 [Normal step time] batch 3200: 0.0275s
 [Normal step time] batch 3300: 0.0275s
 [Normal step time] batch 3400: 0.0275s
 [Normal step time] batch 3500: 0.0276s
 [Normal step time] batch 3600: 0.0276s
 [Normal step time] batch 3700: 0.0275s
 [Normal step time] batch 3800: 0.0276s
 [Normal step time] batch 3900: 0.0276s
 [Normal step time] batch 4000: 0.0276s
Epoch 16/35 | Loss: 0.9756 | Val Acc: 72.36% | Peak VRAM: 2484.88 MB
 [Normal step time] batch 0: 0.0552s
 [Normal step time] batch 100: 0.0276s
 [Normal step time] batch 200: 0.0300s
 [Normal step time] batch 300: 0.0279s
 [Normal step time] batch 400: 0.0276s
 [Normal step time] batch 500: 0.0277s
 [Normal step time] batch 600: 0.0276s
 [Normal step time] batch 700: 0.0280s
 [Normal step time] batch 800: 0.0276s
 [Normal step time] batch 900: 0.0276s
 [Normal step time] batch 1000: 0.0276s
 [Normal step time] batch 1100: 0.0276s
 [Normal step time] batch 1200: 0.0277s
 [Normal step time] batch 1300: 0.0275s
 [Normal step time] batch 1400: 0.0276s
 [Normal step time] batch 1500: 0.0276s
 [Normal step time] batch 1600: 0.0276s
 [Normal step time] batch 1700: 0.0275s
 [Normal step time] batch 1800: 0.0276s
 [Normal step time] batch 1900: 0.0275s
 [Normal step time] batch 2000: 0.0276s
 [Normal step time] batch 2100: 0.0276s
 [Normal step time] batch 2200: 0.0280s
 [Normal step time] batch 2300: 0.0275s
 [Normal step time] batch 2400: 0.0276s
 [Normal step time] batch 2500: 0.0310s
 [Normal step time] batch 2600: 0.0300s
 [Normal step time] batch 2700: 0.0276s
 [Normal step time] batch 2800: 0.0297s
 [Normal step time] batch 2900: 0.0276s
 [Normal step time] batch 3000: 0.0276s
 [Normal step time] batch 3100: 0.0277s
 [Normal step time] batch 3200: 0.0276s
 [Normal step time] batch 3300: 0.0277s
 [Normal step time] batch 3400: 0.0276s
 [Normal step time] batch 3500: 0.0277s
 [Normal step time] batch 3600: 0.0276s
 [Normal step time] batch 3700: 0.0274s
 [Normal step time] batch 3800: 0.0276s
 [Normal step time] batch 3900: 0.0280s
 [Normal step time] batch 4000: 0.0275s
Epoch 17/35 | Loss: 0.9702 | Val Acc: 71.90% | Peak VRAM: 2484.88 MB
 [Normal step time] batch 0: 0.0282s
 [Normal step time] batch 100: 0.0276s
 [Normal step time] batch 200: 0.0278s
 [Normal step time] batch 300: 0.0275s
 [Normal step time] batch 400: 0.0278s
 [Normal step time] batch 500: 0.0276s
 [Normal step time] batch 600: 0.0277s
 [Normal step time] batch 700: 0.0276s
 [Normal step time] batch 800: 0.0276s
 [Normal step time] batch 900: 0.0282s
 [Normal step time] batch 1000: 0.0276s
 [Normal step time] batch 1100: 0.0277s
 [Normal step time] batch 1200: 0.0277s
 [Normal step time] batch 1300: 0.0279s
 [Normal step time] batch 1400: 0.0276s
 [Normal step time] batch 1500: 0.0276s
 [Normal step time] batch 1600: 0.0276s
 [Normal step time] batch 1700: 0.0276s
 [Normal step time] batch 1800: 0.0275s
 [Normal step time] batch 1900: 0.0277s
 [Normal step time] batch 2000: 0.0276s
 [Normal step time] batch 2100: 0.0276s
 [Normal step time] batch 2200: 0.0276s
 [Normal step time] batch 2300: 0.0275s
 [Normal step time] batch 2400: 0.0275s
 [Normal step time] batch 2500: 0.0275s
 [Normal step time] batch 2600: 0.0276s
 [Normal step time] batch 2700: 0.0275s
 [Normal step time] batch 2800: 0.0276s
 [Normal step time] batch 2900: 0.0277s
 [Normal step time] batch 3000: 0.0276s
 [Normal step time] batch 3100: 0.0275s
 [Normal step time] batch 3200: 0.0275s
 [Normal step time] batch 3300: 0.0278s
 [Normal step time] batch 3400: 0.0277s
 [Normal step time] batch 3500: 0.0277s
 [Normal step time] batch 3600: 0.0275s
 [Normal step time] batch 3700: 0.0275s
 [Normal step time] batch 3800: 0.0277s
 [Normal step time] batch 3900: 0.0276s
 [Normal step time] batch 4000: 0.0276s
Epoch 18/35 | Loss: 0.9586 | Val Acc: 71.88% | Peak VRAM: 2484.88 MB
 [Normal step time] batch 0: 0.0461s
 [Normal step time] batch 100: 0.0275s
 [Normal step time] batch 200: 0.0274s
 [Normal step time] batch 300: 0.0275s
 [Normal step time] batch 400: 0.0274s
 [Normal step time] batch 500: 0.0274s
 [Normal step time] batch 600: 0.0275s
 [Normal step time] batch 700: 0.0275s
 [Normal step time] batch 800: 0.0285s
 [Normal step time] batch 900: 0.0274s
 [Normal step time] batch 1000: 0.0282s
 [Normal step time] batch 1100: 0.0275s
 [Normal step time] batch 1200: 0.0282s
 [Normal step time] batch 1300: 0.0276s
 [Normal step time] batch 1400: 0.0275s
 [Normal step time] batch 1500: 0.0276s
 [Normal step time] batch 1600: 0.0276s
 [Normal step time] batch 1700: 0.0283s
 [Normal step time] batch 1800: 0.0275s
 [Normal step time] batch 1900: 0.0276s
 [Normal step time] batch 2000: 0.0276s
 [Normal step time] batch 2100: 0.0276s
 [Normal step time] batch 2200: 0.0280s
 [Normal step time] batch 2300: 0.0276s
 [Normal step time] batch 2400: 0.0276s
 [Normal step time] batch 2500: 0.0276s
 [Normal step time] batch 2600: 0.0276s
 [Normal step time] batch 2700: 0.0276s
 [Normal step time] batch 2800: 0.0275s
 [Normal step time] batch 2900: 0.0276s
 [Normal step time] batch 3000: 0.0275s
 [Normal step time] batch 3100: 0.0276s
 [Normal step time] batch 3200: 0.0276s
 [Normal step time] batch 3300: 0.0276s
 [Normal step time] batch 3400: 0.0275s
 [Normal step time] batch 3500: 0.0276s
 [Normal step time] batch 3600: 0.0276s
 [Normal step time] batch 3700: 0.0276s
 [Normal step time] batch 3800: 0.0312s
 [Normal step time] batch 3900: 0.0277s
 [Normal step time] batch 4000: 0.0276s
Epoch 19/35 | Loss: 0.9592 | Val Acc: 72.80% | Peak VRAM: 2484.88 MB
 [Normal step time] batch 0: 0.0546s
 [Normal step time] batch 100: 0.0275s
 [Normal step time] batch 200: 0.0275s
 [Normal step time] batch 300: 0.0275s
 [Normal step time] batch 400: 0.0279s
 [Normal step time] batch 500: 0.0275s
 [Normal step time] batch 600: 0.0276s
 [Normal step time] batch 700: 0.0275s
 [Normal step time] batch 800: 0.0275s
 [Normal step time] batch 900: 0.0275s
 [Normal step time] batch 1000: 0.0276s
 [Normal step time] batch 1100: 0.0274s
 [Normal step time] batch 1200: 0.0277s
 [Normal step time] batch 1300: 0.0275s
 [Normal step time] batch 1400: 0.0276s
 [Normal step time] batch 1500: 0.0275s
 [Normal step time] batch 1600: 0.0276s
 [Normal step time] batch 1700: 0.0276s
 [Normal step time] batch 1800: 0.0276s
 [Normal step time] batch 1900: 0.0275s
 [Normal step time] batch 2000: 0.0275s
 [Normal step time] batch 2100: 0.0279s
 [Normal step time] batch 2200: 0.0276s
 [Normal step time] batch 2300: 0.0275s
 [Normal step time] batch 2400: 0.0276s
 [Normal step time] batch 2500: 0.0276s
 [Normal step time] batch 2600: 0.0275s
 [Normal step time] batch 2700: 0.0276s
 [Normal step time] batch 2800: 0.0278s
 [Normal step time] batch 2900: 0.0277s
 [Normal step time] batch 3000: 0.0276s
 [Normal step time] batch 3100: 0.0276s
 [Normal step time] batch 3200: 0.0277s
 [Normal step time] batch 3300: 0.0275s
 [Normal step time] batch 3400: 0.0278s
 [Normal step time] batch 3500: 0.0275s
 [Normal step time] batch 3600: 0.0277s
 [Normal step time] batch 3700: 0.0275s
 [Normal step time] batch 3800: 0.0276s
 [Normal step time] batch 3900: 0.0276s
 [Normal step time] batch 4000: 0.0276s
Epoch 20/35 | Loss: 0.9520 | Val Acc: 73.54% | Peak VRAM: 2484.88 MB
 [Normal step time] batch 0: 0.0449s
 [Normal step time] batch 100: 0.0275s
 [Normal step time] batch 200: 0.0276s
 [Normal step time] batch 300: 0.0276s
 [Normal step time] batch 400: 0.0276s
 [Normal step time] batch 500: 0.0285s
 [Normal step time] batch 600: 0.0278s
 [Normal step time] batch 700: 0.0276s
 [Normal step time] batch 800: 0.0275s
 [Normal step time] batch 900: 0.0276s
 [Normal step time] batch 1000: 0.0276s
 [Normal step time] batch 1100: 0.0275s
 [Normal step time] batch 1200: 0.0276s
 [Normal step time] batch 1300: 0.0277s
 [Normal step time] batch 1400: 0.0276s
 [Normal step time] batch 1500: 0.0276s
 [Normal step time] batch 1600: 0.0278s
 [Normal step time] batch 1700: 0.0276s
 [Normal step time] batch 1800: 0.0279s
 [Normal step time] batch 1900: 0.0275s
 [Normal step time] batch 2000: 0.0278s
 [Normal step time] batch 2100: 0.0275s
 [Normal step time] batch 2200: 0.0275s
 [Normal step time] batch 2300: 0.0275s
 [Normal step time] batch 2400: 0.0275s
 [Normal step time] batch 2500: 0.0276s
 [Normal step time] batch 2600: 0.0276s
 [Normal step time] batch 2700: 0.0276s
 [Normal step time] batch 2800: 0.0275s
 [Normal step time] batch 2900: 0.0275s
 [Normal step time] batch 3000: 0.0276s
 [Normal step time] batch 3100: 0.0276s
 [Normal step time] batch 3200: 0.0276s
 [Normal step time] batch 3300: 0.0306s
 [Normal step time] batch 3400: 0.0275s
 [Normal step time] batch 3500: 0.0276s
 [Normal step time] batch 3600: 0.0276s
 [Normal step time] batch 3700: 0.0275s
 [Normal step time] batch 3800: 0.0275s
 [Normal step time] batch 3900: 0.0276s
 [Normal step time] batch 4000: 0.0275s
Epoch 21/35 | Loss: 0.9515 | Val Acc: 72.68% | Peak VRAM: 2484.88 MB
 [Normal step time] batch 0: 0.0483s
 [Normal step time] batch 100: 0.0279s
 [Normal step time] batch 200: 0.0276s
 [Normal step time] batch 300: 0.0276s
 [Normal step time] batch 400: 0.0276s
 [Normal step time] batch 500: 0.0276s
 [Normal step time] batch 600: 0.0277s
 [Normal step time] batch 700: 0.0276s
 [Normal step time] batch 800: 0.0277s
 [Normal step time] batch 900: 0.0276s
 [Normal step time] batch 1000: 0.0278s
 [Normal step time] batch 1100: 0.0276s
 [Normal step time] batch 1200: 0.0276s
 [Normal step time] batch 1300: 0.0276s
 [Normal step time] batch 1400: 0.0276s
 [Normal step time] batch 1500: 0.0275s
 [Normal step time] batch 1600: 0.0278s
 [Normal step time] batch 1700: 0.0275s
 [Normal step time] batch 1800: 0.0276s
 [Normal step time] batch 1900: 0.0279s
 [Normal step time] batch 2000: 0.0277s
 [Normal step time] batch 2100: 0.0277s
 [Normal step time] batch 2200: 0.0276s
 [Normal step time] batch 2300: 0.0276s
 [Normal step time] batch 2400: 0.0276s
 [Normal step time] batch 2500: 0.0277s
 [Normal step time] batch 2600: 0.0276s
 [Normal step time] batch 2700: 0.0276s
 [Normal step time] batch 2800: 0.0275s
 [Normal step time] batch 2900: 0.0276s
 [Normal step time] batch 3000: 0.0275s
 [Normal step time] batch 3100: 0.0276s
 [Normal step time] batch 3200: 0.0282s
 [Normal step time] batch 3300: 0.0276s
 [Normal step time] batch 3400: 0.0277s
 [Normal step time] batch 3500: 0.0279s
 [Normal step time] batch 3600: 0.0280s
 [Normal step time] batch 3700: 0.0277s
 [Normal step time] batch 3800: 0.0275s
 [Normal step time] batch 3900: 0.0276s
 [Normal step time] batch 4000: 0.0276s
Epoch 22/35 | Loss: 0.9448 | Val Acc: 72.74% | Peak VRAM: 2484.88 MB
 [Normal step time] batch 0: 0.0587s
 [Normal step time] batch 100: 0.0277s
 [Normal step time] batch 200: 0.0279s
 [Normal step time] batch 300: 0.0279s
 [Normal step time] batch 400: 0.0276s
 [Normal step time] batch 500: 0.0275s
 [Normal step time] batch 600: 0.0282s
 [Normal step time] batch 700: 0.0275s
 [Normal step time] batch 800: 0.0275s
 [Normal step time] batch 900: 0.0279s
 [Normal step time] batch 1000: 0.0275s
 [Normal step time] batch 1100: 0.0275s
 [Normal step time] batch 1200: 0.0275s
 [Normal step time] batch 1300: 0.0275s
 [Normal step time] batch 1400: 0.0278s
 [Normal step time] batch 1500: 0.0275s
 [Normal step time] batch 1600: 0.0275s
 [Normal step time] batch 1700: 0.0305s
 [Normal step time] batch 1800: 0.0289s
 [Normal step time] batch 1900: 0.0275s
 [Normal step time] batch 2000: 0.0274s
 [Normal step time] batch 2100: 0.0276s
 [Normal step time] batch 2200: 0.0274s
 [Normal step time] batch 2300: 0.0274s
 [Normal step time] batch 2400: 0.0275s
 [Normal step time] batch 2500: 0.0276s
 [Normal step time] batch 2600: 0.0275s
 [Normal step time] batch 2700: 0.0276s
 [Normal step time] batch 2800: 0.0276s
 [Normal step time] batch 2900: 0.0274s
 [Normal step time] batch 3000: 0.0275s
 [Normal step time] batch 3100: 0.0275s
 [Normal step time] batch 3200: 0.0274s
 [Normal step time] batch 3300: 0.0274s
 [Normal step time] batch 3400: 0.0276s
 [Normal step time] batch 3500: 0.0276s
 [Normal step time] batch 3600: 0.0275s
 [Normal step time] batch 3700: 0.0275s
 [Normal step time] batch 3800: 0.0276s
 [Normal step time] batch 3900: 0.0275s
 [Normal step time] batch 4000: 0.0275s
Epoch 23/35 | Loss: 0.9338 | Val Acc: 72.56% | Peak VRAM: 2484.88 MB
 [Normal step time] batch 0: 0.0493s
 [Normal step time] batch 100: 0.0276s
 [Normal step time] batch 200: 0.0276s
 [Normal step time] batch 300: 0.0278s
 [Normal step time] batch 400: 0.0278s
 [Normal step time] batch 500: 0.0277s
 [Normal step time] batch 600: 0.0275s
 [Normal step time] batch 700: 0.0276s
 [Normal step time] batch 800: 0.0276s
 [Normal step time] batch 900: 0.0277s
 [Normal step time] batch 1000: 0.0282s
 [Normal step time] batch 1100: 0.0276s
 [Normal step time] batch 1200: 0.0277s
 [Normal step time] batch 1300: 0.0276s
 [Normal step time] batch 1400: 0.0277s
 [Normal step time] batch 1500: 0.0276s
 [Normal step time] batch 1600: 0.0276s
 [Normal step time] batch 1700: 0.0277s
 [Normal step time] batch 1800: 0.0276s
 [Normal step time] batch 1900: 0.0283s
 [Normal step time] batch 2000: 0.0275s
 [Normal step time] batch 2100: 0.0276s
 [Normal step time] batch 2200: 0.0275s
 [Normal step time] batch 2300: 0.0278s
 [Normal step time] batch 2400: 0.0275s
 [Normal step time] batch 2500: 0.0276s
 [Normal step time] batch 2600: 0.0275s
 [Normal step time] batch 2700: 0.0276s
 [Normal step time] batch 2800: 0.0276s
 [Normal step time] batch 2900: 0.0276s
 [Normal step time] batch 3000: 0.0276s
 [Normal step time] batch 3100: 0.0276s
 [Normal step time] batch 3200: 0.0275s
 [Normal step time] batch 3300: 0.0276s
 [Normal step time] batch 3400: 0.0276s
 [Normal step time] batch 3500: 0.0278s
 [Normal step time] batch 3600: 0.0275s
 [Normal step time] batch 3700: 0.0276s
 [Normal step time] batch 3800: 0.0275s
 [Normal step time] batch 3900: 0.0276s
 [Normal step time] batch 4000: 0.0276s
Epoch 24/35 | Loss: 0.9308 | Val Acc: 72.46% | Peak VRAM: 2484.88 MB
 [Normal step time] batch 0: 0.0498s
 [Normal step time] batch 100: 0.0279s
 [Normal step time] batch 200: 0.0275s
 [Normal step time] batch 300: 0.0276s
 [Normal step time] batch 400: 0.0275s
 [Normal step time] batch 500: 0.0275s
 [Normal step time] batch 600: 0.0275s
 [Normal step time] batch 700: 0.0275s
 [Normal step time] batch 800: 0.0275s
 [Normal step time] batch 900: 0.0275s
 [Normal step time] batch 1000: 0.0278s
 [Normal step time] batch 1100: 0.0274s
 [Normal step time] batch 1200: 0.0276s
 [Normal step time] batch 1300: 0.0275s
 [Normal step time] batch 1400: 0.0275s
 [Normal step time] batch 1500: 0.0274s
 [Normal step time] batch 1600: 0.0275s
 [Normal step time] batch 1700: 0.0277s
 [Normal step time] batch 1800: 0.0275s
 [Normal step time] batch 1900: 0.0275s
 [Normal step time] batch 2000: 0.0276s
 [Normal step time] batch 2100: 0.0275s
 [Normal step time] batch 2200: 0.0274s
 [Normal step time] batch 2300: 0.0275s
 [Normal step time] batch 2400: 0.0274s
 [Normal step time] batch 2500: 0.0274s
 [Normal step time] batch 2600: 0.0273s
 [Normal step time] batch 2700: 0.0285s
 [Normal step time] batch 2800: 0.0274s
 [Normal step time] batch 2900: 0.0275s
 [Normal step time] batch 3000: 0.0275s
 [Normal step time] batch 3100: 0.0274s
 [Normal step time] batch 3200: 0.0275s
 [Normal step time] batch 3300: 0.0289s
 [Normal step time] batch 3400: 0.0281s
 [Normal step time] batch 3500: 0.0274s
 [Normal step time] batch 3600: 0.0275s
 [Normal step time] batch 3700: 0.0274s
 [Normal step time] batch 3800: 0.0274s
 [Normal step time] batch 3900: 0.0281s
 [Normal step time] batch 4000: 0.0275s
Epoch 25/35 | Loss: 0.9292 | Val Acc: 71.98% | Peak VRAM: 2484.88 MB
 [Normal step time] batch 0: 0.0576s
 [Normal step time] batch 100: 0.0281s
 [Normal step time] batch 200: 0.0276s
 [Normal step time] batch 300: 0.0275s
 [Normal step time] batch 400: 0.0275s
 [Normal step time] batch 500: 0.0275s
 [Normal step time] batch 600: 0.0275s
 [Normal step time] batch 700: 0.0282s
 [Normal step time] batch 800: 0.0276s
 [Normal step time] batch 900: 0.0276s
 [Normal step time] batch 1000: 0.0278s
 [Normal step time] batch 1100: 0.0276s
 [Normal step time] batch 1200: 0.0278s
 [Normal step time] batch 1300: 0.0281s
 [Normal step time] batch 1400: 0.0277s
 [Normal step time] batch 1500: 0.0275s
 [Normal step time] batch 1600: 0.0276s
 [Normal step time] batch 1700: 0.0275s
 [Normal step time] batch 1800: 0.0279s
 [Normal step time] batch 1900: 0.0277s
 [Normal step time] batch 2000: 0.0277s
 [Normal step time] batch 2100: 0.0281s
 [Normal step time] batch 2200: 0.0278s
 [Normal step time] batch 2300: 0.0275s
 [Normal step time] batch 2400: 0.0307s
 [Normal step time] batch 2500: 0.0276s
 [Normal step time] batch 2600: 0.0275s
 [Normal step time] batch 2700: 0.0276s
 [Normal step time] batch 2800: 0.0276s
 [Normal step time] batch 2900: 0.0275s
 [Normal step time] batch 3000: 0.0278s
 [Normal step time] batch 3100: 0.0275s
 [Normal step time] batch 3200: 0.0277s
 [Normal step time] batch 3300: 0.0275s
 [Normal step time] batch 3400: 0.0280s
 [Normal step time] batch 3500: 0.0286s
 [Normal step time] batch 3600: 0.0276s
 [Normal step time] batch 3700: 0.0276s
 [Normal step time] batch 3800: 0.0276s
 [Normal step time] batch 3900: 0.0276s
 [Normal step time] batch 4000: 0.0275s
Epoch 26/35 | Loss: 0.9268 | Val Acc: 71.48% | Peak VRAM: 2484.88 MB
 [Normal step time] batch 0: 0.0401s
 [Normal step time] batch 100: 0.0276s
 [Normal step time] batch 200: 0.0276s
 [Normal step time] batch 300: 0.0276s
 [Normal step time] batch 400: 0.0275s
 [Normal step time] batch 500: 0.0312s
 [Normal step time] batch 600: 0.0274s
 [Normal step time] batch 700: 0.0275s
 [Normal step time] batch 800: 0.0274s
 [Normal step time] batch 900: 0.0274s
 [Normal step time] batch 1000: 0.0274s
 [Normal step time] batch 1100: 0.0274s
 [Normal step time] batch 1200: 0.0274s
 [Normal step time] batch 1300: 0.0276s
 [Normal step time] batch 1400: 0.0275s
 [Normal step time] batch 1500: 0.0281s
 [Normal step time] batch 1600: 0.0275s
 [Normal step time] batch 1700: 0.0275s
 [Normal step time] batch 1800: 0.0274s
 [Normal step time] batch 1900: 0.0274s
 [Normal step time] batch 2000: 0.0275s
 [Normal step time] batch 2100: 0.0275s
 [Normal step time] batch 2200: 0.0275s
 [Normal step time] batch 2300: 0.0274s
 [Normal step time] batch 2400: 0.0277s
 [Normal step time] batch 2500: 0.0275s
 [Normal step time] batch 2600: 0.0274s
 [Normal step time] batch 2700: 0.0274s
 [Normal step time] batch 2800: 0.0275s
 [Normal step time] batch 2900: 0.0279s
 [Normal step time] batch 3000: 0.0303s
 [Normal step time] batch 3100: 0.0275s
 [Normal step time] batch 3200: 0.0275s
 [Normal step time] batch 3300: 0.0274s
 [Normal step time] batch 3400: 0.0275s
 [Normal step time] batch 3500: 0.0274s
 [Normal step time] batch 3600: 0.0277s
 [Normal step time] batch 3700: 0.0275s
 [Normal step time] batch 3800: 0.0274s
 [Normal step time] batch 3900: 0.0275s
 [Normal step time] batch 4000: 0.0276s
Epoch 27/35 | Loss: 0.9196 | Val Acc: 73.46% | Peak VRAM: 2484.88 MB
 [Normal step time] batch 0: 0.0427s
 [Normal step time] batch 100: 0.0276s
 [Normal step time] batch 200: 0.0276s
 [Normal step time] batch 300: 0.0278s
 [Normal step time] batch 400: 0.0277s
 [Normal step time] batch 500: 0.0274s
 [Normal step time] batch 600: 0.0276s
 [Normal step time] batch 700: 0.0278s
 [Normal step time] batch 800: 0.0277s
 [Normal step time] batch 900: 0.0276s
 [Normal step time] batch 1000: 0.0278s
 [Normal step time] batch 1100: 0.0275s
 [Normal step time] batch 1200: 0.0280s
 [Normal step time] batch 1300: 0.0282s
 [Normal step time] batch 1400: 0.0275s
 [Normal step time] batch 1500: 0.0275s
 [Normal step time] batch 1600: 0.0283s
 [Normal step time] batch 1700: 0.0276s
 [Normal step time] batch 1800: 0.0275s
 [Normal step time] batch 1900: 0.0277s
 [Normal step time] batch 2000: 0.0274s
 [Normal step time] batch 2100: 0.0277s
 [Normal step time] batch 2200: 0.0275s
 [Normal step time] batch 2300: 0.0275s
 [Normal step time] batch 2400: 0.0273s
 [Normal step time] batch 2500: 0.0273s
 [Normal step time] batch 2600: 0.0275s
 [Normal step time] batch 2700: 0.0278s
 [Normal step time] batch 2800: 0.0275s
 [Normal step time] batch 2900: 0.0275s
 [Normal step time] batch 3000: 0.0274s
 [Normal step time] batch 3100: 0.0284s
 [Normal step time] batch 3200: 0.0275s
 [Normal step time] batch 3300: 0.0277s
 [Normal step time] batch 3400: 0.0275s
 [Normal step time] batch 3500: 0.0277s
 [Normal step time] batch 3600: 0.0276s
 [Normal step time] batch 3700: 0.0276s
 [Normal step time] batch 3800: 0.0276s
 [Normal step time] batch 3900: 0.0276s
 [Normal step time] batch 4000: 0.0278s
Epoch 28/35 | Loss: 0.9232 | Val Acc: 72.84% | Peak VRAM: 2484.88 MB
 [Normal step time] batch 0: 0.0321s
 [Normal step time] batch 100: 0.0276s
 [Normal step time] batch 200: 0.0277s
 [Normal step time] batch 300: 0.0277s
 [Normal step time] batch 400: 0.0276s
 [Normal step time] batch 500: 0.0277s
 [Normal step time] batch 600: 0.0277s
 [Normal step time] batch 700: 0.0278s
 [Normal step time] batch 800: 0.0278s
 [Normal step time] batch 900: 0.0276s
 [Normal step time] batch 1000: 0.0277s
 [Normal step time] batch 1100: 0.0276s
 [Normal step time] batch 1200: 0.0280s
 [Normal step time] batch 1300: 0.0275s
 [Normal step time] batch 1400: 0.0279s
 [Normal step time] batch 1500: 0.0278s
 [Normal step time] batch 1600: 0.0277s
 [Normal step time] batch 1700: 0.0277s
 [Normal step time] batch 1800: 0.0278s
 [Normal step time] batch 1900: 0.0285s
 [Normal step time] batch 2000: 0.0301s
 [Normal step time] batch 2100: 0.0279s
 [Normal step time] batch 2200: 0.0278s
 [Normal step time] batch 2300: 0.0277s
 [Normal step time] batch 2400: 0.0277s
 [Normal step time] batch 2500: 0.0276s
 [Normal step time] batch 2600: 0.0275s
 [Normal step time] batch 2700: 0.0275s
 [Normal step time] batch 2800: 0.0276s
 [Normal step time] batch 2900: 0.0277s
 [Normal step time] batch 3000: 0.0276s
 [Normal step time] batch 3100: 0.0275s
 [Normal step time] batch 3200: 0.0274s
 [Normal step time] batch 3300: 0.0274s
 [Normal step time] batch 3400: 0.0275s
 [Normal step time] batch 3500: 0.0275s
 [Normal step time] batch 3600: 0.0275s
 [Normal step time] batch 3700: 0.0276s
 [Normal step time] batch 3800: 0.0279s
 [Normal step time] batch 3900: 0.0276s
 [Normal step time] batch 4000: 0.0276s
Epoch 29/35 | Loss: 0.9235 | Val Acc: 73.06% | Peak VRAM: 2484.88 MB

[DEBUG] >>> PRUNING @ Epoch 30

[DEBUG] === ViT PDT Pruning (k-horizon=5): Epoch 30 ===

============================== ViT PDT k-horizon Pruning Report ==============================
 k_horizon=5 | Pruned: 19276 units | Overhead: 10.49s
 [ATTN] blocks.0.attn.qkv                        |    4/   6 |  33.3% pruned
 [FFN] blocks.0.mlp.fc1                         |  956/1536 |  37.8% pruned
 [ATTN] blocks.1.attn.qkv                        |    2/   6 |  66.7% pruned
 [FFN] blocks.1.mlp.fc1                         | 1225/1536 |  20.2% pruned
 [ATTN] blocks.2.attn.qkv                        |    3/   6 |  50.0% pruned
 [FFN] blocks.2.mlp.fc1                         | 1102/1536 |  28.3% pruned
 [ATTN] blocks.3.attn.qkv                        |    2/   6 |  66.7% pruned
 [FFN] blocks.3.mlp.fc1                         |  962/1536 |  37.4% pruned
 [ATTN] blocks.4.attn.qkv                        |    3/   6 |  50.0% pruned
 [FFN] blocks.4.mlp.fc1                         |  887/1536 |  42.3% pruned
 [ATTN] blocks.5.attn.qkv                        |    2/   6 |  66.7% pruned
 [FFN] blocks.5.mlp.fc1                         |  894/1536 |  41.8% pruned
 [ATTN] blocks.6.attn.qkv                        |    2/   6 |  66.7% pruned
 [FFN] blocks.6.mlp.fc1                         |  873/1536 |  43.2% pruned
 [ATTN] blocks.7.attn.qkv                        |    1/   6 |  83.3% pruned
 [FFN] blocks.7.mlp.fc1                         |  665/1536 |  56.7% pruned
 [ATTN] blocks.8.attn.qkv                        |    0/   6 | 100.0% pruned
 [FFN] blocks.8.mlp.fc1                         |  552/1536 |  64.1% pruned
 [ATTN] blocks.9.attn.qkv                        |    0/   6 | 100.0% pruned
 [FFN] blocks.9.mlp.fc1                         |  525/1536 |  65.8% pruned
 [ATTN] blocks.10.attn.qkv                       |    0/   6 | 100.0% pruned
 [FFN] blocks.10.mlp.fc1                        |  147/1536 |  90.4% pruned
 [ATTN] blocks.11.attn.qkv                       |    0/   6 | 100.0% pruned
 [FFN] blocks.11.mlp.fc1                        |   59/1536 |  96.2% pruned

 Size: 33.04MB | Sparsity(weight): 59.21% | Speedup: 2.45x
===================================================================
🧹 Post-Pruning Memory Cleared & Graph Destroyed.

[Scientific Metrics - Epoch 30]
 🟢 Model Size: 81.00 MB -> 33.04 MB
 🔵 Sparsity: 52.09 %
 🟡 Speedup: 2.45x
💾 Checkpoint saved: deit_small_patch16_224_vit_pdt_ep30_sp52.09.pth
 [Normal step time] batch 100: 0.0292s
 [Normal step time] batch 200: 0.0293s
 [Normal step time] batch 300: 0.0292s
 [Normal step time] batch 400: 0.0291s
 [Normal step time] batch 500: 0.0290s
 [Normal step time] batch 600: 0.0295s
 [Normal step time] batch 700: 0.0293s
 [Normal step time] batch 800: 0.0291s
 [Normal step time] batch 900: 0.0293s
 [Normal step time] batch 1000: 0.0292s
 [Normal step time] batch 1100: 0.0295s
 [Normal step time] batch 1200: 0.0293s
 [Normal step time] batch 1300: 0.0292s
 [Normal step time] batch 1400: 0.0293s
 [Normal step time] batch 1500: 0.0293s
 [Normal step time] batch 1600: 0.0293s
 [Normal step time] batch 1700: 0.0297s
 [Normal step time] batch 1800: 0.0296s
 [Normal step time] batch 1900: 0.0291s
 [Normal step time] batch 2000: 0.0296s
 [Normal step time] batch 2100: 0.0293s
 [Normal step time] batch 2200: 0.0303s
 [Normal step time] batch 2300: 0.0292s
 [Normal step time] batch 2400: 0.0292s
 [Normal step time] batch 2500: 0.0292s
 [Normal step time] batch 2600: 0.0292s
 [Normal step time] batch 2700: 0.0292s
 [Normal step time] batch 2800: 0.0292s
 [Normal step time] batch 2900: 0.0292s
 [Normal step time] batch 3000: 0.0293s
 [Normal step time] batch 3100: 0.0293s
 [Normal step time] batch 3200: 0.0292s
 [Normal step time] batch 3300: 0.0292s
 [Normal step time] batch 3400: 0.0303s
 [Normal step time] batch 3500: 0.0327s
 [Normal step time] batch 3600: 0.0292s
 [Normal step time] batch 3700: 0.0292s
 [Normal step time] batch 3800: 0.0292s
 [Normal step time] batch 3900: 0.0327s
 [Normal step time] batch 4000: 0.0293s
Epoch 30/35 | Loss: 1.7924 | Val Acc: 57.74% | Peak VRAM: 11044.89 MB
 [Normal step time] batch 0: 0.0670s
 [Normal step time] batch 100: 0.0292s
 [Normal step time] batch 200: 0.0293s
 [Normal step time] batch 300: 0.0292s
 [Normal step time] batch 400: 0.0292s
 [Normal step time] batch 500: 0.0293s
 [Normal step time] batch 600: 0.0292s
 [Normal step time] batch 700: 0.0303s
 [Normal step time] batch 800: 0.0292s
 [Normal step time] batch 900: 0.0293s
 [Normal step time] batch 1000: 0.0293s
 [Normal step time] batch 1100: 0.0295s
 [Normal step time] batch 1200: 0.0293s
 [Normal step time] batch 1300: 0.0292s
 [Normal step time] batch 1400: 0.0292s
 [Normal step time] batch 1500: 0.0293s
 [Normal step time] batch 1600: 0.0292s
 [Normal step time] batch 1700: 0.0292s
 [Normal step time] batch 1800: 0.0297s
 [Normal step time] batch 1900: 0.0299s
 [Normal step time] batch 2000: 0.0293s
 [Normal step time] batch 2100: 0.0294s
 [Normal step time] batch 2200: 0.0299s
 [Normal step time] batch 2300: 0.0293s
 [Normal step time] batch 2400: 0.0294s
 [Normal step time] batch 2500: 0.0292s
 [Normal step time] batch 2600: 0.0294s
 [Normal step time] batch 2700: 0.0292s
 [Normal step time] batch 2800: 0.0294s
 [Normal step time] batch 2900: 0.0292s
 [Normal step time] batch 3000: 0.0293s
 [Normal step time] batch 3100: 0.0302s
 [Normal step time] batch 3200: 0.0293s
 [Normal step time] batch 3300: 0.0294s
 [Normal step time] batch 3400: 0.0293s
 [Normal step time] batch 3500: 0.0293s
 [Normal step time] batch 3600: 0.0292s
 [Normal step time] batch 3700: 0.0294s
 [Normal step time] batch 3800: 0.0293s
 [Normal step time] batch 3900: 0.0293s
 [Normal step time] batch 4000: 0.0293s
Epoch 31/35 | Loss: 1.4645 | Val Acc: 61.48% | Peak VRAM: 2486.48 MB
 [Normal step time] batch 0: 0.0640s
 [Normal step time] batch 100: 0.0292s
 [Normal step time] batch 200: 0.0292s
 [Normal step time] batch 300: 0.0292s
 [Normal step time] batch 400: 0.0291s
 [Normal step time] batch 500: 0.0292s
 [Normal step time] batch 600: 0.0291s
 [Normal step time] batch 700: 0.0307s
 [Normal step time] batch 800: 0.0292s
 [Normal step time] batch 900: 0.0294s
 [Normal step time] batch 1000: 0.0293s
 [Normal step time] batch 1100: 0.0293s
 [Normal step time] batch 1200: 0.0293s
 [Normal step time] batch 1300: 0.0292s
 [Normal step time] batch 1400: 0.0293s
 [Normal step time] batch 1500: 0.0291s
 [Normal step time] batch 1600: 0.0291s
 [Normal step time] batch 1700: 0.0295s
 [Normal step time] batch 1800: 0.0291s
 [Normal step time] batch 1900: 0.0291s
 [Normal step time] batch 2000: 0.0291s
 [Normal step time] batch 2100: 0.0291s
 [Normal step time] batch 2200: 0.0291s
 [Normal step time] batch 2300: 0.0291s
 [Normal step time] batch 2400: 0.0310s
 [Normal step time] batch 2500: 0.0292s
 [Normal step time] batch 2600: 0.0291s
 [Normal step time] batch 2700: 0.0291s
 [Normal step time] batch 2800: 0.0291s
 [Normal step time] batch 2900: 0.0291s
 [Normal step time] batch 3000: 0.0291s
 [Normal step time] batch 3100: 0.0292s
 [Normal step time] batch 3200: 0.0295s
 [Normal step time] batch 3300: 0.0294s
 [Normal step time] batch 3400: 0.0292s
 [Normal step time] batch 3500: 0.0291s
 [Normal step time] batch 3600: 0.0291s
 [Normal step time] batch 3700: 0.0292s
 [Normal step time] batch 3800: 0.0293s
 [Normal step time] batch 3900: 0.0293s
 [Normal step time] batch 4000: 0.0293s
Epoch 32/35 | Loss: 1.3783 | Val Acc: 63.58% | Peak VRAM: 2486.48 MB
 [Normal step time] batch 0: 0.0358s
 [Normal step time] batch 100: 0.0292s
 [Normal step time] batch 200: 0.0293s
 [Normal step time] batch 300: 0.0292s
 [Normal step time] batch 400: 0.0292s
 [Normal step time] batch 500: 0.0294s
 [Normal step time] batch 600: 0.0311s
 [Normal step time] batch 700: 0.0293s
 [Normal step time] batch 800: 0.0295s
 [Normal step time] batch 900: 0.0291s
 [Normal step time] batch 1000: 0.0296s
 [Normal step time] batch 1100: 0.0292s
 [Normal step time] batch 1200: 0.0292s
 [Normal step time] batch 1300: 0.0290s
 [Normal step time] batch 1400: 0.0290s
 [Normal step time] batch 1500: 0.0292s
 [Normal step time] batch 1600: 0.0290s
 [Normal step time] batch 1700: 0.0290s
 [Normal step time] batch 1800: 0.0294s
 [Normal step time] batch 1900: 0.0291s
 [Normal step time] batch 2000: 0.0292s
 [Normal step time] batch 2100: 0.0291s
 [Normal step time] batch 2200: 0.0291s
 [Normal step time] batch 2300: 0.0292s
 [Normal step time] batch 2400: 0.0291s
 [Normal step time] batch 2500: 0.0291s
 [Normal step time] batch 2600: 0.0291s
 [Normal step time] batch 2700: 0.0291s
 [Normal step time] batch 2800: 0.0291s
 [Normal step time] batch 2900: 0.0291s
 [Normal step time] batch 3000: 0.0291s
 [Normal step time] batch 3100: 0.0291s
 [Normal step time] batch 3200: 0.0291s
 [Normal step time] batch 3300: 0.0290s
 [Normal step time] batch 3400: 0.0290s
 [Normal step time] batch 3500: 0.0291s
 [Normal step time] batch 3600: 0.0291s
 [Normal step time] batch 3700: 0.0291s
 [Normal step time] batch 3800: 0.0290s
 [Normal step time] batch 3900: 0.0293s
 [Normal step time] batch 4000: 0.0291s
Epoch 33/35 | Loss: 1.3277 | Val Acc: 63.74% | Peak VRAM: 2486.48 MB
 [Normal step time] batch 0: 0.0630s
 [Normal step time] batch 100: 0.0298s
 [Normal step time] batch 200: 0.0295s
 [Normal step time] batch 300: 0.0295s
 [Normal step time] batch 400: 0.0292s
 [Normal step time] batch 500: 0.0293s
 [Normal step time] batch 600: 0.0292s
 [Normal step time] batch 700: 0.0292s
 [Normal step time] batch 800: 0.0294s
 [Normal step time] batch 900: 0.0291s
 [Normal step time] batch 1000: 0.0298s
 [Normal step time] batch 1100: 0.0295s
 [Normal step time] batch 1200: 0.0294s
 [Normal step time] batch 1300: 0.0293s
 [Normal step time] batch 1400: 0.0294s
 [Normal step time] batch 1500: 0.0309s
 [Normal step time] batch 1600: 0.0292s
 [Normal step time] batch 1700: 0.0293s
 [Normal step time] batch 1800: 0.0292s
 [Normal step time] batch 1900: 0.0297s
 [Normal step time] batch 2000: 0.0298s
 [Normal step time] batch 2100: 0.0294s
 [Normal step time] batch 2200: 0.0292s
 [Normal step time] batch 2300: 0.0294s
 [Normal step time] batch 2400: 0.0292s
 [Normal step time] batch 2500: 0.0293s
 [Normal step time] batch 2600: 0.0292s
 [Normal step time] batch 2700: 0.0334s
 [Normal step time] batch 2800: 0.0292s
 [Normal step time] batch 2900: 0.0293s
 [Normal step time] batch 3000: 0.0298s
 [Normal step time] batch 3100: 0.0298s
 [Normal step time] batch 3200: 0.0292s
 [Normal step time] batch 3300: 0.0293s
 [Normal step time] batch 3400: 0.0292s
 [Normal step time] batch 3500: 0.0293s
 [Normal step time] batch 3600: 0.0297s
 [Normal step time] batch 3700: 0.0290s
 [Normal step time] batch 3800: 0.0290s
 [Normal step time] batch 3900: 0.0298s
 [Normal step time] batch 4000: 0.0292s
Epoch 34/35 | Loss: 1.2951 | Val Acc: 64.00% | Peak VRAM: 2486.48 MB
 [Normal step time] batch 0: 0.0616s
 [Normal step time] batch 100: 0.0296s
 [Normal step time] batch 200: 0.0292s
 [Normal step time] batch 300: 0.0292s
 [Normal step time] batch 400: 0.0291s
 [Normal step time] batch 500: 0.0293s
 [Normal step time] batch 600: 0.0292s
 [Normal step time] batch 700: 0.0292s
 [Normal step time] batch 800: 0.0292s
 [Normal step time] batch 900: 0.0293s
 [Normal step time] batch 1000: 0.0291s
 [Normal step time] batch 1100: 0.0291s
 [Normal step time] batch 1200: 0.0294s
 [Normal step time] batch 1300: 0.0293s
 [Normal step time] batch 1400: 0.0292s
 [Normal step time] batch 1500: 0.0297s
 [Normal step time] batch 1600: 0.0292s
 [Normal step time] batch 1700: 0.0294s
 [Normal step time] batch 1800: 0.0295s
 [Normal step time] batch 1900: 0.0337s
 [Normal step time] batch 2000: 0.0293s
 [Normal step time] batch 2100: 0.0296s
 [Normal step time] batch 2200: 0.0297s
 [Normal step time] batch 2300: 0.0292s
 [Normal step time] batch 2400: 0.0292s
 [Normal step time] batch 2500: 0.0298s
 [Normal step time] batch 2600: 0.0292s
 [Normal step time] batch 2700: 0.0292s
 [Normal step time] batch 2800: 0.0293s
 [Normal step time] batch 2900: 0.0292s
 [Normal step time] batch 3000: 0.0293s
 [Normal step time] batch 3100: 0.0294s
 [Normal step time] batch 3200: 0.0292s
 [Normal step time] batch 3300: 0.0293s
 [Normal step time] batch 3400: 0.0292s
 [Normal step time] batch 3500: 0.0297s
 [Normal step time] batch 3600: 0.0292s
 [Normal step time] batch 3700: 0.0294s
 [Normal step time] batch 3800: 0.0291s
 [Normal step time] batch 3900: 0.0293s
 [Normal step time] batch 4000: 0.0292s
Epoch 35/35 | Loss: 1.2690 | Val Acc: 65.08% | Peak VRAM: 2486.48 MB

🏁 Final Model Saved: ./exp/checkpoints/deit_small_patch16_224_vit_pdt_final.pth

================ FINAL PHYSICAL COMPRESSION ================

[Compressed] blocks.0.attn.qkv: 2 heads removed
[Compressed] blocks.0.mlp.fc1: 580 neurons removed
[Compressed] blocks.1.attn.qkv: 4 heads removed
[Compressed] blocks.1.mlp.fc1: 311 neurons removed
[Compressed] blocks.2.attn.qkv: 3 heads removed
[Compressed] blocks.2.mlp.fc1: 434 neurons removed
[Compressed] blocks.3.attn.qkv: 4 heads removed
[Compressed] blocks.3.mlp.fc1: 574 neurons removed
[Compressed] blocks.4.attn.qkv: 3 heads removed
[Compressed] blocks.4.mlp.fc1: 649 neurons removed
[Compressed] blocks.5.attn.qkv: 4 heads removed
[Compressed] blocks.5.mlp.fc1: 642 neurons removed
[Compressed] blocks.6.attn.qkv: 4 heads removed
[Compressed] blocks.6.mlp.fc1: 663 neurons removed
[Compressed] blocks.7.attn.qkv: 5 heads removed
[Compressed] blocks.7.mlp.fc1: 871 neurons removed
[Compressed] blocks.8.mlp.fc1: 984 neurons removed
[Compressed] blocks.9.mlp.fc1: 1011 neurons removed
[Compressed] blocks.10.mlp.fc1: 1389 neurons removed
[Compressed] blocks.11.mlp.fc1: 1477 neurons removed
✅ Physically Compressed Model Saved: ./exp/checkpoints/deit_small_patch16_224_vit_pdt_FINAL_COMPRESSED.pth
=============================================================

