📝 Logging started: efficientnet_b0_pdt_20260218_064510.log
✅ CIFAR-100 Data loaded: Train(50000), Val/Test(10000)
Experimental Mode: N/A
Target Model: efficientnet_b0 | Dataset: cifar100

[Stage 1] Applying MBConv Block-wise Topology for efficientnet...

==================== Final Topology Groups ====================
 Group  1 | Channels:   32 | Layers: features.1.0.block.0.0 ... (6 layers)
 Group  2 | Channels:   96 | Layers: features.2.0.block.0.0 ... (8 layers)
 Group  3 | Channels:  144 | Layers: features.2.1.block.0.0 ... (8 layers)
 Group  4 | Channels:  144 | Layers: features.3.0.block.0.0 ... (8 layers)
 Group  5 | Channels:  240 | Layers: features.3.1.block.0.0 ... (8 layers)
 Group  6 | Channels:  240 | Layers: features.4.0.block.0.0 ... (8 layers)
 Group  7 | Channels:  480 | Layers: features.4.1.block.0.0 ... (8 layers)
 Group  8 | Channels:  480 | Layers: features.4.2.block.0.0 ... (8 layers)
 Group  9 | Channels:  480 | Layers: features.5.0.block.0.0 ... (8 layers)
 Group 10 | Channels:  672 | Layers: features.5.1.block.0.0 ... (8 layers)
 Group 11 | Channels:  672 | Layers: features.5.2.block.0.0 ... (8 layers)
 Group 12 | Channels:  672 | Layers: features.6.0.block.0.0 ... (8 layers)
 Group 13 | Channels: 1152 | Layers: features.6.1.block.0.0 ... (8 layers)
 Group 14 | Channels: 1152 | Layers: features.6.2.block.0.0 ... (8 layers)
 Group 15 | Channels: 1152 | Layers: features.6.3.block.0.0 ... (8 layers)
 Group 16 | Channels: 1152 | Layers: features.7.0.block.0.0 ... (8 layers)
===============================================================
[*] Total 16 groups identified.


[Pruner Init] Identified 16 groups for pruning.
[*] Applied Min Survival Guarantee: 10.0%
[System] Initializing PDTPruner (Stable Version)

>>> Strategy: PDT | Total Epochs: 300
>>> Pruning starts at Epoch 100, every 15 epochs.
Epoch 1/300 | Loss: 4.2049 | Val Acc: 17.67% | Peak VRAM: 170.02 MB
Epoch 2/300 | Loss: 3.1290 | Val Acc: 33.18% | Peak VRAM: 170.02 MB
Epoch 3/300 | Loss: 2.5502 | Val Acc: 40.95% | Peak VRAM: 170.02 MB
Epoch 4/300 | Loss: 2.2287 | Val Acc: 46.66% | Peak VRAM: 170.02 MB
Epoch 5/300 | Loss: 2.0093 | Val Acc: 50.08% | Peak VRAM: 170.02 MB
Epoch 6/300 | Loss: 1.8475 | Val Acc: 52.90% | Peak VRAM: 170.02 MB
Epoch 7/300 | Loss: 1.7226 | Val Acc: 54.66% | Peak VRAM: 170.02 MB
