📝 Logging started: resnet18_pdt_20260216_070312.log
✅ CIFAR-100 Data loaded: Train(50000), Val/Test(10000)
Experimental Mode: N/A
Target Model: resnet18 | Dataset: cifar100

[Stage 1] Analyzing Residual Topology for resnet via PyTorch FX...

==================== Final Topology Groups ====================
 Group  1 | Channels:   64 | Layers: layer1.0.bn2 ... (1 layers)
 Group  2 | Channels:   64 | Layers: layer1.1.bn2 ... (1 layers)
 Group  3 | Channels:  128 | Layers: layer2.0.bn2 ... (2 layers)
 Group  4 | Channels:  128 | Layers: layer2.1.bn2 ... (1 layers)
 Group  5 | Channels:  256 | Layers: layer3.0.bn2 ... (2 layers)
 Group  6 | Channels:  256 | Layers: layer3.1.bn2 ... (1 layers)
 Group  7 | Channels:  512 | Layers: layer4.0.bn2 ... (2 layers)
 Group  8 | Channels:  512 | Layers: layer4.1.bn2 ... (1 layers)
===============================================================
[*] Total 8 groups identified.


[Pruner Init] Strict Conv-Topology Mode Activated
[*] Applied Min Survival Guarantee: 10.0%
[*] Only defined groups (1-8) will be pruned.

>>> [System] Loading pre-trained model: ./exp/checkpoints/resnet18_pdt_ep120_sp0.0.pth
✅ Success: Weights loaded from resnet18_pdt_ep120_sp0.0.pth

>>> [Pilot Check] Strategy: PDT | Start Epoch: 120 | Target Ratio: 0.2

=== [Stage 1 & 4] Initial State Analysis ===
[*] Topology Status: 71 nodes currently in graph.
-------------------------------------------------------  ------------  ------------  ------------  ------------  ------------  ------------  ------------  ------------  ------------  ------------  ------------  ------------  ------------  ------------  ------------  
                                                   Name    Self CPU %      Self CPU   CPU total %     CPU total  CPU time avg     Self CUDA   Self CUDA %    CUDA total  CUDA time avg       CPU Mem  Self CPU Mem      CUDA Mem  Self CUDA Mem    # of Calls  Total KFLOPs  
-------------------------------------------------------  ------------  ------------  ------------  ------------  ------------  ------------  ------------  ------------  ------------  ------------  ------------  ------------  ------------  ------------  ------------  
                                           aten::conv2d         0.05%      67.240us        70.17%      99.624ms       4.981ms       0.000us         0.00%       1.646ms      82.309us           0 B           0 B     118.81 MB           0 B            20  54430924.800  
                                      aten::convolution         0.08%     111.200us        70.12%      99.557ms       4.978ms       0.000us         0.00%       1.646ms      82.309us           0 B           0 B     118.81 MB           0 B            20            --  
                                     aten::_convolution         0.52%     743.262us        70.05%      99.446ms       4.972ms       0.000us         0.00%       1.646ms      82.309us           0 B           0 B     118.81 MB           0 B            20            --  
                                aten::cudnn_convolution        64.19%      91.132ms        69.52%      98.703ms       4.935ms     865.617us        72.12%       1.646ms      82.309us           0 B           0 B     118.81 MB     118.81 MB            20            --  
                           aten::_batch_norm_impl_index         0.06%      84.791us        10.45%      14.829ms     741.466us       0.000us         0.00%     236.665us      11.833us           0 B           0 B     115.63 MB           0 B            20            --  
                                 aten::cudnn_batch_norm         9.56%      13.579ms        10.39%      14.745ms     737.227us     211.514us        17.62%     236.665us      11.833us           0 B           0 B     115.63 MB           0 B            20            --  
                                            aten::empty         0.16%     222.297us         0.35%     496.980us       4.970us       0.000us         0.00%       0.000us       0.000us           0 B           0 B     115.63 MB     115.63 MB           100            --  
                                       aten::batch_norm         0.06%      83.912us        10.50%      14.913ms     745.662us       0.000us         0.00%     236.665us      11.833us           0 B           0 B     115.59 MB     -40.00 KB            20            --  
                                       aten::empty_like         0.04%      60.171us         0.30%     429.273us      21.464us       0.000us         0.00%       0.000us       0.000us           0 B           0 B     115.59 MB           0 B            20            --  
                                           aten::linear         0.03%      42.011us         1.18%       1.674ms       1.674ms       0.000us         0.00%      14.336us      14.336us           0 B           0 B       9.13 MB           0 B             1            --  
-------------------------------------------------------  ------------  ------------  ------------  ------------  ------------  ------------  ------------  ------------  ------------  ------------  ------------  ------------  ------------  ------------  ------------  
Self CPU time total: 141.971ms
Self CUDA time total: 1.200ms


[Action] Triggering PDT Pruning at Epoch 120...

[Scientific Metrics - Epoch 120]
 🟢 Model Size: 42.76 MB | 🔵 Sparsity: 0.00 % | 🟡 Speedup: 1.00x
💾 Checkpoint saved: ./exp/checkpoints/resnet18_pdt_ep120_sp0.0.pth
Epoch 120/400 | Loss: 1.2075 | Val Acc: 58.98%
Epoch 121/400 | Loss: 0.9894 | Val Acc: 59.25%
Epoch 122/400 | Loss: 0.9606 | Val Acc: 55.22%
Epoch 123/400 | Loss: 0.9633 | Val Acc: 58.13%
Epoch 124/400 | Loss: 0.9548 | Val Acc: 62.34%
Epoch 125/400 | Loss: 0.9497 | Val Acc: 61.51%
Epoch 126/400 | Loss: 0.9495 | Val Acc: 59.62%
Epoch 127/400 | Loss: 0.9482 | Val Acc: 59.67%
Epoch 128/400 | Loss: 0.9429 | Val Acc: 60.07%
Epoch 129/400 | Loss: 0.9405 | Val Acc: 59.43%
Epoch 130/400 | Loss: 0.9385 | Val Acc: 59.99%
Epoch 131/400 | Loss: 0.9443 | Val Acc: 56.68%
Epoch 132/400 | Loss: 0.9437 | Val Acc: 60.59%
Epoch 133/400 | Loss: 0.9390 | Val Acc: 60.86%
Epoch 134/400 | Loss: 0.9397 | Val Acc: 57.15%
Epoch 135/400 | Loss: 0.9347 | Val Acc: 58.33%
Epoch 136/400 | Loss: 0.9409 | Val Acc: 61.45%
Epoch 137/400 | Loss: 0.9392 | Val Acc: 59.94%
Epoch 138/400 | Loss: 0.9399 | Val Acc: 55.83%
Epoch 139/400 | Loss: 0.9354 | Val Acc: 56.88%

[Action] Triggering PDT Pruning at Epoch 140...

[Scientific Metrics - Epoch 140]
 🟢 Model Size: 42.76 MB | 🔵 Sparsity: 0.00 % | 🟡 Speedup: 1.00x
💾 Checkpoint saved: ./exp/checkpoints/resnet18_pdt_ep140_sp0.0.pth
Epoch 140/400 | Loss: 1.2225 | Val Acc: 60.77%
Epoch 141/400 | Loss: 0.9858 | Val Acc: 56.12%
Epoch 142/400 | Loss: 0.9494 | Val Acc: 59.08%
Epoch 143/400 | Loss: 0.9457 | Val Acc: 62.11%
Epoch 144/400 | Loss: 0.9442 | Val Acc: 57.71%
Epoch 145/400 | Loss: 0.9520 | Val Acc: 60.75%
Epoch 146/400 | Loss: 0.9395 | Val Acc: 59.66%
Epoch 147/400 | Loss: 0.9423 | Val Acc: 59.91%
Epoch 148/400 | Loss: 0.9341 | Val Acc: 59.38%
Epoch 149/400 | Loss: 0.9352 | Val Acc: 55.15%
Epoch 150/400 | Loss: 0.9384 | Val Acc: 61.28%
Epoch 151/400 | Loss: 0.9389 | Val Acc: 59.98%
Epoch 152/400 | Loss: 0.9390 | Val Acc: 59.42%
Epoch 153/400 | Loss: 0.9350 | Val Acc: 58.08%
Epoch 154/400 | Loss: 0.9326 | Val Acc: 60.44%
Epoch 155/400 | Loss: 0.9271 | Val Acc: 56.92%
Epoch 156/400 | Loss: 0.9299 | Val Acc: 59.85%
Epoch 157/400 | Loss: 0.9395 | Val Acc: 60.87%
Epoch 158/400 | Loss: 0.9237 | Val Acc: 60.45%
Epoch 159/400 | Loss: 0.9322 | Val Acc: 61.66%

[Action] Triggering PDT Pruning at Epoch 160...

[Scientific Metrics - Epoch 160]
 🟢 Model Size: 42.76 MB | 🔵 Sparsity: 0.00 % | 🟡 Speedup: 1.00x
💾 Checkpoint saved: ./exp/checkpoints/resnet18_pdt_ep160_sp0.0.pth
Epoch 160/400 | Loss: 1.2365 | Val Acc: 61.97%
Epoch 161/400 | Loss: 0.9733 | Val Acc: 58.35%
Epoch 162/400 | Loss: 0.9489 | Val Acc: 60.63%
Epoch 163/400 | Loss: 0.9398 | Val Acc: 59.45%
Epoch 164/400 | Loss: 0.9375 | Val Acc: 55.12%
Epoch 165/400 | Loss: 0.9409 | Val Acc: 58.43%
Epoch 166/400 | Loss: 0.9347 | Val Acc: 59.70%
Epoch 167/400 | Loss: 0.9344 | Val Acc: 59.95%
Epoch 168/400 | Loss: 0.9318 | Val Acc: 55.84%
Epoch 169/400 | Loss: 0.9294 | Val Acc: 61.16%
Epoch 170/400 | Loss: 0.9287 | Val Acc: 61.92%
Epoch 171/400 | Loss: 0.9354 | Val Acc: 60.79%
Epoch 172/400 | Loss: 0.9303 | Val Acc: 60.38%
Epoch 173/400 | Loss: 0.9323 | Val Acc: 60.11%
Epoch 174/400 | Loss: 0.9238 | Val Acc: 59.60%
Epoch 175/400 | Loss: 0.9291 | Val Acc: 59.55%
Epoch 176/400 | Loss: 0.9330 | Val Acc: 58.87%
Epoch 177/400 | Loss: 0.9342 | Val Acc: 58.67%
Epoch 178/400 | Loss: 0.9340 | Val Acc: 58.52%
Epoch 179/400 | Loss: 0.9257 | Val Acc: 59.54%

[Action] Triggering PDT Pruning at Epoch 180...

[Scientific Metrics - Epoch 180]
 🟢 Model Size: 42.76 MB | 🔵 Sparsity: 0.00 % | 🟡 Speedup: 1.00x
💾 Checkpoint saved: ./exp/checkpoints/resnet18_pdt_ep180_sp0.0.pth
Epoch 180/400 | Loss: 1.2274 | Val Acc: 60.04%
Epoch 181/400 | Loss: 0.9756 | Val Acc: 60.13%
Epoch 182/400 | Loss: 0.9392 | Val Acc: 60.45%
Epoch 183/400 | Loss: 0.9415 | Val Acc: 58.18%
Epoch 184/400 | Loss: 0.9395 | Val Acc: 59.76%
Epoch 185/400 | Loss: 0.9363 | Val Acc: 58.74%
Epoch 186/400 | Loss: 0.9379 | Val Acc: 57.18%
Epoch 187/400 | Loss: 0.9335 | Val Acc: 57.17%
Epoch 188/400 | Loss: 0.9294 | Val Acc: 59.16%
Epoch 189/400 | Loss: 0.9321 | Val Acc: 60.78%
Epoch 190/400 | Loss: 0.9270 | Val Acc: 60.21%
Epoch 191/400 | Loss: 0.9174 | Val Acc: 57.82%
Epoch 192/400 | Loss: 0.9265 | Val Acc: 58.23%
Epoch 193/400 | Loss: 0.9237 | Val Acc: 58.43%
Epoch 194/400 | Loss: 0.9338 | Val Acc: 57.47%
Epoch 195/400 | Loss: 0.9348 | Val Acc: 59.44%
Epoch 196/400 | Loss: 0.9243 | Val Acc: 58.48%
Epoch 197/400 | Loss: 0.9257 | Val Acc: 61.77%
Epoch 198/400 | Loss: 0.9330 | Val Acc: 56.26%
Epoch 199/400 | Loss: 0.9260 | Val Acc: 60.59%

[Action] Triggering PDT Pruning at Epoch 200...

[Scientific Metrics - Epoch 200]
 🟢 Model Size: 42.76 MB | 🔵 Sparsity: 0.00 % | 🟡 Speedup: 1.00x
💾 Checkpoint saved: ./exp/checkpoints/resnet18_pdt_ep200_sp0.0.pth
Epoch 200/400 | Loss: 1.2053 | Val Acc: 62.05%
Epoch 201/400 | Loss: 0.9675 | Val Acc: 62.04%
Epoch 202/400 | Loss: 0.9348 | Val Acc: 61.78%
Epoch 203/400 | Loss: 0.9327 | Val Acc: 59.96%
Epoch 204/400 | Loss: 0.9316 | Val Acc: 60.75%
Epoch 205/400 | Loss: 0.9317 | Val Acc: 61.51%
Epoch 206/400 | Loss: 0.9333 | Val Acc: 54.54%
Epoch 207/400 | Loss: 0.9238 | Val Acc: 58.85%
Epoch 208/400 | Loss: 0.9201 | Val Acc: 56.68%
Epoch 209/400 | Loss: 0.9363 | Val Acc: 62.01%
Epoch 210/400 | Loss: 0.9340 | Val Acc: 59.85%
Epoch 211/400 | Loss: 0.9223 | Val Acc: 61.01%
Epoch 212/400 | Loss: 0.9144 | Val Acc: 62.39%
Epoch 213/400 | Loss: 0.9186 | Val Acc: 60.08%
Epoch 214/400 | Loss: 0.9230 | Val Acc: 59.77%
Epoch 215/400 | Loss: 0.9259 | Val Acc: 61.32%
Epoch 216/400 | Loss: 0.9329 | Val Acc: 63.02%
Epoch 217/400 | Loss: 0.9210 | Val Acc: 59.44%
Epoch 218/400 | Loss: 0.9167 | Val Acc: 62.77%
Epoch 219/400 | Loss: 0.9221 | Val Acc: 60.28%

[Action] Triggering PDT Pruning at Epoch 220...

[Scientific Metrics - Epoch 220]
 🟢 Model Size: 42.76 MB | 🔵 Sparsity: 0.00 % | 🟡 Speedup: 1.00x
💾 Checkpoint saved: ./exp/checkpoints/resnet18_pdt_ep220_sp0.0.pth
Epoch 220/400 | Loss: 1.2107 | Val Acc: 61.79%
Epoch 221/400 | Loss: 0.9654 | Val Acc: 60.31%
Epoch 222/400 | Loss: 0.9378 | Val Acc: 54.78%
Epoch 223/400 | Loss: 0.9351 | Val Acc: 54.63%
Epoch 224/400 | Loss: 0.9336 | Val Acc: 58.24%
Epoch 225/400 | Loss: 0.9268 | Val Acc: 60.54%
Epoch 226/400 | Loss: 0.9241 | Val Acc: 60.49%
Epoch 227/400 | Loss: 0.9331 | Val Acc: 58.98%
Epoch 228/400 | Loss: 0.9270 | Val Acc: 59.32%
Epoch 229/400 | Loss: 0.9225 | Val Acc: 56.44%
Epoch 230/400 | Loss: 0.9195 | Val Acc: 54.68%
Epoch 231/400 | Loss: 0.9254 | Val Acc: 60.13%
Epoch 232/400 | Loss: 0.9176 | Val Acc: 60.59%
Epoch 233/400 | Loss: 0.9171 | Val Acc: 60.63%
Epoch 234/400 | Loss: 0.9196 | Val Acc: 61.10%
Epoch 235/400 | Loss: 0.9150 | Val Acc: 60.77%
Epoch 236/400 | Loss: 0.9190 | Val Acc: 61.33%
Epoch 237/400 | Loss: 0.9215 | Val Acc: 58.02%
Epoch 238/400 | Loss: 0.9153 | Val Acc: 60.62%
Epoch 239/400 | Loss: 0.9166 | Val Acc: 58.92%

[Action] Triggering PDT Pruning at Epoch 240...

[Scientific Metrics - Epoch 240]
 🟢 Model Size: 42.76 MB | 🔵 Sparsity: 0.00 % | 🟡 Speedup: 1.00x
💾 Checkpoint saved: ./exp/checkpoints/resnet18_pdt_ep240_sp0.0.pth
Epoch 240/400 | Loss: 1.2080 | Val Acc: 59.41%
Epoch 241/400 | Loss: 0.9664 | Val Acc: 60.88%
Epoch 242/400 | Loss: 0.9383 | Val Acc: 59.80%
Epoch 243/400 | Loss: 0.9264 | Val Acc: 62.50%
Epoch 244/400 | Loss: 0.9295 | Val Acc: 57.68%
Epoch 245/400 | Loss: 0.9289 | Val Acc: 60.13%
Epoch 246/400 | Loss: 0.9202 | Val Acc: 57.92%
Epoch 247/400 | Loss: 0.9174 | Val Acc: 62.90%
Epoch 248/400 | Loss: 0.9299 | Val Acc: 60.84%
Epoch 249/400 | Loss: 0.9247 | Val Acc: 58.15%
Epoch 250/400 | Loss: 0.9296 | Val Acc: 57.59%
Epoch 251/400 | Loss: 0.9190 | Val Acc: 57.56%
Epoch 252/400 | Loss: 0.9205 | Val Acc: 62.67%
Epoch 253/400 | Loss: 0.9142 | Val Acc: 61.57%
Epoch 254/400 | Loss: 0.9241 | Val Acc: 59.50%
Epoch 255/400 | Loss: 0.9126 | Val Acc: 62.05%
Epoch 256/400 | Loss: 0.9192 | Val Acc: 61.01%
