📝 Logging started: resnet152_pdt_20260216_234834.log
✅ CIFAR-100 Data loaded: Train(50000), Val/Test(10000)
Experimental Mode: N/A
Target Model: resnet152 | Dataset: cifar100

[Stage 1] Analyzing Residual Topology for resnet via PyTorch FX...

==================== Final Topology Groups ====================
 Group  1 | Channels:  256 | Layers: layer1.0.bn3 ... (2 layers)
 Group  2 | Channels:  256 | Layers: layer1.1.bn3 ... (1 layers)
 Group  3 | Channels:  256 | Layers: layer1.2.bn3 ... (1 layers)
 Group  4 | Channels:  512 | Layers: layer2.0.bn3 ... (2 layers)
 Group  5 | Channels:  512 | Layers: layer2.1.bn3 ... (1 layers)
 Group  6 | Channels:  512 | Layers: layer2.2.bn3 ... (1 layers)
 Group  7 | Channels:  512 | Layers: layer2.3.bn3 ... (1 layers)
 Group  8 | Channels:  512 | Layers: layer2.4.bn3 ... (1 layers)
 Group  9 | Channels:  512 | Layers: layer2.5.bn3 ... (1 layers)
 Group 10 | Channels:  512 | Layers: layer2.6.bn3 ... (1 layers)
 Group 11 | Channels:  512 | Layers: layer2.7.bn3 ... (1 layers)
 Group 12 | Channels: 1024 | Layers: layer3.0.bn3 ... (2 layers)
 Group 13 | Channels: 1024 | Layers: layer3.1.bn3 ... (1 layers)
 Group 14 | Channels: 1024 | Layers: layer3.2.bn3 ... (1 layers)
 Group 15 | Channels: 1024 | Layers: layer3.3.bn3 ... (1 layers)
 Group 16 | Channels: 1024 | Layers: layer3.4.bn3 ... (1 layers)
 Group 17 | Channels: 1024 | Layers: layer3.5.bn3 ... (1 layers)
 Group 18 | Channels: 1024 | Layers: layer3.6.bn3 ... (1 layers)
 Group 19 | Channels: 1024 | Layers: layer3.7.bn3 ... (1 layers)
 Group 20 | Channels: 1024 | Layers: layer3.8.bn3 ... (1 layers)
 Group 21 | Channels: 1024 | Layers: layer3.9.bn3 ... (1 layers)
 Group 22 | Channels: 1024 | Layers: layer3.10.bn3 ... (1 layers)
 Group 23 | Channels: 1024 | Layers: layer3.11.bn3 ... (1 layers)
 Group 24 | Channels: 1024 | Layers: layer3.12.bn3 ... (1 layers)
 Group 25 | Channels: 1024 | Layers: layer3.13.bn3 ... (1 layers)
 Group 26 | Channels: 1024 | Layers: layer3.14.bn3 ... (1 layers)
 Group 27 | Channels: 1024 | Layers: layer3.15.bn3 ... (1 layers)
 Group 28 | Channels: 1024 | Layers: layer3.16.bn3 ... (1 layers)
 Group 29 | Channels: 1024 | Layers: layer3.17.bn3 ... (1 layers)
 Group 30 | Channels: 1024 | Layers: layer3.18.bn3 ... (1 layers)
 Group 31 | Channels: 1024 | Layers: layer3.19.bn3 ... (1 layers)
 Group 32 | Channels: 1024 | Layers: layer3.20.bn3 ... (1 layers)
 Group 33 | Channels: 1024 | Layers: layer3.21.bn3 ... (1 layers)
 Group 34 | Channels: 1024 | Layers: layer3.22.bn3 ... (1 layers)
 Group 35 | Channels: 1024 | Layers: layer3.23.bn3 ... (1 layers)
 Group 36 | Channels: 1024 | Layers: layer3.24.bn3 ... (1 layers)
 Group 37 | Channels: 1024 | Layers: layer3.25.bn3 ... (1 layers)
 Group 38 | Channels: 1024 | Layers: layer3.26.bn3 ... (1 layers)
 Group 39 | Channels: 1024 | Layers: layer3.27.bn3 ... (1 layers)
 Group 40 | Channels: 1024 | Layers: layer3.28.bn3 ... (1 layers)
 Group 41 | Channels: 1024 | Layers: layer3.29.bn3 ... (1 layers)
 Group 42 | Channels: 1024 | Layers: layer3.30.bn3 ... (1 layers)
 Group 43 | Channels: 1024 | Layers: layer3.31.bn3 ... (1 layers)
 Group 44 | Channels: 1024 | Layers: layer3.32.bn3 ... (1 layers)
 Group 45 | Channels: 1024 | Layers: layer3.33.bn3 ... (1 layers)
 Group 46 | Channels: 1024 | Layers: layer3.34.bn3 ... (1 layers)
 Group 47 | Channels: 1024 | Layers: layer3.35.bn3 ... (1 layers)
 Group 48 | Channels: 2048 | Layers: layer4.0.bn3 ... (2 layers)
 Group 49 | Channels: 2048 | Layers: layer4.1.bn3 ... (1 layers)
 Group 50 | Channels: 2048 | Layers: layer4.2.bn3 ... (1 layers)
===============================================================
[*] Total 50 groups identified.


[Pruner Init] Strict Conv-Topology Mode Activated
[*] Applied Min Survival Guarantee: 10.0%
[*] Total 50 groups linked to 311 prunable layers.

>>> [System] Loading pre-trained model: ./exp/checkpoints/resnet152_base.pth
✅ Success: Weights loaded from resnet152_base.pth

>>> [Pilot Check] Strategy: PDT | Start Epoch: 120 | Target Ratio: 0.2

=== [Stage 1 & 4] Initial State Analysis ===
[*] Topology Status: 517 nodes currently in graph.
-------------------------------------------------------  ------------  ------------  ------------  ------------  ------------  ------------  ------------  ------------  ------------  ------------  ------------  ------------  ------------  ------------  ------------  
                                                   Name    Self CPU %      Self CPU   CPU total %     CPU total  CPU time avg     Self CUDA   Self CUDA %    CUDA total  CUDA time avg       CPU Mem  Self CPU Mem      CUDA Mem  Self CUDA Mem    # of Calls  Total KFLOPs  
-------------------------------------------------------  ------------  ------------  ------------  ------------  ------------  ------------  ------------  ------------  ------------  ------------  ------------  ------------  ------------  ------------  ------------  
                           aten::_batch_norm_impl_index         0.17%     239.093us        12.87%      17.963ms     115.892us       0.000us         0.00%       1.781ms      11.487us           0 B           0 B       1.32 GB           0 B           155            --  
                                 aten::cudnn_batch_norm        10.36%      14.458ms        12.70%      17.724ms     114.350us       1.756ms        21.44%       1.781ms      11.487us           0 B           0 B       1.32 GB           0 B           155            --  
                                            aten::empty         0.88%       1.233ms         1.45%       2.017ms       2.602us       0.000us         0.00%       0.000us       0.000us           0 B           0 B       1.32 GB       1.32 GB           775            --  
                                       aten::batch_norm         0.18%     249.198us        13.05%      18.212ms     117.500us       0.000us         0.00%       1.781ms      11.487us           0 B           0 B       1.32 GB    -595.00 KB           155            --  
                                       aten::empty_like         0.15%     202.502us         0.96%       1.341ms       8.650us       0.000us         0.00%       0.000us       0.000us           0 B           0 B       1.32 GB           0 B           155            --  
                                           aten::conv2d         0.16%     225.952us        69.15%      96.499ms     622.576us       0.000us         0.00%       6.451ms      41.621us           0 B           0 B       1.32 GB           0 B           155  364767477.760  
                                      aten::convolution         0.22%     307.715us        68.99%      96.273ms     621.118us       0.000us         0.00%       6.451ms      41.621us           0 B           0 B       1.32 GB           0 B           155            --  
                                     aten::_convolution         0.78%       1.093ms        68.77%      95.966ms     619.133us       0.000us         0.00%       6.451ms      41.621us           0 B           0 B       1.32 GB           0 B           155            --  
                                aten::cudnn_convolution        62.35%      87.005ms        67.99%      94.872ms     612.079us       5.045ms        61.60%       6.451ms      41.621us           0 B           0 B       1.32 GB       1.32 GB           155            --  
                                           aten::linear         0.03%      41.921us         1.12%       1.563ms       1.563ms       0.000us         0.00%      19.072us      19.072us           0 B           0 B       9.13 MB           0 B             1            --  
-------------------------------------------------------  ------------  ------------  ------------  ------------  ------------  ------------  ------------  ------------  ------------  ------------  ------------  ------------  ------------  ------------  ------------  
Self CPU time total: 139.546ms
Self CUDA time total: 8.190ms


[Action] Triggering PDT Pruning at Epoch 120...

[DEBUG] === step_pruning Started at Epoch 120 ===
[DEBUG] Current Model Sparsity: 0.00% (Alive: 100.00%)
[DEBUG] I am looking for: 'layer1.0.bn3'
[DEBUG] Closest names in actual model: ['layer1.0.bn3', 'layer4.0.bn3', 'layer3.0.bn3']
[DEBUG] Target Groups for Hessian: [1, 2, 3, 4, 5, 6, 7, 8, 9, 10, 11, 12, 13, 14, 15, 16, 17, 18, 19, 20, 21, 22, 23, 24, 25, 26, 27, 28, 29, 30, 31, 32, 33, 34, 35, 36, 37, 38, 39, 40]
[DEBUG] Calculating Hessian for 43 parameters...
[DEBUG] Total Unit Candidates: 34560
[DEBUG] Target Keep Ratio: 0.8800 (Inc: 0.8800)
[DEBUG] Lagrangian Decision: Pruned 9322 units.
[DEBUG] Actual Mask Updates: 11114 channels.

============================== PDT Pruning Results: Epoch 120 ==============================
 [*] Pruned this step: 11114
 Group  1 |    0/ 256 |   100.0% |     0.014489 | [TARGET]
 Group  2 |    0/ 256 |   100.0% |     0.000000 | [TARGET]
 Group  3 |  217/ 256 |    15.2% |     0.052168 | [TARGET]
 Group  4 |    0/ 512 |   100.0% |     0.022103 | [TARGET]
 Group  5 |  339/ 512 |    33.8% |     0.009217 | [TARGET]
 Group  6 |  386/ 512 |    24.6% |     0.043085 | [TARGET]
 Group  7 |  422/ 512 |    17.6% |     0.022536 | [TARGET]
 Group  8 |  435/ 512 |    15.0% |     0.024945 | [TARGET]
 Group  9 |  468/ 512 |     8.6% |     0.028083 | [TARGET]
 Group 10 |  488/ 512 |     4.7% |     0.038038 | [TARGET]
 Group 11 |  489/ 512 |     4.5% |     0.019917 | [TARGET]
 Group 12 |    0/1024 |   100.0% |     0.006794 | [TARGET]
 Group 13 |  810/1024 |    20.9% |     0.002824 | [TARGET]
 Group 14 |  837/1024 |    18.3% |     0.006151 | [TARGET]
 Group 15 |  851/1024 |    16.9% |     0.011765 | [TARGET]
 Group 16 |  864/1024 |    15.6% |     0.014945 | [TARGET]
 Group 17 |  864/1024 |    15.6% |     0.009192 | [TARGET]
 Group 18 |  871/1024 |    14.9% |     0.009172 | [TARGET]
 Group 19 |  868/1024 |    15.2% |     0.021744 | [TARGET]
 Group 20 |  875/1024 |    14.6% |     0.014100 | [TARGET]
 Group 21 |  895/1024 |    12.6% |     0.018215 | [TARGET]
 Group 22 |  880/1024 |    14.1% |     0.008895 | [TARGET]
 Group 23 |  891/1024 |    13.0% |     0.022296 | [TARGET]
 Group 24 |  836/1024 |    18.4% |     0.017875 | [TARGET]
 Group 25 |  902/1024 |    11.9% |     0.018211 | [TARGET]
 Group 26 |  895/1024 |    12.6% |     0.005599 | [TARGET]
 Group 27 |  899/1024 |    12.2% |     0.011964 | [TARGET]
 Group 28 |  901/1024 |    12.0% |     0.014445 | [TARGET]
 Group 29 |  924/1024 |     9.8% |     0.028653 | [TARGET]
 Group 30 |  933/1024 |     8.9% |     0.022024 | [TARGET]
 Group 31 |  930/1024 |     9.2% |     0.027853 | [TARGET]
 Group 32 |  249/1024 |    75.7% |     0.004819 | [TARGET]
 Group 33 |    0/1024 |   100.0% |     0.000000 | [TARGET]
 Group 34 |  471/1024 |    54.0% |     0.008713 | [TARGET]
 Group 35 |  882/1024 |    13.9% |     0.014453 | [TARGET]
 Group 36 |  923/1024 |     9.9% |     0.012660 | [TARGET]
 Group 37 |  639/1024 |    37.6% |     0.018831 | [TARGET]
 Group 38 |  920/1024 |    10.2% |     0.007008 | [TARGET]
 Group 39 |  924/1024 |     9.8% |     0.023576 | [TARGET]
 Group 40 |  260/1024 |    74.6% |     0.008042 | [TARGET]
 Group 41 | 1024/1024 |     0.0% |     0.000000 | [FIXED]
 Group 42 | 1024/1024 |     0.0% |     0.000000 | [FIXED]
 Group 43 | 1024/1024 |     0.0% |     0.000000 | [FIXED]
 Group 44 | 1024/1024 |     0.0% |     0.000000 | [FIXED]
 Group 45 | 1024/1024 |     0.0% |     0.000000 | [FIXED]
 Group 46 | 1024/1024 |     0.0% |     0.000000 | [FIXED]
 Group 47 | 1024/1024 |     0.0% |     0.000000 | [FIXED]
 Group 48 | 2048/2048 |     0.0% |     0.000000 | [FIXED]
 Group 49 | 2048/2048 |     0.0% |     0.000000 | [FIXED]
 Group 50 | 2048/2048 |     0.0% |     0.000000 | [FIXED]

[Scientific Metrics]
 🟢 Model Size: 222.47 MB / 🔵 Sparsity: 0.04 %
 🟠 GPU Mem: 4076.17 MB
=========================================================================================


[Scientific Metrics - Epoch 120]
 🟢 Model Size: 222.47 MB | 🔵 Sparsity: 0.04 % | 🟡 Speedup: 1.00x
💾 Checkpoint saved: ./exp/checkpoints/resnet152_pdt_ep120_sp0.0.pth
Epoch 120/200 | Loss: 4.6191 | Val Acc: 1.00%
Epoch 121/200 | Loss: 4.6197 | Val Acc: 1.00%
