📝 Logging started: resnet34_pat_20260213_143049.log
✅ CIFAR-100 Data loaded: Train(50000), Val/Test(10000)
Experimental Mode: PAT
Target Model: resnet34 | Dataset: cifar100

[Stage 1] Analyzing Residual Topology for resnet via PyTorch FX...

==================== Final Topology Groups ====================
 Group  1 | Channels:   64 | Layers: layer1.0.bn2 ... (1 layers)
 Group  2 | Channels:   64 | Layers: layer1.1.bn2 ... (1 layers)
 Group  3 | Channels:   64 | Layers: layer1.2.bn2 ... (1 layers)
 Group  4 | Channels:  128 | Layers: layer2.0.bn2 ... (2 layers)
 Group  5 | Channels:  128 | Layers: layer2.1.bn2 ... (1 layers)
 Group  6 | Channels:  128 | Layers: layer2.2.bn2 ... (1 layers)
 Group  7 | Channels:  128 | Layers: layer2.3.bn2 ... (1 layers)
 Group  8 | Channels:  256 | Layers: layer3.0.bn2 ... (2 layers)
 Group  9 | Channels:  256 | Layers: layer3.1.bn2 ... (1 layers)
 Group 10 | Channels:  256 | Layers: layer3.2.bn2 ... (1 layers)
 Group 11 | Channels:  256 | Layers: layer3.3.bn2 ... (1 layers)
 Group 12 | Channels:  256 | Layers: layer3.4.bn2 ... (1 layers)
 Group 13 | Channels:  256 | Layers: layer3.5.bn2 ... (1 layers)
 Group 14 | Channels:  512 | Layers: layer4.0.bn2 ... (2 layers)
 Group 15 | Channels:  512 | Layers: layer4.1.bn2 ... (1 layers)
 Group 16 | Channels:  512 | Layers: layer4.2.bn2 ... (1 layers)
===============================================================
[*] Total 16 groups identified.

>>> [System] Loading Base Model: ./exp/checkpoints/resnet34_base.pth
[Sensitivity] Load from ./exp/checkpoints/resnet34_sensitivity.json
🚀 PATPruner Ready: 16 blocks identified.

--- PAT One-Shot Pruning (Strategy: normalization) ---
⚠️ FORCE MODE: Every layer keep 35.0% channels.
[*] Final Synced Target Modules: 71
[*] Physically Pruning Block: layer1.0 | Channels: 22
[*] Physically Pruning Block: layer1.0 | Channels: 22
[*] Physically Pruning Block: layer1.0 | Channels: 22
[*] Physically Pruning Block: layer1.0 | Channels: 22
[*] Physically Pruning Block: layer1.1 | Channels: 22
[*] Physically Pruning Block: layer1.1 | Channels: 22
[*] Physically Pruning Block: layer1.1 | Channels: 22
[*] Physically Pruning Block: layer1.1 | Channels: 22
[*] Physically Pruning Block: layer1.2 | Channels: 22
[*] Physically Pruning Block: layer1.2 | Channels: 22
[*] Physically Pruning Block: layer1.2 | Channels: 22
[*] Physically Pruning Block: layer1.2 | Channels: 22
[*] Physically Pruning Block: layer2.0 | Channels: 44
[*] Physically Pruning Block: layer2.0 | Channels: 44
[*] Physically Pruning Block: layer2.0 | Channels: 44
[*] Physically Pruning Block: layer2.0 | Channels: 44
[*] Physically Pruning Block: layer2.0 | Channels: 44
[*] Physically Pruning Block: layer2.0 | Channels: 44
[*] Physically Pruning Block: layer2.1 | Channels: 44
[*] Physically Pruning Block: layer2.1 | Channels: 44
[*] Physically Pruning Block: layer2.1 | Channels: 44
[*] Physically Pruning Block: layer2.1 | Channels: 44
[*] Physically Pruning Block: layer2.2 | Channels: 44
[*] Physically Pruning Block: layer2.2 | Channels: 44
[*] Physically Pruning Block: layer2.2 | Channels: 44
[*] Physically Pruning Block: layer2.2 | Channels: 44
[*] Physically Pruning Block: layer2.3 | Channels: 44
[*] Physically Pruning Block: layer2.3 | Channels: 44
[*] Physically Pruning Block: layer2.3 | Channels: 44
[*] Physically Pruning Block: layer2.3 | Channels: 44
[*] Physically Pruning Block: layer3.0 | Channels: 89
[*] Physically Pruning Block: layer3.0 | Channels: 89
[*] Physically Pruning Block: layer3.0 | Channels: 89
[*] Physically Pruning Block: layer3.0 | Channels: 89
[*] Physically Pruning Block: layer3.0 | Channels: 89
[*] Physically Pruning Block: layer3.0 | Channels: 89
[*] Physically Pruning Block: layer3.1 | Channels: 89
[*] Physically Pruning Block: layer3.1 | Channels: 89
[*] Physically Pruning Block: layer3.1 | Channels: 89
[*] Physically Pruning Block: layer3.1 | Channels: 89
[*] Physically Pruning Block: layer3.2 | Channels: 89
[*] Physically Pruning Block: layer3.2 | Channels: 89
[*] Physically Pruning Block: layer3.2 | Channels: 89
[*] Physically Pruning Block: layer3.2 | Channels: 89
[*] Physically Pruning Block: layer3.3 | Channels: 89
[*] Physically Pruning Block: layer3.3 | Channels: 89
[*] Physically Pruning Block: layer3.3 | Channels: 89
[*] Physically Pruning Block: layer3.3 | Channels: 89
[*] Physically Pruning Block: layer3.4 | Channels: 89
[*] Physically Pruning Block: layer3.4 | Channels: 89
[*] Physically Pruning Block: layer3.4 | Channels: 89
[*] Physically Pruning Block: layer3.4 | Channels: 89
[*] Physically Pruning Block: layer3.5 | Channels: 89
[*] Physically Pruning Block: layer3.5 | Channels: 89
[*] Physically Pruning Block: layer3.5 | Channels: 89
[*] Physically Pruning Block: layer3.5 | Channels: 89
[*] Physically Pruning Block: layer4.0 | Channels: 179
[*] Physically Pruning Block: layer4.0 | Channels: 179
[*] Physically Pruning Block: layer4.0 | Channels: 179
[*] Physically Pruning Block: layer4.0 | Channels: 179
[*] Physically Pruning Block: layer4.0 | Channels: 179
[*] Physically Pruning Block: layer4.0 | Channels: 179
[*] Physically Pruning Block: layer4.1 | Channels: 179
[*] Physically Pruning Block: layer4.1 | Channels: 179
[*] Physically Pruning Block: layer4.1 | Channels: 179
[*] Physically Pruning Block: layer4.1 | Channels: 179
[*] Physically Pruning Block: layer4.2 | Channels: 179
[*] Physically Pruning Block: layer4.2 | Channels: 179
[*] Physically Pruning Block: layer4.2 | Channels: 179
[*] Physically Pruning Block: layer4.2 | Channels: 179
[*] Final FC Synced: 512 features

========================================
📊 [Pruning Result Summary]
 - Original Params: 21.328 M
 - Pruned Params:   0.471 M
 - Compression Ratio: 97.79 %
========================================

FT Epoch [1/70] | Loss: 4.0794 | Val Acc: 9.39% | LR: 0.00999
 ⭐ Best model saved with Acc: 9.39%
FT Epoch [2/70] | Loss: 3.6679 | Val Acc: 13.83% | LR: 0.00998
 ⭐ Best model saved with Acc: 13.83%
FT Epoch [3/70] | Loss: 3.3097 | Val Acc: 20.86% | LR: 0.00995
 ⭐ Best model saved with Acc: 20.86%
FT Epoch [4/70] | Loss: 3.0179 | Val Acc: 21.71% | LR: 0.00992
 ⭐ Best model saved with Acc: 21.71%
FT Epoch [5/70] | Loss: 2.8188 | Val Acc: 21.15% | LR: 0.00987
FT Epoch [6/70] | Loss: 2.6739 | Val Acc: 29.58% | LR: 0.00982
 ⭐ Best model saved with Acc: 29.58%
FT Epoch [7/70] | Loss: 2.5612 | Val Acc: 31.39% | LR: 0.00976
 ⭐ Best model saved with Acc: 31.39%
FT Epoch [8/70] | Loss: 2.4678 | Val Acc: 33.45% | LR: 0.00968
 ⭐ Best model saved with Acc: 33.45%
FT Epoch [9/70] | Loss: 2.3755 | Val Acc: 35.41% | LR: 0.00960
 ⭐ Best model saved with Acc: 35.41%
