📝 Logging started: resnet152_snows_20260217_085638.log
✅ CIFAR-100 Data loaded: Train(50000), Val/Test(10000)
Experimental Mode: N/A
Target Model: resnet152 | Dataset: cifar100

[Stage 1] Analyzing Residual Topology for resnet via PyTorch FX...

==================== Final Topology Groups ====================
 Group  1 | Channels:  256 | Layers: layer1.0.bn3 ... (2 layers)
 Group  2 | Channels:  256 | Layers: layer1.1.bn3 ... (1 layers)
 Group  3 | Channels:  256 | Layers: layer1.2.bn3 ... (1 layers)
 Group  4 | Channels:  512 | Layers: layer2.0.bn3 ... (2 layers)
 Group  5 | Channels:  512 | Layers: layer2.1.bn3 ... (1 layers)
 Group  6 | Channels:  512 | Layers: layer2.2.bn3 ... (1 layers)
 Group  7 | Channels:  512 | Layers: layer2.3.bn3 ... (1 layers)
 Group  8 | Channels:  512 | Layers: layer2.4.bn3 ... (1 layers)
 Group  9 | Channels:  512 | Layers: layer2.5.bn3 ... (1 layers)
 Group 10 | Channels:  512 | Layers: layer2.6.bn3 ... (1 layers)
 Group 11 | Channels:  512 | Layers: layer2.7.bn3 ... (1 layers)
 Group 12 | Channels: 1024 | Layers: layer3.0.bn3 ... (2 layers)
 Group 13 | Channels: 1024 | Layers: layer3.1.bn3 ... (1 layers)
 Group 14 | Channels: 1024 | Layers: layer3.2.bn3 ... (1 layers)
 Group 15 | Channels: 1024 | Layers: layer3.3.bn3 ... (1 layers)
 Group 16 | Channels: 1024 | Layers: layer3.4.bn3 ... (1 layers)
 Group 17 | Channels: 1024 | Layers: layer3.5.bn3 ... (1 layers)
 Group 18 | Channels: 1024 | Layers: layer3.6.bn3 ... (1 layers)
 Group 19 | Channels: 1024 | Layers: layer3.7.bn3 ... (1 layers)
 Group 20 | Channels: 1024 | Layers: layer3.8.bn3 ... (1 layers)
 Group 21 | Channels: 1024 | Layers: layer3.9.bn3 ... (1 layers)
 Group 22 | Channels: 1024 | Layers: layer3.10.bn3 ... (1 layers)
 Group 23 | Channels: 1024 | Layers: layer3.11.bn3 ... (1 layers)
 Group 24 | Channels: 1024 | Layers: layer3.12.bn3 ... (1 layers)
 Group 25 | Channels: 1024 | Layers: layer3.13.bn3 ... (1 layers)
 Group 26 | Channels: 1024 | Layers: layer3.14.bn3 ... (1 layers)
 Group 27 | Channels: 1024 | Layers: layer3.15.bn3 ... (1 layers)
 Group 28 | Channels: 1024 | Layers: layer3.16.bn3 ... (1 layers)
 Group 29 | Channels: 1024 | Layers: layer3.17.bn3 ... (1 layers)
 Group 30 | Channels: 1024 | Layers: layer3.18.bn3 ... (1 layers)
 Group 31 | Channels: 1024 | Layers: layer3.19.bn3 ... (1 layers)
 Group 32 | Channels: 1024 | Layers: layer3.20.bn3 ... (1 layers)
 Group 33 | Channels: 1024 | Layers: layer3.21.bn3 ... (1 layers)
 Group 34 | Channels: 1024 | Layers: layer3.22.bn3 ... (1 layers)
 Group 35 | Channels: 1024 | Layers: layer3.23.bn3 ... (1 layers)
 Group 36 | Channels: 1024 | Layers: layer3.24.bn3 ... (1 layers)
 Group 37 | Channels: 1024 | Layers: layer3.25.bn3 ... (1 layers)
 Group 38 | Channels: 1024 | Layers: layer3.26.bn3 ... (1 layers)
 Group 39 | Channels: 1024 | Layers: layer3.27.bn3 ... (1 layers)
 Group 40 | Channels: 1024 | Layers: layer3.28.bn3 ... (1 layers)
 Group 41 | Channels: 1024 | Layers: layer3.29.bn3 ... (1 layers)
 Group 42 | Channels: 1024 | Layers: layer3.30.bn3 ... (1 layers)
 Group 43 | Channels: 1024 | Layers: layer3.31.bn3 ... (1 layers)
 Group 44 | Channels: 1024 | Layers: layer3.32.bn3 ... (1 layers)
 Group 45 | Channels: 1024 | Layers: layer3.33.bn3 ... (1 layers)
 Group 46 | Channels: 1024 | Layers: layer3.34.bn3 ... (1 layers)
 Group 47 | Channels: 1024 | Layers: layer3.35.bn3 ... (1 layers)
 Group 48 | Channels: 2048 | Layers: layer4.0.bn3 ... (2 layers)
 Group 49 | Channels: 2048 | Layers: layer4.1.bn3 ... (1 layers)
 Group 50 | Channels: 2048 | Layers: layer4.2.bn3 ... (1 layers)
===============================================================
[*] Total 50 groups identified.


[Pruner Init] Strict Conv-Topology Mode Activated
[*] Applied Min Survival Guarantee: 10.0%
[*] Only defined groups (1-50) will be pruned.
[System] Initializing SNOWSPruner (Pure Hessian Trace Strategy)

>>> [Pilot Check] Strategy: SNOWS | Pruning starts at Epoch 40, every 20 epochs.

=== [Stage 1 & 4] Baseline Before Pruning Analysis ===
[*] Topology Status: 517 nodes currently in graph.
-------------------------------------------------------  ------------  ------------  ------------  ------------  ------------  ------------  ------------  ------------  ------------  ------------  ------------  ------------  ------------  ------------  ------------  
                                                   Name    Self CPU %      Self CPU   CPU total %     CPU total  CPU time avg     Self CUDA   Self CUDA %    CUDA total  CUDA time avg       CPU Mem  Self CPU Mem      CUDA Mem  Self CUDA Mem    # of Calls  Total KFLOPs  
-------------------------------------------------------  ------------  ------------  ------------  ------------  ------------  ------------  ------------  ------------  ------------  ------------  ------------  ------------  ------------  ------------  ------------  
                           aten::_batch_norm_impl_index         0.17%     250.363us        11.39%      16.626ms     107.267us       0.000us         0.00%       1.815ms      11.708us           0 B           0 B       1.32 GB           0 B           155            --  
                                 aten::cudnn_batch_norm         9.14%      13.344ms        11.22%      16.376ms     105.652us       1.789ms        21.80%       1.815ms      11.708us           0 B           0 B       1.32 GB           0 B           155            --  
                                            aten::empty         0.82%       1.204ms         1.26%       1.843ms       2.377us       0.000us         0.00%       0.000us       0.000us           0 B           0 B       1.32 GB       1.32 GB           775            --  
                                       aten::batch_norm         0.18%     262.697us        11.57%      16.889ms     108.962us       0.000us         0.00%       1.815ms      11.708us           0 B           0 B       1.32 GB    -595.00 KB           155            --  
                                       aten::empty_like         0.14%     199.485us         0.82%       1.195ms       7.707us       0.000us         0.00%       0.000us       0.000us           0 B           0 B       1.32 GB           0 B           155            --  
                                           aten::conv2d         0.15%     221.344us        70.73%     103.231ms     666.010us       0.000us         0.00%       6.443ms      41.565us           0 B           0 B       1.32 GB           0 B           155  364767477.760  
                                      aten::convolution         0.22%     318.544us        70.57%     103.010ms     664.582us       0.000us         0.00%       6.443ms      41.565us           0 B           0 B       1.32 GB           0 B           155            --  
                                     aten::_convolution         0.71%       1.043ms        70.36%     102.692ms     662.527us       0.000us         0.00%       6.443ms      41.565us           0 B           0 B       1.32 GB           0 B           155            --  
                                aten::cudnn_convolution        64.68%      94.411ms        69.64%     101.648ms     655.796us       5.034ms        61.33%       6.443ms      41.565us           0 B           0 B       1.32 GB       1.32 GB           155            --  
                                           aten::linear         0.03%      40.870us         0.98%       1.427ms       1.427ms       0.000us         0.00%      17.920us      17.920us           0 B           0 B       9.13 MB           0 B             1            --  
-------------------------------------------------------  ------------  ------------  ------------  ------------  ------------  ------------  ------------  ------------  ------------  ------------  ------------  ------------  ------------  ------------  ------------  
Self CPU time total: 145.961ms
Self CUDA time total: 8.208ms

Epoch 1/200 | Loss: 4.3906 | Val Acc: 8.21%
Epoch 2/200 | Loss: 3.6512 | Val Acc: 16.65%
Epoch 3/200 | Loss: 3.0992 | Val Acc: 28.63%
Epoch 4/200 | Loss: 2.5486 | Val Acc: 36.80%
Epoch 5/200 | Loss: 2.1671 | Val Acc: 42.60%
Epoch 6/200 | Loss: 1.8794 | Val Acc: 48.14%
Epoch 7/200 | Loss: 1.6874 | Val Acc: 51.56%
Epoch 8/200 | Loss: 1.5398 | Val Acc: 52.27%
Epoch 9/200 | Loss: 1.4206 | Val Acc: 56.38%
Epoch 10/200 | Loss: 1.3268 | Val Acc: 55.19%
Epoch 11/200 | Loss: 1.2556 | Val Acc: 56.55%
Epoch 12/200 | Loss: 1.1816 | Val Acc: 59.74%
Epoch 13/200 | Loss: 1.1259 | Val Acc: 57.62%
Epoch 14/200 | Loss: 1.0810 | Val Acc: 62.91%
Epoch 15/200 | Loss: 1.0319 | Val Acc: 61.50%
Epoch 16/200 | Loss: 0.9850 | Val Acc: 63.13%
Epoch 17/200 | Loss: 0.9488 | Val Acc: 61.36%
Epoch 18/200 | Loss: 0.9149 | Val Acc: 64.45%
Epoch 19/200 | Loss: 0.8830 | Val Acc: 65.48%
Epoch 20/200 | Loss: 0.8513 | Val Acc: 65.72%
Epoch 21/200 | Loss: 0.8180 | Val Acc: 64.32%
Epoch 22/200 | Loss: 0.7983 | Val Acc: 63.19%
Epoch 23/200 | Loss: 0.7781 | Val Acc: 64.98%
Epoch 24/200 | Loss: 0.7642 | Val Acc: 66.21%
Epoch 25/200 | Loss: 0.7368 | Val Acc: 65.10%
Epoch 26/200 | Loss: 0.7244 | Val Acc: 66.75%
Epoch 27/200 | Loss: 0.7103 | Val Acc: 63.31%
Epoch 28/200 | Loss: 0.6959 | Val Acc: 66.50%
Epoch 29/200 | Loss: 0.6811 | Val Acc: 66.46%
Epoch 30/200 | Loss: 0.6758 | Val Acc: 66.26%
Epoch 31/200 | Loss: 0.6661 | Val Acc: 66.82%
Epoch 32/200 | Loss: 0.6540 | Val Acc: 65.27%
Epoch 33/200 | Loss: 0.6424 | Val Acc: 65.45%
Epoch 34/200 | Loss: 0.6432 | Val Acc: 65.62%
Epoch 35/200 | Loss: 0.6358 | Val Acc: 67.33%
Epoch 36/200 | Loss: 0.6256 | Val Acc: 63.71%
Epoch 37/200 | Loss: 0.6184 | Val Acc: 64.83%
Epoch 38/200 | Loss: 0.6147 | Val Acc: 65.06%
Epoch 39/200 | Loss: 0.6074 | Val Acc: 66.18%

[DEBUG] === SNOWS Emergency Pruning: Epoch 40 ===
[DEBUG] SNOWS: Found 75812 candidates to prune.

============================== SNOWS Global Pruning: Epoch 40 ==============================
[Scientific Metrics - Epoch 40]
 🟢 Model Size: 221.98 MB -> 173.55 MB
 🔵 Sparsity: 21.82 %
 🟡 Theoretical Speedup: 1.28x
=========================================================================================

💾 Checkpoint saved: ./exp/checkpoints/resnet152_snows_ep40_sp16.0.pth

=== [Stage 1 & 4] SNOWS Epoch 40 Update Analysis ===
[*] Topology Status: 517 nodes currently in graph.
-------------------------------------------------------  ------------  ------------  ------------  ------------  ------------  ------------  ------------  ------------  ------------  ------------  ------------  ------------  ------------  ------------  ------------  
                                                   Name    Self CPU %      Self CPU   CPU total %     CPU total  CPU time avg     Self CUDA   Self CUDA %    CUDA total  CUDA time avg       CPU Mem  Self CPU Mem      CUDA Mem  Self CUDA Mem    # of Calls  Total KFLOPs  
-------------------------------------------------------  ------------  ------------  ------------  ------------  ------------  ------------  ------------  ------------  ------------  ------------  ------------  ------------  ------------  ------------  ------------  
                                           aten::conv2d         1.44%     194.897us        28.86%       3.907ms      25.205us       0.000us         0.00%       4.996ms      32.234us           0 B           0 B       1.38 GB           0 B           155  364767477.760  
                                      aten::convolution         1.86%     251.822us        27.42%       3.712ms      23.947us       0.000us         0.00%       4.996ms      32.234us           0 B           0 B       1.38 GB           0 B           155            --  
                                     aten::_convolution         3.28%     443.692us        25.56%       3.460ms      22.322us       0.000us         0.00%       4.996ms      32.234us           0 B           0 B       1.38 GB           0 B           155            --  
                                aten::cudnn_convolution        13.17%       1.783ms        22.29%       3.016ms      19.460us       4.973ms        60.93%       4.996ms      32.234us           0 B           0 B       1.38 GB       1.38 GB           155            --  
                           aten::_batch_norm_impl_index         1.28%     173.342us        28.48%       3.854ms      24.867us       0.000us         0.00%       1.805ms      11.642us           0 B           0 B       1.32 GB           0 B           155            --  
                                 aten::cudnn_batch_norm        11.62%       1.572ms        27.20%       3.681ms      23.749us       1.805ms        22.11%       1.805ms      11.642us           0 B           0 B       1.32 GB           0 B           155            --  
                                            aten::empty         8.24%       1.115ms        10.28%       1.392ms       1.796us       0.000us         0.00%       0.000us       0.000us           0 B           0 B       1.32 GB       1.32 GB           775            --  
                                       aten::batch_norm         1.32%     178.791us        29.80%       4.033ms      26.021us       0.000us         0.00%       1.805ms      11.642us           0 B           0 B       1.32 GB    -595.00 KB           155            --  
                                       aten::empty_like         0.99%     134.042us         4.98%     674.190us       4.350us       0.000us         0.00%       0.000us       0.000us           0 B           0 B       1.32 GB           0 B           155            --  
                              aten::adaptive_avg_pool2d         0.04%       4.767us         0.26%      35.222us      35.222us       0.000us         0.00%       3.232us       3.232us           0 B           0 B       8.00 KB           0 B             1            --  
-------------------------------------------------------  ------------  ------------  ------------  ------------  ------------  ------------  ------------  ------------  ------------  ------------  ------------  ------------  ------------  ------------  ------------  
Self CPU time total: 13.535ms
Self CUDA time total: 8.163ms

Epoch 40/200 | Loss: 2.2994 | Val Acc: 39.66%
Epoch 41/200 | Loss: 2.2259 | Val Acc: 39.32%
Epoch 42/200 | Loss: 2.2012 | Val Acc: 39.51%
Epoch 43/200 | Loss: 2.1805 | Val Acc: 40.82%
Epoch 44/200 | Loss: 2.1653 | Val Acc: 39.50%
Epoch 45/200 | Loss: 2.1449 | Val Acc: 40.87%
Epoch 46/200 | Loss: 2.1341 | Val Acc: 40.44%
Epoch 47/200 | Loss: 2.1268 | Val Acc: 40.02%
Epoch 48/200 | Loss: 2.1252 | Val Acc: 40.79%
Epoch 49/200 | Loss: 2.1093 | Val Acc: 39.41%
Epoch 50/200 | Loss: 2.1046 | Val Acc: 40.55%
Epoch 51/200 | Loss: 2.0946 | Val Acc: 41.80%
Epoch 52/200 | Loss: 2.0990 | Val Acc: 40.81%
Epoch 53/200 | Loss: 2.0853 | Val Acc: 42.07%
Epoch 54/200 | Loss: 2.0747 | Val Acc: 40.75%
Epoch 55/200 | Loss: 2.0722 | Val Acc: 40.19%
Epoch 56/200 | Loss: 2.0665 | Val Acc: 41.01%
Epoch 57/200 | Loss: 2.0603 | Val Acc: 39.76%
Epoch 58/200 | Loss: 2.0581 | Val Acc: 40.64%
Epoch 59/200 | Loss: 2.0583 | Val Acc: 42.05%

[DEBUG] === SNOWS Emergency Pruning: Epoch 60 ===
[DEBUG] SNOWS: Found 63683 candidates to prune.

============================== SNOWS Global Pruning: Epoch 60 ==============================
[Scientific Metrics - Epoch 60]
 🟢 Model Size: 221.98 MB -> 130.79 MB
 🔵 Sparsity: 41.08 %
 🟡 Theoretical Speedup: 1.70x
=========================================================================================

💾 Checkpoint saved: ./exp/checkpoints/resnet152_snows_ep60_sp36.2.pth

=== [Stage 1 & 4] SNOWS Epoch 60 Update Analysis ===
[*] Topology Status: 517 nodes currently in graph.
-------------------------------------------------------  ------------  ------------  ------------  ------------  ------------  ------------  ------------  ------------  ------------  ------------  ------------  ------------  ------------  ------------  ------------  
                                                   Name    Self CPU %      Self CPU   CPU total %     CPU total  CPU time avg     Self CUDA   Self CUDA %    CUDA total  CUDA time avg       CPU Mem  Self CPU Mem      CUDA Mem  Self CUDA Mem    # of Calls  Total KFLOPs  
-------------------------------------------------------  ------------  ------------  ------------  ------------  ------------  ------------  ------------  ------------  ------------  ------------  ------------  ------------  ------------  ------------  ------------  
                           aten::_batch_norm_impl_index         1.30%     174.991us        27.78%       3.734ms      24.090us       0.000us         0.00%       1.776ms      11.459us           0 B           0 B       1.38 GB           0 B           155            --  
                                 aten::cudnn_batch_norm        11.81%       1.587ms        26.47%       3.559ms      22.962us       1.776ms        21.84%       1.776ms      11.459us           0 B           0 B       1.38 GB           0 B           155            --  
                                            aten::empty         8.42%       1.132ms         9.28%       1.247ms       1.610us       0.000us         0.00%       0.000us       0.000us           0 B           0 B       1.38 GB       1.38 GB           775            --  
                                       aten::batch_norm         1.39%     187.373us        29.17%       3.921ms      25.299us       0.000us         0.00%       1.776ms      11.459us           0 B           0 B       1.38 GB    -595.00 KB           155            --  
                                       aten::empty_like         0.99%     133.498us         3.72%     500.266us       3.228us       0.000us         0.00%       0.000us       0.000us           0 B           0 B       1.38 GB           0 B           155            --  
                                           aten::conv2d         1.56%     209.591us        29.14%       3.918ms      25.275us       0.000us         0.00%       5.005ms      32.291us           0 B           0 B       1.36 GB           0 B           155  364767477.760  
                                      aten::convolution         1.87%     251.884us        27.58%       3.708ms      23.923us       0.000us         0.00%       5.005ms      32.291us           0 B           0 B       1.36 GB           0 B           155            --  
                                     aten::_convolution         3.34%     448.921us        25.71%       3.456ms      22.298us       0.000us         0.00%       5.005ms      32.291us           0 B           0 B       1.36 GB           0 B           155            --  
                                aten::cudnn_convolution        12.90%       1.734ms        22.37%       3.007ms      19.402us       4.982ms        61.25%       5.005ms      32.291us           0 B           0 B       1.36 GB       1.36 GB           155            --  
                              aten::adaptive_avg_pool2d         0.03%       4.657us         0.29%      38.396us      38.396us       0.000us         0.00%       3.232us       3.232us           0 B           0 B       8.00 KB           0 B             1            --  
-------------------------------------------------------  ------------  ------------  ------------  ------------  ------------  ------------  ------------  ------------  ------------  ------------  ------------  ------------  ------------  ------------  ------------  
Self CPU time total: 13.443ms
Self CUDA time total: 8.133ms

Epoch 60/200 | Loss: 3.1187 | Val Acc: 24.00%
Epoch 61/200 | Loss: 3.0988 | Val Acc: 25.71%
Epoch 62/200 | Loss: 3.0862 | Val Acc: 24.81%
Epoch 63/200 | Loss: 3.0745 | Val Acc: 26.17%
Epoch 64/200 | Loss: 3.0638 | Val Acc: 26.52%
Epoch 65/200 | Loss: 3.0533 | Val Acc: 25.26%
Epoch 66/200 | Loss: 3.0478 | Val Acc: 26.70%
Epoch 67/200 | Loss: 3.0373 | Val Acc: 26.76%
Epoch 68/200 | Loss: 3.0333 | Val Acc: 26.41%
Epoch 69/200 | Loss: 3.0291 | Val Acc: 25.31%
Epoch 70/200 | Loss: 3.0231 | Val Acc: 26.41%
Epoch 71/200 | Loss: 3.0125 | Val Acc: 26.85%
Epoch 72/200 | Loss: 3.0111 | Val Acc: 26.68%
Epoch 73/200 | Loss: 3.0055 | Val Acc: 26.01%
Epoch 74/200 | Loss: 3.0031 | Val Acc: 27.43%
Epoch 75/200 | Loss: 2.9995 | Val Acc: 26.55%
Epoch 76/200 | Loss: 2.9986 | Val Acc: 25.47%
Epoch 77/200 | Loss: 2.9896 | Val Acc: 26.51%
Epoch 78/200 | Loss: 2.9865 | Val Acc: 26.95%
Epoch 79/200 | Loss: 2.9872 | Val Acc: 27.30%

[DEBUG] === SNOWS Emergency Pruning: Epoch 80 ===
[DEBUG] SNOWS: Found 48400 candidates to prune.

============================== SNOWS Global Pruning: Epoch 80 ==============================
[Scientific Metrics - Epoch 80]
 🟢 Model Size: 221.98 MB -> 89.42 MB
 🔵 Sparsity: 59.72 %
 🟡 Theoretical Speedup: 2.48x
=========================================================================================

💾 Checkpoint saved: ./exp/checkpoints/resnet152_snows_ep80_sp56.6.pth

=== [Stage 1 & 4] SNOWS Epoch 80 Update Analysis ===
[*] Topology Status: 517 nodes currently in graph.
-------------------------------------------------------  ------------  ------------  ------------  ------------  ------------  ------------  ------------  ------------  ------------  ------------  ------------  ------------  ------------  ------------  ------------  
                                                   Name    Self CPU %      Self CPU   CPU total %     CPU total  CPU time avg     Self CUDA   Self CUDA %    CUDA total  CUDA time avg       CPU Mem  Self CPU Mem      CUDA Mem  Self CUDA Mem    # of Calls  Total KFLOPs  
-------------------------------------------------------  ------------  ------------  ------------  ------------  ------------  ------------  ------------  ------------  ------------  ------------  ------------  ------------  ------------  ------------  ------------  
                                           aten::conv2d         1.55%     252.140us        35.88%       5.838ms      37.663us       0.000us         0.00%       0.000us       0.000us           0 B           0 B       1.38 GB           0 B           155  364767477.760  
                                      aten::convolution         1.62%     264.369us        34.33%       5.586ms      36.036us       0.000us         0.00%       0.000us       0.000us           0 B           0 B       1.38 GB           0 B           155            --  
                                     aten::_convolution         4.32%     703.014us        32.70%       5.321ms      34.331us       0.000us         0.00%       0.000us       0.000us           0 B           0 B       1.38 GB           0 B           155            --  
                                aten::cudnn_convolution        11.86%       1.929ms        28.38%       4.618ms      29.795us       0.000us         0.00%       0.000us       0.000us           0 B           0 B       1.38 GB       1.38 GB           155            --  
                           aten::_batch_norm_impl_index         1.09%     178.098us        25.93%       4.219ms      27.220us       0.000us         0.00%       0.000us       0.000us           0 B           0 B       1.32 GB           0 B           155            --  
                                 aten::cudnn_batch_norm        11.29%       1.837ms        24.84%       4.041ms      26.071us       0.000us         0.00%       0.000us       0.000us           0 B           0 B       1.32 GB           0 B           155            --  
                                            aten::empty         7.45%       1.212ms         8.92%       1.451ms       1.873us       0.000us         0.00%       0.000us       0.000us           0 B           0 B       1.32 GB       1.32 GB           775            --  
                                       aten::batch_norm         1.17%     191.074us        27.11%       4.410ms      28.452us       0.000us         0.00%       0.000us       0.000us           0 B           0 B       1.32 GB    -595.00 KB           155            --  
                                       aten::empty_like         0.84%     137.436us         3.95%     643.326us       4.150us       0.000us         0.00%       0.000us       0.000us           0 B           0 B       1.32 GB           0 B           155            --  
                              aten::adaptive_avg_pool2d         0.03%       4.386us         0.22%      35.482us      35.482us       0.000us         0.00%       0.000us       0.000us           0 B           0 B       8.00 KB           0 B             1            --  
-------------------------------------------------------  ------------  ------------  ------------  ------------  ------------  ------------  ------------  ------------  ------------  ------------  ------------  ------------  ------------  ------------  ------------  
Self CPU time total: 16.270ms
Self CUDA time total: 8.099ms

Epoch 80/200 | Loss: 3.9110 | Val Acc: 14.41%
Epoch 81/200 | Loss: 3.8886 | Val Acc: 13.69%
Epoch 82/200 | Loss: 3.8798 | Val Acc: 13.98%
Epoch 83/200 | Loss: 3.8708 | Val Acc: 13.47%
Epoch 84/200 | Loss: 3.8618 | Val Acc: 13.57%
Epoch 85/200 | Loss: 3.8535 | Val Acc: 13.92%
Epoch 86/200 | Loss: 3.8480 | Val Acc: 14.15%
Epoch 87/200 | Loss: 3.8410 | Val Acc: 13.36%
Epoch 88/200 | Loss: 3.8354 | Val Acc: 14.52%
Epoch 89/200 | Loss: 3.8282 | Val Acc: 14.21%
Epoch 90/200 | Loss: 3.8299 | Val Acc: 14.05%
Epoch 91/200 | Loss: 3.8259 | Val Acc: 14.25%
Epoch 92/200 | Loss: 3.8220 | Val Acc: 14.22%
Epoch 93/200 | Loss: 3.8182 | Val Acc: 13.91%
Epoch 94/200 | Loss: 3.8203 | Val Acc: 14.27%
Epoch 95/200 | Loss: 3.8096 | Val Acc: 14.25%
Epoch 96/200 | Loss: 3.8093 | Val Acc: 14.07%
Epoch 97/200 | Loss: 3.8073 | Val Acc: 14.44%
Epoch 98/200 | Loss: 3.8054 | Val Acc: 14.79%
Epoch 99/200 | Loss: 3.8084 | Val Acc: 14.68%

[DEBUG] === SNOWS Emergency Pruning: Epoch 100 ===
[DEBUG] SNOWS: Found 32912 candidates to prune.

============================== SNOWS Global Pruning: Epoch 100 ==============================
[Scientific Metrics - Epoch 100]
 🟢 Model Size: 221.98 MB -> 52.55 MB
 🔵 Sparsity: 76.33 %
 🟡 Theoretical Speedup: 4.22x
=========================================================================================

💾 Checkpoint saved: ./exp/checkpoints/resnet152_snows_ep100_sp74.0.pth

=== [Stage 1 & 4] SNOWS Epoch 100 Update Analysis ===
[*] Topology Status: 517 nodes currently in graph.
-------------------------------------------------------  ------------  ------------  ------------  ------------  ------------  ------------  ------------  ------------  ------------  ------------  ------------  ------------  ------------  ------------  ------------  
                                                   Name    Self CPU %      Self CPU   CPU total %     CPU total  CPU time avg     Self CUDA   Self CUDA %    CUDA total  CUDA time avg       CPU Mem  Self CPU Mem      CUDA Mem  Self CUDA Mem    # of Calls  Total KFLOPs  
-------------------------------------------------------  ------------  ------------  ------------  ------------  ------------  ------------  ------------  ------------  ------------  ------------  ------------  ------------  ------------  ------------  ------------  
                                           aten::conv2d         1.46%     236.652us        36.35%       5.887ms      37.980us       0.000us         0.00%       0.000us       0.000us           0 B           0 B       1.40 GB           0 B           155  364767477.760  
                                      aten::convolution         1.58%     256.106us        34.89%       5.650ms      36.453us       0.000us         0.00%       0.000us       0.000us           0 B           0 B       1.40 GB           0 B           155            --  
                                     aten::_convolution         3.53%     571.242us        33.31%       5.394ms      34.801us       0.000us         0.00%       0.000us       0.000us           0 B           0 B       1.40 GB           0 B           155            --  
                                aten::cudnn_convolution        11.18%       1.810ms        29.78%       4.823ms      31.116us       0.000us         0.00%       0.000us       0.000us           0 B           0 B       1.40 GB       1.40 GB           155            --  
                           aten::_batch_norm_impl_index         1.04%     168.941us        25.87%       4.189ms      27.027us       0.000us         0.00%       0.000us       0.000us           0 B           0 B       1.33 GB           0 B           155            --  
                                 aten::cudnn_batch_norm        10.45%       1.693ms        24.82%       4.020ms      25.937us       0.000us         0.00%       0.000us       0.000us           0 B           0 B       1.33 GB           0 B           155            --  
                                            aten::empty         7.17%       1.162ms         9.05%       1.466ms       1.891us       0.000us         0.00%       0.000us       0.000us           0 B           0 B       1.33 GB       1.33 GB           775            --  
                                       aten::batch_norm         1.17%     189.918us        27.04%       4.379ms      28.252us       0.000us         0.00%       0.000us       0.000us           0 B           0 B       1.33 GB    -595.00 KB           155            --  
                                       aten::empty_like         0.84%     135.250us         4.33%     701.805us       4.528us       0.000us         0.00%       0.000us       0.000us           0 B           0 B       1.33 GB           0 B           155            --  
                              aten::adaptive_avg_pool2d         0.02%       4.025us         0.21%      33.549us      33.549us       0.000us         0.00%       0.000us       0.000us           0 B           0 B       8.00 KB           0 B             1            --  
-------------------------------------------------------  ------------  ------------  ------------  ------------  ------------  ------------  ------------  ------------  ------------  ------------  ------------  ------------  ------------  ------------  ------------  
Self CPU time total: 16.196ms
Self CUDA time total: 8.076ms

Epoch 100/200 | Loss: 4.2148 | Val Acc: 8.55%
Epoch 101/200 | Loss: 4.1987 | Val Acc: 8.58%
Epoch 102/200 | Loss: 4.1934 | Val Acc: 8.72%
Epoch 103/200 | Loss: 4.1817 | Val Acc: 9.12%
Epoch 104/200 | Loss: 4.1726 | Val Acc: 8.64%
Epoch 105/200 | Loss: 4.1705 | Val Acc: 9.08%
Epoch 106/200 | Loss: 4.1644 | Val Acc: 8.62%
Epoch 107/200 | Loss: 4.1598 | Val Acc: 9.38%
Epoch 108/200 | Loss: 4.1598 | Val Acc: 9.32%
Epoch 109/200 | Loss: 4.1478 | Val Acc: 8.76%
Epoch 110/200 | Loss: 4.1504 | Val Acc: 9.08%
Epoch 111/200 | Loss: 4.1482 | Val Acc: 8.42%
Epoch 112/200 | Loss: 4.1458 | Val Acc: 8.84%
Epoch 113/200 | Loss: 4.1414 | Val Acc: 8.93%
Epoch 114/200 | Loss: 4.1383 | Val Acc: 9.21%
Epoch 115/200 | Loss: 4.1423 | Val Acc: 8.46%
Epoch 116/200 | Loss: 4.1383 | Val Acc: 9.33%
Epoch 117/200 | Loss: 4.1342 | Val Acc: 9.34%
Epoch 118/200 | Loss: 4.1358 | Val Acc: 8.24%
Epoch 119/200 | Loss: 4.1342 | Val Acc: 9.32%

[DEBUG] === SNOWS Emergency Pruning: Epoch 120 ===
[DEBUG] SNOWS: Found 19748 candidates to prune.

============================== SNOWS Global Pruning: Epoch 120 ==============================
[Scientific Metrics - Epoch 120]
 🟢 Model Size: 221.98 MB -> 25.32 MB
 🔵 Sparsity: 88.60 %
 🟡 Theoretical Speedup: 8.77x
=========================================================================================

💾 Checkpoint saved: ./exp/checkpoints/resnet152_snows_ep120_sp86.5.pth

=== [Stage 1 & 4] SNOWS Epoch 120 Update Analysis ===
[*] Topology Status: 517 nodes currently in graph.
-------------------------------------------------------  ------------  ------------  ------------  ------------  ------------  ------------  ------------  ------------  ------------  ------------  ------------  ------------  ------------  ------------  ------------  
                                                   Name    Self CPU %      Self CPU   CPU total %     CPU total  CPU time avg     Self CUDA   Self CUDA %    CUDA total  CUDA time avg       CPU Mem  Self CPU Mem      CUDA Mem  Self CUDA Mem    # of Calls  Total KFLOPs  
-------------------------------------------------------  ------------  ------------  ------------  ------------  ------------  ------------  ------------  ------------  ------------  ------------  ------------  ------------  ------------  ------------  ------------  
                                           aten::conv2d         1.62%     294.670us        40.28%       7.320ms      47.225us       0.000us         0.00%       0.000us       0.000us           0 B           0 B       1.38 GB           0 B           155  364767477.760  
                                      aten::convolution         1.63%     296.900us        38.66%       7.025ms      45.324us       0.000us         0.00%       0.000us       0.000us           0 B           0 B       1.38 GB           0 B           155            --  
                                     aten::_convolution         3.06%     556.005us        37.03%       6.728ms      43.408us       0.000us         0.00%       0.000us       0.000us           0 B           0 B       1.38 GB           0 B           155            --  
                                aten::cudnn_convolution        10.40%       1.889ms        33.97%       6.172ms      39.821us       0.000us         0.00%       0.000us       0.000us           0 B           0 B       1.38 GB       1.38 GB           155            --  
                           aten::_batch_norm_impl_index         0.98%     177.900us        23.84%       4.332ms      27.945us       0.000us         0.00%       0.000us       0.000us           0 B           0 B       1.32 GB           0 B           155            --  
                                 aten::cudnn_batch_norm         9.85%       1.789ms        22.86%       4.154ms      26.798us       0.000us         0.00%       0.000us       0.000us           0 B           0 B       1.32 GB           0 B           155            --  
                                            aten::empty         7.09%       1.288ms         8.70%       1.582ms       2.041us       0.000us         0.00%       0.000us       0.000us           0 B           0 B       1.32 GB       1.32 GB           775            --  
                                       aten::batch_norm         1.10%     199.348us        24.94%       4.531ms      29.232us       0.000us         0.00%       0.000us       0.000us           0 B           0 B       1.32 GB    -595.00 KB           155            --  
                                       aten::empty_like         0.94%     170.530us         3.98%     723.103us       4.665us       0.000us         0.00%       0.000us       0.000us           0 B           0 B       1.32 GB           0 B           155            --  
                              aten::adaptive_avg_pool2d         0.03%       4.577us         0.20%      35.933us      35.933us       0.000us         0.00%       0.000us       0.000us           0 B           0 B       8.00 KB           0 B             1            --  
-------------------------------------------------------  ------------  ------------  ------------  ------------  ------------  ------------  ------------  ------------  ------------  ------------  ------------  ------------  ------------  ------------  ------------  
Self CPU time total: 18.171ms
Self CUDA time total: 8.024ms

Epoch 120/200 | Loss: 4.3907 | Val Acc: 6.27%
Epoch 121/200 | Loss: 4.3666 | Val Acc: 6.07%
Epoch 122/200 | Loss: 4.3567 | Val Acc: 6.18%
Epoch 123/200 | Loss: 4.3532 | Val Acc: 6.76%
Epoch 124/200 | Loss: 4.3473 | Val Acc: 6.59%
Epoch 125/200 | Loss: 4.3447 | Val Acc: 6.28%
Epoch 126/200 | Loss: 4.3413 | Val Acc: 6.30%
Epoch 127/200 | Loss: 4.3410 | Val Acc: 6.04%
Epoch 128/200 | Loss: 4.3366 | Val Acc: 6.62%
Epoch 129/200 | Loss: 4.3344 | Val Acc: 6.66%
Epoch 130/200 | Loss: 4.3345 | Val Acc: 6.27%
Epoch 131/200 | Loss: 4.3329 | Val Acc: 5.98%
Epoch 132/200 | Loss: 4.3330 | Val Acc: 6.42%
Epoch 133/200 | Loss: 4.3300 | Val Acc: 6.65%
Epoch 134/200 | Loss: 4.3304 | Val Acc: 6.28%
Epoch 135/200 | Loss: 4.3272 | Val Acc: 6.66%
Epoch 136/200 | Loss: 4.3262 | Val Acc: 6.18%
Epoch 137/200 | Loss: 4.3258 | Val Acc: 6.36%
Epoch 138/200 | Loss: 4.3262 | Val Acc: 6.09%
Epoch 139/200 | Loss: 4.3261 | Val Acc: 6.38%

[DEBUG] === SNOWS Emergency Pruning: Epoch 140 ===
[DEBUG] SNOWS: Found 10269 candidates to prune.

============================== SNOWS Global Pruning: Epoch 140 ==============================
[Scientific Metrics - Epoch 140]
 🟢 Model Size: 221.98 MB -> 9.62 MB
 🔵 Sparsity: 95.67 %
 🟡 Theoretical Speedup: 23.07x
=========================================================================================

💾 Checkpoint saved: ./exp/checkpoints/resnet152_snows_ep140_sp94.0.pth

=== [Stage 1 & 4] SNOWS Epoch 140 Update Analysis ===
[*] Topology Status: 517 nodes currently in graph.
-------------------------------------------------------  ------------  ------------  ------------  ------------  ------------  ------------  ------------  ------------  ------------  ------------  ------------  ------------  ------------  ------------  ------------  
                                                   Name    Self CPU %      Self CPU   CPU total %     CPU total  CPU time avg     Self CUDA   Self CUDA %    CUDA total  CUDA time avg       CPU Mem  Self CPU Mem      CUDA Mem  Self CUDA Mem    # of Calls  Total KFLOPs  
-------------------------------------------------------  ------------  ------------  ------------  ------------  ------------  ------------  ------------  ------------  ------------  ------------  ------------  ------------  ------------  ------------  ------------  
                                           aten::conv2d         1.73%     301.897us        37.23%       6.489ms      41.863us       0.000us         0.00%       4.974ms      32.090us           0 B           0 B       1.38 GB           0 B           155  364767477.760  
                                      aten::convolution         1.73%     301.548us        35.50%       6.187ms      39.916us       0.000us         0.00%       4.974ms      32.090us           0 B           0 B       1.38 GB           0 B           155            --  
                                     aten::_convolution         3.50%     610.118us        33.77%       5.885ms      37.970us       0.000us         0.00%       4.974ms      32.090us           0 B           0 B       1.38 GB           0 B           155            --  
                                aten::cudnn_convolution        10.26%       1.788ms        30.27%       5.275ms      34.034us       4.951ms        61.48%       4.974ms      32.090us           0 B           0 B       1.38 GB       1.38 GB           155            --  
                           aten::_batch_norm_impl_index         1.03%     179.650us        25.47%       4.439ms      28.638us       0.000us         0.00%       1.750ms      11.291us           0 B           0 B       1.32 GB           0 B           155            --  
                                 aten::cudnn_batch_norm        10.06%       1.753ms        24.44%       4.259ms      27.479us       1.750ms        21.74%       1.750ms      11.291us           0 B           0 B       1.32 GB           0 B           155            --  
                                            aten::empty         7.23%       1.259ms         9.08%       1.583ms       2.042us       0.000us         0.00%       0.000us       0.000us           0 B           0 B       1.32 GB       1.32 GB           775            --  
                                       aten::batch_norm         1.09%     190.795us        26.57%       4.630ms      29.869us       0.000us         0.00%       1.750ms      11.291us           0 B           0 B       1.32 GB    -595.00 KB           155            --  
                                       aten::empty_like         1.03%     179.498us         4.37%     761.001us       4.910us       0.000us         0.00%       0.000us       0.000us           0 B           0 B       1.32 GB           0 B           155            --  
                              aten::adaptive_avg_pool2d         0.03%       4.598us         0.21%      35.964us      35.964us       0.000us         0.00%       3.264us       3.264us           0 B           0 B       8.00 KB           0 B             1            --  
-------------------------------------------------------  ------------  ------------  ------------  ------------  ------------  ------------  ------------  ------------  ------------  ------------  ------------  ------------  ------------  ------------  ------------  
Self CPU time total: 17.427ms
Self CUDA time total: 8.052ms

Epoch 140/200 | Loss: 4.4902 | Val Acc: 4.12%
Epoch 141/200 | Loss: 4.4763 | Val Acc: 3.94%
Epoch 142/200 | Loss: 4.4693 | Val Acc: 4.16%
Epoch 143/200 | Loss: 4.4649 | Val Acc: 4.33%
Epoch 144/200 | Loss: 4.4608 | Val Acc: 4.21%
Epoch 145/200 | Loss: 4.4601 | Val Acc: 4.38%
Epoch 146/200 | Loss: 4.4589 | Val Acc: 4.42%
Epoch 147/200 | Loss: 4.4569 | Val Acc: 4.14%
Epoch 148/200 | Loss: 4.4547 | Val Acc: 4.23%
Epoch 149/200 | Loss: 4.4552 | Val Acc: 4.01%
Epoch 150/200 | Loss: 4.4530 | Val Acc: 4.03%
Epoch 151/200 | Loss: 4.4532 | Val Acc: 4.03%
Epoch 152/200 | Loss: 4.4544 | Val Acc: 4.08%
Epoch 153/200 | Loss: 4.4530 | Val Acc: 3.54%
Epoch 154/200 | Loss: 4.4542 | Val Acc: 4.01%
Epoch 155/200 | Loss: 4.4518 | Val Acc: 3.82%
Epoch 156/200 | Loss: 4.4519 | Val Acc: 3.80%
Epoch 157/200 | Loss: 4.4518 | Val Acc: 4.41%
Epoch 158/200 | Loss: 4.4485 | Val Acc: 4.01%
Epoch 159/200 | Loss: 4.4512 | Val Acc: 3.86%

[DEBUG] === SNOWS Emergency Pruning: Epoch 160 ===
[DEBUG] SNOWS: Found 4519 candidates to prune.

============================== SNOWS Global Pruning: Epoch 160 ==============================
[Scientific Metrics - Epoch 160]
 🟢 Model Size: 221.98 MB -> 2.78 MB
 🔵 Sparsity: 98.75 %
 🟡 Theoretical Speedup: 79.90x
=========================================================================================

💾 Checkpoint saved: ./exp/checkpoints/resnet152_snows_ep160_sp97.9.pth

=== [Stage 1 & 4] SNOWS Epoch 160 Update Analysis ===
[*] Topology Status: 517 nodes currently in graph.
-------------------------------------------------------  ------------  ------------  ------------  ------------  ------------  ------------  ------------  ------------  ------------  ------------  ------------  ------------  ------------  ------------  ------------  
                                                   Name    Self CPU %      Self CPU   CPU total %     CPU total  CPU time avg     Self CUDA   Self CUDA %    CUDA total  CUDA time avg       CPU Mem  Self CPU Mem      CUDA Mem  Self CUDA Mem    # of Calls  Total KFLOPs  
-------------------------------------------------------  ------------  ------------  ------------  ------------  ------------  ------------  ------------  ------------  ------------  ------------  ------------  ------------  ------------  ------------  ------------  
                                           aten::conv2d         1.60%     290.625us        40.44%       7.363ms      47.506us       0.000us         0.00%       4.907ms      31.659us           0 B           0 B       1.38 GB           0 B           155  364767477.760  
                                      aten::convolution         1.72%     312.258us        38.85%       7.073ms      45.631us       0.000us         0.00%       4.907ms      31.659us           0 B           0 B       1.38 GB           0 B           155            --  
                                     aten::_convolution         2.93%     533.162us        37.13%       6.761ms      43.616us       0.000us         0.00%       4.907ms      31.659us           0 B           0 B       1.38 GB           0 B           155            --  
                                aten::cudnn_convolution        10.23%       1.863ms        34.20%       6.227ms      40.177us       4.884ms        61.24%       4.907ms      31.659us           0 B           0 B       1.38 GB       1.38 GB           155            --  
                           aten::_batch_norm_impl_index         1.28%     233.586us        24.32%       4.428ms      28.567us       0.000us         0.00%       1.733ms      11.181us           0 B           0 B       1.32 GB           0 B           155            --  
                                 aten::cudnn_batch_norm        10.02%       1.825ms        23.04%       4.194ms      27.060us       1.733ms        21.73%       1.733ms      11.181us           0 B           0 B       1.32 GB           0 B           155            --  
                                            aten::empty         6.85%       1.247ms         8.38%       1.526ms       1.969us       0.000us         0.00%       0.000us       0.000us           0 B           0 B       1.32 GB       1.32 GB           775            --  
                                       aten::batch_norm         1.11%     201.739us        25.43%       4.630ms      29.869us       0.000us         0.00%       1.733ms      11.181us           0 B           0 B       1.32 GB    -595.00 KB           155            --  
                                       aten::empty_like         1.31%     237.902us         4.31%     783.926us       5.058us       0.000us         0.00%       0.000us       0.000us           0 B           0 B       1.32 GB           0 B           155            --  
                              aten::adaptive_avg_pool2d         0.02%       4.506us         0.20%      36.343us      36.343us       0.000us         0.00%       3.200us       3.200us           0 B           0 B       8.00 KB           0 B             1            --  
-------------------------------------------------------  ------------  ------------  ------------  ------------  ------------  ------------  ------------  ------------  ------------  ------------  ------------  ------------  ------------  ------------  ------------  
Self CPU time total: 18.207ms
Self CUDA time total: 7.974ms

Epoch 160/200 | Loss: 4.5675 | Val Acc: 2.10%
Epoch 161/200 | Loss: 4.5545 | Val Acc: 2.45%
Epoch 162/200 | Loss: 4.5517 | Val Acc: 2.33%
Epoch 163/200 | Loss: 4.5478 | Val Acc: 2.42%
Epoch 164/200 | Loss: 4.5478 | Val Acc: 2.38%
Epoch 165/200 | Loss: 4.5459 | Val Acc: 2.50%
Epoch 166/200 | Loss: 4.5462 | Val Acc: 2.60%
Epoch 167/200 | Loss: 4.5432 | Val Acc: 2.61%
Epoch 168/200 | Loss: 4.5437 | Val Acc: 2.55%
Epoch 169/200 | Loss: 4.5421 | Val Acc: 2.48%
Epoch 170/200 | Loss: 4.5445 | Val Acc: 2.44%
Epoch 171/200 | Loss: 4.5423 | Val Acc: 2.38%
Epoch 172/200 | Loss: 4.5426 | Val Acc: 2.56%
Epoch 173/200 | Loss: 4.5415 | Val Acc: 2.50%
Epoch 174/200 | Loss: 4.5413 | Val Acc: 2.48%
Epoch 175/200 | Loss: 4.5403 | Val Acc: 2.55%
Epoch 176/200 | Loss: 4.5412 | Val Acc: 2.71%
Epoch 177/200 | Loss: 4.5402 | Val Acc: 2.30%
Epoch 178/200 | Loss: 4.5403 | Val Acc: 2.42%
Epoch 179/200 | Loss: 4.5390 | Val Acc: 2.58%

[DEBUG] === SNOWS Emergency Pruning: Epoch 180 ===
[DEBUG] SNOWS: Found 1627 candidates to prune.

============================== SNOWS Global Pruning: Epoch 180 ==============================
[Scientific Metrics - Epoch 180]
 🟢 Model Size: 221.98 MB -> 0.54 MB
 🔵 Sparsity: 99.76 %
 🟡 Theoretical Speedup: 409.81x
=========================================================================================

💾 Checkpoint saved: ./exp/checkpoints/resnet152_snows_ep180_sp99.4.pth

=== [Stage 1 & 4] SNOWS Epoch 180 Update Analysis ===
[*] Topology Status: 517 nodes currently in graph.
-------------------------------------------------------  ------------  ------------  ------------  ------------  ------------  ------------  ------------  ------------  ------------  ------------  ------------  ------------  ------------  ------------  ------------  
                                                   Name    Self CPU %      Self CPU   CPU total %     CPU total  CPU time avg     Self CUDA   Self CUDA %    CUDA total  CUDA time avg       CPU Mem  Self CPU Mem      CUDA Mem  Self CUDA Mem    # of Calls  Total KFLOPs  
-------------------------------------------------------  ------------  ------------  ------------  ------------  ------------  ------------  ------------  ------------  ------------  ------------  ------------  ------------  ------------  ------------  ------------  
                                           aten::conv2d         1.55%     367.798us        26.99%       6.395ms      41.256us       0.000us         0.00%       9.554ms      61.640us           0 B           0 B       1.38 GB           0 B           155  364767477.760  
                                      aten::convolution         1.55%     367.618us        25.44%       6.027ms      38.883us       0.000us         0.00%       9.554ms      61.640us           0 B           0 B       1.38 GB           0 B           155            --  
                                     aten::_convolution         2.59%     614.397us        23.89%       5.659ms      36.511us       0.000us         0.00%       9.554ms      61.640us           0 B           0 B       1.38 GB           0 B           155            --  
                                aten::cudnn_convolution         7.62%       1.806ms        21.29%       5.045ms      32.547us       9.531ms        75.44%       9.554ms      61.640us           0 B           0 B       1.38 GB       1.38 GB           155            --  
                           aten::_batch_norm_impl_index         0.80%     189.249us        19.86%       4.705ms      30.353us       0.000us         0.00%       1.721ms      11.105us           0 B           0 B       1.32 GB           0 B           155            --  
                                 aten::cudnn_batch_norm         8.14%       1.929ms        19.06%       4.515ms      29.132us       1.721ms        13.63%       1.721ms      11.105us           0 B           0 B       1.32 GB           0 B           155            --  
                                            aten::empty         5.52%       1.308ms         7.00%       1.658ms       2.139us       0.000us         0.00%       0.000us       0.000us           0 B           0 B       1.32 GB       1.32 GB           775            --  
                                       aten::batch_norm         0.83%     197.668us        20.69%       4.902ms      31.628us       0.000us         0.00%       1.721ms      11.105us           0 B           0 B       1.32 GB    -595.00 KB           155            --  
                                       aten::empty_like         0.89%     210.629us         3.46%     820.357us       5.293us       0.000us         0.00%       0.000us       0.000us           0 B           0 B       1.32 GB           0 B           155            --  
                              aten::adaptive_avg_pool2d         0.02%       4.507us         0.15%      34.521us      34.521us       0.000us         0.00%       3.200us       3.200us           0 B           0 B       8.00 KB           0 B             1            --  
-------------------------------------------------------  ------------  ------------  ------------  ------------  ------------  ------------  ------------  ------------  ------------  ------------  ------------  ------------  ------------  ------------  ------------  
Self CPU time total: 23.692ms
Self CUDA time total: 12.633ms

Epoch 180/200 | Loss: 4.5922 | Val Acc: 1.58%
Epoch 181/200 | Loss: 4.5841 | Val Acc: 1.21%
Epoch 182/200 | Loss: 4.5805 | Val Acc: 1.35%
Epoch 183/200 | Loss: 4.5801 | Val Acc: 1.21%
Epoch 184/200 | Loss: 4.5775 | Val Acc: 1.65%
Epoch 185/200 | Loss: 4.5781 | Val Acc: 1.75%
Epoch 186/200 | Loss: 4.5740 | Val Acc: 1.59%
Epoch 187/200 | Loss: 4.5753 | Val Acc: 1.55%
Epoch 188/200 | Loss: 4.5736 | Val Acc: 1.60%
Epoch 189/200 | Loss: 4.5731 | Val Acc: 1.68%
Epoch 190/200 | Loss: 4.5726 | Val Acc: 1.54%
Epoch 191/200 | Loss: 4.5723 | Val Acc: 1.58%
Epoch 192/200 | Loss: 4.5724 | Val Acc: 1.83%
Epoch 193/200 | Loss: 4.5717 | Val Acc: 1.60%
Epoch 194/200 | Loss: 4.5716 | Val Acc: 1.89%
Epoch 195/200 | Loss: 4.5710 | Val Acc: 1.53%
Epoch 196/200 | Loss: 4.5717 | Val Acc: 1.99%
Epoch 197/200 | Loss: 4.5701 | Val Acc: 1.69%
Epoch 198/200 | Loss: 4.5726 | Val Acc: 1.96%
Epoch 199/200 | Loss: 4.5701 | Val Acc: 1.98%

[DEBUG] === SNOWS Emergency Pruning: Epoch 200 ===
[DEBUG] SNOWS: Found 456 candidates to prune.

============================== SNOWS Global Pruning: Epoch 200 ==============================
[Scientific Metrics - Epoch 200]
 🟢 Model Size: 221.98 MB -> 0.05 MB
 🔵 Sparsity: 99.98 %
 🟡 Theoretical Speedup: 4807.46x
=========================================================================================

💾 Checkpoint saved: ./exp/checkpoints/resnet152_snows_ep200_sp99.9.pth

=== [Stage 1 & 4] SNOWS Epoch 200 Update Analysis ===
[*] Topology Status: 517 nodes currently in graph.
-------------------------------------------------------  ------------  ------------  ------------  ------------  ------------  ------------  ------------  ------------  ------------  ------------  ------------  ------------  ------------  ------------  ------------  
                                                   Name    Self CPU %      Self CPU   CPU total %     CPU total  CPU time avg     Self CUDA   Self CUDA %    CUDA total  CUDA time avg       CPU Mem  Self CPU Mem      CUDA Mem  Self CUDA Mem    # of Calls  Total KFLOPs  
-------------------------------------------------------  ------------  ------------  ------------  ------------  ------------  ------------  ------------  ------------  ------------  ------------  ------------  ------------  ------------  ------------  ------------  
                                           aten::conv2d         1.56%     359.973us        31.36%       7.257ms      46.820us       0.000us         0.00%       0.000us       0.000us           0 B           0 B       1.38 GB           0 B           155  364767477.760  
                                      aten::convolution         1.63%     377.172us        29.81%       6.897ms      44.497us       0.000us         0.00%       0.000us       0.000us           0 B           0 B       1.38 GB           0 B           155            --  
                                     aten::_convolution         2.42%     560.377us        28.18%       6.520ms      42.064us       0.000us         0.00%       0.000us       0.000us           0 B           0 B       1.38 GB           0 B           155            --  
                                aten::cudnn_convolution         8.13%       1.882ms        25.75%       5.960ms      38.449us       0.000us         0.00%       0.000us       0.000us           0 B           0 B       1.38 GB       1.38 GB           155            --  
                           aten::_batch_norm_impl_index         0.92%     212.362us        20.05%       4.640ms      29.938us       0.000us         0.00%       0.000us       0.000us           0 B           0 B       1.32 GB           0 B           155            --  
                                 aten::cudnn_batch_norm         8.75%       2.025ms        19.14%       4.428ms      28.568us       0.000us         0.00%       0.000us       0.000us           0 B           0 B       1.32 GB           0 B           155            --  
                                            aten::empty         5.58%       1.290ms         6.67%       1.544ms       1.992us       0.000us         0.00%       0.000us       0.000us           0 B           0 B       1.32 GB       1.32 GB           775            --  
                                       aten::batch_norm         0.84%     195.134us        20.90%       4.836ms      31.197us       0.000us         0.00%       0.000us       0.000us           0 B           0 B       1.32 GB    -595.00 KB           155            --  
                                       aten::empty_like         1.16%     267.288us         3.39%     784.844us       5.064us       0.000us         0.00%       0.000us       0.000us           0 B           0 B       1.32 GB           0 B           155            --  
                              aten::adaptive_avg_pool2d         0.02%       4.516us         0.15%      35.602us      35.602us       0.000us         0.00%       0.000us       0.000us           0 B           0 B       8.00 KB           0 B             1            --  
-------------------------------------------------------  ------------  ------------  ------------  ------------  ------------  ------------  ------------  ------------  ------------  ------------  ------------  ------------  ------------  ------------  ------------  
Self CPU time total: 23.141ms
Self CUDA time total: 14.912ms

Epoch 200/200 | Loss: 4.6050 | Val Acc: 1.00%
🏁 Final Model Saved: ./exp/checkpoints/resnet152_snows_final.pth

============================== FINAL PHYSICAL COMPRESSION ==============================
