📝 Logging started: resnet18_pdt_20260215_210329.log
✅ CIFAR-100 Data loaded: Train(50000), Val/Test(10000)
Experimental Mode: N/A
Target Model: resnet18 | Dataset: cifar100

[Stage 1] Analyzing Residual Topology for resnet via PyTorch FX...

==================== Final Topology Groups ====================
 Group  1 | Channels:   64 | Layers: layer1.0.bn2 ... (1 layers)
 Group  2 | Channels:   64 | Layers: layer1.1.bn2 ... (1 layers)
 Group  3 | Channels:  128 | Layers: layer2.0.bn2 ... (2 layers)
 Group  4 | Channels:  128 | Layers: layer2.1.bn2 ... (1 layers)
 Group  5 | Channels:  256 | Layers: layer3.0.bn2 ... (2 layers)
 Group  6 | Channels:  256 | Layers: layer3.1.bn2 ... (1 layers)
 Group  7 | Channels:  512 | Layers: layer4.0.bn2 ... (2 layers)
 Group  8 | Channels:  512 | Layers: layer4.1.bn2 ... (1 layers)
===============================================================
[*] Total 8 groups identified.


[Pruner Init] Strict Conv-Topology Mode Activated
[*] Applied Min Survival Guarantee: 10.0%
[*] Only defined groups (1-8) will be pruned.
[System] Initializing PDTPruner (Proposed Grad-EMA Strategy)

>>> [Pilot Check] Strategy: PDT | Pruning starts at Epoch 30, every 20 epochs.

=== [Stage 1 & 4] Baseline Before Pruning Analysis ===
[*] Topology Status: 71 nodes currently in graph.
-------------------------------------------------------  ------------  ------------  ------------  ------------  ------------  ------------  ------------  ------------  ------------  ------------  ------------  ------------  ------------  ------------  ------------  
                                                   Name    Self CPU %      Self CPU   CPU total %     CPU total  CPU time avg     Self CUDA   Self CUDA %    CUDA total  CUDA time avg       CPU Mem  Self CPU Mem      CUDA Mem  Self CUDA Mem    # of Calls  Total KFLOPs  
-------------------------------------------------------  ------------  ------------  ------------  ------------  ------------  ------------  ------------  ------------  ------------  ------------  ------------  ------------  ------------  ------------  ------------  
                                           aten::conv2d         0.04%      58.676us        71.10%      97.878ms       4.894ms       0.000us         0.00%       1.610ms      80.517us           0 B           0 B     116.94 MB           0 B            20  54430924.800  
                                      aten::convolution         0.07%      96.387us        71.06%      97.819ms       4.891ms       0.000us         0.00%       1.610ms      80.517us           0 B           0 B     116.94 MB           0 B            20            --  
                                     aten::_convolution         0.49%     670.256us        70.99%      97.723ms       4.886ms       0.000us         0.00%       1.610ms      80.517us           0 B           0 B     116.94 MB           0 B            20            --  
                                aten::cudnn_convolution        64.77%      89.162ms        70.50%      97.052ms       4.853ms     850.013us        72.14%       1.610ms      80.517us           0 B           0 B     116.94 MB     116.94 MB            20            --  
                           aten::_batch_norm_impl_index         0.06%      76.802us        10.38%      14.291ms     714.527us       0.000us         0.00%     233.757us      11.688us           0 B           0 B     114.88 MB           0 B            20            --  
                                 aten::cudnn_batch_norm         9.40%      12.935ms        10.33%      14.214ms     710.686us     208.990us        17.74%     233.757us      11.688us           0 B           0 B     114.88 MB           0 B            20            --  
                                            aten::empty         0.16%     217.075us         0.34%     473.193us       4.732us       0.000us         0.00%       0.000us       0.000us           0 B           0 B     114.88 MB     114.88 MB           100            --  
                                       aten::batch_norm         0.05%      74.953us        10.44%      14.365ms     718.274us       0.000us         0.00%     233.757us      11.688us           0 B           0 B     114.84 MB     -40.00 KB            20            --  
                                       aten::empty_like         0.04%      54.960us         0.29%     401.645us      20.082us       0.000us         0.00%       0.000us       0.000us           0 B           0 B     114.84 MB           0 B            20            --  
                                           aten::linear         0.02%      27.670us         0.96%       1.317ms       1.317ms       0.000us         0.00%      13.312us      13.312us           0 B           0 B       9.13 MB           0 B             1            --  
-------------------------------------------------------  ------------  ------------  ------------  ------------  ------------  ------------  ------------  ------------  ------------  ------------  ------------  ------------  ------------  ------------  ------------  
Self CPU time total: 137.655ms
Self CUDA time total: 1.178ms

Epoch 1/100 | Loss: 3.8426 | Val Acc: 18.12%
Epoch 2/100 | Loss: 3.0488 | Val Acc: 25.16%
Epoch 3/100 | Loss: 2.5031 | Val Acc: 31.55%
Epoch 4/100 | Loss: 2.1287 | Val Acc: 40.45%
Epoch 5/100 | Loss: 1.8984 | Val Acc: 45.40%
Epoch 6/100 | Loss: 1.7297 | Val Acc: 48.08%
Epoch 7/100 | Loss: 1.6143 | Val Acc: 48.94%
Epoch 8/100 | Loss: 1.5144 | Val Acc: 53.35%
Epoch 9/100 | Loss: 1.4553 | Val Acc: 48.88%
Epoch 10/100 | Loss: 1.3933 | Val Acc: 55.38%
Epoch 11/100 | Loss: 1.3533 | Val Acc: 52.39%
Epoch 12/100 | Loss: 1.3252 | Val Acc: 51.90%
Epoch 13/100 | Loss: 1.2961 | Val Acc: 51.88%
Epoch 14/100 | Loss: 1.2702 | Val Acc: 55.85%
Epoch 15/100 | Loss: 1.2515 | Val Acc: 55.54%
Epoch 16/100 | Loss: 1.2271 | Val Acc: 53.98%
Epoch 17/100 | Loss: 1.2096 | Val Acc: 57.19%
Epoch 18/100 | Loss: 1.1828 | Val Acc: 53.11%
Epoch 19/100 | Loss: 1.1718 | Val Acc: 57.05%
Epoch 20/100 | Loss: 1.1600 | Val Acc: 54.32%
Epoch 21/100 | Loss: 1.1528 | Val Acc: 55.98%
Epoch 22/100 | Loss: 1.1468 | Val Acc: 53.34%
Epoch 23/100 | Loss: 1.1286 | Val Acc: 54.88%
Epoch 24/100 | Loss: 1.1239 | Val Acc: 55.66%
Epoch 25/100 | Loss: 1.1118 | Val Acc: 54.63%
Epoch 26/100 | Loss: 1.1056 | Val Acc: 56.25%
Epoch 27/100 | Loss: 1.1002 | Val Acc: 58.49%
Epoch 28/100 | Loss: 1.0935 | Val Acc: 57.76%
Epoch 29/100 | Loss: 1.0784 | Val Acc: 52.87%

[Scientific Metrics - Epoch 30]
 🟢 Model Size: 42.76 MB | 🔵 Sparsity: 0.00 %
💾 Checkpoint saved: ./exp/checkpoints/resnet18_pdt_ep30_sp0.0.pth
Epoch 30/100 | Loss: 1.3561 | Val Acc: 58.85%
Epoch 31/100 | Loss: 1.1272 | Val Acc: 57.44%
Epoch 32/100 | Loss: 1.0886 | Val Acc: 54.71%
Epoch 33/100 | Loss: 1.0839 | Val Acc: 58.17%
Epoch 34/100 | Loss: 1.0721 | Val Acc: 58.36%
Epoch 35/100 | Loss: 1.0659 | Val Acc: 60.07%
Epoch 36/100 | Loss: 1.0639 | Val Acc: 55.89%
Epoch 37/100 | Loss: 1.0568 | Val Acc: 53.32%
Epoch 38/100 | Loss: 1.0453 | Val Acc: 60.68%
Epoch 39/100 | Loss: 1.0500 | Val Acc: 56.25%
Epoch 40/100 | Loss: 1.0360 | Val Acc: 60.72%
Epoch 41/100 | Loss: 1.0378 | Val Acc: 56.63%
Epoch 42/100 | Loss: 1.0320 | Val Acc: 56.50%
Epoch 43/100 | Loss: 1.0322 | Val Acc: 56.15%
Epoch 44/100 | Loss: 1.0239 | Val Acc: 57.26%
Epoch 45/100 | Loss: 1.0209 | Val Acc: 54.53%
Epoch 46/100 | Loss: 1.0211 | Val Acc: 59.12%
