📝 Logging started: resnet34_pat_20260213_142644.log
✅ CIFAR-100 Data loaded: Train(50000), Val/Test(10000)
Experimental Mode: PAT
Target Model: resnet34 | Dataset: cifar100

[Stage 1] Analyzing Residual Topology for resnet via PyTorch FX...

==================== Final Topology Groups ====================
 Group  1 | Channels:   64 | Layers: layer1.0.bn2 ... (1 layers)
 Group  2 | Channels:   64 | Layers: layer1.1.bn2 ... (1 layers)
 Group  3 | Channels:   64 | Layers: layer1.2.bn2 ... (1 layers)
 Group  4 | Channels:  128 | Layers: layer2.0.bn2 ... (2 layers)
 Group  5 | Channels:  128 | Layers: layer2.1.bn2 ... (1 layers)
 Group  6 | Channels:  128 | Layers: layer2.2.bn2 ... (1 layers)
 Group  7 | Channels:  128 | Layers: layer2.3.bn2 ... (1 layers)
 Group  8 | Channels:  256 | Layers: layer3.0.bn2 ... (2 layers)
 Group  9 | Channels:  256 | Layers: layer3.1.bn2 ... (1 layers)
 Group 10 | Channels:  256 | Layers: layer3.2.bn2 ... (1 layers)
 Group 11 | Channels:  256 | Layers: layer3.3.bn2 ... (1 layers)
 Group 12 | Channels:  256 | Layers: layer3.4.bn2 ... (1 layers)
 Group 13 | Channels:  256 | Layers: layer3.5.bn2 ... (1 layers)
 Group 14 | Channels:  512 | Layers: layer4.0.bn2 ... (2 layers)
 Group 15 | Channels:  512 | Layers: layer4.1.bn2 ... (1 layers)
 Group 16 | Channels:  512 | Layers: layer4.2.bn2 ... (1 layers)
===============================================================
[*] Total 16 groups identified.

>>> [System] Loading Base Model: ./exp/checkpoints/resnet34_base.pth
[Sensitivity] Load from ./exp/checkpoints/resnet34_sensitivity.json
🚀 PATPruner Ready: 16 blocks identified.

--- PAT One-Shot Pruning (Strategy: normalization) ---
🧠 PAT Strategy Type: normalization
✅ Final Pruning Map Created. Target Ratio: 0.42
[*] Final Synced Target Modules: 71
[*] Physically Pruning Block: layer1.0 | Channels: 26
[*] Physically Pruning Block: layer1.0 | Channels: 26
[*] Physically Pruning Block: layer1.0 | Channels: 26
[*] Physically Pruning Block: layer1.0 | Channels: 26
[*] Physically Pruning Block: layer1.1 | Channels: 26
[*] Physically Pruning Block: layer1.1 | Channels: 26
[*] Physically Pruning Block: layer1.1 | Channels: 26
[*] Physically Pruning Block: layer1.1 | Channels: 26
[*] Physically Pruning Block: layer1.2 | Channels: 26
[*] Physically Pruning Block: layer1.2 | Channels: 26
[*] Physically Pruning Block: layer1.2 | Channels: 26
[*] Physically Pruning Block: layer1.2 | Channels: 26
[*] Physically Pruning Block: layer2.0 | Channels: 53
[*] Physically Pruning Block: layer2.0 | Channels: 53
[*] Physically Pruning Block: layer2.0 | Channels: 53
[*] Physically Pruning Block: layer2.0 | Channels: 53
[*] Physically Pruning Block: layer2.0 | Channels: 53
[*] Physically Pruning Block: layer2.0 | Channels: 53
[*] Physically Pruning Block: layer2.1 | Channels: 53
[*] Physically Pruning Block: layer2.1 | Channels: 53
[*] Physically Pruning Block: layer2.1 | Channels: 53
[*] Physically Pruning Block: layer2.1 | Channels: 53
[*] Physically Pruning Block: layer2.2 | Channels: 53
[*] Physically Pruning Block: layer2.2 | Channels: 53
[*] Physically Pruning Block: layer2.2 | Channels: 53
[*] Physically Pruning Block: layer2.2 | Channels: 53
[*] Physically Pruning Block: layer2.3 | Channels: 53
[*] Physically Pruning Block: layer2.3 | Channels: 53
[*] Physically Pruning Block: layer2.3 | Channels: 53
[*] Physically Pruning Block: layer2.3 | Channels: 53
[*] Physically Pruning Block: layer3.0 | Channels: 107
[*] Physically Pruning Block: layer3.0 | Channels: 107
[*] Physically Pruning Block: layer3.0 | Channels: 107
[*] Physically Pruning Block: layer3.0 | Channels: 107
[*] Physically Pruning Block: layer3.0 | Channels: 107
[*] Physically Pruning Block: layer3.0 | Channels: 107
[*] Physically Pruning Block: layer3.1 | Channels: 107
[*] Physically Pruning Block: layer3.1 | Channels: 107
[*] Physically Pruning Block: layer3.1 | Channels: 107
[*] Physically Pruning Block: layer3.1 | Channels: 107
[*] Physically Pruning Block: layer3.2 | Channels: 107
[*] Physically Pruning Block: layer3.2 | Channels: 107
[*] Physically Pruning Block: layer3.2 | Channels: 107
[*] Physically Pruning Block: layer3.2 | Channels: 107
[*] Physically Pruning Block: layer3.3 | Channels: 107
[*] Physically Pruning Block: layer3.3 | Channels: 107
[*] Physically Pruning Block: layer3.3 | Channels: 107
[*] Physically Pruning Block: layer3.3 | Channels: 107
[*] Physically Pruning Block: layer3.4 | Channels: 107
[*] Physically Pruning Block: layer3.4 | Channels: 107
[*] Physically Pruning Block: layer3.4 | Channels: 107
[*] Physically Pruning Block: layer3.4 | Channels: 107
[*] Physically Pruning Block: layer3.5 | Channels: 107
[*] Physically Pruning Block: layer3.5 | Channels: 107
[*] Physically Pruning Block: layer3.5 | Channels: 107
[*] Physically Pruning Block: layer3.5 | Channels: 107
[*] Physically Pruning Block: layer4.0 | Channels: 215
[*] Physically Pruning Block: layer4.0 | Channels: 215
[*] Physically Pruning Block: layer4.0 | Channels: 215
[*] Physically Pruning Block: layer4.0 | Channels: 215
[*] Physically Pruning Block: layer4.0 | Channels: 215
[*] Physically Pruning Block: layer4.0 | Channels: 215
[*] Physically Pruning Block: layer4.1 | Channels: 215
[*] Physically Pruning Block: layer4.1 | Channels: 215
[*] Physically Pruning Block: layer4.1 | Channels: 215
[*] Physically Pruning Block: layer4.1 | Channels: 215
[*] Physically Pruning Block: layer4.2 | Channels: 215
[*] Physically Pruning Block: layer4.2 | Channels: 215
[*] Physically Pruning Block: layer4.2 | Channels: 215
[*] Physically Pruning Block: layer4.2 | Channels: 215
[*] Final FC Synced: 512 features

========================================
📊 [Pruning Result Summary]
 - Original Params: 21.328 M
 - Pruned Params:   0.729 M
 - Compression Ratio: 96.58 %
========================================

FT Epoch [1/70] | Loss: 3.9702 | Val Acc: 12.50% | LR: 0.00999
 ⭐ Best model saved with Acc: 12.50%
FT Epoch [2/70] | Loss: 3.2045 | Val Acc: 22.30% | LR: 0.00998
 ⭐ Best model saved with Acc: 22.30%
FT Epoch [3/70] | Loss: 2.7557 | Val Acc: 27.28% | LR: 0.00995
 ⭐ Best model saved with Acc: 27.28%
FT Epoch [4/70] | Loss: 2.4893 | Val Acc: 35.23% | LR: 0.00992
 ⭐ Best model saved with Acc: 35.23%
FT Epoch [5/70] | Loss: 2.3107 | Val Acc: 36.11% | LR: 0.00987
 ⭐ Best model saved with Acc: 36.11%
FT Epoch [6/70] | Loss: 2.1727 | Val Acc: 40.59% | LR: 0.00982
 ⭐ Best model saved with Acc: 40.59%
FT Epoch [7/70] | Loss: 2.0563 | Val Acc: 42.82% | LR: 0.00976
 ⭐ Best model saved with Acc: 42.82%
FT Epoch [8/70] | Loss: 1.9550 | Val Acc: 43.73% | LR: 0.00968
 ⭐ Best model saved with Acc: 43.73%
FT Epoch [9/70] | Loss: 1.8821 | Val Acc: 45.16% | LR: 0.00960
 ⭐ Best model saved with Acc: 45.16%
FT Epoch [10/70] | Loss: 1.8123 | Val Acc: 49.14% | LR: 0.00950
 ⭐ Best model saved with Acc: 49.14%
