📝 Logging started: resnet152_pdt_20260219_021857.log
✅ CIFAR-100 Data loaded: Train(50000), Val/Test(10000)
Experimental Mode: N/A
Target Model: resnet152 | Dataset: cifar100

[Stage 1] Analyzing Residual Topology for resnet via PyTorch FX...

==================== Final Topology Groups ====================
 Group  1 | Channels:  256 | Layers: layer1.0.conv3 ... (2 layers)
 Group  2 | Channels:  256 | Layers: layer1.0.conv3 ... (3 layers)
 Group  3 | Channels:  256 | Layers: layer1.0.conv3 ... (4 layers)
 Group  4 | Channels:  512 | Layers: layer2.0.conv3 ... (2 layers)
 Group  5 | Channels:  512 | Layers: layer2.0.conv3 ... (3 layers)
 Group  6 | Channels:  512 | Layers: layer2.0.conv3 ... (4 layers)
 Group  7 | Channels:  512 | Layers: layer2.0.conv3 ... (5 layers)
 Group  8 | Channels:  512 | Layers: layer2.0.conv3 ... (6 layers)
 Group  9 | Channels:  512 | Layers: layer2.0.conv3 ... (7 layers)
 Group 10 | Channels:  512 | Layers: layer2.0.conv3 ... (8 layers)
 Group 11 | Channels:  512 | Layers: layer2.0.conv3 ... (9 layers)
 Group 12 | Channels: 1024 | Layers: layer3.0.conv3 ... (2 layers)
 Group 13 | Channels: 1024 | Layers: layer3.0.conv3 ... (3 layers)
 Group 14 | Channels: 1024 | Layers: layer3.0.conv3 ... (4 layers)
 Group 15 | Channels: 1024 | Layers: layer3.0.conv3 ... (5 layers)
 Group 16 | Channels: 1024 | Layers: layer3.0.conv3 ... (6 layers)
 Group 17 | Channels: 1024 | Layers: layer3.0.conv3 ... (7 layers)
 Group 18 | Channels: 1024 | Layers: layer3.0.conv3 ... (8 layers)
 Group 19 | Channels: 1024 | Layers: layer3.0.conv3 ... (9 layers)
 Group 20 | Channels: 1024 | Layers: layer3.0.conv3 ... (10 layers)
 Group 21 | Channels: 1024 | Layers: layer3.0.conv3 ... (11 layers)
 Group 22 | Channels: 1024 | Layers: layer3.0.conv3 ... (12 layers)
 Group 23 | Channels: 1024 | Layers: layer3.0.conv3 ... (13 layers)
 Group 24 | Channels: 1024 | Layers: layer3.0.conv3 ... (14 layers)
 Group 25 | Channels: 1024 | Layers: layer3.0.conv3 ... (15 layers)
 Group 26 | Channels: 1024 | Layers: layer3.0.conv3 ... (16 layers)
 Group 27 | Channels: 1024 | Layers: layer3.0.conv3 ... (17 layers)
 Group 28 | Channels: 1024 | Layers: layer3.0.conv3 ... (18 layers)
 Group 29 | Channels: 1024 | Layers: layer3.0.conv3 ... (19 layers)
 Group 30 | Channels: 1024 | Layers: layer3.0.conv3 ... (20 layers)
 Group 31 | Channels: 1024 | Layers: layer3.0.conv3 ... (21 layers)
 Group 32 | Channels: 1024 | Layers: layer3.0.conv3 ... (22 layers)
 Group 33 | Channels: 1024 | Layers: layer3.0.conv3 ... (23 layers)
 Group 34 | Channels: 1024 | Layers: layer3.0.conv3 ... (24 layers)
 Group 35 | Channels: 1024 | Layers: layer3.0.conv3 ... (25 layers)
 Group 36 | Channels: 1024 | Layers: layer3.0.conv3 ... (26 layers)
 Group 37 | Channels: 1024 | Layers: layer3.0.conv3 ... (27 layers)
 Group 38 | Channels: 1024 | Layers: layer3.0.conv3 ... (28 layers)
 Group 39 | Channels: 1024 | Layers: layer3.0.conv3 ... (29 layers)
 Group 40 | Channels: 1024 | Layers: layer3.0.conv3 ... (30 layers)
 Group 41 | Channels: 1024 | Layers: layer3.0.conv3 ... (31 layers)
 Group 42 | Channels: 1024 | Layers: layer3.0.conv3 ... (32 layers)
 Group 43 | Channels: 1024 | Layers: layer3.0.conv3 ... (33 layers)
 Group 44 | Channels: 1024 | Layers: layer3.0.conv3 ... (34 layers)
 Group 45 | Channels: 1024 | Layers: layer3.0.conv3 ... (35 layers)
 Group 46 | Channels: 1024 | Layers: layer3.0.conv3 ... (36 layers)
 Group 47 | Channels: 1024 | Layers: layer3.0.conv3 ... (37 layers)
 Group 48 | Channels: 2048 | Layers: layer4.0.conv3 ... (2 layers)
 Group 49 | Channels: 2048 | Layers: layer4.0.conv3 ... (3 layers)
 Group 50 | Channels: 2048 | Layers: layer4.0.conv3 ... (4 layers)
===============================================================
[*] Total 50 groups identified.


[Pruner Init] Identified 50 groups for pruning.
[*] Applied Min Survival Guarantee: 10.0%
[System] Initializing PDTPruner (Stable Version)

>>> Strategy: PDT | Total Epochs: 250
>>> Pruning starts at Epoch 40, every 10 epochs.
