📝 Logging started: resnet18_pdt_20260215_205514.log
✅ CIFAR-100 Data loaded: Train(50000), Val/Test(10000)
Experimental Mode: N/A
Target Model: resnet18 | Dataset: cifar100

[Stage 1] Analyzing Residual Topology for resnet via PyTorch FX...

==================== Final Topology Groups ====================
 Group  1 | Channels:   64 | Layers: layer1.0.bn2 ... (1 layers)
 Group  2 | Channels:   64 | Layers: layer1.1.bn2 ... (1 layers)
 Group  3 | Channels:  128 | Layers: layer2.0.bn2 ... (2 layers)
 Group  4 | Channels:  128 | Layers: layer2.1.bn2 ... (1 layers)
 Group  5 | Channels:  256 | Layers: layer3.0.bn2 ... (2 layers)
 Group  6 | Channels:  256 | Layers: layer3.1.bn2 ... (1 layers)
 Group  7 | Channels:  512 | Layers: layer4.0.bn2 ... (2 layers)
 Group  8 | Channels:  512 | Layers: layer4.1.bn2 ... (1 layers)
===============================================================
[*] Total 8 groups identified.


[Pruner Init] Strict Conv-Topology Mode Activated
[*] Applied Min Survival Guarantee: 10.0%
[*] Only defined groups (1-8) will be pruned.
[System] Initializing PDTPruner (Proposed Grad-EMA Strategy)

>>> [Pilot Check] Strategy: PDT | Pruning starts at Epoch 30, every 20 epochs.

=== [Stage 1 & 4] Baseline Before Pruning Analysis ===
[*] Topology Status: 71 nodes currently in graph.
-------------------------------------------------------  ------------  ------------  ------------  ------------  ------------  ------------  ------------  ------------  ------------  ------------  ------------  ------------  ------------  ------------  ------------  
                                                   Name    Self CPU %      Self CPU   CPU total %     CPU total  CPU time avg     Self CUDA   Self CUDA %    CUDA total  CUDA time avg       CPU Mem  Self CPU Mem      CUDA Mem  Self CUDA Mem    # of Calls  Total KFLOPs  
-------------------------------------------------------  ------------  ------------  ------------  ------------  ------------  ------------  ------------  ------------  ------------  ------------  ------------  ------------  ------------  ------------  ------------  
                                           aten::conv2d         0.05%      66.786us        71.25%     100.294ms       5.015ms       0.000us         0.00%       1.620ms      81.018us           0 B           0 B     116.94 MB           0 B            20  54430924.800  
                                      aten::convolution         0.08%     114.710us        71.20%     100.227ms       5.011ms       0.000us         0.00%       1.620ms      81.018us           0 B           0 B     116.94 MB           0 B            20            --  
                                     aten::_convolution         0.52%     734.422us        71.12%     100.113ms       5.006ms       0.000us         0.00%       1.620ms      81.018us           0 B           0 B     116.94 MB           0 B            20            --  
                                aten::cudnn_convolution        65.37%      92.014ms        70.60%      99.378ms       4.969ms     850.980us        72.26%       1.620ms      81.018us           0 B           0 B     116.94 MB     116.94 MB            20            --  
                           aten::_batch_norm_impl_index         0.06%      85.039us        10.02%      14.102ms     705.090us       0.000us         0.00%     232.799us      11.640us           0 B           0 B     114.88 MB           0 B            20            --  
                                 aten::cudnn_batch_norm         9.14%      12.863ms         9.96%      14.017ms     700.838us     208.191us        17.68%     232.799us      11.640us           0 B           0 B     114.88 MB           0 B            20            --  
                                            aten::empty         0.16%     232.059us         0.34%     485.225us       4.852us       0.000us         0.00%       0.000us       0.000us           0 B           0 B     114.88 MB     114.88 MB           100            --  
                                       aten::batch_norm         0.06%      82.230us        10.08%      14.184ms     709.202us       0.000us         0.00%     232.799us      11.640us           0 B           0 B     114.84 MB     -40.00 KB            20            --  
                                       aten::empty_like         0.04%      58.184us         0.29%     408.025us      20.401us       0.000us         0.00%       0.000us       0.000us           0 B           0 B     114.84 MB           0 B            20            --  
                                           aten::linear         0.03%      35.714us         1.12%       1.579ms       1.579ms       0.000us         0.00%      13.440us      13.440us           0 B           0 B       9.13 MB           0 B             1            --  
-------------------------------------------------------  ------------  ------------  ------------  ------------  ------------  ------------  ------------  ------------  ------------  ------------  ------------  ------------  ------------  ------------  ------------  
Self CPU time total: 140.763ms
Self CUDA time total: 1.178ms

Epoch 1/100 | Loss: 3.8789 | Val Acc: 18.48%
Epoch 2/100 | Loss: 3.0648 | Val Acc: 27.83%
Epoch 3/100 | Loss: 2.5052 | Val Acc: 35.88%
Epoch 4/100 | Loss: 2.1392 | Val Acc: 34.10%
Epoch 5/100 | Loss: 1.9067 | Val Acc: 45.98%
Epoch 6/100 | Loss: 1.7381 | Val Acc: 48.33%
Epoch 7/100 | Loss: 1.6222 | Val Acc: 50.55%
Epoch 8/100 | Loss: 1.5189 | Val Acc: 52.32%
Epoch 9/100 | Loss: 1.4546 | Val Acc: 52.44%
Epoch 10/100 | Loss: 1.3953 | Val Acc: 48.91%
Epoch 11/100 | Loss: 1.3512 | Val Acc: 53.16%
Epoch 12/100 | Loss: 1.3257 | Val Acc: 53.07%
Epoch 13/100 | Loss: 1.2856 | Val Acc: 53.65%
Epoch 14/100 | Loss: 1.2668 | Val Acc: 46.72%
Epoch 15/100 | Loss: 1.2450 | Val Acc: 58.06%
Epoch 16/100 | Loss: 1.2117 | Val Acc: 56.22%
Epoch 17/100 | Loss: 1.2047 | Val Acc: 52.84%
Epoch 18/100 | Loss: 1.1917 | Val Acc: 58.56%
Epoch 19/100 | Loss: 1.1808 | Val Acc: 52.86%
Epoch 20/100 | Loss: 1.1685 | Val Acc: 57.86%
Epoch 21/100 | Loss: 1.1504 | Val Acc: 59.95%
Epoch 22/100 | Loss: 1.1360 | Val Acc: 52.20%
Epoch 23/100 | Loss: 1.1337 | Val Acc: 56.01%
Epoch 24/100 | Loss: 1.1169 | Val Acc: 56.61%
Epoch 25/100 | Loss: 1.1110 | Val Acc: 57.90%
Epoch 26/100 | Loss: 1.1023 | Val Acc: 56.28%
Epoch 27/100 | Loss: 1.0949 | Val Acc: 55.45%
Epoch 28/100 | Loss: 1.0935 | Val Acc: 56.45%
Epoch 29/100 | Loss: 1.0772 | Val Acc: 57.83%

[Scientific Metrics - Epoch 30]
 🟢 Model Size: 42.76 MB | 🔵 Sparsity: 0.00 %
💾 Checkpoint saved: ./exp/checkpoints/resnet18_pdt_ep30_sp0.0.pth
Epoch 30/100 | Loss: 1.3508 | Val Acc: 57.77%
Epoch 31/100 | Loss: 1.1179 | Val Acc: 58.49%
Epoch 32/100 | Loss: 1.0907 | Val Acc: 59.07%
Epoch 33/100 | Loss: 1.0807 | Val Acc: 59.59%
Epoch 34/100 | Loss: 1.0705 | Val Acc: 58.03%
Epoch 35/100 | Loss: 1.0604 | Val Acc: 54.40%
Epoch 36/100 | Loss: 1.0646 | Val Acc: 58.25%
Epoch 37/100 | Loss: 1.0578 | Val Acc: 55.93%
Epoch 38/100 | Loss: 1.0507 | Val Acc: 58.08%
Epoch 39/100 | Loss: 1.0406 | Val Acc: 55.26%
Epoch 40/100 | Loss: 1.0380 | Val Acc: 60.35%
Epoch 41/100 | Loss: 1.0354 | Val Acc: 57.35%
Epoch 42/100 | Loss: 1.0320 | Val Acc: 58.26%
Epoch 43/100 | Loss: 1.0307 | Val Acc: 55.42%
Epoch 44/100 | Loss: 1.0178 | Val Acc: 58.94%
Epoch 45/100 | Loss: 1.0279 | Val Acc: 61.17%
Epoch 46/100 | Loss: 1.0215 | Val Acc: 59.30%
Epoch 47/100 | Loss: 1.0143 | Val Acc: 57.33%
Epoch 48/100 | Loss: 1.0157 | Val Acc: 58.09%
Epoch 49/100 | Loss: 1.0104 | Val Acc: 61.01%

[Scientific Metrics - Epoch 50]
 🟢 Model Size: 42.76 MB | 🔵 Sparsity: 0.00 %
💾 Checkpoint saved: ./exp/checkpoints/resnet18_pdt_ep50_sp0.0.pth
Epoch 50/100 | Loss: 1.2951 | Val Acc: 56.50%
Epoch 51/100 | Loss: 1.0539 | Val Acc: 57.53%
Epoch 52/100 | Loss: 1.0325 | Val Acc: 58.32%
Epoch 53/100 | Loss: 1.0178 | Val Acc: 57.36%
Epoch 54/100 | Loss: 1.0168 | Val Acc: 56.66%
Epoch 55/100 | Loss: 1.0160 | Val Acc: 60.11%
Epoch 56/100 | Loss: 1.0006 | Val Acc: 57.73%
Epoch 57/100 | Loss: 1.0047 | Val Acc: 57.36%
Epoch 58/100 | Loss: 0.9960 | Val Acc: 61.98%
Epoch 59/100 | Loss: 0.9980 | Val Acc: 57.16%
Epoch 60/100 | Loss: 0.9868 | Val Acc: 59.12%
Epoch 61/100 | Loss: 0.9897 | Val Acc: 55.58%
Epoch 62/100 | Loss: 0.9985 | Val Acc: 56.91%
Epoch 63/100 | Loss: 0.9883 | Val Acc: 59.99%
Epoch 64/100 | Loss: 0.9831 | Val Acc: 58.74%
Epoch 65/100 | Loss: 0.9880 | Val Acc: 59.14%
Epoch 66/100 | Loss: 0.9821 | Val Acc: 60.97%
Epoch 67/100 | Loss: 0.9841 | Val Acc: 58.40%
Epoch 68/100 | Loss: 0.9835 | Val Acc: 54.53%
Epoch 69/100 | Loss: 0.9760 | Val Acc: 57.06%

[Scientific Metrics - Epoch 70]
 🟢 Model Size: 42.76 MB | 🔵 Sparsity: 0.00 %
💾 Checkpoint saved: ./exp/checkpoints/resnet18_pdt_ep70_sp0.0.pth
Epoch 70/100 | Loss: 1.2773 | Val Acc: 57.84%
Epoch 71/100 | Loss: 1.0297 | Val Acc: 59.32%
Epoch 72/100 | Loss: 0.9910 | Val Acc: 57.61%
Epoch 73/100 | Loss: 0.9868 | Val Acc: 61.41%
Epoch 74/100 | Loss: 0.9859 | Val Acc: 62.42%
Epoch 75/100 | Loss: 0.9837 | Val Acc: 60.36%
Epoch 76/100 | Loss: 0.9801 | Val Acc: 61.76%
Epoch 77/100 | Loss: 0.9792 | Val Acc: 55.64%
Epoch 78/100 | Loss: 0.9714 | Val Acc: 56.79%
Epoch 79/100 | Loss: 0.9710 | Val Acc: 58.71%
Epoch 80/100 | Loss: 0.9752 | Val Acc: 58.69%
Epoch 81/100 | Loss: 0.9676 | Val Acc: 56.64%
Epoch 82/100 | Loss: 0.9733 | Val Acc: 58.93%
Epoch 83/100 | Loss: 0.9712 | Val Acc: 60.79%
Epoch 84/100 | Loss: 0.9605 | Val Acc: 57.30%
Epoch 85/100 | Loss: 0.9711 | Val Acc: 57.75%
Epoch 86/100 | Loss: 0.9644 | Val Acc: 59.93%
