📝 Logging started: resnet152_pdt_20260216_235055.log
✅ CIFAR-100 Data loaded: Train(50000), Val/Test(10000)
Experimental Mode: N/A
Target Model: resnet152 | Dataset: cifar100

[Stage 1] Analyzing Residual Topology for resnet via PyTorch FX...

==================== Final Topology Groups ====================
 Group  1 | Channels:  256 | Layers: layer1.0.bn3 ... (2 layers)
 Group  2 | Channels:  256 | Layers: layer1.1.bn3 ... (1 layers)
 Group  3 | Channels:  256 | Layers: layer1.2.bn3 ... (1 layers)
 Group  4 | Channels:  512 | Layers: layer2.0.bn3 ... (2 layers)
 Group  5 | Channels:  512 | Layers: layer2.1.bn3 ... (1 layers)
 Group  6 | Channels:  512 | Layers: layer2.2.bn3 ... (1 layers)
 Group  7 | Channels:  512 | Layers: layer2.3.bn3 ... (1 layers)
 Group  8 | Channels:  512 | Layers: layer2.4.bn3 ... (1 layers)
 Group  9 | Channels:  512 | Layers: layer2.5.bn3 ... (1 layers)
 Group 10 | Channels:  512 | Layers: layer2.6.bn3 ... (1 layers)
 Group 11 | Channels:  512 | Layers: layer2.7.bn3 ... (1 layers)
 Group 12 | Channels: 1024 | Layers: layer3.0.bn3 ... (2 layers)
 Group 13 | Channels: 1024 | Layers: layer3.1.bn3 ... (1 layers)
 Group 14 | Channels: 1024 | Layers: layer3.2.bn3 ... (1 layers)
 Group 15 | Channels: 1024 | Layers: layer3.3.bn3 ... (1 layers)
 Group 16 | Channels: 1024 | Layers: layer3.4.bn3 ... (1 layers)
 Group 17 | Channels: 1024 | Layers: layer3.5.bn3 ... (1 layers)
 Group 18 | Channels: 1024 | Layers: layer3.6.bn3 ... (1 layers)
 Group 19 | Channels: 1024 | Layers: layer3.7.bn3 ... (1 layers)
 Group 20 | Channels: 1024 | Layers: layer3.8.bn3 ... (1 layers)
 Group 21 | Channels: 1024 | Layers: layer3.9.bn3 ... (1 layers)
 Group 22 | Channels: 1024 | Layers: layer3.10.bn3 ... (1 layers)
 Group 23 | Channels: 1024 | Layers: layer3.11.bn3 ... (1 layers)
 Group 24 | Channels: 1024 | Layers: layer3.12.bn3 ... (1 layers)
 Group 25 | Channels: 1024 | Layers: layer3.13.bn3 ... (1 layers)
 Group 26 | Channels: 1024 | Layers: layer3.14.bn3 ... (1 layers)
 Group 27 | Channels: 1024 | Layers: layer3.15.bn3 ... (1 layers)
 Group 28 | Channels: 1024 | Layers: layer3.16.bn3 ... (1 layers)
 Group 29 | Channels: 1024 | Layers: layer3.17.bn3 ... (1 layers)
 Group 30 | Channels: 1024 | Layers: layer3.18.bn3 ... (1 layers)
 Group 31 | Channels: 1024 | Layers: layer3.19.bn3 ... (1 layers)
 Group 32 | Channels: 1024 | Layers: layer3.20.bn3 ... (1 layers)
 Group 33 | Channels: 1024 | Layers: layer3.21.bn3 ... (1 layers)
 Group 34 | Channels: 1024 | Layers: layer3.22.bn3 ... (1 layers)
 Group 35 | Channels: 1024 | Layers: layer3.23.bn3 ... (1 layers)
 Group 36 | Channels: 1024 | Layers: layer3.24.bn3 ... (1 layers)
 Group 37 | Channels: 1024 | Layers: layer3.25.bn3 ... (1 layers)
 Group 38 | Channels: 1024 | Layers: layer3.26.bn3 ... (1 layers)
 Group 39 | Channels: 1024 | Layers: layer3.27.bn3 ... (1 layers)
 Group 40 | Channels: 1024 | Layers: layer3.28.bn3 ... (1 layers)
 Group 41 | Channels: 1024 | Layers: layer3.29.bn3 ... (1 layers)
 Group 42 | Channels: 1024 | Layers: layer3.30.bn3 ... (1 layers)
 Group 43 | Channels: 1024 | Layers: layer3.31.bn3 ... (1 layers)
 Group 44 | Channels: 1024 | Layers: layer3.32.bn3 ... (1 layers)
 Group 45 | Channels: 1024 | Layers: layer3.33.bn3 ... (1 layers)
 Group 46 | Channels: 1024 | Layers: layer3.34.bn3 ... (1 layers)
 Group 47 | Channels: 1024 | Layers: layer3.35.bn3 ... (1 layers)
 Group 48 | Channels: 2048 | Layers: layer4.0.bn3 ... (2 layers)
 Group 49 | Channels: 2048 | Layers: layer4.1.bn3 ... (1 layers)
 Group 50 | Channels: 2048 | Layers: layer4.2.bn3 ... (1 layers)
===============================================================
[*] Total 50 groups identified.


[Pruner Init] Strict Conv-Topology Mode Activated
[*] Applied Min Survival Guarantee: 10.0%
[*] Total 50 groups linked to 311 prunable layers.

>>> [System] Loading pre-trained model: ./exp/checkpoints/resnet152_base.pth
✅ Success: Weights loaded from resnet152_base.pth

>>> [Pilot Check] Strategy: PDT | Start Epoch: 120 | Target Ratio: 0.2

=== [Stage 1 & 4] Initial State Analysis ===
[*] Topology Status: 517 nodes currently in graph.
-------------------------------------------------------  ------------  ------------  ------------  ------------  ------------  ------------  ------------  ------------  ------------  ------------  ------------  ------------  ------------  ------------  ------------  
                                                   Name    Self CPU %      Self CPU   CPU total %     CPU total  CPU time avg     Self CUDA   Self CUDA %    CUDA total  CUDA time avg       CPU Mem  Self CPU Mem      CUDA Mem  Self CUDA Mem    # of Calls  Total KFLOPs  
-------------------------------------------------------  ------------  ------------  ------------  ------------  ------------  ------------  ------------  ------------  ------------  ------------  ------------  ------------  ------------  ------------  ------------  
                           aten::_batch_norm_impl_index         0.18%     240.131us        12.57%      16.411ms     105.876us       0.000us         0.00%       1.783ms      11.504us           0 B           0 B       1.32 GB           0 B           155            --  
                                 aten::cudnn_batch_norm        10.06%      13.130ms        12.38%      16.171ms     104.327us       1.758ms        21.47%       1.783ms      11.504us           0 B           0 B       1.32 GB           0 B           155            --  
                                            aten::empty         0.93%       1.216ms         1.44%       1.879ms       2.424us       0.000us         0.00%       0.000us       0.000us           0 B           0 B       1.32 GB       1.32 GB           775            --  
                                       aten::batch_norm         0.19%     244.434us        12.76%      16.655ms     107.453us       0.000us         0.00%       1.783ms      11.504us           0 B           0 B       1.32 GB    -595.00 KB           155            --  
                                       aten::empty_like         0.15%     196.432us         0.92%       1.203ms       7.764us       0.000us         0.00%       0.000us       0.000us           0 B           0 B       1.32 GB           0 B           155            --  
                                           aten::conv2d         0.17%     222.165us        69.12%      90.248ms     582.244us       0.000us         0.00%       6.449ms      41.605us           0 B           0 B       1.32 GB           0 B           155  364767477.760  
                                      aten::convolution         0.23%     304.501us        68.95%      90.026ms     580.810us       0.000us         0.00%       6.449ms      41.605us           0 B           0 B       1.32 GB           0 B           155            --  
                                     aten::_convolution         0.71%     929.892us        68.71%      89.721ms     578.846us       0.000us         0.00%       6.449ms      41.605us           0 B           0 B       1.32 GB           0 B           155            --  
                                aten::cudnn_convolution        62.22%      81.238ms        68.00%      88.791ms     572.846us       5.043ms        61.59%       6.449ms      41.605us           0 B           0 B       1.32 GB       1.32 GB           155            --  
                                           aten::linear         0.02%      31.066us         0.88%       1.148ms       1.148ms       0.000us         0.00%      18.176us      18.176us           0 B           0 B       9.13 MB           0 B             1            --  
-------------------------------------------------------  ------------  ------------  ------------  ------------  ------------  ------------  ------------  ------------  ------------  ------------  ------------  ------------  ------------  ------------  ------------  
Self CPU time total: 130.572ms
Self CUDA time total: 8.187ms


[Action] Triggering PDT Pruning at Epoch 120...

[DEBUG] === step_pruning Started at Epoch 120 ===
[DEBUG] Current Model Sparsity: 0.00% (Alive: 100.00%)
[DEBUG] I am looking for: 'layer1.0.bn3'
[DEBUG] Closest names in actual model: ['layer1.0.bn3', 'layer4.0.bn3', 'layer3.0.bn3']
[DEBUG] Target Groups for Hessian: [1, 2, 3, 4, 5, 6, 7, 8, 9, 10, 11, 12, 13, 14, 15, 16, 17, 18, 19, 20, 21, 22, 23, 24, 25, 26, 27, 28, 29, 30, 31, 32, 33, 34, 35, 36, 37, 38, 39, 40]
[DEBUG] Calculating Hessian for 43 parameters...
[DEBUG] Total Unit Candidates: 34560
[DEBUG] Target Keep Ratio: 0.8800 (Inc: 0.8800)
[DEBUG] Lagrangian Decision: Pruned 9543 units.
[DEBUG] Actual Mask Updates: 11335 channels.

============================== PDT Pruning Results: Epoch 120 ==============================
 [*] Pruned this step: 11335
 Group  1 |    0/ 256 |   100.0% |     0.025663 | [TARGET]
 Group  2 |    0/ 256 |   100.0% |     0.000000 | [TARGET]
 Group  3 |  217/ 256 |    15.2% |     0.058705 | [TARGET]
 Group  4 |    0/ 512 |   100.0% |     0.014443 | [TARGET]
 Group  5 |  337/ 512 |    34.2% |     0.020563 | [TARGET]
 Group  6 |  384/ 512 |    25.0% |     0.039298 | [TARGET]
 Group  7 |  417/ 512 |    18.6% |     0.042089 | [TARGET]
 Group  8 |  435/ 512 |    15.0% |     0.017905 | [TARGET]
 Group  9 |  462/ 512 |     9.8% |     0.020069 | [TARGET]
 Group 10 |  480/ 512 |     6.2% |     0.026303 | [TARGET]
 Group 11 |  480/ 512 |     6.2% |     0.039060 | [TARGET]
 Group 12 |    0/1024 |   100.0% |     0.022622 | [TARGET]
 Group 13 |  811/1024 |    20.8% |     0.019672 | [TARGET]
 Group 14 |  838/1024 |    18.2% |     0.029338 | [TARGET]
 Group 15 |  853/1024 |    16.7% |     0.024316 | [TARGET]
 Group 16 |  860/1024 |    16.0% |     0.009272 | [TARGET]
 Group 17 |  859/1024 |    16.1% |     0.015836 | [TARGET]
 Group 18 |  868/1024 |    15.2% |     0.015983 | [TARGET]
 Group 19 |  869/1024 |    15.1% |     0.015174 | [TARGET]
 Group 20 |  874/1024 |    14.6% |     0.047807 | [TARGET]
 Group 21 |  893/1024 |    12.8% |     0.035025 | [TARGET]
 Group 22 |  876/1024 |    14.5% |     0.041469 | [TARGET]
 Group 23 |  885/1024 |    13.6% |     0.021388 | [TARGET]
 Group 24 |  822/1024 |    19.7% |     0.021748 | [TARGET]
 Group 25 |  892/1024 |    12.9% |     0.010925 | [TARGET]
 Group 26 |  892/1024 |    12.9% |     0.012545 | [TARGET]
 Group 27 |  895/1024 |    12.6% |     0.018232 | [TARGET]
 Group 28 |  895/1024 |    12.6% |     0.040311 | [TARGET]
 Group 29 |  923/1024 |     9.9% |     0.026429 | [TARGET]
 Group 30 |  933/1024 |     8.9% |     0.030690 | [TARGET]
 Group 31 |  925/1024 |     9.7% |     0.035068 | [TARGET]
 Group 32 |  229/1024 |    77.6% |     0.010330 | [TARGET]
 Group 33 |    0/1024 |   100.0% |     0.000000 | [TARGET]
 Group 34 |  449/1024 |    56.2% |     0.013791 | [TARGET]
 Group 35 |  871/1024 |    14.9% |     0.020249 | [TARGET]
 Group 36 |  920/1024 |    10.2% |     0.034221 | [TARGET]
 Group 37 |  622/1024 |    39.3% |     0.017135 | [TARGET]
 Group 38 |  916/1024 |    10.5% |     0.026953 | [TARGET]
 Group 39 |  922/1024 |    10.0% |     0.045418 | [TARGET]
 Group 40 |  213/1024 |    79.2% |     0.004799 | [TARGET]
 Group 41 | 1024/1024 |     0.0% |     0.000000 | [FIXED]
 Group 42 | 1024/1024 |     0.0% |     0.000000 | [FIXED]
 Group 43 | 1024/1024 |     0.0% |     0.000000 | [FIXED]
 Group 44 | 1024/1024 |     0.0% |     0.000000 | [FIXED]
 Group 45 | 1024/1024 |     0.0% |     0.000000 | [FIXED]
 Group 46 | 1024/1024 |     0.0% |     0.000000 | [FIXED]
 Group 47 | 1024/1024 |     0.0% |     0.000000 | [FIXED]
 Group 48 | 2048/2048 |     0.0% |     0.000000 | [FIXED]
 Group 49 | 2048/2048 |     0.0% |     0.000000 | [FIXED]
 Group 50 | 2048/2048 |     0.0% |     0.000000 | [FIXED]

[Scientific Metrics]
 🟢 Model Size: 222.47 MB / 🔵 Sparsity: 0.04 %
 🟠 GPU Mem: 4076.17 MB
=========================================================================================


[Scientific Metrics - Epoch 120]
 🟢 Model Size: 222.47 MB | 🔵 Sparsity: 0.04 % | 🟡 Speedup: 1.00x
💾 Checkpoint saved: ./exp/checkpoints/resnet152_pdt_ep120_sp0.0.pth
Epoch 120/200 | Loss: 4.6305 | Val Acc: 1.00%
Epoch 121/200 | Loss: 4.6204 | Val Acc: 1.00%
Epoch 122/200 | Loss: 4.6101 | Val Acc: 1.00%
Epoch 123/200 | Loss: 4.6098 | Val Acc: 1.00%
