📝 Logging started: resnet18_pdt_20260217_022626.log
✅ CIFAR-100 Data loaded: Train(50000), Val/Test(10000)
Experimental Mode: N/A
Target Model: resnet18 | Dataset: cifar100

[Stage 1] Analyzing Residual Topology for resnet via PyTorch FX...

==================== Final Topology Groups ====================
 Group  1 | Channels:   64 | Layers: layer1.0.bn2 ... (1 layers)
 Group  2 | Channels:   64 | Layers: layer1.1.bn2 ... (1 layers)
 Group  3 | Channels:  128 | Layers: layer2.0.bn2 ... (2 layers)
 Group  4 | Channels:  128 | Layers: layer2.1.bn2 ... (1 layers)
 Group  5 | Channels:  256 | Layers: layer3.0.bn2 ... (2 layers)
 Group  6 | Channels:  256 | Layers: layer3.1.bn2 ... (1 layers)
 Group  7 | Channels:  512 | Layers: layer4.0.bn2 ... (2 layers)
 Group  8 | Channels:  512 | Layers: layer4.1.bn2 ... (1 layers)
===============================================================
[*] Total 8 groups identified.


[Pruner Init] Strict Conv-Topology Mode Activated
[*] Applied Min Survival Guarantee: 10.0%
[*] Total 8 groups linked to 41 prunable layers.

>>> [System] Loading pre-trained model: ./exp/checkpoints/resnet18_pdt_ep120_sp0.0.pth
✅ Success: Weights loaded from resnet18_pdt_ep120_sp0.0.pth

>>> [Pilot Check] Strategy: PDT | Start Epoch: 120 | Target Ratio: 0.2

=== [Stage 1 & 4] Initial State Analysis ===
[*] Topology Status: 71 nodes currently in graph.
-------------------------------------------------------  ------------  ------------  ------------  ------------  ------------  ------------  ------------  ------------  ------------  ------------  ------------  ------------  ------------  ------------  ------------  
                                                   Name    Self CPU %      Self CPU   CPU total %     CPU total  CPU time avg     Self CUDA   Self CUDA %    CUDA total  CUDA time avg       CPU Mem  Self CPU Mem      CUDA Mem  Self CUDA Mem    # of Calls  Total KFLOPs  
-------------------------------------------------------  ------------  ------------  ------------  ------------  ------------  ------------  ------------  ------------  ------------  ------------  ------------  ------------  ------------  ------------  ------------  
                                           aten::conv2d         0.04%      66.984us        65.17%     103.477ms       5.174ms       0.000us         0.00%       1.638ms      81.918us           0 B           0 B     118.81 MB           0 B            20  54430924.800  
                                      aten::convolution         0.07%     112.383us        65.13%     103.410ms       5.170ms       0.000us         0.00%       1.638ms      81.918us           0 B           0 B     118.81 MB           0 B            20            --  
                                     aten::_convolution         0.48%     759.628us        65.06%     103.297ms       5.165ms       0.000us         0.00%       1.638ms      81.918us           0 B           0 B     118.81 MB           0 B            20            --  
                                aten::cudnn_convolution        56.43%      89.593ms        64.58%     102.538ms       5.127ms     862.769us        72.26%       1.638ms      81.918us           0 B           0 B     118.81 MB     118.81 MB            20            --  
                           aten::_batch_norm_impl_index         0.05%      84.661us        17.82%      28.286ms       1.414ms       0.000us         0.00%     236.028us      11.801us           0 B           0 B     115.63 MB           0 B            20            --  
                                 aten::cudnn_batch_norm         8.72%      13.851ms        17.76%      28.202ms       1.410ms     210.716us        17.65%     236.028us      11.801us           0 B           0 B     115.63 MB           0 B            20            --  
                                            aten::empty         0.14%     223.840us         8.62%      13.690ms     136.899us       0.000us         0.00%       0.000us       0.000us           0 B           0 B     115.63 MB     115.63 MB           100            --  
                                       aten::batch_norm         0.05%      85.258us        17.87%      28.371ms       1.419ms       0.000us         0.00%     236.028us      11.801us           0 B           0 B     115.59 MB     -40.00 KB            20            --  
                                       aten::empty_like         0.04%      56.625us         8.58%      13.621ms     681.067us       0.000us         0.00%       0.000us       0.000us           0 B           0 B     115.59 MB           0 B            20            --  
                                           aten::linear         0.02%      37.473us         1.02%       1.627ms       1.627ms       0.000us         0.00%      14.592us      14.592us           0 B           0 B       9.13 MB           0 B             1            --  
-------------------------------------------------------  ------------  ------------  ------------  ------------  ------------  ------------  ------------  ------------  ------------  ------------  ------------  ------------  ------------  ------------  ------------  
Self CPU time total: 158.775ms
Self CUDA time total: 1.194ms


[Action] Triggering PDT Pruning at Epoch 120...

[DEBUG] === step_pruning Started at Epoch 120 ===
[DEBUG] Current Model Sparsity: 8.02% (Alive: 91.98%)
[DEBUG] I am looking for: 'layer1.0.bn2'
[DEBUG] Closest names in actual model: ['layer1.0.bn2', 'layer4.0.bn2', 'layer3.0.bn2']
[DEBUG] Target Groups for Hessian: [1, 2, 3, 4, 5, 6, 7, 8]
[DEBUG] Calculating Hessian for 11 parameters...
[DEBUG] Total Unit Candidates: 1531
[DEBUG] Target Keep Ratio: 0.8198 (Inc: 0.8913)
[DEBUG] Lagrangian Decision: Pruned 111 units.
[DEBUG] Actual Mask Updates: 222 channels.

============================== PDT Pruning Results: Epoch 120 ==============================
 [*] Pruned this step: 222
 Group  1 |   64/  64 |     0.0% |     0.130259 | [TARGET]
 Group  2 |   64/  64 |     0.0% |     0.112825 | [TARGET]
 Group  3 |   72/ 128 |    43.8% |     0.047818 | [TARGET]
 Group  4 |  128/ 128 |     0.0% |     0.136584 | [TARGET]
 Group  5 |   66/ 256 |    74.2% |     0.020451 | [TARGET]
 Group  6 |  256/ 256 |     0.0% |     0.023093 | [TARGET]
 Group  7 |  258/ 512 |    49.6% |     0.020338 | [TARGET]
 Group  8 |  512/ 512 |     0.0% |     0.046741 | [TARGET]
