📝 Logging started: resnet152_pat_20260214_124919.log
✅ CIFAR-100 Data loaded: Train(50000), Val/Test(10000)
Experimental Mode: PAT
Target Model: resnet152 | Dataset: cifar100

[Stage 1] Analyzing Residual Topology for resnet via PyTorch FX...

==================== Final Topology Groups ====================
 Group  1 | Channels:  256 | Layers: layer1.0.bn3 ... (2 layers)
 Group  2 | Channels:  256 | Layers: layer1.1.bn3 ... (1 layers)
 Group  3 | Channels:  256 | Layers: layer1.2.bn3 ... (1 layers)
 Group  4 | Channels:  512 | Layers: layer2.0.bn3 ... (2 layers)
 Group  5 | Channels:  512 | Layers: layer2.1.bn3 ... (1 layers)
 Group  6 | Channels:  512 | Layers: layer2.2.bn3 ... (1 layers)
 Group  7 | Channels:  512 | Layers: layer2.3.bn3 ... (1 layers)
 Group  8 | Channels:  512 | Layers: layer2.4.bn3 ... (1 layers)
 Group  9 | Channels:  512 | Layers: layer2.5.bn3 ... (1 layers)
 Group 10 | Channels:  512 | Layers: layer2.6.bn3 ... (1 layers)
 Group 11 | Channels:  512 | Layers: layer2.7.bn3 ... (1 layers)
 Group 12 | Channels: 1024 | Layers: layer3.0.bn3 ... (2 layers)
 Group 13 | Channels: 1024 | Layers: layer3.1.bn3 ... (1 layers)
 Group 14 | Channels: 1024 | Layers: layer3.2.bn3 ... (1 layers)
 Group 15 | Channels: 1024 | Layers: layer3.3.bn3 ... (1 layers)
 Group 16 | Channels: 1024 | Layers: layer3.4.bn3 ... (1 layers)
 Group 17 | Channels: 1024 | Layers: layer3.5.bn3 ... (1 layers)
 Group 18 | Channels: 1024 | Layers: layer3.6.bn3 ... (1 layers)
 Group 19 | Channels: 1024 | Layers: layer3.7.bn3 ... (1 layers)
 Group 20 | Channels: 1024 | Layers: layer3.8.bn3 ... (1 layers)
 Group 21 | Channels: 1024 | Layers: layer3.9.bn3 ... (1 layers)
 Group 22 | Channels: 1024 | Layers: layer3.10.bn3 ... (1 layers)
 Group 23 | Channels: 1024 | Layers: layer3.11.bn3 ... (1 layers)
 Group 24 | Channels: 1024 | Layers: layer3.12.bn3 ... (1 layers)
 Group 25 | Channels: 1024 | Layers: layer3.13.bn3 ... (1 layers)
 Group 26 | Channels: 1024 | Layers: layer3.14.bn3 ... (1 layers)
 Group 27 | Channels: 1024 | Layers: layer3.15.bn3 ... (1 layers)
 Group 28 | Channels: 1024 | Layers: layer3.16.bn3 ... (1 layers)
 Group 29 | Channels: 1024 | Layers: layer3.17.bn3 ... (1 layers)
 Group 30 | Channels: 1024 | Layers: layer3.18.bn3 ... (1 layers)
 Group 31 | Channels: 1024 | Layers: layer3.19.bn3 ... (1 layers)
 Group 32 | Channels: 1024 | Layers: layer3.20.bn3 ... (1 layers)
 Group 33 | Channels: 1024 | Layers: layer3.21.bn3 ... (1 layers)
 Group 34 | Channels: 1024 | Layers: layer3.22.bn3 ... (1 layers)
 Group 35 | Channels: 1024 | Layers: layer3.23.bn3 ... (1 layers)
 Group 36 | Channels: 1024 | Layers: layer3.24.bn3 ... (1 layers)
 Group 37 | Channels: 1024 | Layers: layer3.25.bn3 ... (1 layers)
 Group 38 | Channels: 1024 | Layers: layer3.26.bn3 ... (1 layers)
 Group 39 | Channels: 1024 | Layers: layer3.27.bn3 ... (1 layers)
 Group 40 | Channels: 1024 | Layers: layer3.28.bn3 ... (1 layers)
 Group 41 | Channels: 1024 | Layers: layer3.29.bn3 ... (1 layers)
 Group 42 | Channels: 1024 | Layers: layer3.30.bn3 ... (1 layers)
 Group 43 | Channels: 1024 | Layers: layer3.31.bn3 ... (1 layers)
 Group 44 | Channels: 1024 | Layers: layer3.32.bn3 ... (1 layers)
 Group 45 | Channels: 1024 | Layers: layer3.33.bn3 ... (1 layers)
 Group 46 | Channels: 1024 | Layers: layer3.34.bn3 ... (1 layers)
 Group 47 | Channels: 1024 | Layers: layer3.35.bn3 ... (1 layers)
 Group 48 | Channels: 2048 | Layers: layer4.0.bn3 ... (2 layers)
 Group 49 | Channels: 2048 | Layers: layer4.1.bn3 ... (1 layers)
 Group 50 | Channels: 2048 | Layers: layer4.2.bn3 ... (1 layers)
===============================================================
[*] Total 50 groups identified.

>>> [System] Loading Base Model: ./exp/checkpoints/resnet152_base.pth
[Sensitivity] Load from ./exp/checkpoints/resnet152_sensitivity.json
🔍 [Matching SI] Checking sensitivity mapping...
🚀 PAT Pruner Ready | Strategy: weighted_sum | Beta: 0.5

--- PAT One-Shot Pruning (Strategy: weighted_sum) ---

⚖️ [PAT-WS] Weighted Sum Ratios (beta=0.5):
 - Group  0: SI=0.1701 -> Prune 7.9%
 - Group 10: SI=0.1314 -> Prune 12.7%
 - Group 20: SI=0.1304 -> Prune 15.0%
 - Group 30: SI=0.1407 -> Prune 15.0%
 - Group 40: SI=0.1167 -> Prune 15.0%

✂️ [Physical Pruning] Shrinking layers via DependencyGraph...

>>> [PAT Fine-tune] Starting fine-tuning for 70 epochs...
 [Fine-tune] Epoch 1/70 | Loss: 0.0133 | Val Acc: 78.37% | Best: 78.37%
 [Fine-tune] Epoch 10/70 | Loss: 0.0114 | Val Acc: 78.78% | Best: 78.82%
 [Fine-tune] Epoch 20/70 | Loss: 0.0106 | Val Acc: 78.57% | Best: 78.86%
 [Fine-tune] Epoch 30/70 | Loss: 0.0100 | Val Acc: 78.81% | Best: 78.91%
 [Fine-tune] Epoch 40/70 | Loss: 0.0090 | Val Acc: 78.76% | Best: 78.95%
 [Fine-tune] Epoch 50/70 | Loss: 0.0085 | Val Acc: 78.78% | Best: 78.95%
 [Fine-tune] Epoch 60/70 | Loss: 0.0085 | Val Acc: 78.74% | Best: 78.95%
 [Fine-tune] Epoch 70/70 | Loss: 0.0080 | Val Acc: 78.66% | Best: 78.95%

!!!!!!!!!!!!!!!!!!!!!!!!! FINAL BENCHMARK DATA !!!!!!!!!!!!!!!!!!!!!!!!!

============================================================
 🟢 Target Model      : resnet152
 🟢 Strategy          : PAT-AMP (p=2.5)
 🟢 Original Params   : 58.34 M
 🟢 Pruned Params     : 58.34 M
 🟢 Pruning Ratio (%) : 0.00 %
 🟢 FLOPs (M)         : 3743.37 M
 🟢 Best Val Acc      : 78.95 %
 🟢 Final Test Acc    : 78.66 %
============================================================

