📝 Logging started: resnet34_pat_20260213_143824.log
✅ CIFAR-100 Data loaded: Train(50000), Val/Test(10000)
Experimental Mode: PAT
Target Model: resnet34 | Dataset: cifar100

[Stage 1] Analyzing Residual Topology for resnet via PyTorch FX...

==================== Final Topology Groups ====================
 Group  1 | Channels:   64 | Layers: layer1.0.bn2 ... (1 layers)
 Group  2 | Channels:   64 | Layers: layer1.1.bn2 ... (1 layers)
 Group  3 | Channels:   64 | Layers: layer1.2.bn2 ... (1 layers)
 Group  4 | Channels:  128 | Layers: layer2.0.bn2 ... (2 layers)
 Group  5 | Channels:  128 | Layers: layer2.1.bn2 ... (1 layers)
 Group  6 | Channels:  128 | Layers: layer2.2.bn2 ... (1 layers)
 Group  7 | Channels:  128 | Layers: layer2.3.bn2 ... (1 layers)
 Group  8 | Channels:  256 | Layers: layer3.0.bn2 ... (2 layers)
 Group  9 | Channels:  256 | Layers: layer3.1.bn2 ... (1 layers)
 Group 10 | Channels:  256 | Layers: layer3.2.bn2 ... (1 layers)
 Group 11 | Channels:  256 | Layers: layer3.3.bn2 ... (1 layers)
 Group 12 | Channels:  256 | Layers: layer3.4.bn2 ... (1 layers)
 Group 13 | Channels:  256 | Layers: layer3.5.bn2 ... (1 layers)
 Group 14 | Channels:  512 | Layers: layer4.0.bn2 ... (2 layers)
 Group 15 | Channels:  512 | Layers: layer4.1.bn2 ... (1 layers)
 Group 16 | Channels:  512 | Layers: layer4.2.bn2 ... (1 layers)
===============================================================
[*] Total 16 groups identified.

>>> [System] Loading Base Model: ./exp/checkpoints/resnet34_base.pth
[Sensitivity] Load from ./exp/checkpoints/resnet34_sensitivity.json
🚀 PATPruner Ready: 16 blocks identified.

--- PAT One-Shot Pruning (Strategy: amplification) ---
✅ [FORCE ENABLED] Keeping 93.0% channels for all layers.
[*] Final Synced Target Modules: 71
[*] Physically Pruning Block: layer1.0 | Channels: 59
[*] Physically Pruning Block: layer1.0 | Channels: 59
[*] Physically Pruning Block: layer1.0 | Channels: 59
[*] Physically Pruning Block: layer1.0 | Channels: 59
[*] Physically Pruning Block: layer1.1 | Channels: 59
[*] Physically Pruning Block: layer1.1 | Channels: 59
[*] Physically Pruning Block: layer1.1 | Channels: 59
[*] Physically Pruning Block: layer1.1 | Channels: 59
[*] Physically Pruning Block: layer1.2 | Channels: 59
[*] Physically Pruning Block: layer1.2 | Channels: 59
[*] Physically Pruning Block: layer1.2 | Channels: 59
[*] Physically Pruning Block: layer1.2 | Channels: 59
[*] Physically Pruning Block: layer2.0 | Channels: 119
[*] Physically Pruning Block: layer2.0 | Channels: 119
[*] Physically Pruning Block: layer2.0 | Channels: 119
[*] Physically Pruning Block: layer2.0 | Channels: 119
[*] Physically Pruning Block: layer2.0 | Channels: 119
[*] Physically Pruning Block: layer2.0 | Channels: 119
[*] Physically Pruning Block: layer2.1 | Channels: 119
[*] Physically Pruning Block: layer2.1 | Channels: 119
[*] Physically Pruning Block: layer2.1 | Channels: 119
[*] Physically Pruning Block: layer2.1 | Channels: 119
[*] Physically Pruning Block: layer2.2 | Channels: 119
[*] Physically Pruning Block: layer2.2 | Channels: 119
[*] Physically Pruning Block: layer2.2 | Channels: 119
[*] Physically Pruning Block: layer2.2 | Channels: 119
[*] Physically Pruning Block: layer2.3 | Channels: 119
[*] Physically Pruning Block: layer2.3 | Channels: 119
[*] Physically Pruning Block: layer2.3 | Channels: 119
[*] Physically Pruning Block: layer2.3 | Channels: 119
[*] Physically Pruning Block: layer3.0 | Channels: 238
[*] Physically Pruning Block: layer3.0 | Channels: 238
[*] Physically Pruning Block: layer3.0 | Channels: 238
[*] Physically Pruning Block: layer3.0 | Channels: 238
[*] Physically Pruning Block: layer3.0 | Channels: 238
[*] Physically Pruning Block: layer3.0 | Channels: 238
[*] Physically Pruning Block: layer3.1 | Channels: 238
[*] Physically Pruning Block: layer3.1 | Channels: 238
[*] Physically Pruning Block: layer3.1 | Channels: 238
[*] Physically Pruning Block: layer3.1 | Channels: 238
[*] Physically Pruning Block: layer3.2 | Channels: 238
[*] Physically Pruning Block: layer3.2 | Channels: 238
[*] Physically Pruning Block: layer3.2 | Channels: 238
[*] Physically Pruning Block: layer3.2 | Channels: 238
[*] Physically Pruning Block: layer3.3 | Channels: 238
[*] Physically Pruning Block: layer3.3 | Channels: 238
[*] Physically Pruning Block: layer3.3 | Channels: 238
[*] Physically Pruning Block: layer3.3 | Channels: 238
[*] Physically Pruning Block: layer3.4 | Channels: 238
[*] Physically Pruning Block: layer3.4 | Channels: 238
[*] Physically Pruning Block: layer3.4 | Channels: 238
[*] Physically Pruning Block: layer3.4 | Channels: 238
[*] Physically Pruning Block: layer3.5 | Channels: 238
[*] Physically Pruning Block: layer3.5 | Channels: 238
[*] Physically Pruning Block: layer3.5 | Channels: 238
[*] Physically Pruning Block: layer3.5 | Channels: 238
[*] Physically Pruning Block: layer4.0 | Channels: 476
[*] Physically Pruning Block: layer4.0 | Channels: 476
[*] Physically Pruning Block: layer4.0 | Channels: 476
[*] Physically Pruning Block: layer4.0 | Channels: 476
[*] Physically Pruning Block: layer4.0 | Channels: 476
[*] Physically Pruning Block: layer4.0 | Channels: 476
[*] Physically Pruning Block: layer4.1 | Channels: 476
[*] Physically Pruning Block: layer4.1 | Channels: 476
[*] Physically Pruning Block: layer4.1 | Channels: 476
[*] Physically Pruning Block: layer4.1 | Channels: 476
[*] Physically Pruning Block: layer4.2 | Channels: 476
[*] Physically Pruning Block: layer4.2 | Channels: 476
[*] Physically Pruning Block: layer4.2 | Channels: 476
[*] Physically Pruning Block: layer4.2 | Channels: 476
[*] Final FC Synced: 512 features

========================================
📊 [Pruning Result Summary]
 - Original Params: 21.328 M
 - Pruned Params:   15.517 M
 - Compression Ratio: 27.25 %
========================================

FT Epoch [1/70] | Loss: 0.4168 | Val Acc: 66.24% | LR: 0.00999
 ⭐ Best model saved with Acc: 66.24%
FT Epoch [2/70] | Loss: 0.3202 | Val Acc: 68.46% | LR: 0.00998
 ⭐ Best model saved with Acc: 68.46%
FT Epoch [3/70] | Loss: 0.2762 | Val Acc: 66.82% | LR: 0.00995
FT Epoch [4/70] | Loss: 0.2440 | Val Acc: 69.60% | LR: 0.00992
 ⭐ Best model saved with Acc: 69.60%
FT Epoch [5/70] | Loss: 0.1965 | Val Acc: 69.97% | LR: 0.00987
 ⭐ Best model saved with Acc: 69.97%
FT Epoch [6/70] | Loss: 0.1801 | Val Acc: 71.28% | LR: 0.00982
 ⭐ Best model saved with Acc: 71.28%
FT Epoch [7/70] | Loss: 0.1623 | Val Acc: 70.34% | LR: 0.00976
FT Epoch [8/70] | Loss: 0.1617 | Val Acc: 71.03% | LR: 0.00968
FT Epoch [9/70] | Loss: 0.1390 | Val Acc: 71.74% | LR: 0.00960
 ⭐ Best model saved with Acc: 71.74%
FT Epoch [10/70] | Loss: 0.1368 | Val Acc: 71.85% | LR: 0.00950
 ⭐ Best model saved with Acc: 71.85%
FT Epoch [11/70] | Loss: 0.1356 | Val Acc: 72.20% | LR: 0.00940
 ⭐ Best model saved with Acc: 72.20%
FT Epoch [12/70] | Loss: 0.1129 | Val Acc: 72.02% | LR: 0.00929
FT Epoch [13/70] | Loss: 0.1020 | Val Acc: 72.82% | LR: 0.00917
 ⭐ Best model saved with Acc: 72.82%
FT Epoch [14/70] | Loss: 0.0980 | Val Acc: 73.72% | LR: 0.00905
 ⭐ Best model saved with Acc: 73.72%
FT Epoch [15/70] | Loss: 0.0910 | Val Acc: 72.02% | LR: 0.00891
FT Epoch [16/70] | Loss: 0.0882 | Val Acc: 73.48% | LR: 0.00877
FT Epoch [17/70] | Loss: 0.0692 | Val Acc: 73.36% | LR: 0.00861
FT Epoch [18/70] | Loss: 0.0651 | Val Acc: 73.41% | LR: 0.00846
FT Epoch [19/70] | Loss: 0.0604 | Val Acc: 74.33% | LR: 0.00829
 ⭐ Best model saved with Acc: 74.33%
FT Epoch [20/70] | Loss: 0.0630 | Val Acc: 73.78% | LR: 0.00812
FT Epoch [21/70] | Loss: 0.0604 | Val Acc: 73.95% | LR: 0.00794
FT Epoch [22/70] | Loss: 0.0537 | Val Acc: 74.25% | LR: 0.00775
FT Epoch [23/70] | Loss: 0.0476 | Val Acc: 73.69% | LR: 0.00756
FT Epoch [24/70] | Loss: 0.0454 | Val Acc: 73.88% | LR: 0.00737
FT Epoch [25/70] | Loss: 0.0404 | Val Acc: 74.84% | LR: 0.00717
 ⭐ Best model saved with Acc: 74.84%
FT Epoch [26/70] | Loss: 0.0372 | Val Acc: 74.97% | LR: 0.00697
 ⭐ Best model saved with Acc: 74.97%
FT Epoch [27/70] | Loss: 0.0296 | Val Acc: 75.83% | LR: 0.00676
 ⭐ Best model saved with Acc: 75.83%
FT Epoch [28/70] | Loss: 0.0259 | Val Acc: 75.41% | LR: 0.00655
FT Epoch [29/70] | Loss: 0.0182 | Val Acc: 76.24% | LR: 0.00633
 ⭐ Best model saved with Acc: 76.24%
FT Epoch [30/70] | Loss: 0.0165 | Val Acc: 75.73% | LR: 0.00611
FT Epoch [31/70] | Loss: 0.0185 | Val Acc: 76.53% | LR: 0.00589
 ⭐ Best model saved with Acc: 76.53%
FT Epoch [32/70] | Loss: 0.0172 | Val Acc: 76.43% | LR: 0.00567
FT Epoch [33/70] | Loss: 0.0129 | Val Acc: 76.51% | LR: 0.00545
FT Epoch [34/70] | Loss: 0.0125 | Val Acc: 76.82% | LR: 0.00522
 ⭐ Best model saved with Acc: 76.82%
FT Epoch [35/70] | Loss: 0.0099 | Val Acc: 77.45% | LR: 0.00500
 ⭐ Best model saved with Acc: 77.45%
FT Epoch [36/70] | Loss: 0.0089 | Val Acc: 77.32% | LR: 0.00478
FT Epoch [37/70] | Loss: 0.0079 | Val Acc: 77.26% | LR: 0.00455
FT Epoch [38/70] | Loss: 0.0071 | Val Acc: 77.73% | LR: 0.00433
 ⭐ Best model saved with Acc: 77.73%
FT Epoch [39/70] | Loss: 0.0071 | Val Acc: 77.78% | LR: 0.00411
 ⭐ Best model saved with Acc: 77.78%
FT Epoch [40/70] | Loss: 0.0069 | Val Acc: 77.51% | LR: 0.00389
FT Epoch [41/70] | Loss: 0.0063 | Val Acc: 77.83% | LR: 0.00367
 ⭐ Best model saved with Acc: 77.83%
FT Epoch [42/70] | Loss: 0.0061 | Val Acc: 78.27% | LR: 0.00345
 ⭐ Best model saved with Acc: 78.27%
FT Epoch [43/70] | Loss: 0.0061 | Val Acc: 78.11% | LR: 0.00324
FT Epoch [44/70] | Loss: 0.0057 | Val Acc: 78.46% | LR: 0.00303
 ⭐ Best model saved with Acc: 78.46%
FT Epoch [45/70] | Loss: 0.0057 | Val Acc: 78.36% | LR: 0.00283
FT Epoch [46/70] | Loss: 0.0056 | Val Acc: 78.49% | LR: 0.00263
 ⭐ Best model saved with Acc: 78.49%
FT Epoch [47/70] | Loss: 0.0056 | Val Acc: 78.36% | LR: 0.00244
FT Epoch [48/70] | Loss: 0.0057 | Val Acc: 78.47% | LR: 0.00225
FT Epoch [49/70] | Loss: 0.0056 | Val Acc: 78.42% | LR: 0.00206
FT Epoch [50/70] | Loss: 0.0058 | Val Acc: 78.36% | LR: 0.00188
FT Epoch [51/70] | Loss: 0.0056 | Val Acc: 78.55% | LR: 0.00171
 ⭐ Best model saved with Acc: 78.55%
FT Epoch [52/70] | Loss: 0.0055 | Val Acc: 78.51% | LR: 0.00154
FT Epoch [53/70] | Loss: 0.0055 | Val Acc: 78.61% | LR: 0.00139
 ⭐ Best model saved with Acc: 78.61%
FT Epoch [54/70] | Loss: 0.0054 | Val Acc: 78.60% | LR: 0.00123
FT Epoch [55/70] | Loss: 0.0055 | Val Acc: 78.38% | LR: 0.00109
FT Epoch [56/70] | Loss: 0.0052 | Val Acc: 78.72% | LR: 0.00095
 ⭐ Best model saved with Acc: 78.72%
FT Epoch [57/70] | Loss: 0.0055 | Val Acc: 78.48% | LR: 0.00083
FT Epoch [58/70] | Loss: 0.0054 | Val Acc: 78.74% | LR: 0.00071
 ⭐ Best model saved with Acc: 78.74%
FT Epoch [59/70] | Loss: 0.0053 | Val Acc: 78.58% | LR: 0.00060
FT Epoch [60/70] | Loss: 0.0054 | Val Acc: 78.59% | LR: 0.00050
FT Epoch [61/70] | Loss: 0.0054 | Val Acc: 78.69% | LR: 0.00040
FT Epoch [62/70] | Loss: 0.0054 | Val Acc: 78.85% | LR: 0.00032
 ⭐ Best model saved with Acc: 78.85%
FT Epoch [63/70] | Loss: 0.0053 | Val Acc: 78.63% | LR: 0.00024
FT Epoch [64/70] | Loss: 0.0053 | Val Acc: 78.52% | LR: 0.00018
FT Epoch [65/70] | Loss: 0.0053 | Val Acc: 78.83% | LR: 0.00013
FT Epoch [66/70] | Loss: 0.0052 | Val Acc: 78.62% | LR: 0.00008
FT Epoch [67/70] | Loss: 0.0052 | Val Acc: 78.80% | LR: 0.00005
FT Epoch [68/70] | Loss: 0.0053 | Val Acc: 78.83% | LR: 0.00002
FT Epoch [69/70] | Loss: 0.0054 | Val Acc: 78.67% | LR: 0.00001
FT Epoch [70/70] | Loss: 0.0054 | Val Acc: 78.85% | LR: 0.00000

✅ PAT Experiment (amplification) Finished.

🔍 Evaluating Final Model on Test Set for Table Data...

!!!!!!!!!!!!!!!!!!!!!!!!! FINAL TABLE DATA !!!!!!!!!!!!!!!!!!!!!!!!!
 🟢 Model: resnet34
 🟢 Strategy: amplification (p=2.5)
 🟢 Params (M): 15.517 M
 🟢 Compression Ratio: 27.25 %
 🟢 Final Test Accuracy: 78.85 %
!!!!!!!!!!!!!!!!!!!!!!!!!!!!!!!!!!!!!!!!!!!!!!!!!!!!!!!!!!!!!!!!!!!!

