📝 Logging started: resnet34_pat_20260213_145201.log
✅ CIFAR-100 Data loaded: Train(50000), Val/Test(10000)
Experimental Mode: PAT
Target Model: resnet34 | Dataset: cifar100

[Stage 1] Analyzing Residual Topology for resnet via PyTorch FX...

==================== Final Topology Groups ====================
 Group  1 | Channels:   64 | Layers: layer1.0.bn2 ... (1 layers)
 Group  2 | Channels:   64 | Layers: layer1.1.bn2 ... (1 layers)
 Group  3 | Channels:   64 | Layers: layer1.2.bn2 ... (1 layers)
 Group  4 | Channels:  128 | Layers: layer2.0.bn2 ... (2 layers)
 Group  5 | Channels:  128 | Layers: layer2.1.bn2 ... (1 layers)
 Group  6 | Channels:  128 | Layers: layer2.2.bn2 ... (1 layers)
 Group  7 | Channels:  128 | Layers: layer2.3.bn2 ... (1 layers)
 Group  8 | Channels:  256 | Layers: layer3.0.bn2 ... (2 layers)
 Group  9 | Channels:  256 | Layers: layer3.1.bn2 ... (1 layers)
 Group 10 | Channels:  256 | Layers: layer3.2.bn2 ... (1 layers)
 Group 11 | Channels:  256 | Layers: layer3.3.bn2 ... (1 layers)
 Group 12 | Channels:  256 | Layers: layer3.4.bn2 ... (1 layers)
 Group 13 | Channels:  256 | Layers: layer3.5.bn2 ... (1 layers)
 Group 14 | Channels:  512 | Layers: layer4.0.bn2 ... (2 layers)
 Group 15 | Channels:  512 | Layers: layer4.1.bn2 ... (1 layers)
 Group 16 | Channels:  512 | Layers: layer4.2.bn2 ... (1 layers)
===============================================================
[*] Total 16 groups identified.

>>> [System] Loading Base Model: ./exp/checkpoints/resnet34_base.pth
[Sensitivity] Load from ./exp/checkpoints/resnet34_sensitivity.json
🚀 PATPruner Ready: 16 blocks identified.

--- PAT One-Shot Pruning (Strategy: amplification) ---
✅ [FORCE ENABLED] Keeping 93.0% channels for all layers.
[*] Final Synced Target Modules: 71
[*] Physically Pruning Block: layer1.0 | Channels: 59
[*] Physically Pruning Block: layer1.0 | Channels: 59
[*] Physically Pruning Block: layer1.0 | Channels: 59
[*] Physically Pruning Block: layer1.0 | Channels: 59
[*] Physically Pruning Block: layer1.1 | Channels: 59
[*] Physically Pruning Block: layer1.1 | Channels: 59
[*] Physically Pruning Block: layer1.1 | Channels: 59
[*] Physically Pruning Block: layer1.1 | Channels: 59
[*] Physically Pruning Block: layer1.2 | Channels: 59
[*] Physically Pruning Block: layer1.2 | Channels: 59
[*] Physically Pruning Block: layer1.2 | Channels: 59
[*] Physically Pruning Block: layer1.2 | Channels: 59
[*] Physically Pruning Block: layer2.0 | Channels: 119
[*] Physically Pruning Block: layer2.0 | Channels: 119
[*] Physically Pruning Block: layer2.0 | Channels: 119
[*] Physically Pruning Block: layer2.0 | Channels: 119
[*] Physically Pruning Block: layer2.0 | Channels: 119
[*] Physically Pruning Block: layer2.0 | Channels: 119
[*] Physically Pruning Block: layer2.1 | Channels: 119
[*] Physically Pruning Block: layer2.1 | Channels: 119
[*] Physically Pruning Block: layer2.1 | Channels: 119
[*] Physically Pruning Block: layer2.1 | Channels: 119
[*] Physically Pruning Block: layer2.2 | Channels: 119
[*] Physically Pruning Block: layer2.2 | Channels: 119
[*] Physically Pruning Block: layer2.2 | Channels: 119
[*] Physically Pruning Block: layer2.2 | Channels: 119
[*] Physically Pruning Block: layer2.3 | Channels: 119
[*] Physically Pruning Block: layer2.3 | Channels: 119
[*] Physically Pruning Block: layer2.3 | Channels: 119
[*] Physically Pruning Block: layer2.3 | Channels: 119
[*] Physically Pruning Block: layer3.0 | Channels: 238
[*] Physically Pruning Block: layer3.0 | Channels: 238
[*] Physically Pruning Block: layer3.0 | Channels: 238
[*] Physically Pruning Block: layer3.0 | Channels: 238
[*] Physically Pruning Block: layer3.0 | Channels: 238
[*] Physically Pruning Block: layer3.0 | Channels: 238
[*] Physically Pruning Block: layer3.1 | Channels: 238
[*] Physically Pruning Block: layer3.1 | Channels: 238
[*] Physically Pruning Block: layer3.1 | Channels: 238
[*] Physically Pruning Block: layer3.1 | Channels: 238
[*] Physically Pruning Block: layer3.2 | Channels: 238
[*] Physically Pruning Block: layer3.2 | Channels: 238
[*] Physically Pruning Block: layer3.2 | Channels: 238
[*] Physically Pruning Block: layer3.2 | Channels: 238
[*] Physically Pruning Block: layer3.3 | Channels: 238
[*] Physically Pruning Block: layer3.3 | Channels: 238
[*] Physically Pruning Block: layer3.3 | Channels: 238
[*] Physically Pruning Block: layer3.3 | Channels: 238
[*] Physically Pruning Block: layer3.4 | Channels: 238
[*] Physically Pruning Block: layer3.4 | Channels: 238
[*] Physically Pruning Block: layer3.4 | Channels: 238
[*] Physically Pruning Block: layer3.4 | Channels: 238
[*] Physically Pruning Block: layer3.5 | Channels: 238
[*] Physically Pruning Block: layer3.5 | Channels: 238
[*] Physically Pruning Block: layer3.5 | Channels: 238
[*] Physically Pruning Block: layer3.5 | Channels: 238
[*] Physically Pruning Block: layer4.0 | Channels: 476
[*] Physically Pruning Block: layer4.0 | Channels: 476
[*] Physically Pruning Block: layer4.0 | Channels: 476
[*] Physically Pruning Block: layer4.0 | Channels: 476
[*] Physically Pruning Block: layer4.0 | Channels: 476
[*] Physically Pruning Block: layer4.0 | Channels: 476
[*] Physically Pruning Block: layer4.1 | Channels: 476
[*] Physically Pruning Block: layer4.1 | Channels: 476
[*] Physically Pruning Block: layer4.1 | Channels: 476
[*] Physically Pruning Block: layer4.1 | Channels: 476
[*] Physically Pruning Block: layer4.2 | Channels: 476
[*] Physically Pruning Block: layer4.2 | Channels: 476
[*] Physically Pruning Block: layer4.2 | Channels: 476
[*] Physically Pruning Block: layer4.2 | Channels: 476
[*] Final FC Synced: 512 features

========================================
📊 [Pruning Result Summary]
 - Original Params: 21.328 M
 - Pruned Params:   15.517 M
 - Compression Ratio: 27.25 %
========================================

FT Epoch [1/70] | Loss: 0.4060 | Val Acc: 67.36% | LR: 0.00999
 ⭐ Best model saved with Acc: 67.36%
FT Epoch [2/70] | Loss: 0.3234 | Val Acc: 68.93% | LR: 0.00998
 ⭐ Best model saved with Acc: 68.93%
FT Epoch [3/70] | Loss: 0.2673 | Val Acc: 68.46% | LR: 0.00995
FT Epoch [4/70] | Loss: 0.2320 | Val Acc: 70.92% | LR: 0.00992
 ⭐ Best model saved with Acc: 70.92%
FT Epoch [5/70] | Loss: 0.2132 | Val Acc: 70.11% | LR: 0.00987
FT Epoch [6/70] | Loss: 0.1928 | Val Acc: 70.71% | LR: 0.00982
FT Epoch [7/70] | Loss: 0.1716 | Val Acc: 71.84% | LR: 0.00976
 ⭐ Best model saved with Acc: 71.84%
FT Epoch [8/70] | Loss: 0.1521 | Val Acc: 71.98% | LR: 0.00968
 ⭐ Best model saved with Acc: 71.98%
FT Epoch [9/70] | Loss: 0.1460 | Val Acc: 70.73% | LR: 0.00960
FT Epoch [10/70] | Loss: 0.1328 | Val Acc: 72.73% | LR: 0.00950
 ⭐ Best model saved with Acc: 72.73%
FT Epoch [11/70] | Loss: 0.1170 | Val Acc: 72.19% | LR: 0.00940
FT Epoch [12/70] | Loss: 0.1067 | Val Acc: 71.01% | LR: 0.00929
FT Epoch [13/70] | Loss: 0.1035 | Val Acc: 71.83% | LR: 0.00917
FT Epoch [14/70] | Loss: 0.0951 | Val Acc: 72.72% | LR: 0.00905
FT Epoch [15/70] | Loss: 0.0821 | Val Acc: 73.34% | LR: 0.00891
 ⭐ Best model saved with Acc: 73.34%
FT Epoch [16/70] | Loss: 0.0830 | Val Acc: 72.95% | LR: 0.00877
