📝 Logging started: resnet56_filter_gema_20260214_050841.log
✅ CIFAR-100 Data loaded: Train(50000), Val/Test(10000)
Experimental Mode: N/A
Target Model: resnet56 | Dataset: cifar100

[Stage 1] Analyzing Residual Topology for cifarresnet via PyTorch FX...

==================== Final Topology Groups ====================
 Group  1 | Channels:   16 | Layers: bn1 ... (2 layers)
 Group  2 | Channels:   16 | Layers: bn1 ... (3 layers)
 Group  3 | Channels:   16 | Layers: bn1 ... (4 layers)
 Group  4 | Channels:   16 | Layers: bn1 ... (5 layers)
 Group  5 | Channels:   16 | Layers: bn1 ... (6 layers)
 Group  6 | Channels:   16 | Layers: layer1.0.bn2 ... (6 layers)
 Group  7 | Channels:   16 | Layers: layer1.1.bn2 ... (6 layers)
 Group  8 | Channels:   16 | Layers: layer1.2.bn2 ... (6 layers)
 Group  9 | Channels:   16 | Layers: layer1.3.bn2 ... (6 layers)
 Group 10 | Channels:   32 | Layers: layer2.0.bn2 ... (2 layers)
 Group 11 | Channels:   32 | Layers: layer2.0.bn2 ... (3 layers)
 Group 12 | Channels:   32 | Layers: layer2.0.bn2 ... (4 layers)
 Group 13 | Channels:   32 | Layers: layer2.0.bn2 ... (5 layers)
 Group 14 | Channels:   32 | Layers: layer2.0.bn2 ... (6 layers)
 Group 15 | Channels:   32 | Layers: layer2.0.bn2 ... (7 layers)
 Group 16 | Channels:   32 | Layers: layer2.1.bn2 ... (6 layers)
 Group 17 | Channels:   32 | Layers: layer2.2.bn2 ... (6 layers)
 Group 18 | Channels:   32 | Layers: layer2.3.bn2 ... (6 layers)
 Group 19 | Channels:   64 | Layers: layer3.0.bn2 ... (2 layers)
 Group 20 | Channels:   64 | Layers: layer3.0.bn2 ... (3 layers)
 Group 21 | Channels:   64 | Layers: layer3.0.bn2 ... (4 layers)
 Group 22 | Channels:   64 | Layers: layer3.0.bn2 ... (5 layers)
 Group 23 | Channels:   64 | Layers: layer3.0.bn2 ... (6 layers)
 Group 24 | Channels:   64 | Layers: layer3.0.bn2 ... (7 layers)
 Group 25 | Channels:   64 | Layers: layer3.1.bn2 ... (6 layers)
 Group 26 | Channels:   64 | Layers: layer3.2.bn2 ... (6 layers)
 Group 27 | Channels:   64 | Layers: layer3.3.bn2 ... (6 layers)
===============================================================
[*] Total 27 groups identified.


[Pruner Init] Strict Conv-Topology Mode Activated
[*] Applied Min Survival Guarantee: 10.0%
[*] Only defined groups (1-27) will be pruned.
[System] Initializing FilterGEMAPruner (Step-wise Filter Pruning Strategy)

>>> [Pilot Check] Strategy: FILTER_GEMA | Pruning starts at Epoch 30, every 20 epochs.

=== [Stage 1 & 4] Baseline Before Pruning Analysis ===
[*] Topology Status: 204 nodes currently in graph.
-------------------------------------------------------  ------------  ------------  ------------  ------------  ------------  ------------  ------------  ------------  ------------  ------------  ------------  ------------  ------------  ------------  ------------  
                                                   Name    Self CPU %      Self CPU   CPU total %     CPU total  CPU time avg     Self CUDA   Self CUDA %    CUDA total  CUDA time avg       CPU Mem  Self CPU Mem      CUDA Mem  Self CUDA Mem    # of Calls  Total KFLOPs  
-------------------------------------------------------  ------------  ------------  ------------  ------------  ------------  ------------  ------------  ------------  ------------  ------------  ------------  ------------  ------------  ------------  ------------  
                                           aten::linear         0.02%      30.926us        31.00%      41.665ms      41.665ms       0.000us         0.00%       4.800us       4.800us           0 B           0 B       9.13 MB           0 B             1            --  
                                            aten::addmm        28.69%      38.554ms        30.96%      41.611ms      41.611ms       1.600us         0.26%       4.800us       4.800us           0 B           0 B       9.13 MB       9.13 MB             1        12.800  
                                        model_inference         1.55%       2.088ms        99.99%     134.389ms     134.389ms       0.000us         0.00%     718.830us     718.830us           0 B           0 B       9.12 MB    -114.00 KB             1            --  
                                           aten::conv2d         0.08%     102.644us        51.55%      69.285ms       1.216ms       0.000us         0.00%     567.186us       9.951us           0 B           0 B      38.00 KB           0 B            57      3342.944  
                                      aten::convolution         0.13%     176.613us        51.48%      69.183ms       1.214ms       0.000us         0.00%     567.186us       9.951us           0 B           0 B      38.00 KB           0 B            57            --  
                                     aten::_convolution         0.53%     708.291us        51.34%      69.006ms       1.211ms       0.000us         0.00%     567.186us       9.951us           0 B           0 B      38.00 KB           0 B            57            --  
                                aten::cudnn_convolution        42.58%      57.234ms        50.82%      68.298ms       1.198ms     481.144us        77.03%     567.186us       9.951us           0 B           0 B      38.00 KB      38.00 KB            57            --  
                                       aten::batch_norm         0.06%      79.488us         2.62%       3.522ms      61.790us       0.000us         0.00%      59.899us       1.051us           0 B           0 B      38.00 KB           0 B            57            --  
                           aten::_batch_norm_impl_index         0.08%     104.079us         2.56%       3.443ms      60.396us       0.000us         0.00%      59.899us       1.051us           0 B           0 B      38.00 KB           0 B            57            --  
                                 aten::cudnn_batch_norm         1.81%       2.436ms         2.48%       3.338ms      58.570us      58.715us         9.40%      59.899us       1.051us           0 B           0 B      38.00 KB           0 B            57            --  
-------------------------------------------------------  ------------  ------------  ------------  ------------  ------------  ------------  ------------  ------------  ------------  ------------  ------------  ------------  ------------  ------------  ------------  
Self CPU time total: 134.400ms
Self CUDA time total: 624.627us

Epoch 1/300 | Loss: 4.1077 | Val Acc: 10.41%
Epoch 2/300 | Loss: 3.5747 | Val Acc: 17.59%
Epoch 3/300 | Loss: 3.2142 | Val Acc: 23.32%
Epoch 4/300 | Loss: 2.8870 | Val Acc: 26.91%
Epoch 5/300 | Loss: 2.6145 | Val Acc: 31.82%
Epoch 6/300 | Loss: 2.4118 | Val Acc: 33.22%
Epoch 7/300 | Loss: 2.2343 | Val Acc: 38.93%
Epoch 8/300 | Loss: 2.0958 | Val Acc: 38.99%
Epoch 9/300 | Loss: 1.9788 | Val Acc: 43.63%
Epoch 10/300 | Loss: 1.8778 | Val Acc: 41.71%
Epoch 11/300 | Loss: 1.7837 | Val Acc: 47.43%
Epoch 12/300 | Loss: 1.7026 | Val Acc: 45.49%
Epoch 13/300 | Loss: 1.6385 | Val Acc: 50.35%
Epoch 14/300 | Loss: 1.5789 | Val Acc: 49.86%
Epoch 15/300 | Loss: 1.5180 | Val Acc: 50.87%
Epoch 16/300 | Loss: 1.4684 | Val Acc: 50.16%
Epoch 17/300 | Loss: 1.4235 | Val Acc: 50.86%
Epoch 18/300 | Loss: 1.3814 | Val Acc: 53.76%
Epoch 19/300 | Loss: 1.3375 | Val Acc: 54.25%
Epoch 20/300 | Loss: 1.3010 | Val Acc: 55.02%
Epoch 21/300 | Loss: 1.2690 | Val Acc: 55.42%
Epoch 22/300 | Loss: 1.2337 | Val Acc: 57.22%
Epoch 23/300 | Loss: 1.1975 | Val Acc: 57.72%
Epoch 24/300 | Loss: 1.1669 | Val Acc: 57.02%
Epoch 25/300 | Loss: 1.1355 | Val Acc: 58.46%
Epoch 26/300 | Loss: 1.1080 | Val Acc: 55.63%
Epoch 27/300 | Loss: 1.0769 | Val Acc: 57.07%
Epoch 28/300 | Loss: 1.0590 | Val Acc: 58.89%
Epoch 29/300 | Loss: 1.0347 | Val Acc: 54.25%

🔥 [Filter-GEMA] Step Pruning Triggered | Epoch: 30
🎯 Target Sparsity: 20.0% | Current: 0.00%
✅ [Result] Pruned 445 filters to reach 20.0% Sparsity.
 🔵 Final Sparsity: 28.46 % | 🟢 Size: 2.34 MB
=========================================================================================

Epoch 30/300 | Loss: 1.5215 | Val Acc: 57.04%
Epoch 31/300 | Loss: 1.2309 | Val Acc: 56.10%
Epoch 32/300 | Loss: 1.1748 | Val Acc: 58.84%
Epoch 33/300 | Loss: 1.1344 | Val Acc: 59.64%
Epoch 34/300 | Loss: 1.1023 | Val Acc: 59.83%
Epoch 35/300 | Loss: 1.0733 | Val Acc: 56.59%
Epoch 36/300 | Loss: 1.0509 | Val Acc: 57.57%
Epoch 37/300 | Loss: 1.0264 | Val Acc: 58.15%
Epoch 38/300 | Loss: 1.0116 | Val Acc: 57.59%
Epoch 39/300 | Loss: 0.9823 | Val Acc: 59.71%
Epoch 40/300 | Loss: 0.9690 | Val Acc: 57.99%
Epoch 41/300 | Loss: 0.9525 | Val Acc: 58.69%
Epoch 42/300 | Loss: 0.9356 | Val Acc: 60.51%
Epoch 43/300 | Loss: 0.9128 | Val Acc: 60.18%
Epoch 44/300 | Loss: 0.9008 | Val Acc: 60.66%
Epoch 45/300 | Loss: 0.8799 | Val Acc: 59.11%
Epoch 46/300 | Loss: 0.8750 | Val Acc: 56.96%
Epoch 47/300 | Loss: 0.8541 | Val Acc: 60.80%
Epoch 48/300 | Loss: 0.8379 | Val Acc: 61.84%
Epoch 49/300 | Loss: 0.8239 | Val Acc: 60.52%

🔥 [Filter-GEMA] Step Pruning Triggered | Epoch: 50
🎯 Target Sparsity: 40.0% | Current: 19.97%
✅ [Result] Pruned 441 filters to reach 40.0% Sparsity.
 🔵 Final Sparsity: 51.54 % | 🟢 Size: 1.58 MB
=========================================================================================

Epoch 50/300 | Loss: 1.8064 | Val Acc: 49.79%
Epoch 51/300 | Loss: 1.4600 | Val Acc: 52.18%
Epoch 52/300 | Loss: 1.3593 | Val Acc: 55.58%
Epoch 53/300 | Loss: 1.3068 | Val Acc: 54.35%
Epoch 54/300 | Loss: 1.2645 | Val Acc: 56.38%
Epoch 55/300 | Loss: 1.2208 | Val Acc: 56.02%
Epoch 56/300 | Loss: 1.1865 | Val Acc: 55.97%
Epoch 57/300 | Loss: 1.1655 | Val Acc: 56.71%
Epoch 58/300 | Loss: 1.1395 | Val Acc: 58.09%
Epoch 59/300 | Loss: 1.1036 | Val Acc: 59.39%
Epoch 60/300 | Loss: 1.0866 | Val Acc: 57.21%
Epoch 61/300 | Loss: 1.0719 | Val Acc: 58.86%
Epoch 62/300 | Loss: 1.0524 | Val Acc: 59.34%
Epoch 63/300 | Loss: 1.0376 | Val Acc: 59.63%
Epoch 64/300 | Loss: 1.0242 | Val Acc: 59.71%
Epoch 65/300 | Loss: 1.0062 | Val Acc: 58.46%
Epoch 66/300 | Loss: 0.9955 | Val Acc: 58.68%
Epoch 67/300 | Loss: 0.9837 | Val Acc: 58.41%
Epoch 68/300 | Loss: 0.9694 | Val Acc: 60.75%
Epoch 69/300 | Loss: 0.9653 | Val Acc: 58.48%

🔥 [Filter-GEMA] Step Pruning Triggered | Epoch: 70
🎯 Target Sparsity: 60.0% | Current: 39.77%
✅ [Result] Pruned 437 filters to reach 60.0% Sparsity.
 🔵 Final Sparsity: 71.04 % | 🟢 Size: 0.95 MB
=========================================================================================

Epoch 70/300 | Loss: 2.5999 | Val Acc: 40.55%
Epoch 71/300 | Loss: 1.9533 | Val Acc: 43.97%
Epoch 72/300 | Loss: 1.7955 | Val Acc: 46.25%
Epoch 73/300 | Loss: 1.7087 | Val Acc: 43.75%
Epoch 74/300 | Loss: 1.6509 | Val Acc: 49.75%
Epoch 75/300 | Loss: 1.5970 | Val Acc: 50.75%
Epoch 76/300 | Loss: 1.5598 | Val Acc: 51.05%
Epoch 77/300 | Loss: 1.5388 | Val Acc: 51.81%
Epoch 78/300 | Loss: 1.5103 | Val Acc: 52.28%
Epoch 79/300 | Loss: 1.4910 | Val Acc: 51.80%
Epoch 80/300 | Loss: 1.4549 | Val Acc: 51.65%
Epoch 81/300 | Loss: 1.4443 | Val Acc: 50.31%
Epoch 82/300 | Loss: 1.4246 | Val Acc: 52.26%
Epoch 83/300 | Loss: 1.4002 | Val Acc: 53.46%
Epoch 84/300 | Loss: 1.3941 | Val Acc: 55.19%
Epoch 85/300 | Loss: 1.3819 | Val Acc: 52.79%
Epoch 86/300 | Loss: 1.3711 | Val Acc: 54.15%
Epoch 87/300 | Loss: 1.3496 | Val Acc: 52.92%
Epoch 88/300 | Loss: 1.3481 | Val Acc: 54.84%
Epoch 89/300 | Loss: 1.3311 | Val Acc: 54.73%

🔥 [Filter-GEMA] Step Pruning Triggered | Epoch: 90
🎯 Target Sparsity: 80.0% | Current: 59.38%
✅ [Result] Pruned 427 filters to reach 80.0% Sparsity.
 🔵 Final Sparsity: 79.15 % | 🟢 Size: 0.68 MB
=========================================================================================

Epoch 90/300 | Loss: 4.5703 | Val Acc: 2.99%
Epoch 91/300 | Loss: 4.5418 | Val Acc: 3.34%
Epoch 92/300 | Loss: 4.5319 | Val Acc: 3.45%
Epoch 93/300 | Loss: 4.5252 | Val Acc: 3.69%
Epoch 94/300 | Loss: 4.5183 | Val Acc: 3.81%
Epoch 95/300 | Loss: 4.5103 | Val Acc: 3.91%
Epoch 96/300 | Loss: 4.5081 | Val Acc: 4.19%
Epoch 97/300 | Loss: 4.5039 | Val Acc: 4.21%
Epoch 98/300 | Loss: 4.4983 | Val Acc: 4.30%
Epoch 99/300 | Loss: 4.4920 | Val Acc: 4.39%
Epoch 100/300 | Loss: 4.4902 | Val Acc: 4.21%
Epoch 101/300 | Loss: 4.4846 | Val Acc: 4.67%
Epoch 102/300 | Loss: 4.4783 | Val Acc: 4.71%
Epoch 103/300 | Loss: 4.4733 | Val Acc: 4.93%
Epoch 104/300 | Loss: 4.4679 | Val Acc: 5.01%
Epoch 105/300 | Loss: 4.4666 | Val Acc: 4.76%
Epoch 106/300 | Loss: 4.4601 | Val Acc: 5.19%
Epoch 107/300 | Loss: 4.4565 | Val Acc: 5.16%
Epoch 108/300 | Loss: 4.4539 | Val Acc: 4.78%
Epoch 109/300 | Loss: 4.4487 | Val Acc: 5.12%

🔥 [Filter-GEMA] Step Pruning Triggered | Epoch: 110
🎯 Target Sparsity: 90.0% | Current: 78.55%
✅ [Result] Pruned 176 filters to reach 90.0% Sparsity.
 🔵 Final Sparsity: 87.82 % | 🟢 Size: 0.40 MB
=========================================================================================

Epoch 110/300 | Loss: 4.4988 | Val Acc: 4.53%
Epoch 111/300 | Loss: 4.4736 | Val Acc: 4.61%
Epoch 112/300 | Loss: 4.4632 | Val Acc: 4.95%
Epoch 113/300 | Loss: 4.4590 | Val Acc: 4.94%
Epoch 114/300 | Loss: 4.4526 | Val Acc: 4.83%
Epoch 115/300 | Loss: 4.4498 | Val Acc: 5.22%
Epoch 116/300 | Loss: 4.4461 | Val Acc: 5.18%
Epoch 117/300 | Loss: 4.4424 | Val Acc: 5.34%
Epoch 118/300 | Loss: 4.4392 | Val Acc: 4.99%
Epoch 119/300 | Loss: 4.4375 | Val Acc: 5.20%
Epoch 120/300 | Loss: 4.4337 | Val Acc: 5.28%
Epoch 121/300 | Loss: 4.4308 | Val Acc: 5.07%
Epoch 122/300 | Loss: 4.4275 | Val Acc: 5.63%
Epoch 123/300 | Loss: 4.4242 | Val Acc: 5.48%
Epoch 124/300 | Loss: 4.4242 | Val Acc: 5.48%
Epoch 125/300 | Loss: 4.4206 | Val Acc: 5.48%
Epoch 126/300 | Loss: 4.4204 | Val Acc: 5.50%
Epoch 127/300 | Loss: 4.4168 | Val Acc: 5.53%
Epoch 128/300 | Loss: 4.4158 | Val Acc: 5.00%
Epoch 129/300 | Loss: 4.4124 | Val Acc: 5.68%

🔥 [Filter-GEMA] Step Pruning Triggered | Epoch: 130
🎯 Target Sparsity: 90.0% | Current: 86.45%
✅ [Result] Pruned 34 filters to reach 90.0% Sparsity.
 🔵 Final Sparsity: 88.96 % | 🟢 Size: 0.36 MB
=========================================================================================

Epoch 130/300 | Loss: 4.4323 | Val Acc: 5.38%
Epoch 131/300 | Loss: 4.4207 | Val Acc: 5.35%
Epoch 132/300 | Loss: 4.4200 | Val Acc: 5.39%
Epoch 133/300 | Loss: 4.4150 | Val Acc: 5.58%
Epoch 134/300 | Loss: 4.4135 | Val Acc: 5.77%
Epoch 135/300 | Loss: 4.4091 | Val Acc: 5.62%
Epoch 136/300 | Loss: 4.4065 | Val Acc: 5.16%
Epoch 137/300 | Loss: 4.4069 | Val Acc: 5.53%
Epoch 138/300 | Loss: 4.4039 | Val Acc: 5.63%
Epoch 139/300 | Loss: 4.4012 | Val Acc: 5.75%
Epoch 140/300 | Loss: 4.4023 | Val Acc: 5.92%
Epoch 141/300 | Loss: 4.4021 | Val Acc: 5.96%
Epoch 142/300 | Loss: 4.3968 | Val Acc: 5.66%
Epoch 143/300 | Loss: 4.3970 | Val Acc: 5.60%
Epoch 144/300 | Loss: 4.3961 | Val Acc: 6.17%
Epoch 145/300 | Loss: 4.3932 | Val Acc: 5.95%
Epoch 146/300 | Loss: 4.3927 | Val Acc: 5.74%
Epoch 147/300 | Loss: 4.3900 | Val Acc: 5.65%
Epoch 148/300 | Loss: 4.3927 | Val Acc: 5.72%
Epoch 149/300 | Loss: 4.3901 | Val Acc: 5.77%

🔥 [Filter-GEMA] Step Pruning Triggered | Epoch: 150
🎯 Target Sparsity: 90.0% | Current: 87.97%
✅ [Result] Pruned 14 filters to reach 90.0% Sparsity.
 🔵 Final Sparsity: 89.40 % | 🟢 Size: 0.35 MB
=========================================================================================

Epoch 150/300 | Loss: 4.3969 | Val Acc: 5.74%
Epoch 151/300 | Loss: 4.3913 | Val Acc: 5.98%
Epoch 152/300 | Loss: 4.3907 | Val Acc: 5.68%
Epoch 153/300 | Loss: 4.3902 | Val Acc: 6.27%
Epoch 154/300 | Loss: 4.3882 | Val Acc: 5.56%
Epoch 155/300 | Loss: 4.3902 | Val Acc: 6.37%
Epoch 156/300 | Loss: 4.3828 | Val Acc: 6.14%
Epoch 157/300 | Loss: 4.3856 | Val Acc: 6.26%
Epoch 158/300 | Loss: 4.3829 | Val Acc: 6.07%
Epoch 159/300 | Loss: 4.3823 | Val Acc: 6.03%
Epoch 160/300 | Loss: 4.3792 | Val Acc: 6.04%
Epoch 161/300 | Loss: 4.3794 | Val Acc: 5.48%
Epoch 162/300 | Loss: 4.3806 | Val Acc: 5.98%
Epoch 163/300 | Loss: 4.3783 | Val Acc: 6.15%
Epoch 164/300 | Loss: 4.3758 | Val Acc: 5.89%
Epoch 165/300 | Loss: 4.3771 | Val Acc: 6.05%
Epoch 166/300 | Loss: 4.3752 | Val Acc: 6.18%
Epoch 167/300 | Loss: 4.3751 | Val Acc: 6.17%
Epoch 168/300 | Loss: 4.3744 | Val Acc: 6.06%
Epoch 169/300 | Loss: 4.3740 | Val Acc: 6.46%

🔥 [Filter-GEMA] Step Pruning Triggered | Epoch: 170
🎯 Target Sparsity: 90.0% | Current: 88.60%
✅ [Result] Pruned 8 filters to reach 90.0% Sparsity.
 🔵 Final Sparsity: 89.61 % | 🟢 Size: 0.34 MB
=========================================================================================

Epoch 170/300 | Loss: 4.3777 | Val Acc: 6.25%
Epoch 171/300 | Loss: 4.3762 | Val Acc: 6.20%
Epoch 172/300 | Loss: 4.3753 | Val Acc: 6.25%
Epoch 173/300 | Loss: 4.3763 | Val Acc: 6.00%
Epoch 174/300 | Loss: 4.3740 | Val Acc: 6.13%
Epoch 175/300 | Loss: 4.3737 | Val Acc: 6.10%
Epoch 176/300 | Loss: 4.3731 | Val Acc: 6.37%
Epoch 177/300 | Loss: 4.3703 | Val Acc: 6.30%
Epoch 178/300 | Loss: 4.3691 | Val Acc: 6.34%
Epoch 179/300 | Loss: 4.3706 | Val Acc: 6.42%
Epoch 180/300 | Loss: 4.3682 | Val Acc: 5.93%
Epoch 181/300 | Loss: 4.3669 | Val Acc: 6.40%
Epoch 182/300 | Loss: 4.3651 | Val Acc: 6.40%
Epoch 183/300 | Loss: 4.3664 | Val Acc: 6.20%
Epoch 184/300 | Loss: 4.3639 | Val Acc: 6.04%
Epoch 185/300 | Loss: 4.3637 | Val Acc: 6.54%
Epoch 186/300 | Loss: 4.3620 | Val Acc: 6.26%
Epoch 187/300 | Loss: 4.3620 | Val Acc: 5.87%
Epoch 188/300 | Loss: 4.3617 | Val Acc: 6.06%
Epoch 189/300 | Loss: 4.3651 | Val Acc: 6.26%

🔥 [Filter-GEMA] Step Pruning Triggered | Epoch: 190
🎯 Target Sparsity: 90.0% | Current: 88.96%
✅ [Result] Pruned 5 filters to reach 90.0% Sparsity.
 🔵 Final Sparsity: 89.80 % | 🟢 Size: 0.33 MB
=========================================================================================

Epoch 190/300 | Loss: 4.3676 | Val Acc: 6.06%
Epoch 191/300 | Loss: 4.3649 | Val Acc: 5.74%
Epoch 192/300 | Loss: 4.3630 | Val Acc: 6.34%
Epoch 193/300 | Loss: 4.3612 | Val Acc: 6.35%
Epoch 194/300 | Loss: 4.3600 | Val Acc: 5.61%
Epoch 195/300 | Loss: 4.3618 | Val Acc: 6.35%
Epoch 196/300 | Loss: 4.3605 | Val Acc: 6.34%
Epoch 197/300 | Loss: 4.3595 | Val Acc: 6.32%
Epoch 198/300 | Loss: 4.3600 | Val Acc: 6.25%
Epoch 199/300 | Loss: 4.3570 | Val Acc: 6.36%
Epoch 200/300 | Loss: 4.3561 | Val Acc: 6.01%
Epoch 201/300 | Loss: 4.3564 | Val Acc: 6.08%
Epoch 202/300 | Loss: 4.3558 | Val Acc: 6.42%
Epoch 203/300 | Loss: 4.3577 | Val Acc: 5.99%
Epoch 204/300 | Loss: 4.3588 | Val Acc: 6.18%
Epoch 205/300 | Loss: 4.3541 | Val Acc: 5.74%
Epoch 206/300 | Loss: 4.3551 | Val Acc: 6.17%
Epoch 207/300 | Loss: 4.3535 | Val Acc: 6.10%
Epoch 208/300 | Loss: 4.3523 | Val Acc: 6.26%
Epoch 209/300 | Loss: 4.3526 | Val Acc: 6.35%

🔥 [Filter-GEMA] Step Pruning Triggered | Epoch: 210
🎯 Target Sparsity: 90.0% | Current: 89.18%
✅ [Result] Pruned 4 filters to reach 90.0% Sparsity.
 🔵 Final Sparsity: 89.98 % | 🟢 Size: 0.33 MB
=========================================================================================

Epoch 210/300 | Loss: 4.3584 | Val Acc: 6.56%
Epoch 211/300 | Loss: 4.3541 | Val Acc: 6.40%
Epoch 212/300 | Loss: 4.3556 | Val Acc: 6.53%
Epoch 213/300 | Loss: 4.3548 | Val Acc: 6.30%
Epoch 214/300 | Loss: 4.3521 | Val Acc: 6.28%
Epoch 215/300 | Loss: 4.3503 | Val Acc: 6.53%
Epoch 216/300 | Loss: 4.3509 | Val Acc: 6.18%
Epoch 217/300 | Loss: 4.3525 | Val Acc: 6.38%
Epoch 218/300 | Loss: 4.3507 | Val Acc: 6.53%
Epoch 219/300 | Loss: 4.3501 | Val Acc: 6.32%
Epoch 220/300 | Loss: 4.3505 | Val Acc: 6.37%
Epoch 221/300 | Loss: 4.3487 | Val Acc: 6.49%
Epoch 222/300 | Loss: 4.3479 | Val Acc: 6.55%
Epoch 223/300 | Loss: 4.3476 | Val Acc: 6.43%
Epoch 224/300 | Loss: 4.3486 | Val Acc: 6.17%
Epoch 225/300 | Loss: 4.3480 | Val Acc: 6.51%
Epoch 226/300 | Loss: 4.3480 | Val Acc: 6.55%
Epoch 227/300 | Loss: 4.3457 | Val Acc: 6.52%
Epoch 228/300 | Loss: 4.3464 | Val Acc: 6.10%
Epoch 229/300 | Loss: 4.3480 | Val Acc: 6.67%

🔥 [Filter-GEMA] Step Pruning Triggered | Epoch: 230
🎯 Target Sparsity: 90.0% | Current: 89.36%
✅ [Result] Pruned 3 filters to reach 90.0% Sparsity.
 🔵 Final Sparsity: 90.08 % | 🟢 Size: 0.32 MB
=========================================================================================

Epoch 230/300 | Loss: 4.3468 | Val Acc: 6.35%
Epoch 231/300 | Loss: 4.3491 | Val Acc: 6.53%
Epoch 232/300 | Loss: 4.3465 | Val Acc: 6.36%
Epoch 233/300 | Loss: 4.3455 | Val Acc: 6.27%
Epoch 234/300 | Loss: 4.3471 | Val Acc: 6.71%
Epoch 235/300 | Loss: 4.3441 | Val Acc: 6.45%
Epoch 236/300 | Loss: 4.3467 | Val Acc: 6.66%
Epoch 237/300 | Loss: 4.3450 | Val Acc: 6.49%
Epoch 238/300 | Loss: 4.3438 | Val Acc: 6.23%
Epoch 239/300 | Loss: 4.3430 | Val Acc: 6.25%
Epoch 240/300 | Loss: 4.3444 | Val Acc: 6.31%
Epoch 241/300 | Loss: 4.3411 | Val Acc: 6.45%
Epoch 242/300 | Loss: 4.3437 | Val Acc: 6.58%
Epoch 243/300 | Loss: 4.3405 | Val Acc: 6.46%
Epoch 244/300 | Loss: 4.3421 | Val Acc: 6.61%
Epoch 245/300 | Loss: 4.3429 | Val Acc: 6.52%
Epoch 246/300 | Loss: 4.3404 | Val Acc: 6.25%
Epoch 247/300 | Loss: 4.3409 | Val Acc: 6.80%
Epoch 248/300 | Loss: 4.3383 | Val Acc: 6.55%
Epoch 249/300 | Loss: 4.3417 | Val Acc: 6.59%

🔥 [Filter-GEMA] Step Pruning Triggered | Epoch: 250
🎯 Target Sparsity: 90.0% | Current: 89.50%
✅ [Result] Pruned 2 filters to reach 90.0% Sparsity.
 🔵 Final Sparsity: 90.12 % | 🟢 Size: 0.32 MB
=========================================================================================

Epoch 250/300 | Loss: 4.3390 | Val Acc: 6.37%
Epoch 251/300 | Loss: 4.3419 | Val Acc: 6.22%
Epoch 252/300 | Loss: 4.3376 | Val Acc: 6.28%
Epoch 253/300 | Loss: 4.3387 | Val Acc: 6.45%
Epoch 254/300 | Loss: 4.3387 | Val Acc: 6.74%
Epoch 255/300 | Loss: 4.3382 | Val Acc: 6.74%
Epoch 256/300 | Loss: 4.3387 | Val Acc: 6.52%
Epoch 257/300 | Loss: 4.3387 | Val Acc: 6.44%
Epoch 258/300 | Loss: 4.3371 | Val Acc: 6.29%
Epoch 259/300 | Loss: 4.3358 | Val Acc: 6.76%
Epoch 260/300 | Loss: 4.3363 | Val Acc: 6.75%
Epoch 261/300 | Loss: 4.3361 | Val Acc: 6.01%
Epoch 262/300 | Loss: 4.3376 | Val Acc: 6.60%
Epoch 263/300 | Loss: 4.3362 | Val Acc: 6.45%
Epoch 264/300 | Loss: 4.3374 | Val Acc: 6.25%
Epoch 265/300 | Loss: 4.3378 | Val Acc: 5.90%
Epoch 266/300 | Loss: 4.3380 | Val Acc: 6.48%
Epoch 267/300 | Loss: 4.3361 | Val Acc: 6.62%
Epoch 268/300 | Loss: 4.3347 | Val Acc: 6.61%
Epoch 269/300 | Loss: 4.3355 | Val Acc: 6.32%

🔥 [Filter-GEMA] Step Pruning Triggered | Epoch: 270
🎯 Target Sparsity: 90.0% | Current: 89.59%
✅ [Result] Pruned 1 filters to reach 90.0% Sparsity.
 🔵 Final Sparsity: 90.13 % | 🟢 Size: 0.32 MB
=========================================================================================

Epoch 270/300 | Loss: 4.3370 | Val Acc: 6.46%
Epoch 271/300 | Loss: 4.3332 | Val Acc: 6.52%
Epoch 272/300 | Loss: 4.3338 | Val Acc: 6.23%
Epoch 273/300 | Loss: 4.3338 | Val Acc: 6.55%
Epoch 274/300 | Loss: 4.3351 | Val Acc: 6.70%
Epoch 275/300 | Loss: 4.3316 | Val Acc: 6.45%
Epoch 276/300 | Loss: 4.3323 | Val Acc: 6.44%
Epoch 277/300 | Loss: 4.3331 | Val Acc: 6.61%
Epoch 278/300 | Loss: 4.3334 | Val Acc: 6.77%
Epoch 279/300 | Loss: 4.3327 | Val Acc: 6.40%
Epoch 280/300 | Loss: 4.3346 | Val Acc: 6.50%
Epoch 281/300 | Loss: 4.3325 | Val Acc: 6.75%
Epoch 282/300 | Loss: 4.3340 | Val Acc: 6.51%
Epoch 283/300 | Loss: 4.3343 | Val Acc: 6.71%
Epoch 284/300 | Loss: 4.3342 | Val Acc: 6.44%
Epoch 285/300 | Loss: 4.3293 | Val Acc: 6.77%
Epoch 286/300 | Loss: 4.3300 | Val Acc: 6.83%
Epoch 287/300 | Loss: 4.3286 | Val Acc: 6.62%
Epoch 288/300 | Loss: 4.3305 | Val Acc: 6.22%
Epoch 289/300 | Loss: 4.3317 | Val Acc: 6.84%

🔥 [Filter-GEMA] Step Pruning Triggered | Epoch: 290
🎯 Target Sparsity: 90.0% | Current: 89.63%
✅ [Result] Pruned 1 filters to reach 90.0% Sparsity.
 🔵 Final Sparsity: 90.15 % | 🟢 Size: 0.32 MB
=========================================================================================

Epoch 290/300 | Loss: 4.3302 | Val Acc: 6.51%
Epoch 291/300 | Loss: 4.3307 | Val Acc: 6.83%
Epoch 292/300 | Loss: 4.3312 | Val Acc: 6.81%
Epoch 293/300 | Loss: 4.3313 | Val Acc: 6.43%
Epoch 294/300 | Loss: 4.3305 | Val Acc: 6.52%
Epoch 295/300 | Loss: 4.3307 | Val Acc: 6.61%
Epoch 296/300 | Loss: 4.3292 | Val Acc: 6.93%
Epoch 297/300 | Loss: 4.3298 | Val Acc: 6.63%
Epoch 298/300 | Loss: 4.3292 | Val Acc: 6.83%
Epoch 299/300 | Loss: 4.3282 | Val Acc: 6.36%
Epoch 300/300 | Loss: 4.3305 | Val Acc: 6.31%
🏁 Final Model Saved: ./exp/checkpoints/resnet56_filter_gema_final.pth

============================== FINAL PHYSICAL COMPRESSION ==============================
