📝 Logging started: resnet152_pdt_20260217_023318.log
✅ CIFAR-100 Data loaded: Train(50000), Val/Test(10000)
Experimental Mode: N/A
Target Model: resnet152 | Dataset: cifar100

[Stage 1] Analyzing Residual Topology for resnet via PyTorch FX...

==================== Final Topology Groups ====================
 Group  1 | Channels:  256 | Layers: layer1.0.bn3 ... (2 layers)
 Group  2 | Channels:  256 | Layers: layer1.1.bn3 ... (1 layers)
 Group  3 | Channels:  256 | Layers: layer1.2.bn3 ... (1 layers)
 Group  4 | Channels:  512 | Layers: layer2.0.bn3 ... (2 layers)
 Group  5 | Channels:  512 | Layers: layer2.1.bn3 ... (1 layers)
 Group  6 | Channels:  512 | Layers: layer2.2.bn3 ... (1 layers)
 Group  7 | Channels:  512 | Layers: layer2.3.bn3 ... (1 layers)
 Group  8 | Channels:  512 | Layers: layer2.4.bn3 ... (1 layers)
 Group  9 | Channels:  512 | Layers: layer2.5.bn3 ... (1 layers)
 Group 10 | Channels:  512 | Layers: layer2.6.bn3 ... (1 layers)
 Group 11 | Channels:  512 | Layers: layer2.7.bn3 ... (1 layers)
 Group 12 | Channels: 1024 | Layers: layer3.0.bn3 ... (2 layers)
 Group 13 | Channels: 1024 | Layers: layer3.1.bn3 ... (1 layers)
 Group 14 | Channels: 1024 | Layers: layer3.2.bn3 ... (1 layers)
 Group 15 | Channels: 1024 | Layers: layer3.3.bn3 ... (1 layers)
 Group 16 | Channels: 1024 | Layers: layer3.4.bn3 ... (1 layers)
 Group 17 | Channels: 1024 | Layers: layer3.5.bn3 ... (1 layers)
 Group 18 | Channels: 1024 | Layers: layer3.6.bn3 ... (1 layers)
 Group 19 | Channels: 1024 | Layers: layer3.7.bn3 ... (1 layers)
 Group 20 | Channels: 1024 | Layers: layer3.8.bn3 ... (1 layers)
 Group 21 | Channels: 1024 | Layers: layer3.9.bn3 ... (1 layers)
 Group 22 | Channels: 1024 | Layers: layer3.10.bn3 ... (1 layers)
 Group 23 | Channels: 1024 | Layers: layer3.11.bn3 ... (1 layers)
 Group 24 | Channels: 1024 | Layers: layer3.12.bn3 ... (1 layers)
 Group 25 | Channels: 1024 | Layers: layer3.13.bn3 ... (1 layers)
 Group 26 | Channels: 1024 | Layers: layer3.14.bn3 ... (1 layers)
 Group 27 | Channels: 1024 | Layers: layer3.15.bn3 ... (1 layers)
 Group 28 | Channels: 1024 | Layers: layer3.16.bn3 ... (1 layers)
 Group 29 | Channels: 1024 | Layers: layer3.17.bn3 ... (1 layers)
 Group 30 | Channels: 1024 | Layers: layer3.18.bn3 ... (1 layers)
 Group 31 | Channels: 1024 | Layers: layer3.19.bn3 ... (1 layers)
 Group 32 | Channels: 1024 | Layers: layer3.20.bn3 ... (1 layers)
 Group 33 | Channels: 1024 | Layers: layer3.21.bn3 ... (1 layers)
 Group 34 | Channels: 1024 | Layers: layer3.22.bn3 ... (1 layers)
 Group 35 | Channels: 1024 | Layers: layer3.23.bn3 ... (1 layers)
 Group 36 | Channels: 1024 | Layers: layer3.24.bn3 ... (1 layers)
 Group 37 | Channels: 1024 | Layers: layer3.25.bn3 ... (1 layers)
 Group 38 | Channels: 1024 | Layers: layer3.26.bn3 ... (1 layers)
 Group 39 | Channels: 1024 | Layers: layer3.27.bn3 ... (1 layers)
 Group 40 | Channels: 1024 | Layers: layer3.28.bn3 ... (1 layers)
 Group 41 | Channels: 1024 | Layers: layer3.29.bn3 ... (1 layers)
 Group 42 | Channels: 1024 | Layers: layer3.30.bn3 ... (1 layers)
 Group 43 | Channels: 1024 | Layers: layer3.31.bn3 ... (1 layers)
 Group 44 | Channels: 1024 | Layers: layer3.32.bn3 ... (1 layers)
 Group 45 | Channels: 1024 | Layers: layer3.33.bn3 ... (1 layers)
 Group 46 | Channels: 1024 | Layers: layer3.34.bn3 ... (1 layers)
 Group 47 | Channels: 1024 | Layers: layer3.35.bn3 ... (1 layers)
 Group 48 | Channels: 2048 | Layers: layer4.0.bn3 ... (2 layers)
 Group 49 | Channels: 2048 | Layers: layer4.1.bn3 ... (1 layers)
 Group 50 | Channels: 2048 | Layers: layer4.2.bn3 ... (1 layers)
===============================================================
[*] Total 50 groups identified.


[Pruner Init] Strict Conv-Topology Mode Activated
[*] Applied Min Survival Guarantee: 10.0%
[*] Total 50 groups linked to 311 prunable layers.

>>> [System] Loading pre-trained model: ./exp/checkpoints/resnet152_base.pth
✅ Success: Weights loaded from resnet152_base.pth

>>> [Pilot Check] Strategy: PDT | Start Epoch: 120 | Target Ratio: 0.2

=== [Stage 1 & 4] Initial State Analysis ===
[*] Topology Status: 517 nodes currently in graph.
-------------------------------------------------------  ------------  ------------  ------------  ------------  ------------  ------------  ------------  ------------  ------------  ------------  ------------  ------------  ------------  ------------  ------------  
                                                   Name    Self CPU %      Self CPU   CPU total %     CPU total  CPU time avg     Self CUDA   Self CUDA %    CUDA total  CUDA time avg       CPU Mem  Self CPU Mem      CUDA Mem  Self CUDA Mem    # of Calls  Total KFLOPs  
-------------------------------------------------------  ------------  ------------  ------------  ------------  ------------  ------------  ------------  ------------  ------------  ------------  ------------  ------------  ------------  ------------  ------------  
                           aten::_batch_norm_impl_index         0.18%     237.961us        13.10%      17.410ms     112.322us       0.000us         0.00%       1.804ms      11.641us           0 B           0 B       1.32 GB           0 B           155            --  
                                 aten::cudnn_batch_norm        10.50%      13.965ms        12.92%      17.172ms     110.787us       1.779ms        21.47%       1.804ms      11.641us           0 B           0 B       1.32 GB           0 B           155            --  
                                            aten::empty         0.91%       1.212ms         1.47%       1.958ms       2.527us       0.000us         0.00%       0.000us       0.000us           0 B           0 B       1.32 GB       1.32 GB           775            --  
                                       aten::batch_norm         0.18%     243.059us        13.28%      17.653ms     113.890us       0.000us         0.00%       1.804ms      11.641us           0 B           0 B       1.32 GB    -595.00 KB           155            --  
                                       aten::empty_like         0.14%     188.998us         0.96%       1.276ms       8.230us       0.000us         0.00%       0.000us       0.000us           0 B           0 B       1.32 GB           0 B           155            --  
                                           aten::conv2d         0.17%     221.285us        68.96%      91.673ms     591.440us       0.000us         0.00%       6.520ms      42.067us           0 B           0 B       1.32 GB           0 B           155  364767477.760  
                                      aten::convolution         0.22%     290.505us        68.79%      91.452ms     590.013us       0.000us         0.00%       6.520ms      42.067us           0 B           0 B       1.32 GB           0 B           155            --  
                                     aten::_convolution         0.77%       1.026ms        68.57%      91.161ms     588.139us       0.000us         0.00%       6.520ms      42.067us           0 B           0 B       1.32 GB           0 B           155            --  
                                aten::cudnn_convolution        62.04%      82.475ms        67.80%      90.135ms     581.519us       5.108ms        61.64%       6.520ms      42.067us           0 B           0 B       1.32 GB       1.32 GB           155            --  
                                           aten::linear         0.02%      28.850us         0.96%       1.280ms       1.280ms       0.000us         0.00%      18.300us      18.300us           0 B           0 B       9.13 MB           0 B             1            --  
-------------------------------------------------------  ------------  ------------  ------------  ------------  ------------  ------------  ------------  ------------  ------------  ------------  ------------  ------------  ------------  ------------  ------------  
Self CPU time total: 132.945ms
Self CUDA time total: 8.288ms


[Action] Triggering PDT Pruning at Epoch 120...

[DEBUG] === step_pruning Started at Epoch 120 ===
[DEBUG] Current Model Sparsity: 0.00% (Alive: 100.00%)
[DEBUG] I am looking for: 'layer1.0.bn3'
[DEBUG] Closest names in actual model: ['layer1.0.bn3', 'layer4.0.bn3', 'layer3.0.bn3']
[DEBUG] Target Groups for Hessian: [1, 2, 3, 4, 5, 6, 7, 8, 9, 10, 11, 12, 13, 14, 15, 16, 17, 18, 19, 20, 21, 22, 23, 24, 25, 26, 27, 28, 29, 30, 31, 32, 33, 34, 35, 36, 37, 38, 39, 40, 41, 42, 43, 44, 45]
[DEBUG] Calculating Hessian for 48 parameters...
[DEBUG] Total Unit Candidates: 39680
[DEBUG] Target Keep Ratio: 0.8800 (Inc: 0.8800)
[DEBUG] Lagrangian Decision: Pruned 11089 units.
[DEBUG] Actual Mask Updates: 12881 channels.

============================== PDT Pruning Results: Epoch 120 ==============================
 [*] Pruned this step: 12881
 Group  1 |    0/ 256 |   100.0% |     0.014996 | [TARGET]
 Group  2 |    0/ 256 |   100.0% |     0.000000 | [TARGET]
 Group  3 |  218/ 256 |    14.8% |     0.027056 | [TARGET]
 Group  4 |    0/ 512 |   100.0% |     0.034678 | [TARGET]
 Group  5 |  340/ 512 |    33.6% |     0.024738 | [TARGET]
 Group  6 |  384/ 512 |    25.0% |     0.027357 | [TARGET]
 Group  7 |  422/ 512 |    17.6% |     0.061497 | [TARGET]
 Group  8 |  433/ 512 |    15.4% |     0.022491 | [TARGET]
 Group  9 |  468/ 512 |     8.6% |     0.031847 | [TARGET]
 Group 10 |  484/ 512 |     5.5% |     0.019064 | [TARGET]
 Group 11 |  487/ 512 |     4.9% |     0.008618 | [TARGET]
 Group 12 |    0/1024 |   100.0% |     0.009409 | [TARGET]
 Group 13 |  811/1024 |    20.8% |     0.013308 | [TARGET]
 Group 14 |  840/1024 |    18.0% |     0.013408 | [TARGET]
 Group 15 |  852/1024 |    16.8% |     0.017569 | [TARGET]
 Group 16 |  862/1024 |    15.8% |     0.007735 | [TARGET]
 Group 17 |  865/1024 |    15.5% |     0.021392 | [TARGET]
 Group 18 |  873/1024 |    14.7% |     0.019119 | [TARGET]
 Group 19 |  870/1024 |    15.0% |     0.015983 | [TARGET]
 Group 20 |  877/1024 |    14.4% |     0.023667 | [TARGET]
 Group 21 |  896/1024 |    12.5% |     0.014455 | [TARGET]
 Group 22 |  877/1024 |    14.4% |     0.009384 | [TARGET]
 Group 23 |  893/1024 |    12.8% |     0.016680 | [TARGET]
 Group 24 |  838/1024 |    18.2% |     0.026627 | [TARGET]
 Group 25 |  903/1024 |    11.8% |     0.012436 | [TARGET]
 Group 26 |  898/1024 |    12.3% |     0.011284 | [TARGET]
 Group 27 |  902/1024 |    11.9% |     0.018747 | [TARGET]
 Group 28 |  899/1024 |    12.2% |     0.015117 | [TARGET]
 Group 29 |  929/1024 |     9.3% |     0.024385 | [TARGET]
 Group 30 |  935/1024 |     8.7% |     0.015462 | [TARGET]
 Group 31 |  927/1024 |     9.5% |     0.015700 | [TARGET]
 Group 32 |  263/1024 |    74.3% |     0.008492 | [TARGET]
 Group 33 |    0/1024 |   100.0% |     0.000000 | [TARGET]
 Group 34 |  479/1024 |    53.2% |     0.012686 | [TARGET]
 Group 35 |  881/1024 |    14.0% |     0.007935 | [TARGET]
 Group 36 |  919/1024 |    10.3% |     0.005598 | [TARGET]
 Group 37 |  644/1024 |    37.1% |     0.009412 | [TARGET]
 Group 38 |  922/1024 |    10.0% |     0.026379 | [TARGET]
 Group 39 |  925/1024 |     9.7% |     0.023889 | [TARGET]
 Group 40 |  260/1024 |    74.6% |     0.005271 | [TARGET]
 Group 41 |  921/1024 |    10.1% |     0.011390 | [TARGET]
 Group 42 |  629/1024 |    38.6% |     0.017974 | [TARGET]
 Group 43 |   43/1024 |    95.8% |     0.001767 | [TARGET]
 Group 44 |  937/1024 |     8.5% |     0.038447 | [TARGET]
 Group 45 |  785/1024 |    23.3% |     0.012134 | [TARGET]
 Group 46 | 1024/1024 |     0.0% |     0.000000 | [FIXED]
 Group 47 | 1024/1024 |     0.0% |     0.000000 | [FIXED]
 Group 48 | 2048/2048 |     0.0% |     0.000000 | [FIXED]
 Group 49 | 2048/2048 |     0.0% |     0.000000 | [FIXED]
 Group 50 | 2048/2048 |     0.0% |     0.000000 | [FIXED]

[Scientific Metrics - RQ Analysis]
 🔵 Sparsity (Params): 0.04 %
 🟢 Model Size: 222.46 MB
 🟠 Peak VRAM (RQ2): 4091.51 MB
 ⚡ Inference Latency (RQ3): 6.0070 ms
 🚀 Theoretical Speedup: 1.00x
=========================================================================================


[Scientific Metrics - Epoch 120]
 🟢 Model Size: 222.46 MB | 🔵 Sparsity: 0.04 % | 🟡 Speedup: 1.00x
💾 Checkpoint saved: ./exp/checkpoints/resnet152_pdt_ep120_sp0.0.pth
