📝 Logging started: resnet152_pdt_20260217_023912.log
✅ CIFAR-100 Data loaded: Train(50000), Val/Test(10000)
Experimental Mode: N/A
Target Model: resnet152 | Dataset: cifar100

[Stage 1] Analyzing Residual Topology for resnet via PyTorch FX...

==================== Final Topology Groups ====================
 Group  1 | Channels:  256 | Layers: layer1.0.bn3 ... (2 layers)
 Group  2 | Channels:  256 | Layers: layer1.1.bn3 ... (1 layers)
 Group  3 | Channels:  256 | Layers: layer1.2.bn3 ... (1 layers)
 Group  4 | Channels:  512 | Layers: layer2.0.bn3 ... (2 layers)
 Group  5 | Channels:  512 | Layers: layer2.1.bn3 ... (1 layers)
 Group  6 | Channels:  512 | Layers: layer2.2.bn3 ... (1 layers)
 Group  7 | Channels:  512 | Layers: layer2.3.bn3 ... (1 layers)
 Group  8 | Channels:  512 | Layers: layer2.4.bn3 ... (1 layers)
 Group  9 | Channels:  512 | Layers: layer2.5.bn3 ... (1 layers)
 Group 10 | Channels:  512 | Layers: layer2.6.bn3 ... (1 layers)
 Group 11 | Channels:  512 | Layers: layer2.7.bn3 ... (1 layers)
 Group 12 | Channels: 1024 | Layers: layer3.0.bn3 ... (2 layers)
 Group 13 | Channels: 1024 | Layers: layer3.1.bn3 ... (1 layers)
 Group 14 | Channels: 1024 | Layers: layer3.2.bn3 ... (1 layers)
 Group 15 | Channels: 1024 | Layers: layer3.3.bn3 ... (1 layers)
 Group 16 | Channels: 1024 | Layers: layer3.4.bn3 ... (1 layers)
 Group 17 | Channels: 1024 | Layers: layer3.5.bn3 ... (1 layers)
 Group 18 | Channels: 1024 | Layers: layer3.6.bn3 ... (1 layers)
 Group 19 | Channels: 1024 | Layers: layer3.7.bn3 ... (1 layers)
 Group 20 | Channels: 1024 | Layers: layer3.8.bn3 ... (1 layers)
 Group 21 | Channels: 1024 | Layers: layer3.9.bn3 ... (1 layers)
 Group 22 | Channels: 1024 | Layers: layer3.10.bn3 ... (1 layers)
 Group 23 | Channels: 1024 | Layers: layer3.11.bn3 ... (1 layers)
 Group 24 | Channels: 1024 | Layers: layer3.12.bn3 ... (1 layers)
 Group 25 | Channels: 1024 | Layers: layer3.13.bn3 ... (1 layers)
 Group 26 | Channels: 1024 | Layers: layer3.14.bn3 ... (1 layers)
 Group 27 | Channels: 1024 | Layers: layer3.15.bn3 ... (1 layers)
 Group 28 | Channels: 1024 | Layers: layer3.16.bn3 ... (1 layers)
 Group 29 | Channels: 1024 | Layers: layer3.17.bn3 ... (1 layers)
 Group 30 | Channels: 1024 | Layers: layer3.18.bn3 ... (1 layers)
 Group 31 | Channels: 1024 | Layers: layer3.19.bn3 ... (1 layers)
 Group 32 | Channels: 1024 | Layers: layer3.20.bn3 ... (1 layers)
 Group 33 | Channels: 1024 | Layers: layer3.21.bn3 ... (1 layers)
 Group 34 | Channels: 1024 | Layers: layer3.22.bn3 ... (1 layers)
 Group 35 | Channels: 1024 | Layers: layer3.23.bn3 ... (1 layers)
 Group 36 | Channels: 1024 | Layers: layer3.24.bn3 ... (1 layers)
 Group 37 | Channels: 1024 | Layers: layer3.25.bn3 ... (1 layers)
 Group 38 | Channels: 1024 | Layers: layer3.26.bn3 ... (1 layers)
 Group 39 | Channels: 1024 | Layers: layer3.27.bn3 ... (1 layers)
 Group 40 | Channels: 1024 | Layers: layer3.28.bn3 ... (1 layers)
 Group 41 | Channels: 1024 | Layers: layer3.29.bn3 ... (1 layers)
 Group 42 | Channels: 1024 | Layers: layer3.30.bn3 ... (1 layers)
 Group 43 | Channels: 1024 | Layers: layer3.31.bn3 ... (1 layers)
 Group 44 | Channels: 1024 | Layers: layer3.32.bn3 ... (1 layers)
 Group 45 | Channels: 1024 | Layers: layer3.33.bn3 ... (1 layers)
 Group 46 | Channels: 1024 | Layers: layer3.34.bn3 ... (1 layers)
 Group 47 | Channels: 1024 | Layers: layer3.35.bn3 ... (1 layers)
 Group 48 | Channels: 2048 | Layers: layer4.0.bn3 ... (2 layers)
 Group 49 | Channels: 2048 | Layers: layer4.1.bn3 ... (1 layers)
 Group 50 | Channels: 2048 | Layers: layer4.2.bn3 ... (1 layers)
===============================================================
[*] Total 50 groups identified.


[Pruner Init] Strict Conv-Topology Mode Activated
[*] Applied Min Survival Guarantee: 10.0%
[*] Total 50 groups linked to 311 prunable layers.

>>> [System] Loading pre-trained model: ./exp/checkpoints/resnet152_base.pth
✅ Success: Weights loaded from resnet152_base.pth

>>> [Pilot Check] Strategy: PDT | Start Epoch: 120 | Target Ratio: 0.5

=== [Stage 1 & 4] Initial State Analysis ===
[*] Topology Status: 517 nodes currently in graph.
-------------------------------------------------------  ------------  ------------  ------------  ------------  ------------  ------------  ------------  ------------  ------------  ------------  ------------  ------------  ------------  ------------  ------------  
                                                   Name    Self CPU %      Self CPU   CPU total %     CPU total  CPU time avg     Self CUDA   Self CUDA %    CUDA total  CUDA time avg       CPU Mem  Self CPU Mem      CUDA Mem  Self CUDA Mem    # of Calls  Total KFLOPs  
-------------------------------------------------------  ------------  ------------  ------------  ------------  ------------  ------------  ------------  ------------  ------------  ------------  ------------  ------------  ------------  ------------  ------------  
                           aten::_batch_norm_impl_index         0.17%     222.014us        12.92%      17.036ms     109.909us       0.000us         0.00%       1.786ms      11.525us           0 B           0 B       1.32 GB           0 B           155            --  
                                 aten::cudnn_batch_norm        10.36%      13.659ms        12.75%      16.814ms     108.476us       1.762ms        21.48%       1.786ms      11.525us           0 B           0 B       1.32 GB           0 B           155            --  
                                            aten::empty         0.92%       1.212ms         1.47%       1.943ms       2.507us       0.000us         0.00%       0.000us       0.000us           0 B           0 B       1.32 GB       1.32 GB           775            --  
                                       aten::batch_norm         0.18%     239.079us        13.10%      17.275ms     111.451us       0.000us         0.00%       1.786ms      11.525us           0 B           0 B       1.32 GB    -595.00 KB           155            --  
                                       aten::empty_like         0.14%     181.541us         0.94%       1.246ms       8.037us       0.000us         0.00%       0.000us       0.000us           0 B           0 B       1.32 GB           0 B           155            --  
                                           aten::conv2d         0.16%     214.426us        69.09%      91.081ms     587.618us       0.000us         0.00%       6.454ms      41.636us           0 B           0 B       1.32 GB           0 B           155  364767477.760  
                                      aten::convolution         0.21%     281.413us        68.92%      90.866ms     586.234us       0.000us         0.00%       6.454ms      41.636us           0 B           0 B       1.32 GB           0 B           155            --  
                                     aten::_convolution         0.74%     979.529us        68.71%      90.585ms     584.419us       0.000us         0.00%       6.454ms      41.636us           0 B           0 B       1.32 GB           0 B           155            --  
                                aten::cudnn_convolution        62.19%      81.991ms        67.97%      89.605ms     578.099us       5.048ms        61.54%       6.454ms      41.636us           0 B           0 B       1.32 GB       1.32 GB           155            --  
                                           aten::linear         0.02%      28.301us         0.90%       1.191ms       1.191ms       0.000us         0.00%      18.684us      18.684us           0 B           0 B       9.13 MB           0 B             1            --  
-------------------------------------------------------  ------------  ------------  ------------  ------------  ------------  ------------  ------------  ------------  ------------  ------------  ------------  ------------  ------------  ------------  ------------  
Self CPU time total: 131.834ms
Self CUDA time total: 8.204ms


[Action] Triggering PDT Pruning at Epoch 120...

[DEBUG] === step_pruning Started at Epoch 120 ===
[DEBUG] Current Model Sparsity: 0.00% (Alive: 100.00%)
[DEBUG] I am looking for: 'layer1.0.bn3'
[DEBUG] Closest names in actual model: ['layer1.0.bn3', 'layer4.0.bn3', 'layer3.0.bn3']
[DEBUG] Target Groups for Hessian: [1, 2, 3, 4, 5, 6, 7, 8, 9, 10, 11, 12, 13, 14, 15, 16, 17, 18, 19, 20, 21, 22, 23, 24, 25, 26, 27, 28, 29, 30, 31, 32, 33, 34, 35, 36, 37, 38, 39, 40, 41, 42, 43, 44, 45]
[DEBUG] Calculating Hessian for 48 parameters...
[DEBUG] Total Unit Candidates: 39680
[DEBUG] Target Keep Ratio: 0.9000 (Inc: 0.9000)
[DEBUG] Lagrangian Decision: Pruned 11520 units.
[DEBUG] Actual Mask Updates: 13312 channels.

============================== PDT Pruning Results: Epoch 120 ==============================
 [*] Pruned this step: 13312
 Group  1 |    0/ 256 |   100.0% |     0.000268 | [TARGET]
 Group  2 |    0/ 256 |   100.0% |     0.000000 | [TARGET]
 Group  3 |  215/ 256 |    16.0% |     0.000303 | [TARGET]
 Group  4 |    0/ 512 |   100.0% |     0.000272 | [TARGET]
 Group  5 |  336/ 512 |    34.4% |     0.000375 | [TARGET]
 Group  6 |  384/ 512 |    25.0% |     0.000476 | [TARGET]
 Group  7 |  419/ 512 |    18.2% |     0.000611 | [TARGET]
 Group  8 |  432/ 512 |    15.6% |     0.000692 | [TARGET]
 Group  9 |  466/ 512 |     9.0% |     0.000662 | [TARGET]
 Group 10 |  482/ 512 |     5.9% |     0.000541 | [TARGET]
 Group 11 |  482/ 512 |     5.9% |     0.000353 | [TARGET]
 Group 12 |    0/1024 |   100.0% |     0.000864 | [TARGET]
 Group 13 |  808/1024 |    21.1% |     0.000200 | [TARGET]
 Group 14 |  833/1024 |    18.7% |     0.000307 | [TARGET]
 Group 15 |  854/1024 |    16.6% |     0.000298 | [TARGET]
 Group 16 |  864/1024 |    15.6% |     0.000241 | [TARGET]
 Group 17 |  862/1024 |    15.8% |     0.000251 | [TARGET]
 Group 18 |  869/1024 |    15.1% |     0.000339 | [TARGET]
 Group 19 |  872/1024 |    14.8% |     0.000355 | [TARGET]
 Group 20 |  872/1024 |    14.8% |     0.000314 | [TARGET]
 Group 21 |  895/1024 |    12.6% |     0.000377 | [TARGET]
 Group 22 |  875/1024 |    14.6% |     0.000163 | [TARGET]
 Group 23 |  887/1024 |    13.4% |     0.000205 | [TARGET]
 Group 24 |  820/1024 |    19.9% |     0.000140 | [TARGET]
 Group 25 |  899/1024 |    12.2% |     0.000248 | [TARGET]
 Group 26 |  890/1024 |    13.1% |     0.000214 | [TARGET]
 Group 27 |  896/1024 |    12.5% |     0.000253 | [TARGET]
 Group 28 |  893/1024 |    12.8% |     0.000225 | [TARGET]
 Group 29 |  924/1024 |     9.8% |     0.000326 | [TARGET]
 Group 30 |  932/1024 |     9.0% |     0.000368 | [TARGET]
 Group 31 |  928/1024 |     9.4% |     0.000348 | [TARGET]
 Group 32 |  209/1024 |    79.6% |     0.000037 | [TARGET]
 Group 33 |    0/1024 |   100.0% |     0.000000 | [TARGET]
 Group 34 |  434/1024 |    57.6% |     0.000088 | [TARGET]
 Group 35 |  875/1024 |    14.6% |     0.000193 | [TARGET]
 Group 36 |  922/1024 |    10.0% |     0.000381 | [TARGET]
 Group 37 |  622/1024 |    39.3% |     0.000185 | [TARGET]
 Group 38 |  918/1024 |    10.4% |     0.000347 | [TARGET]
 Group 39 |  918/1024 |    10.4% |     0.000314 | [TARGET]
 Group 40 |  196/1024 |    80.9% |     0.000021 | [TARGET]
 Group 41 |  914/1024 |    10.7% |     0.000234 | [TARGET]
 Group 42 |  550/1024 |    46.3% |     0.000064 | [TARGET]
 Group 43 |   42/1024 |    95.9% |     0.000014 | [TARGET]
 Group 44 |  937/1024 |     8.5% |     0.000639 | [TARGET]
 Group 45 |  734/1024 |    28.3% |     0.000073 | [TARGET]
 Group 46 | 1024/1024 |     0.0% |     0.000000 | [FIXED]
 Group 47 | 1024/1024 |     0.0% |     0.000000 | [FIXED]
 Group 48 | 2048/2048 |     0.0% |     0.000000 | [FIXED]
 Group 49 | 2048/2048 |     0.0% |     0.000000 | [FIXED]
 Group 50 | 2048/2048 |     0.0% |     0.000000 | [FIXED]

[Scientific Metrics - RQ Analysis]
 🔵 Sparsity (Params): 0.05 %
 🟢 Model Size: 222.45 MB
 🟠 Peak VRAM (RQ2): 4091.51 MB
 ⚡ Inference Latency (RQ3): 6.0511 ms
 🚀 Theoretical Speedup: 1.00x
=========================================================================================


[Scientific Metrics - Epoch 120]
 🟢 Model Size: 222.45 MB | 🔵 Sparsity: 0.05 % | 🟡 Speedup: 1.00x
💾 Checkpoint saved: ./exp/checkpoints/resnet152_pdt_ep120_sp0.0.pth
Epoch 120/400 | Loss: 4.6156 | Val Acc: 1.00%
Epoch 121/400 | Loss: 4.6213 | Val Acc: 1.00%
Epoch 122/400 | Loss: 4.6099 | Val Acc: 1.00%
Epoch 123/400 | Loss: 4.6100 | Val Acc: 1.00%
Epoch 124/400 | Loss: 4.6099 | Val Acc: 1.00%
Epoch 125/400 | Loss: 4.6097 | Val Acc: 1.00%
Epoch 126/400 | Loss: 4.6098 | Val Acc: 1.00%
Epoch 127/400 | Loss: 4.6098 | Val Acc: 1.00%
Epoch 128/400 | Loss: 4.6100 | Val Acc: 1.00%
Epoch 129/400 | Loss: 4.6097 | Val Acc: 1.00%
Epoch 130/400 | Loss: 4.6101 | Val Acc: 1.00%
Epoch 131/400 | Loss: 4.6097 | Val Acc: 1.00%
Epoch 132/400 | Loss: 4.6099 | Val Acc: 1.00%
Epoch 133/400 | Loss: 4.6098 | Val Acc: 1.00%
Epoch 134/400 | Loss: 4.6102 | Val Acc: 1.00%
Epoch 135/400 | Loss: 4.6101 | Val Acc: 1.00%
Epoch 136/400 | Loss: 4.6098 | Val Acc: 1.00%
Epoch 137/400 | Loss: 4.6100 | Val Acc: 1.00%
Epoch 138/400 | Loss: 4.6095 | Val Acc: 1.00%
Epoch 139/400 | Loss: 4.6098 | Val Acc: 1.00%

[Action] Triggering PDT Pruning at Epoch 140...

[DEBUG] === step_pruning Started at Epoch 140 ===
[DEBUG] Current Model Sparsity: 0.05% (Alive: 99.95%)
[DEBUG] I am looking for: 'layer1.0.bn3'
[DEBUG] Closest names in actual model: ['layer1.0.bn3', 'layer4.0.bn3', 'layer3.0.bn3']
[DEBUG] Target Groups for Hessian: [1, 2, 3, 4, 5, 6, 7, 8, 9, 10, 11, 12, 13, 14, 15, 16, 17, 18, 19, 20, 21, 22, 23, 24, 25, 26, 27, 28, 29, 30, 31, 32, 33, 34, 35, 36, 37, 38, 39, 40, 41, 42, 43, 44, 45]
[DEBUG] Calculating Hessian for 48 parameters...
[DEBUG] 🚨 ALERT: Group 1 mask is ALL ZERO. Resetting to 1.0.
[DEBUG] 🚨 ALERT: Group 2 mask is ALL ZERO. Resetting to 1.0.
[DEBUG] 🚨 ALERT: Group 4 mask is ALL ZERO. Resetting to 1.0.
[DEBUG] 🚨 ALERT: Group 12 mask is ALL ZERO. Resetting to 1.0.
[DEBUG] 🚨 ALERT: Group 33 mask is ALL ZERO. Resetting to 1.0.
[DEBUG] Total Unit Candidates: 31232
[DEBUG] Target Keep Ratio: 0.8995 (Inc: 0.9000)
[DEBUG] Lagrangian Decision: Pruned 1792 units.
[DEBUG] Actual Mask Updates: 3584 channels.

============================== PDT Pruning Results: Epoch 140 ==============================
 [*] Pruned this step: 3584
 Group  1 |    0/ 256 |   100.0% |     0.000000 | [TARGET]
 Group  2 |  256/ 256 |     0.0% |     0.000000 | [TARGET]
 Group  3 |  215/ 256 |    16.0% |     0.000000 | [TARGET]
 Group  4 |    0/ 512 |   100.0% |     0.000000 | [TARGET]
 Group  5 |  336/ 512 |    34.4% |     0.000000 | [TARGET]
 Group  6 |  384/ 512 |    25.0% |     0.000000 | [TARGET]
 Group  7 |  419/ 512 |    18.2% |     0.000000 | [TARGET]
 Group  8 |  432/ 512 |    15.6% |     0.000000 | [TARGET]
 Group  9 |  466/ 512 |     9.0% |     0.000000 | [TARGET]
 Group 10 |  482/ 512 |     5.9% |     0.000000 | [TARGET]
 Group 11 |  482/ 512 |     5.9% |     0.000000 | [TARGET]
 Group 12 |    0/1024 |   100.0% |     0.000000 | [TARGET]
 Group 13 |  808/1024 |    21.1% |     0.000000 | [TARGET]
 Group 14 |  833/1024 |    18.7% |     0.000000 | [TARGET]
 Group 15 |  854/1024 |    16.6% |     0.000000 | [TARGET]
 Group 16 |  864/1024 |    15.6% |     0.000000 | [TARGET]
 Group 17 |  862/1024 |    15.8% |     0.000000 | [TARGET]
 Group 18 |  869/1024 |    15.1% |     0.000000 | [TARGET]
 Group 19 |  872/1024 |    14.8% |     0.000000 | [TARGET]
 Group 20 |  872/1024 |    14.8% |     0.000000 | [TARGET]
 Group 21 |  895/1024 |    12.6% |     0.000000 | [TARGET]
 Group 22 |  875/1024 |    14.6% |     0.000000 | [TARGET]
 Group 23 |  887/1024 |    13.4% |     0.000000 | [TARGET]
 Group 24 |  820/1024 |    19.9% |     0.000000 | [TARGET]
 Group 25 |  899/1024 |    12.2% |     0.000000 | [TARGET]
 Group 26 |  890/1024 |    13.1% |     0.000000 | [TARGET]
 Group 27 |  896/1024 |    12.5% |     0.000000 | [TARGET]
 Group 28 |  893/1024 |    12.8% |     0.000000 | [TARGET]
 Group 29 |  924/1024 |     9.8% |     0.000000 | [TARGET]
 Group 30 |  932/1024 |     9.0% |     0.000000 | [TARGET]
 Group 31 |  928/1024 |     9.4% |     0.000000 | [TARGET]
 Group 32 |  209/1024 |    79.6% |     0.000000 | [TARGET]
 Group 33 | 1024/1024 |     0.0% |     0.000000 | [TARGET]
 Group 34 |  434/1024 |    57.6% |     0.000000 | [TARGET]
 Group 35 |  875/1024 |    14.6% |     0.000000 | [TARGET]
 Group 36 |  922/1024 |    10.0% |     0.000000 | [TARGET]
 Group 37 |  622/1024 |    39.3% |     0.000000 | [TARGET]
 Group 38 |  918/1024 |    10.4% |     0.000000 | [TARGET]
 Group 39 |  918/1024 |    10.4% |     0.000000 | [TARGET]
 Group 40 |  196/1024 |    80.9% |     0.000000 | [TARGET]
 Group 41 |  914/1024 |    10.7% |     0.000000 | [TARGET]
 Group 42 |  550/1024 |    46.3% |     0.000000 | [TARGET]
 Group 43 |   42/1024 |    95.9% |     0.000000 | [TARGET]
 Group 44 |  937/1024 |     8.5% |     0.000000 | [TARGET]
 Group 45 |  734/1024 |    28.3% |     0.000000 | [TARGET]
 Group 46 | 1024/1024 |     0.0% |     0.000000 | [FIXED]
 Group 47 | 1024/1024 |     0.0% |     0.000000 | [FIXED]
 Group 48 | 2048/2048 |     0.0% |     0.000000 | [FIXED]
 Group 49 | 2048/2048 |     0.0% |     0.000000 | [FIXED]
 Group 50 | 2048/2048 |     0.0% |     0.000000 | [FIXED]

[Scientific Metrics - RQ Analysis]
 🔵 Sparsity (Params): 0.04 %
 🟢 Model Size: 222.46 MB
 🟠 Peak VRAM (RQ2): 4316.20 MB
 ⚡ Inference Latency (RQ3): 5.8984 ms
 🚀 Theoretical Speedup: 1.00x
=========================================================================================


[Scientific Metrics - Epoch 140]
 🟢 Model Size: 222.46 MB | 🔵 Sparsity: 0.04 % | 🟡 Speedup: 1.00x
💾 Checkpoint saved: ./exp/checkpoints/resnet152_pdt_ep140_sp0.0.pth
Epoch 140/400 | Loss: 4.6098 | Val Acc: 1.00%
Epoch 141/400 | Loss: 4.6097 | Val Acc: 1.00%
Epoch 142/400 | Loss: 4.6100 | Val Acc: 1.00%
Epoch 143/400 | Loss: 4.6096 | Val Acc: 1.00%
Epoch 144/400 | Loss: 4.6098 | Val Acc: 1.00%
Epoch 145/400 | Loss: 4.6100 | Val Acc: 1.00%
Epoch 146/400 | Loss: 4.6100 | Val Acc: 1.00%
Epoch 147/400 | Loss: 4.6103 | Val Acc: 1.00%
Epoch 148/400 | Loss: 4.6099 | Val Acc: 1.00%
Epoch 149/400 | Loss: 4.6099 | Val Acc: 1.00%
Epoch 150/400 | Loss: 4.6098 | Val Acc: 1.00%
Epoch 151/400 | Loss: 4.6101 | Val Acc: 1.00%
Epoch 152/400 | Loss: 4.6097 | Val Acc: 1.00%
Epoch 153/400 | Loss: 4.6100 | Val Acc: 1.00%
Epoch 154/400 | Loss: 4.6098 | Val Acc: 1.00%
Epoch 155/400 | Loss: 4.6098 | Val Acc: 1.00%
Epoch 156/400 | Loss: 4.6096 | Val Acc: 1.00%
Epoch 157/400 | Loss: 4.6098 | Val Acc: 1.00%
Epoch 158/400 | Loss: 4.6100 | Val Acc: 1.00%
Epoch 159/400 | Loss: 4.6101 | Val Acc: 1.00%

[Action] Triggering PDT Pruning at Epoch 160...

[DEBUG] === step_pruning Started at Epoch 160 ===
[DEBUG] Current Model Sparsity: 0.04% (Alive: 99.96%)
[DEBUG] I am looking for: 'layer1.0.bn3'
[DEBUG] Closest names in actual model: ['layer1.0.bn3', 'layer4.0.bn3', 'layer3.0.bn3']
[DEBUG] Target Groups for Hessian: [1, 2, 3, 4, 5, 6, 7, 8, 9, 10, 11, 12, 13, 14, 15, 16, 17, 18, 19, 20, 21, 22, 23, 24, 25, 26, 27, 28, 29, 30, 31, 32, 33, 34, 35, 36, 37, 38, 39, 40, 41, 42, 43, 44, 45]
[DEBUG] Calculating Hessian for 48 parameters...
[DEBUG] 🚨 ALERT: Group 1 mask is ALL ZERO. Resetting to 1.0.
[DEBUG] 🚨 ALERT: Group 4 mask is ALL ZERO. Resetting to 1.0.
[DEBUG] 🚨 ALERT: Group 12 mask is ALL ZERO. Resetting to 1.0.
[DEBUG] Total Unit Candidates: 31232
[DEBUG] Target Keep Ratio: 0.8996 (Inc: 0.9000)
[DEBUG] Lagrangian Decision: Pruned 1792 units.
[DEBUG] Actual Mask Updates: 3584 channels.

============================== PDT Pruning Results: Epoch 160 ==============================
 [*] Pruned this step: 3584
 Group  1 |    0/ 256 |   100.0% |     0.000000 | [TARGET]
 Group  2 |  256/ 256 |     0.0% |     0.000000 | [TARGET]
 Group  3 |  215/ 256 |    16.0% |     0.000000 | [TARGET]
 Group  4 |    0/ 512 |   100.0% |     0.000000 | [TARGET]
 Group  5 |  336/ 512 |    34.4% |     0.000000 | [TARGET]
 Group  6 |  384/ 512 |    25.0% |     0.000000 | [TARGET]
 Group  7 |  419/ 512 |    18.2% |     0.000000 | [TARGET]
 Group  8 |  432/ 512 |    15.6% |     0.000000 | [TARGET]
 Group  9 |  466/ 512 |     9.0% |     0.000000 | [TARGET]
 Group 10 |  482/ 512 |     5.9% |     0.000000 | [TARGET]
 Group 11 |  482/ 512 |     5.9% |     0.000000 | [TARGET]
 Group 12 |    0/1024 |   100.0% |     0.000000 | [TARGET]
 Group 13 |  808/1024 |    21.1% |     0.000000 | [TARGET]
 Group 14 |  833/1024 |    18.7% |     0.000000 | [TARGET]
 Group 15 |  854/1024 |    16.6% |     0.000000 | [TARGET]
 Group 16 |  864/1024 |    15.6% |     0.000000 | [TARGET]
 Group 17 |  862/1024 |    15.8% |     0.000000 | [TARGET]
 Group 18 |  869/1024 |    15.1% |     0.000000 | [TARGET]
 Group 19 |  872/1024 |    14.8% |     0.000000 | [TARGET]
 Group 20 |  872/1024 |    14.8% |     0.000000 | [TARGET]
 Group 21 |  895/1024 |    12.6% |     0.000000 | [TARGET]
 Group 22 |  875/1024 |    14.6% |     0.000000 | [TARGET]
 Group 23 |  887/1024 |    13.4% |     0.000000 | [TARGET]
 Group 24 |  820/1024 |    19.9% |     0.000000 | [TARGET]
 Group 25 |  899/1024 |    12.2% |     0.000000 | [TARGET]
 Group 26 |  890/1024 |    13.1% |     0.000000 | [TARGET]
 Group 27 |  896/1024 |    12.5% |     0.000000 | [TARGET]
 Group 28 |  893/1024 |    12.8% |     0.000000 | [TARGET]
 Group 29 |  924/1024 |     9.8% |     0.000000 | [TARGET]
 Group 30 |  932/1024 |     9.0% |     0.000000 | [TARGET]
 Group 31 |  928/1024 |     9.4% |     0.000000 | [TARGET]
 Group 32 |  209/1024 |    79.6% |     0.000000 | [TARGET]
 Group 33 | 1024/1024 |     0.0% |     0.000000 | [TARGET]
 Group 34 |  434/1024 |    57.6% |     0.000000 | [TARGET]
 Group 35 |  875/1024 |    14.6% |     0.000000 | [TARGET]
 Group 36 |  922/1024 |    10.0% |     0.000000 | [TARGET]
 Group 37 |  622/1024 |    39.3% |     0.000000 | [TARGET]
 Group 38 |  918/1024 |    10.4% |     0.000000 | [TARGET]
 Group 39 |  918/1024 |    10.4% |     0.000000 | [TARGET]
 Group 40 |  196/1024 |    80.9% |     0.000000 | [TARGET]
 Group 41 |  914/1024 |    10.7% |     0.000000 | [TARGET]
 Group 42 |  550/1024 |    46.3% |     0.000000 | [TARGET]
 Group 43 |   42/1024 |    95.9% |     0.000000 | [TARGET]
 Group 44 |  937/1024 |     8.5% |     0.000000 | [TARGET]
 Group 45 |  734/1024 |    28.3% |     0.000000 | [TARGET]
 Group 46 | 1024/1024 |     0.0% |     0.000000 | [FIXED]
 Group 47 | 1024/1024 |     0.0% |     0.000000 | [FIXED]
 Group 48 | 2048/2048 |     0.0% |     0.000000 | [FIXED]
 Group 49 | 2048/2048 |     0.0% |     0.000000 | [FIXED]
 Group 50 | 2048/2048 |     0.0% |     0.000000 | [FIXED]

[Scientific Metrics - RQ Analysis]
 🔵 Sparsity (Params): 0.04 %
 🟢 Model Size: 222.46 MB
 🟠 Peak VRAM (RQ2): 4317.70 MB
 ⚡ Inference Latency (RQ3): 6.1798 ms
 🚀 Theoretical Speedup: 1.00x
=========================================================================================


[Scientific Metrics - Epoch 160]
 🟢 Model Size: 222.46 MB | 🔵 Sparsity: 0.04 % | 🟡 Speedup: 1.00x
💾 Checkpoint saved: ./exp/checkpoints/resnet152_pdt_ep160_sp0.0.pth
Epoch 160/400 | Loss: 4.6101 | Val Acc: 1.00%
Epoch 161/400 | Loss: 4.6097 | Val Acc: 1.00%
Epoch 162/400 | Loss: 4.6099 | Val Acc: 1.00%
Epoch 163/400 | Loss: 4.6098 | Val Acc: 1.00%
Epoch 164/400 | Loss: 4.6100 | Val Acc: 1.00%
Epoch 165/400 | Loss: 4.6101 | Val Acc: 1.00%
Epoch 166/400 | Loss: 4.6101 | Val Acc: 1.00%
Epoch 167/400 | Loss: 4.6099 | Val Acc: 1.00%
Epoch 168/400 | Loss: 4.6099 | Val Acc: 1.00%
Epoch 169/400 | Loss: 4.6099 | Val Acc: 1.00%
Epoch 170/400 | Loss: 4.6096 | Val Acc: 1.00%
Epoch 171/400 | Loss: 4.6098 | Val Acc: 1.00%
Epoch 172/400 | Loss: 4.6098 | Val Acc: 1.00%
Epoch 173/400 | Loss: 4.6097 | Val Acc: 1.00%
Epoch 174/400 | Loss: 4.6098 | Val Acc: 1.00%
Epoch 175/400 | Loss: 4.6101 | Val Acc: 1.00%
Epoch 176/400 | Loss: 4.6099 | Val Acc: 1.00%
Epoch 177/400 | Loss: 4.6096 | Val Acc: 1.00%
Epoch 178/400 | Loss: 4.6097 | Val Acc: 1.00%
Epoch 179/400 | Loss: 4.6098 | Val Acc: 1.00%

[Action] Triggering PDT Pruning at Epoch 180...

[DEBUG] === step_pruning Started at Epoch 180 ===
[DEBUG] Current Model Sparsity: 0.04% (Alive: 99.96%)
[DEBUG] I am looking for: 'layer1.0.bn3'
[DEBUG] Closest names in actual model: ['layer1.0.bn3', 'layer4.0.bn3', 'layer3.0.bn3']
[DEBUG] Target Groups for Hessian: [1, 2, 3, 4, 5, 6, 7, 8, 9, 10, 11, 12, 13, 14, 15, 16, 17, 18, 19, 20, 21, 22, 23, 24, 25, 26, 27, 28, 29, 30, 31, 32, 33, 34, 35, 36, 37, 38, 39, 40, 41, 42, 43, 44, 45]
[DEBUG] Calculating Hessian for 48 parameters...
[DEBUG] 🚨 ALERT: Group 1 mask is ALL ZERO. Resetting to 1.0.
[DEBUG] 🚨 ALERT: Group 4 mask is ALL ZERO. Resetting to 1.0.
[DEBUG] 🚨 ALERT: Group 12 mask is ALL ZERO. Resetting to 1.0.
[DEBUG] Total Unit Candidates: 31232
[DEBUG] Target Keep Ratio: 0.8911 (Inc: 0.8914)
[DEBUG] Lagrangian Decision: Pruned 0 units.
[DEBUG] Actual Mask Updates: 0 channels.

============================== PDT Pruning Results: Epoch 180 ==============================
 [*] Pruned this step: 0
 Group  1 |  256/ 256 |     0.0% |     0.000000 | [TARGET]
 Group  2 |  256/ 256 |     0.0% |     0.000000 | [TARGET]
 Group  3 |  215/ 256 |    16.0% |     0.000000 | [TARGET]
 Group  4 |  512/ 512 |     0.0% |     0.000000 | [TARGET]
 Group  5 |  336/ 512 |    34.4% |     0.000000 | [TARGET]
 Group  6 |  384/ 512 |    25.0% |     0.000000 | [TARGET]
 Group  7 |  419/ 512 |    18.2% |     0.000000 | [TARGET]
 Group  8 |  432/ 512 |    15.6% |     0.000000 | [TARGET]
 Group  9 |  466/ 512 |     9.0% |     0.000000 | [TARGET]
 Group 10 |  482/ 512 |     5.9% |     0.000000 | [TARGET]
 Group 11 |  482/ 512 |     5.9% |     0.000000 | [TARGET]
 Group 12 | 1024/1024 |     0.0% |     0.000000 | [TARGET]
 Group 13 |  808/1024 |    21.1% |     0.000000 | [TARGET]
 Group 14 |  833/1024 |    18.7% |     0.000000 | [TARGET]
 Group 15 |  854/1024 |    16.6% |     0.000000 | [TARGET]
 Group 16 |  864/1024 |    15.6% |     0.000000 | [TARGET]
 Group 17 |  862/1024 |    15.8% |     0.000000 | [TARGET]
 Group 18 |  869/1024 |    15.1% |     0.000000 | [TARGET]
 Group 19 |  872/1024 |    14.8% |     0.000000 | [TARGET]
 Group 20 |  872/1024 |    14.8% |     0.000000 | [TARGET]
 Group 21 |  895/1024 |    12.6% |     0.000000 | [TARGET]
 Group 22 |  875/1024 |    14.6% |     0.000000 | [TARGET]
 Group 23 |  887/1024 |    13.4% |     0.000000 | [TARGET]
 Group 24 |  820/1024 |    19.9% |     0.000000 | [TARGET]
 Group 25 |  899/1024 |    12.2% |     0.000000 | [TARGET]
 Group 26 |  890/1024 |    13.1% |     0.000000 | [TARGET]
 Group 27 |  896/1024 |    12.5% |     0.000000 | [TARGET]
 Group 28 |  893/1024 |    12.8% |     0.000000 | [TARGET]
 Group 29 |  924/1024 |     9.8% |     0.000000 | [TARGET]
 Group 30 |  932/1024 |     9.0% |     0.000000 | [TARGET]
 Group 31 |  928/1024 |     9.4% |     0.000000 | [TARGET]
 Group 32 |  209/1024 |    79.6% |     0.000000 | [TARGET]
 Group 33 | 1024/1024 |     0.0% |     0.000000 | [TARGET]
 Group 34 |  434/1024 |    57.6% |     0.000000 | [TARGET]
 Group 35 |  875/1024 |    14.6% |     0.000000 | [TARGET]
 Group 36 |  922/1024 |    10.0% |     0.000000 | [TARGET]
 Group 37 |  622/1024 |    39.3% |     0.000000 | [TARGET]
 Group 38 |  918/1024 |    10.4% |     0.000000 | [TARGET]
 Group 39 |  918/1024 |    10.4% |     0.000000 | [TARGET]
 Group 40 |  196/1024 |    80.9% |     0.000000 | [TARGET]
 Group 41 |  914/1024 |    10.7% |     0.000000 | [TARGET]
 Group 42 |  550/1024 |    46.3% |     0.000000 | [TARGET]
 Group 43 |   42/1024 |    95.9% |     0.000000 | [TARGET]
 Group 44 |  937/1024 |     8.5% |     0.000000 | [TARGET]
 Group 45 |  734/1024 |    28.3% |     0.000000 | [TARGET]
 Group 46 | 1024/1024 |     0.0% |     0.000000 | [FIXED]
 Group 47 | 1024/1024 |     0.0% |     0.000000 | [FIXED]
 Group 48 | 2048/2048 |     0.0% |     0.000000 | [FIXED]
 Group 49 | 2048/2048 |     0.0% |     0.000000 | [FIXED]
 Group 50 | 2048/2048 |     0.0% |     0.000000 | [FIXED]

[Scientific Metrics - RQ Analysis]
 🔵 Sparsity (Params): 0.04 %
 🟢 Model Size: 222.48 MB
 🟠 Peak VRAM (RQ2): 4318.20 MB
 ⚡ Inference Latency (RQ3): 6.1810 ms
 🚀 Theoretical Speedup: 1.00x
=========================================================================================


[Scientific Metrics - Epoch 180]
 🟢 Model Size: 222.48 MB | 🔵 Sparsity: 0.04 % | 🟡 Speedup: 1.00x
💾 Checkpoint saved: ./exp/checkpoints/resnet152_pdt_ep180_sp0.0.pth
Epoch 180/400 | Loss: 4.6101 | Val Acc: 1.00%
Epoch 181/400 | Loss: 4.6098 | Val Acc: 1.00%
Epoch 182/400 | Loss: 4.6098 | Val Acc: 1.00%
Epoch 183/400 | Loss: 4.6100 | Val Acc: 1.00%
Epoch 184/400 | Loss: 4.6097 | Val Acc: 1.00%
Epoch 185/400 | Loss: 4.6100 | Val Acc: 1.00%
Epoch 186/400 | Loss: 4.6100 | Val Acc: 1.00%
Epoch 187/400 | Loss: 4.6099 | Val Acc: 1.00%
Epoch 188/400 | Loss: 4.6096 | Val Acc: 1.00%
