📝 Logging started: resnet18_pdt_20260215_211937.log
✅ CIFAR-100 Data loaded: Train(50000), Val/Test(10000)
Experimental Mode: N/A
Target Model: resnet18 | Dataset: cifar100

[Stage 1] Analyzing Residual Topology for resnet via PyTorch FX...

==================== Final Topology Groups ====================
 Group  1 | Channels:   64 | Layers: layer1.0.bn2 ... (1 layers)
 Group  2 | Channels:   64 | Layers: layer1.1.bn2 ... (1 layers)
 Group  3 | Channels:  128 | Layers: layer2.0.bn2 ... (2 layers)
 Group  4 | Channels:  128 | Layers: layer2.1.bn2 ... (1 layers)
 Group  5 | Channels:  256 | Layers: layer3.0.bn2 ... (2 layers)
 Group  6 | Channels:  256 | Layers: layer3.1.bn2 ... (1 layers)
 Group  7 | Channels:  512 | Layers: layer4.0.bn2 ... (2 layers)
 Group  8 | Channels:  512 | Layers: layer4.1.bn2 ... (1 layers)
===============================================================
[*] Total 8 groups identified.


[Pruner Init] Strict Conv-Topology Mode Activated
[*] Applied Min Survival Guarantee: 10.0%
[*] Only defined groups (1-8) will be pruned.
[System] Initializing PDTPruner (Proposed Grad-EMA Strategy)

>>> [Pilot Check] Strategy: PDT | Pruning starts at Epoch 30, every 20 epochs.

=== [Stage 1 & 4] Baseline Before Pruning Analysis ===
[*] Topology Status: 71 nodes currently in graph.
-------------------------------------------------------  ------------  ------------  ------------  ------------  ------------  ------------  ------------  ------------  ------------  ------------  ------------  ------------  ------------  ------------  ------------  
                                                   Name    Self CPU %      Self CPU   CPU total %     CPU total  CPU time avg     Self CUDA   Self CUDA %    CUDA total  CUDA time avg       CPU Mem  Self CPU Mem      CUDA Mem  Self CUDA Mem    # of Calls  Total KFLOPs  
-------------------------------------------------------  ------------  ------------  ------------  ------------  ------------  ------------  ------------  ------------  ------------  ------------  ------------  ------------  ------------  ------------  ------------  
                                           aten::conv2d         0.05%      70.315us        71.37%     102.168ms       5.108ms       0.000us         0.00%       1.615ms      80.759us           0 B           0 B     116.94 MB           0 B            20  54430924.800  
                                      aten::convolution         0.08%     109.381us        71.32%     102.098ms       5.105ms       0.000us         0.00%       1.615ms      80.759us           0 B           0 B     116.94 MB           0 B            20            --  
                                     aten::_convolution         0.52%     745.989us        71.25%     101.989ms       5.099ms       0.000us         0.00%       1.615ms      80.759us           0 B           0 B     116.94 MB           0 B            20            --  
                                aten::cudnn_convolution        65.53%      93.799ms        70.73%     101.243ms       5.062ms     852.026us        72.23%       1.615ms      80.759us           0 B           0 B     116.94 MB     116.94 MB            20            --  
                           aten::_batch_norm_impl_index         0.06%      84.214us        10.12%      14.486ms     724.279us       0.000us         0.00%     232.607us      11.630us           0 B           0 B     114.88 MB           0 B            20            --  
                                 aten::cudnn_batch_norm         9.28%      13.287ms        10.06%      14.401ms     720.068us     208.063us        17.64%     232.607us      11.630us           0 B           0 B     114.88 MB           0 B            20            --  
                                            aten::empty         0.15%     221.227us         0.33%     468.271us       4.683us       0.000us         0.00%       0.000us       0.000us           0 B           0 B     114.88 MB     114.88 MB           100            --  
                                       aten::batch_norm         0.06%      84.836us        10.18%      14.570ms     728.521us       0.000us         0.00%     232.607us      11.630us           0 B           0 B     114.84 MB     -40.00 KB            20            --  
                                       aten::empty_like         0.04%      54.791us         0.28%     396.214us      19.811us       0.000us         0.00%       0.000us       0.000us           0 B           0 B     114.84 MB           0 B            20            --  
                                           aten::linear         0.03%      38.727us         1.09%       1.567ms       1.567ms       0.000us         0.00%      13.952us      13.952us           0 B           0 B       9.13 MB           0 B             1            --  
-------------------------------------------------------  ------------  ------------  ------------  ------------  ------------  ------------  ------------  ------------  ------------  ------------  ------------  ------------  ------------  ------------  ------------  
Self CPU time total: 143.148ms
Self CUDA time total: 1.180ms

Epoch 1/100 | Loss: 3.9221 | Val Acc: 15.53%
Epoch 2/100 | Loss: 3.2386 | Val Acc: 23.30%
Epoch 3/100 | Loss: 2.6762 | Val Acc: 19.61%
Epoch 4/100 | Loss: 2.2414 | Val Acc: 35.88%
Epoch 5/100 | Loss: 1.9641 | Val Acc: 46.11%
Epoch 6/100 | Loss: 1.7884 | Val Acc: 47.25%
Epoch 7/100 | Loss: 1.6675 | Val Acc: 45.39%
Epoch 8/100 | Loss: 1.5772 | Val Acc: 51.13%
Epoch 9/100 | Loss: 1.4948 | Val Acc: 53.25%
Epoch 10/100 | Loss: 1.4457 | Val Acc: 50.76%
Epoch 11/100 | Loss: 1.3964 | Val Acc: 48.14%
Epoch 12/100 | Loss: 1.3490 | Val Acc: 51.38%
Epoch 13/100 | Loss: 1.3321 | Val Acc: 54.43%
Epoch 14/100 | Loss: 1.2977 | Val Acc: 51.30%
Epoch 15/100 | Loss: 1.2674 | Val Acc: 53.50%
Epoch 16/100 | Loss: 1.2416 | Val Acc: 46.52%
Epoch 17/100 | Loss: 1.2165 | Val Acc: 54.35%
Epoch 18/100 | Loss: 1.2084 | Val Acc: 54.41%
Epoch 19/100 | Loss: 1.2004 | Val Acc: 56.01%
Epoch 20/100 | Loss: 1.1848 | Val Acc: 57.16%
Epoch 21/100 | Loss: 1.1622 | Val Acc: 53.86%
Epoch 22/100 | Loss: 1.1541 | Val Acc: 53.05%
Epoch 23/100 | Loss: 1.1408 | Val Acc: 57.41%
Epoch 24/100 | Loss: 1.1286 | Val Acc: 56.62%
Epoch 25/100 | Loss: 1.1270 | Val Acc: 57.25%
Epoch 26/100 | Loss: 1.1155 | Val Acc: 59.78%
Epoch 27/100 | Loss: 1.1040 | Val Acc: 56.69%
Epoch 28/100 | Loss: 1.1037 | Val Acc: 57.62%
Epoch 29/100 | Loss: 1.0916 | Val Acc: 55.58%

🔥 [PDT DEBUG] Attempting Hessian Pruning at Epoch 30, Batch 0
Epoch 30/100 | Loss: 1.0846 | Val Acc: 56.71%
Epoch 31/100 | Loss: 1.0813 | Val Acc: 57.69%
Epoch 32/100 | Loss: 1.0766 | Val Acc: 56.09%
Epoch 33/100 | Loss: 1.0672 | Val Acc: 60.37%
Epoch 34/100 | Loss: 1.0565 | Val Acc: 58.94%
Epoch 35/100 | Loss: 1.0537 | Val Acc: 55.16%
Epoch 36/100 | Loss: 1.0588 | Val Acc: 59.01%
Epoch 37/100 | Loss: 1.0472 | Val Acc: 56.48%
Epoch 38/100 | Loss: 1.0459 | Val Acc: 55.84%
Epoch 39/100 | Loss: 1.0438 | Val Acc: 55.26%

🔥 [PDT DEBUG] Attempting Hessian Pruning at Epoch 40, Batch 0
Epoch 40/100 | Loss: 1.0387 | Val Acc: 58.71%
Epoch 41/100 | Loss: 1.0321 | Val Acc: 56.26%
Epoch 42/100 | Loss: 1.0338 | Val Acc: 56.47%
Epoch 43/100 | Loss: 1.0359 | Val Acc: 58.58%
Epoch 44/100 | Loss: 1.0305 | Val Acc: 59.45%
Epoch 45/100 | Loss: 1.0234 | Val Acc: 56.68%
Epoch 46/100 | Loss: 1.0144 | Val Acc: 55.81%
Epoch 47/100 | Loss: 1.0229 | Val Acc: 58.48%
Epoch 48/100 | Loss: 1.0081 | Val Acc: 58.10%
Epoch 49/100 | Loss: 1.0051 | Val Acc: 54.72%

🔥 [PDT DEBUG] Attempting Hessian Pruning at Epoch 50, Batch 0
Epoch 50/100 | Loss: 1.0194 | Val Acc: 60.84%
Epoch 51/100 | Loss: 1.0036 | Val Acc: 58.87%
Epoch 52/100 | Loss: 1.0084 | Val Acc: 59.26%
Epoch 53/100 | Loss: 1.0075 | Val Acc: 56.29%
Epoch 54/100 | Loss: 1.0100 | Val Acc: 53.88%
Epoch 55/100 | Loss: 0.9903 | Val Acc: 56.51%
Epoch 56/100 | Loss: 0.9987 | Val Acc: 57.40%
Epoch 57/100 | Loss: 1.0035 | Val Acc: 57.89%
Epoch 58/100 | Loss: 0.9991 | Val Acc: 57.47%
Epoch 59/100 | Loss: 0.9955 | Val Acc: 58.31%

🔥 [PDT DEBUG] Attempting Hessian Pruning at Epoch 60, Batch 0
Epoch 60/100 | Loss: 0.9961 | Val Acc: 57.61%
Epoch 61/100 | Loss: 0.9946 | Val Acc: 54.08%
Epoch 62/100 | Loss: 0.9874 | Val Acc: 57.50%
Epoch 63/100 | Loss: 0.9893 | Val Acc: 54.68%
Epoch 64/100 | Loss: 0.9856 | Val Acc: 56.62%
Epoch 65/100 | Loss: 0.9939 | Val Acc: 57.68%
Epoch 66/100 | Loss: 0.9747 | Val Acc: 57.98%
Epoch 67/100 | Loss: 0.9894 | Val Acc: 56.57%
Epoch 68/100 | Loss: 0.9833 | Val Acc: 55.88%
Epoch 69/100 | Loss: 0.9794 | Val Acc: 57.26%

🔥 [PDT DEBUG] Attempting Hessian Pruning at Epoch 70, Batch 0
Epoch 70/100 | Loss: 0.9810 | Val Acc: 61.20%
Epoch 71/100 | Loss: 0.9771 | Val Acc: 56.50%
Epoch 72/100 | Loss: 0.9786 | Val Acc: 57.20%
Epoch 73/100 | Loss: 0.9738 | Val Acc: 59.85%
Epoch 74/100 | Loss: 0.9721 | Val Acc: 60.04%
Epoch 75/100 | Loss: 0.9726 | Val Acc: 56.85%
Epoch 76/100 | Loss: 0.9700 | Val Acc: 59.32%
Epoch 77/100 | Loss: 0.9830 | Val Acc: 60.19%
Epoch 78/100 | Loss: 0.9621 | Val Acc: 58.61%
Epoch 79/100 | Loss: 0.9707 | Val Acc: 57.54%

🔥 [PDT DEBUG] Attempting Hessian Pruning at Epoch 80, Batch 0
Epoch 80/100 | Loss: 0.9596 | Val Acc: 55.11%
Epoch 81/100 | Loss: 0.9742 | Val Acc: 54.88%
Epoch 82/100 | Loss: 0.9751 | Val Acc: 55.50%
Epoch 83/100 | Loss: 0.9755 | Val Acc: 58.65%
Epoch 84/100 | Loss: 0.9673 | Val Acc: 59.42%
Epoch 85/100 | Loss: 0.9600 | Val Acc: 58.37%
