📝 Logging started: resnet152_pdt_20260216_130807.log
✅ CIFAR-100 Data loaded: Train(50000), Val/Test(10000)
Experimental Mode: N/A
Target Model: resnet152 | Dataset: cifar100

[Stage 1] Analyzing Residual Topology for resnet via PyTorch FX...

==================== Final Topology Groups ====================
 Group  1 | Channels:  256 | Layers: layer1.0.bn3 ... (2 layers)
 Group  2 | Channels:  256 | Layers: layer1.1.bn3 ... (1 layers)
 Group  3 | Channels:  256 | Layers: layer1.2.bn3 ... (1 layers)
 Group  4 | Channels:  512 | Layers: layer2.0.bn3 ... (2 layers)
 Group  5 | Channels:  512 | Layers: layer2.1.bn3 ... (1 layers)
 Group  6 | Channels:  512 | Layers: layer2.2.bn3 ... (1 layers)
 Group  7 | Channels:  512 | Layers: layer2.3.bn3 ... (1 layers)
 Group  8 | Channels:  512 | Layers: layer2.4.bn3 ... (1 layers)
 Group  9 | Channels:  512 | Layers: layer2.5.bn3 ... (1 layers)
 Group 10 | Channels:  512 | Layers: layer2.6.bn3 ... (1 layers)
 Group 11 | Channels:  512 | Layers: layer2.7.bn3 ... (1 layers)
 Group 12 | Channels: 1024 | Layers: layer3.0.bn3 ... (2 layers)
 Group 13 | Channels: 1024 | Layers: layer3.1.bn3 ... (1 layers)
 Group 14 | Channels: 1024 | Layers: layer3.2.bn3 ... (1 layers)
 Group 15 | Channels: 1024 | Layers: layer3.3.bn3 ... (1 layers)
 Group 16 | Channels: 1024 | Layers: layer3.4.bn3 ... (1 layers)
 Group 17 | Channels: 1024 | Layers: layer3.5.bn3 ... (1 layers)
 Group 18 | Channels: 1024 | Layers: layer3.6.bn3 ... (1 layers)
 Group 19 | Channels: 1024 | Layers: layer3.7.bn3 ... (1 layers)
 Group 20 | Channels: 1024 | Layers: layer3.8.bn3 ... (1 layers)
 Group 21 | Channels: 1024 | Layers: layer3.9.bn3 ... (1 layers)
 Group 22 | Channels: 1024 | Layers: layer3.10.bn3 ... (1 layers)
 Group 23 | Channels: 1024 | Layers: layer3.11.bn3 ... (1 layers)
 Group 24 | Channels: 1024 | Layers: layer3.12.bn3 ... (1 layers)
 Group 25 | Channels: 1024 | Layers: layer3.13.bn3 ... (1 layers)
 Group 26 | Channels: 1024 | Layers: layer3.14.bn3 ... (1 layers)
 Group 27 | Channels: 1024 | Layers: layer3.15.bn3 ... (1 layers)
 Group 28 | Channels: 1024 | Layers: layer3.16.bn3 ... (1 layers)
 Group 29 | Channels: 1024 | Layers: layer3.17.bn3 ... (1 layers)
 Group 30 | Channels: 1024 | Layers: layer3.18.bn3 ... (1 layers)
 Group 31 | Channels: 1024 | Layers: layer3.19.bn3 ... (1 layers)
 Group 32 | Channels: 1024 | Layers: layer3.20.bn3 ... (1 layers)
 Group 33 | Channels: 1024 | Layers: layer3.21.bn3 ... (1 layers)
 Group 34 | Channels: 1024 | Layers: layer3.22.bn3 ... (1 layers)
 Group 35 | Channels: 1024 | Layers: layer3.23.bn3 ... (1 layers)
 Group 36 | Channels: 1024 | Layers: layer3.24.bn3 ... (1 layers)
 Group 37 | Channels: 1024 | Layers: layer3.25.bn3 ... (1 layers)
 Group 38 | Channels: 1024 | Layers: layer3.26.bn3 ... (1 layers)
 Group 39 | Channels: 1024 | Layers: layer3.27.bn3 ... (1 layers)
 Group 40 | Channels: 1024 | Layers: layer3.28.bn3 ... (1 layers)
 Group 41 | Channels: 1024 | Layers: layer3.29.bn3 ... (1 layers)
 Group 42 | Channels: 1024 | Layers: layer3.30.bn3 ... (1 layers)
 Group 43 | Channels: 1024 | Layers: layer3.31.bn3 ... (1 layers)
 Group 44 | Channels: 1024 | Layers: layer3.32.bn3 ... (1 layers)
 Group 45 | Channels: 1024 | Layers: layer3.33.bn3 ... (1 layers)
 Group 46 | Channels: 1024 | Layers: layer3.34.bn3 ... (1 layers)
 Group 47 | Channels: 1024 | Layers: layer3.35.bn3 ... (1 layers)
 Group 48 | Channels: 2048 | Layers: layer4.0.bn3 ... (2 layers)
 Group 49 | Channels: 2048 | Layers: layer4.1.bn3 ... (1 layers)
 Group 50 | Channels: 2048 | Layers: layer4.2.bn3 ... (1 layers)
===============================================================
[*] Total 50 groups identified.


[Pruner Init] Strict Conv-Topology Mode Activated
[*] Applied Min Survival Guarantee: 10.0%
[*] Only defined groups (1-50) will be pruned.

>>> [System] Loading pre-trained model: ./exp/checkpoints/resnet152_base.pth
✅ Success: Weights loaded from resnet152_base.pth

>>> [Pilot Check] Strategy: PDT | Start Epoch: 120 | Target Ratio: 0.2

=== [Stage 1 & 4] Initial State Analysis ===
[*] Topology Status: 517 nodes currently in graph.
-------------------------------------------------------  ------------  ------------  ------------  ------------  ------------  ------------  ------------  ------------  ------------  ------------  ------------  ------------  ------------  ------------  ------------  
                                                   Name    Self CPU %      Self CPU   CPU total %     CPU total  CPU time avg     Self CUDA   Self CUDA %    CUDA total  CUDA time avg       CPU Mem  Self CPU Mem      CUDA Mem  Self CUDA Mem    # of Calls  Total KFLOPs  
-------------------------------------------------------  ------------  ------------  ------------  ------------  ------------  ------------  ------------  ------------  ------------  ------------  ------------  ------------  ------------  ------------  ------------  
                           aten::_batch_norm_impl_index         0.18%     246.659us        13.00%      18.163ms     117.178us       0.000us         0.00%       1.780ms      11.483us           0 B           0 B       1.32 GB           0 B           155            --  
                                 aten::cudnn_batch_norm        10.52%      14.699ms        12.82%      17.916ms     115.586us       1.755ms        21.43%       1.780ms      11.483us           0 B           0 B       1.32 GB           0 B           155            --  
                                            aten::empty         0.86%       1.209ms         1.41%       1.976ms       2.549us       0.000us         0.00%       0.000us       0.000us           0 B           0 B       1.32 GB       1.32 GB           775            --  
                                       aten::batch_norm         0.18%     257.868us        13.18%      18.420ms     118.841us       0.000us         0.00%       1.780ms      11.483us           0 B           0 B       1.32 GB    -595.00 KB           155            --  
                                       aten::empty_like         0.14%     196.549us         0.94%       1.313ms       8.469us       0.000us         0.00%       0.000us       0.000us           0 B           0 B       1.32 GB           0 B           155            --  
                                           aten::conv2d         0.17%     230.811us        68.86%      96.229ms     620.835us       0.000us         0.00%       6.449ms      41.608us           0 B           0 B       1.32 GB           0 B           155  364767477.760  
                                      aten::convolution         0.22%     307.876us        68.69%      95.999ms     619.346us       0.000us         0.00%       6.449ms      41.608us           0 B           0 B       1.32 GB           0 B           155            --  
                                     aten::_convolution         0.79%       1.102ms        68.47%      95.691ms     617.360us       0.000us         0.00%       6.449ms      41.608us           0 B           0 B       1.32 GB           0 B           155            --  
                                aten::cudnn_convolution        62.03%      86.692ms        67.68%      94.589ms     610.251us       5.046ms        61.62%       6.449ms      41.608us           0 B           0 B       1.32 GB       1.32 GB           155            --  
                                           aten::linear         0.03%      41.240us         1.06%       1.482ms       1.482ms       0.000us         0.00%      17.792us      17.792us           0 B           0 B       9.13 MB           0 B             1            --  
-------------------------------------------------------  ------------  ------------  ------------  ------------  ------------  ------------  ------------  ------------  ------------  ------------  ------------  ------------  ------------  ------------  ------------  
Self CPU time total: 139.753ms
Self CUDA time total: 8.189ms


[Action] Triggering PDT Pruning at Epoch 120...

[DEBUG] Actual Model Names (Sample): ['layer1.1.conv2', 'layer1.1.bn2', 'layer1.1.conv3', 'layer1.1.bn3', 'layer1.1.relu']
[DEBUG] Topology Group Names (Sample): ['layer1.0.bn3', 'layer1.0.downsample.1']

[DEBUG] Current Model Sparsity: 0.00% (Alive: 100.00%)
[DEBUG] Warning: Group 1 has no valid layers matching the model.
[DEBUG] Warning: Group 2 has no valid layers matching the model.
[DEBUG] Warning: Group 3 has no valid layers matching the model.
[DEBUG] Warning: Group 4 has no valid layers matching the model.
[DEBUG] Warning: Group 5 has no valid layers matching the model.
[DEBUG] Warning: Group 6 has no valid layers matching the model.
[DEBUG] Warning: Group 7 has no valid layers matching the model.
[DEBUG] Warning: Group 8 has no valid layers matching the model.
[DEBUG] Warning: Group 9 has no valid layers matching the model.
[DEBUG] Warning: Group 10 has no valid layers matching the model.
[DEBUG] Warning: Group 11 has no valid layers matching the model.
[DEBUG] Warning: Group 12 has no valid layers matching the model.
[DEBUG] Warning: Group 13 has no valid layers matching the model.
[DEBUG] Warning: Group 14 has no valid layers matching the model.
[DEBUG] Warning: Group 15 has no valid layers matching the model.
[DEBUG] Warning: Group 16 has no valid layers matching the model.
[DEBUG] Warning: Group 17 has no valid layers matching the model.
[DEBUG] Warning: Group 18 has no valid layers matching the model.
[DEBUG] Warning: Group 19 has no valid layers matching the model.
[DEBUG] Warning: Group 20 has no valid layers matching the model.
[DEBUG] Warning: Group 21 has no valid layers matching the model.
[DEBUG] Warning: Group 22 has no valid layers matching the model.
[DEBUG] Warning: Group 23 has no valid layers matching the model.
[DEBUG] Warning: Group 24 has no valid layers matching the model.
[DEBUG] Warning: Group 25 has no valid layers matching the model.
[DEBUG] Warning: Group 26 has no valid layers matching the model.
[DEBUG] Warning: Group 27 has no valid layers matching the model.
[DEBUG] Warning: Group 28 has no valid layers matching the model.
[DEBUG] Warning: Group 29 has no valid layers matching the model.
[DEBUG] Warning: Group 30 has no valid layers matching the model.
[DEBUG] Warning: Group 31 has no valid layers matching the model.
[DEBUG] Warning: Group 32 has no valid layers matching the model.
[DEBUG] Warning: Group 33 has no valid layers matching the model.
[DEBUG] Warning: Group 34 has no valid layers matching the model.
[DEBUG] Warning: Group 35 has no valid layers matching the model.
[DEBUG] Warning: Group 36 has no valid layers matching the model.
[DEBUG] Warning: Group 37 has no valid layers matching the model.
[DEBUG] Warning: Group 38 has no valid layers matching the model.
[DEBUG] Warning: Group 39 has no valid layers matching the model.
[DEBUG] Warning: Group 40 has no valid layers matching the model.
[DEBUG] Warning: Group 41 has no valid layers matching the model.
[DEBUG] Warning: Group 42 has no valid layers matching the model.
[DEBUG] Warning: Group 43 has no valid layers matching the model.
[DEBUG] Warning: Group 44 has no valid layers matching the model.
[DEBUG] Warning: Group 45 has no valid layers matching the model.
[DEBUG] Warning: Group 46 has no valid layers matching the model.
[DEBUG] Warning: Group 47 has no valid layers matching the model.
[DEBUG] Warning: Group 48 has no valid layers matching the model.
[DEBUG] Warning: Group 49 has no valid layers matching the model.
[DEBUG] Warning: Group 50 has no valid layers matching the model.
[DEBUG] 🚨 ERROR: No valid group_info_list created. Check layer names!

[Scientific Metrics - Epoch 120]
 🟢 Model Size: 221.98 MB | 🔵 Sparsity: 0.00 % | 🟡 Speedup: 1.00x
💾 Checkpoint saved: ./exp/checkpoints/resnet152_pdt_ep120_sp0.0.pth
Epoch 120/200 | Loss: 1.2026 | Val Acc: 58.29%
Epoch 121/200 | Loss: 0.8620 | Val Acc: 62.77%
Epoch 122/200 | Loss: 0.8256 | Val Acc: 62.89%
Epoch 123/200 | Loss: 0.7894 | Val Acc: 64.27%
Epoch 124/200 | Loss: 0.7508 | Val Acc: 64.65%
Epoch 125/200 | Loss: 0.7283 | Val Acc: 64.16%
Epoch 126/200 | Loss: 0.6996 | Val Acc: 66.84%
Epoch 127/200 | Loss: 0.6688 | Val Acc: 67.51%
Epoch 128/200 | Loss: 0.6602 | Val Acc: 66.22%
Epoch 129/200 | Loss: 0.6364 | Val Acc: 66.16%
Epoch 130/200 | Loss: 0.6339 | Val Acc: 66.05%
Epoch 131/200 | Loss: 0.6192 | Val Acc: 66.57%
Epoch 132/200 | Loss: 0.6076 | Val Acc: 67.24%
Epoch 133/200 | Loss: 0.5947 | Val Acc: 66.94%
Epoch 134/200 | Loss: 0.5898 | Val Acc: 67.74%
Epoch 135/200 | Loss: 0.5758 | Val Acc: 68.49%
Epoch 136/200 | Loss: 0.5695 | Val Acc: 67.80%
Epoch 137/200 | Loss: 0.5680 | Val Acc: 68.02%
Epoch 138/200 | Loss: 0.5648 | Val Acc: 67.39%
Epoch 139/200 | Loss: 0.5597 | Val Acc: 67.75%

[Action] Triggering PDT Pruning at Epoch 140...
[DEBUG] Current Model Sparsity: 0.00% (Alive: 100.00%)
[DEBUG] Warning: Group 1 has no valid layers matching the model.
[DEBUG] Warning: Group 2 has no valid layers matching the model.
[DEBUG] Warning: Group 3 has no valid layers matching the model.
[DEBUG] Warning: Group 4 has no valid layers matching the model.
[DEBUG] Warning: Group 5 has no valid layers matching the model.
[DEBUG] Warning: Group 6 has no valid layers matching the model.
[DEBUG] Warning: Group 7 has no valid layers matching the model.
[DEBUG] Warning: Group 8 has no valid layers matching the model.
[DEBUG] Warning: Group 9 has no valid layers matching the model.
[DEBUG] Warning: Group 10 has no valid layers matching the model.
[DEBUG] Warning: Group 11 has no valid layers matching the model.
[DEBUG] Warning: Group 12 has no valid layers matching the model.
[DEBUG] Warning: Group 13 has no valid layers matching the model.
[DEBUG] Warning: Group 14 has no valid layers matching the model.
[DEBUG] Warning: Group 15 has no valid layers matching the model.
[DEBUG] Warning: Group 16 has no valid layers matching the model.
[DEBUG] Warning: Group 17 has no valid layers matching the model.
[DEBUG] Warning: Group 18 has no valid layers matching the model.
[DEBUG] Warning: Group 19 has no valid layers matching the model.
[DEBUG] Warning: Group 20 has no valid layers matching the model.
[DEBUG] Warning: Group 21 has no valid layers matching the model.
[DEBUG] Warning: Group 22 has no valid layers matching the model.
[DEBUG] Warning: Group 23 has no valid layers matching the model.
[DEBUG] Warning: Group 24 has no valid layers matching the model.
[DEBUG] Warning: Group 25 has no valid layers matching the model.
[DEBUG] Warning: Group 26 has no valid layers matching the model.
[DEBUG] Warning: Group 27 has no valid layers matching the model.
[DEBUG] Warning: Group 28 has no valid layers matching the model.
[DEBUG] Warning: Group 29 has no valid layers matching the model.
[DEBUG] Warning: Group 30 has no valid layers matching the model.
[DEBUG] Warning: Group 31 has no valid layers matching the model.
[DEBUG] Warning: Group 32 has no valid layers matching the model.
[DEBUG] Warning: Group 33 has no valid layers matching the model.
[DEBUG] Warning: Group 34 has no valid layers matching the model.
[DEBUG] Warning: Group 35 has no valid layers matching the model.
[DEBUG] Warning: Group 36 has no valid layers matching the model.
[DEBUG] Warning: Group 37 has no valid layers matching the model.
[DEBUG] Warning: Group 38 has no valid layers matching the model.
[DEBUG] Warning: Group 39 has no valid layers matching the model.
[DEBUG] Warning: Group 40 has no valid layers matching the model.
[DEBUG] Warning: Group 41 has no valid layers matching the model.
[DEBUG] Warning: Group 42 has no valid layers matching the model.
[DEBUG] Warning: Group 43 has no valid layers matching the model.
[DEBUG] Warning: Group 44 has no valid layers matching the model.
[DEBUG] Warning: Group 45 has no valid layers matching the model.
[DEBUG] Warning: Group 46 has no valid layers matching the model.
[DEBUG] Warning: Group 47 has no valid layers matching the model.
[DEBUG] Warning: Group 48 has no valid layers matching the model.
[DEBUG] Warning: Group 49 has no valid layers matching the model.
[DEBUG] Warning: Group 50 has no valid layers matching the model.
[DEBUG] 🚨 ERROR: No valid group_info_list created. Check layer names!

[Scientific Metrics - Epoch 140]
 🟢 Model Size: 221.98 MB | 🔵 Sparsity: 0.00 % | 🟡 Speedup: 1.00x
💾 Checkpoint saved: ./exp/checkpoints/resnet152_pdt_ep140_sp0.0.pth
Epoch 140/200 | Loss: 0.8257 | Val Acc: 66.99%
Epoch 141/200 | Loss: 0.5530 | Val Acc: 68.67%
Epoch 142/200 | Loss: 0.5419 | Val Acc: 68.51%
Epoch 143/200 | Loss: 0.5454 | Val Acc: 68.80%
Epoch 144/200 | Loss: 0.5356 | Val Acc: 67.70%
Epoch 145/200 | Loss: 0.5418 | Val Acc: 68.19%
Epoch 146/200 | Loss: 0.5374 | Val Acc: 66.50%
Epoch 147/200 | Loss: 0.5415 | Val Acc: 68.04%
Epoch 148/200 | Loss: 0.5322 | Val Acc: 68.76%
Epoch 149/200 | Loss: 0.5338 | Val Acc: 68.42%
Epoch 150/200 | Loss: 0.5297 | Val Acc: 67.85%
Epoch 151/200 | Loss: 0.5275 | Val Acc: 68.05%
Epoch 152/200 | Loss: 0.5231 | Val Acc: 65.52%
Epoch 153/200 | Loss: 0.5204 | Val Acc: 68.37%
Epoch 154/200 | Loss: 0.5229 | Val Acc: 68.80%
Epoch 155/200 | Loss: 0.5201 | Val Acc: 68.22%
Epoch 156/200 | Loss: 0.5154 | Val Acc: 68.46%
Epoch 157/200 | Loss: 0.5156 | Val Acc: 68.77%
Epoch 158/200 | Loss: 0.5201 | Val Acc: 65.95%
Epoch 159/200 | Loss: 0.5153 | Val Acc: 68.32%

[Action] Triggering PDT Pruning at Epoch 160...
[DEBUG] Current Model Sparsity: 0.00% (Alive: 100.00%)
[DEBUG] Warning: Group 1 has no valid layers matching the model.
[DEBUG] Warning: Group 2 has no valid layers matching the model.
[DEBUG] Warning: Group 3 has no valid layers matching the model.
[DEBUG] Warning: Group 4 has no valid layers matching the model.
[DEBUG] Warning: Group 5 has no valid layers matching the model.
[DEBUG] Warning: Group 6 has no valid layers matching the model.
[DEBUG] Warning: Group 7 has no valid layers matching the model.
[DEBUG] Warning: Group 8 has no valid layers matching the model.
[DEBUG] Warning: Group 9 has no valid layers matching the model.
[DEBUG] Warning: Group 10 has no valid layers matching the model.
[DEBUG] Warning: Group 11 has no valid layers matching the model.
[DEBUG] Warning: Group 12 has no valid layers matching the model.
[DEBUG] Warning: Group 13 has no valid layers matching the model.
[DEBUG] Warning: Group 14 has no valid layers matching the model.
[DEBUG] Warning: Group 15 has no valid layers matching the model.
[DEBUG] Warning: Group 16 has no valid layers matching the model.
[DEBUG] Warning: Group 17 has no valid layers matching the model.
[DEBUG] Warning: Group 18 has no valid layers matching the model.
[DEBUG] Warning: Group 19 has no valid layers matching the model.
[DEBUG] Warning: Group 20 has no valid layers matching the model.
[DEBUG] Warning: Group 21 has no valid layers matching the model.
[DEBUG] Warning: Group 22 has no valid layers matching the model.
[DEBUG] Warning: Group 23 has no valid layers matching the model.
[DEBUG] Warning: Group 24 has no valid layers matching the model.
[DEBUG] Warning: Group 25 has no valid layers matching the model.
[DEBUG] Warning: Group 26 has no valid layers matching the model.
[DEBUG] Warning: Group 27 has no valid layers matching the model.
[DEBUG] Warning: Group 28 has no valid layers matching the model.
[DEBUG] Warning: Group 29 has no valid layers matching the model.
[DEBUG] Warning: Group 30 has no valid layers matching the model.
[DEBUG] Warning: Group 31 has no valid layers matching the model.
[DEBUG] Warning: Group 32 has no valid layers matching the model.
[DEBUG] Warning: Group 33 has no valid layers matching the model.
[DEBUG] Warning: Group 34 has no valid layers matching the model.
[DEBUG] Warning: Group 35 has no valid layers matching the model.
[DEBUG] Warning: Group 36 has no valid layers matching the model.
[DEBUG] Warning: Group 37 has no valid layers matching the model.
[DEBUG] Warning: Group 38 has no valid layers matching the model.
[DEBUG] Warning: Group 39 has no valid layers matching the model.
[DEBUG] Warning: Group 40 has no valid layers matching the model.
[DEBUG] Warning: Group 41 has no valid layers matching the model.
[DEBUG] Warning: Group 42 has no valid layers matching the model.
[DEBUG] Warning: Group 43 has no valid layers matching the model.
[DEBUG] Warning: Group 44 has no valid layers matching the model.
[DEBUG] Warning: Group 45 has no valid layers matching the model.
[DEBUG] Warning: Group 46 has no valid layers matching the model.
[DEBUG] Warning: Group 47 has no valid layers matching the model.
[DEBUG] Warning: Group 48 has no valid layers matching the model.
[DEBUG] Warning: Group 49 has no valid layers matching the model.
[DEBUG] Warning: Group 50 has no valid layers matching the model.
[DEBUG] 🚨 ERROR: No valid group_info_list created. Check layer names!

[Scientific Metrics - Epoch 160]
 🟢 Model Size: 221.98 MB | 🔵 Sparsity: 0.00 % | 🟡 Speedup: 1.00x
💾 Checkpoint saved: ./exp/checkpoints/resnet152_pdt_ep160_sp0.0.pth
Epoch 160/200 | Loss: 0.7930 | Val Acc: 63.88%
Epoch 161/200 | Loss: 0.5130 | Val Acc: 69.23%
Epoch 162/200 | Loss: 0.5090 | Val Acc: 69.29%
Epoch 163/200 | Loss: 0.5091 | Val Acc: 67.98%
Epoch 164/200 | Loss: 0.5114 | Val Acc: 69.96%
Epoch 165/200 | Loss: 0.5078 | Val Acc: 68.35%
Epoch 166/200 | Loss: 0.5102 | Val Acc: 69.33%
Epoch 167/200 | Loss: 0.5095 | Val Acc: 67.29%
Epoch 168/200 | Loss: 0.5077 | Val Acc: 68.75%
Epoch 169/200 | Loss: 0.5054 | Val Acc: 68.70%
Epoch 170/200 | Loss: 0.5040 | Val Acc: 67.27%
Epoch 171/200 | Loss: 0.5108 | Val Acc: 68.46%
Epoch 172/200 | Loss: 0.5032 | Val Acc: 66.59%
Epoch 173/200 | Loss: 0.5081 | Val Acc: 68.68%
Epoch 174/200 | Loss: 0.5072 | Val Acc: 68.25%
Epoch 175/200 | Loss: 0.5033 | Val Acc: 67.64%
Epoch 176/200 | Loss: 0.5030 | Val Acc: 68.49%
Epoch 177/200 | Loss: 0.5035 | Val Acc: 67.45%
Epoch 178/200 | Loss: 0.5016 | Val Acc: 68.77%
Epoch 179/200 | Loss: 0.5021 | Val Acc: 69.34%

[Action] Triggering PDT Pruning at Epoch 180...
[DEBUG] Current Model Sparsity: 0.00% (Alive: 100.00%)
[DEBUG] Warning: Group 1 has no valid layers matching the model.
[DEBUG] Warning: Group 2 has no valid layers matching the model.
[DEBUG] Warning: Group 3 has no valid layers matching the model.
[DEBUG] Warning: Group 4 has no valid layers matching the model.
[DEBUG] Warning: Group 5 has no valid layers matching the model.
[DEBUG] Warning: Group 6 has no valid layers matching the model.
[DEBUG] Warning: Group 7 has no valid layers matching the model.
[DEBUG] Warning: Group 8 has no valid layers matching the model.
[DEBUG] Warning: Group 9 has no valid layers matching the model.
[DEBUG] Warning: Group 10 has no valid layers matching the model.
[DEBUG] Warning: Group 11 has no valid layers matching the model.
[DEBUG] Warning: Group 12 has no valid layers matching the model.
[DEBUG] Warning: Group 13 has no valid layers matching the model.
[DEBUG] Warning: Group 14 has no valid layers matching the model.
[DEBUG] Warning: Group 15 has no valid layers matching the model.
[DEBUG] Warning: Group 16 has no valid layers matching the model.
[DEBUG] Warning: Group 17 has no valid layers matching the model.
[DEBUG] Warning: Group 18 has no valid layers matching the model.
[DEBUG] Warning: Group 19 has no valid layers matching the model.
[DEBUG] Warning: Group 20 has no valid layers matching the model.
[DEBUG] Warning: Group 21 has no valid layers matching the model.
[DEBUG] Warning: Group 22 has no valid layers matching the model.
[DEBUG] Warning: Group 23 has no valid layers matching the model.
[DEBUG] Warning: Group 24 has no valid layers matching the model.
[DEBUG] Warning: Group 25 has no valid layers matching the model.
[DEBUG] Warning: Group 26 has no valid layers matching the model.
[DEBUG] Warning: Group 27 has no valid layers matching the model.
[DEBUG] Warning: Group 28 has no valid layers matching the model.
[DEBUG] Warning: Group 29 has no valid layers matching the model.
[DEBUG] Warning: Group 30 has no valid layers matching the model.
[DEBUG] Warning: Group 31 has no valid layers matching the model.
[DEBUG] Warning: Group 32 has no valid layers matching the model.
[DEBUG] Warning: Group 33 has no valid layers matching the model.
[DEBUG] Warning: Group 34 has no valid layers matching the model.
[DEBUG] Warning: Group 35 has no valid layers matching the model.
[DEBUG] Warning: Group 36 has no valid layers matching the model.
[DEBUG] Warning: Group 37 has no valid layers matching the model.
[DEBUG] Warning: Group 38 has no valid layers matching the model.
[DEBUG] Warning: Group 39 has no valid layers matching the model.
[DEBUG] Warning: Group 40 has no valid layers matching the model.
[DEBUG] Warning: Group 41 has no valid layers matching the model.
[DEBUG] Warning: Group 42 has no valid layers matching the model.
[DEBUG] Warning: Group 43 has no valid layers matching the model.
[DEBUG] Warning: Group 44 has no valid layers matching the model.
[DEBUG] Warning: Group 45 has no valid layers matching the model.
[DEBUG] Warning: Group 46 has no valid layers matching the model.
[DEBUG] Warning: Group 47 has no valid layers matching the model.
[DEBUG] Warning: Group 48 has no valid layers matching the model.
[DEBUG] Warning: Group 49 has no valid layers matching the model.
[DEBUG] Warning: Group 50 has no valid layers matching the model.
[DEBUG] 🚨 ERROR: No valid group_info_list created. Check layer names!

[Scientific Metrics - Epoch 180]
 🟢 Model Size: 221.98 MB | 🔵 Sparsity: 0.00 % | 🟡 Speedup: 1.00x
💾 Checkpoint saved: ./exp/checkpoints/resnet152_pdt_ep180_sp0.0.pth
Epoch 180/200 | Loss: 0.7644 | Val Acc: 66.76%
Epoch 181/200 | Loss: 0.4963 | Val Acc: 68.80%
Epoch 182/200 | Loss: 0.4977 | Val Acc: 69.59%
Epoch 183/200 | Loss: 0.4986 | Val Acc: 67.93%
Epoch 184/200 | Loss: 0.5005 | Val Acc: 68.18%
Epoch 185/200 | Loss: 0.4994 | Val Acc: 68.89%
Epoch 186/200 | Loss: 0.4936 | Val Acc: 67.69%
Epoch 187/200 | Loss: 0.5000 | Val Acc: 69.02%
Epoch 188/200 | Loss: 0.4994 | Val Acc: 67.10%
Epoch 189/200 | Loss: 0.4934 | Val Acc: 67.33%
Epoch 190/200 | Loss: 0.4970 | Val Acc: 68.96%
Epoch 191/200 | Loss: 0.4942 | Val Acc: 67.12%
Epoch 192/200 | Loss: 0.4987 | Val Acc: 68.65%
Epoch 193/200 | Loss: 0.4941 | Val Acc: 68.53%
Epoch 194/200 | Loss: 0.4942 | Val Acc: 69.50%
Epoch 195/200 | Loss: 0.4938 | Val Acc: 67.38%
Epoch 196/200 | Loss: 0.4856 | Val Acc: 68.02%
Epoch 197/200 | Loss: 0.4949 | Val Acc: 69.08%
Epoch 198/200 | Loss: 0.4959 | Val Acc: 68.12%
Epoch 199/200 | Loss: 0.4947 | Val Acc: 67.61%

[Action] Triggering PDT Pruning at Epoch 200...
[DEBUG] Current Model Sparsity: 0.00% (Alive: 100.00%)
[DEBUG] Warning: Group 1 has no valid layers matching the model.
[DEBUG] Warning: Group 2 has no valid layers matching the model.
[DEBUG] Warning: Group 3 has no valid layers matching the model.
[DEBUG] Warning: Group 4 has no valid layers matching the model.
[DEBUG] Warning: Group 5 has no valid layers matching the model.
[DEBUG] Warning: Group 6 has no valid layers matching the model.
[DEBUG] Warning: Group 7 has no valid layers matching the model.
[DEBUG] Warning: Group 8 has no valid layers matching the model.
[DEBUG] Warning: Group 9 has no valid layers matching the model.
[DEBUG] Warning: Group 10 has no valid layers matching the model.
[DEBUG] Warning: Group 11 has no valid layers matching the model.
[DEBUG] Warning: Group 12 has no valid layers matching the model.
[DEBUG] Warning: Group 13 has no valid layers matching the model.
[DEBUG] Warning: Group 14 has no valid layers matching the model.
[DEBUG] Warning: Group 15 has no valid layers matching the model.
[DEBUG] Warning: Group 16 has no valid layers matching the model.
[DEBUG] Warning: Group 17 has no valid layers matching the model.
[DEBUG] Warning: Group 18 has no valid layers matching the model.
[DEBUG] Warning: Group 19 has no valid layers matching the model.
[DEBUG] Warning: Group 20 has no valid layers matching the model.
[DEBUG] Warning: Group 21 has no valid layers matching the model.
[DEBUG] Warning: Group 22 has no valid layers matching the model.
[DEBUG] Warning: Group 23 has no valid layers matching the model.
[DEBUG] Warning: Group 24 has no valid layers matching the model.
[DEBUG] Warning: Group 25 has no valid layers matching the model.
[DEBUG] Warning: Group 26 has no valid layers matching the model.
[DEBUG] Warning: Group 27 has no valid layers matching the model.
[DEBUG] Warning: Group 28 has no valid layers matching the model.
[DEBUG] Warning: Group 29 has no valid layers matching the model.
[DEBUG] Warning: Group 30 has no valid layers matching the model.
[DEBUG] Warning: Group 31 has no valid layers matching the model.
[DEBUG] Warning: Group 32 has no valid layers matching the model.
[DEBUG] Warning: Group 33 has no valid layers matching the model.
[DEBUG] Warning: Group 34 has no valid layers matching the model.
[DEBUG] Warning: Group 35 has no valid layers matching the model.
[DEBUG] Warning: Group 36 has no valid layers matching the model.
[DEBUG] Warning: Group 37 has no valid layers matching the model.
[DEBUG] Warning: Group 38 has no valid layers matching the model.
[DEBUG] Warning: Group 39 has no valid layers matching the model.
[DEBUG] Warning: Group 40 has no valid layers matching the model.
[DEBUG] Warning: Group 41 has no valid layers matching the model.
[DEBUG] Warning: Group 42 has no valid layers matching the model.
[DEBUG] Warning: Group 43 has no valid layers matching the model.
[DEBUG] Warning: Group 44 has no valid layers matching the model.
[DEBUG] Warning: Group 45 has no valid layers matching the model.
[DEBUG] Warning: Group 46 has no valid layers matching the model.
[DEBUG] Warning: Group 47 has no valid layers matching the model.
[DEBUG] Warning: Group 48 has no valid layers matching the model.
[DEBUG] Warning: Group 49 has no valid layers matching the model.
[DEBUG] Warning: Group 50 has no valid layers matching the model.
[DEBUG] 🚨 ERROR: No valid group_info_list created. Check layer names!

[Scientific Metrics - Epoch 200]
 🟢 Model Size: 221.98 MB | 🔵 Sparsity: 0.00 % | 🟡 Speedup: 1.00x
💾 Checkpoint saved: ./exp/checkpoints/resnet152_pdt_ep200_sp0.0.pth
Epoch 200/200 | Loss: 0.7731 | Val Acc: 62.90%
🏁 Final Model Saved: ./exp/checkpoints/resnet152_pdt_final.pth

============================== FINAL PHYSICAL COMPRESSION ==============================
