📝 Logging started: resnet34_pat_20260213_140533.log
✅ CIFAR-100 Data loaded: Train(50000), Val/Test(10000)
Experimental Mode: PAT
Target Model: resnet34 | Dataset: cifar100

[Stage 1] Analyzing Residual Topology for resnet via PyTorch FX...

==================== Final Topology Groups ====================
 Group  1 | Channels:   64 | Layers: layer1.0.bn2 ... (1 layers)
 Group  2 | Channels:   64 | Layers: layer1.1.bn2 ... (1 layers)
 Group  3 | Channels:   64 | Layers: layer1.2.bn2 ... (1 layers)
 Group  4 | Channels:  128 | Layers: layer2.0.bn2 ... (2 layers)
 Group  5 | Channels:  128 | Layers: layer2.1.bn2 ... (1 layers)
 Group  6 | Channels:  128 | Layers: layer2.2.bn2 ... (1 layers)
 Group  7 | Channels:  128 | Layers: layer2.3.bn2 ... (1 layers)
 Group  8 | Channels:  256 | Layers: layer3.0.bn2 ... (2 layers)
 Group  9 | Channels:  256 | Layers: layer3.1.bn2 ... (1 layers)
 Group 10 | Channels:  256 | Layers: layer3.2.bn2 ... (1 layers)
 Group 11 | Channels:  256 | Layers: layer3.3.bn2 ... (1 layers)
 Group 12 | Channels:  256 | Layers: layer3.4.bn2 ... (1 layers)
 Group 13 | Channels:  256 | Layers: layer3.5.bn2 ... (1 layers)
 Group 14 | Channels:  512 | Layers: layer4.0.bn2 ... (2 layers)
 Group 15 | Channels:  512 | Layers: layer4.1.bn2 ... (1 layers)
 Group 16 | Channels:  512 | Layers: layer4.2.bn2 ... (1 layers)
===============================================================
[*] Total 16 groups identified.

>>> [System] Loading Base Model: ./exp/checkpoints/resnet34_base.pth
[Sensitivity] Load from ./exp/checkpoints/resnet34_sensitivity.json
🚀 PATPruner Ready: 16 blocks identified.

--- PAT One-Shot Pruning (Strategy: normalization) ---
🧠 PAT Strategy Type: normalization
✅ Final Pruning Map: 20 layers matched.
[*] Final Synced Target Modules: 72
[*] Safe Pruned: layer1.0 | Channels: 63
[*] Safe Pruned: layer1.0 | Channels: 63
[*] Safe Pruned: layer1.0 | Channels: 63
[*] Safe Pruned: layer1.0 | Channels: 63
[*] Safe Pruned: layer1.1 | Channels: 63
[*] Safe Pruned: layer1.1 | Channels: 63
[*] Safe Pruned: layer1.1 | Channels: 63
[*] Safe Pruned: layer1.1 | Channels: 63
[*] Safe Pruned: layer1.2 | Channels: 63
[*] Safe Pruned: layer1.2 | Channels: 63
[*] Safe Pruned: layer1.2 | Channels: 63
[*] Safe Pruned: layer1.2 | Channels: 63
[*] Safe Pruned: layer2.0 | Channels: 127
[*] Safe Pruned: layer2.0 | Channels: 127
[*] Safe Pruned: layer2.0 | Channels: 127
[*] Safe Pruned: layer2.0 | Channels: 127
[*] Safe Pruned: layer2.0 | Channels: 127
[*] Safe Pruned: layer2.0 | Channels: 127
[*] Safe Pruned: layer2.1 | Channels: 127
[*] Safe Pruned: layer2.1 | Channels: 127
[*] Safe Pruned: layer2.1 | Channels: 127
[*] Safe Pruned: layer2.1 | Channels: 127
[*] Safe Pruned: layer2.2 | Channels: 127
[*] Safe Pruned: layer2.2 | Channels: 127
[*] Safe Pruned: layer2.2 | Channels: 127
[*] Safe Pruned: layer2.2 | Channels: 127
[*] Safe Pruned: layer2.3 | Channels: 127
[*] Safe Pruned: layer2.3 | Channels: 127
[*] Safe Pruned: layer2.3 | Channels: 127
[*] Safe Pruned: layer2.3 | Channels: 127
[*] Safe Pruned: layer3.0 | Channels: 255
[*] Safe Pruned: layer3.0 | Channels: 255
[*] Safe Pruned: layer3.0 | Channels: 255
[*] Safe Pruned: layer3.0 | Channels: 255
[*] Safe Pruned: layer3.0 | Channels: 255
[*] Safe Pruned: layer3.0 | Channels: 255
[*] Safe Pruned: layer3.1 | Channels: 255
[*] Safe Pruned: layer3.1 | Channels: 255
[*] Safe Pruned: layer3.1 | Channels: 255
[*] Safe Pruned: layer3.1 | Channels: 255
[*] Safe Pruned: layer3.2 | Channels: 255
[*] Safe Pruned: layer3.2 | Channels: 255
[*] Safe Pruned: layer3.2 | Channels: 255
[*] Safe Pruned: layer3.2 | Channels: 255
[*] Safe Pruned: layer3.3 | Channels: 255
[*] Safe Pruned: layer3.3 | Channels: 255
[*] Safe Pruned: layer3.3 | Channels: 255
[*] Safe Pruned: layer3.3 | Channels: 255
[*] Safe Pruned: layer3.4 | Channels: 255
[*] Safe Pruned: layer3.4 | Channels: 255
[*] Safe Pruned: layer3.4 | Channels: 255
[*] Safe Pruned: layer3.4 | Channels: 255
[*] Safe Pruned: layer3.5 | Channels: 255
[*] Safe Pruned: layer3.5 | Channels: 255
[*] Safe Pruned: layer3.5 | Channels: 255
[*] Safe Pruned: layer3.5 | Channels: 255
[*] Safe Pruned: layer4.0 | Channels: 511
[*] Safe Pruned: layer4.0 | Channels: 511
[*] Safe Pruned: layer4.0 | Channels: 511
[*] Safe Pruned: layer4.0 | Channels: 511
[*] Safe Pruned: layer4.0 | Channels: 511
[*] Safe Pruned: layer4.0 | Channels: 511
[*] Safe Pruned: layer4.1 | Channels: 511
[*] Safe Pruned: layer4.1 | Channels: 511
[*] Safe Pruned: layer4.1 | Channels: 511
[*] Safe Pruned: layer4.1 | Channels: 511
[*] Safe Pruned: layer4.2 | Channels: 511
[*] Safe Pruned: layer4.2 | Channels: 511
[*] Safe Pruned: layer4.2 | Channels: 511
[*] Safe Pruned: layer4.2 | Channels: 511

========================================
📊 [Pruning Result Summary]
 - Original Params: 21.328 M
 - Pruned Params:   21.048 M
 - Compression Ratio: 1.31 %
========================================

FT Epoch [1/70] | Loss: 0.0115 | Val Acc: 77.62% | LR: 0.00999
 ⭐ Best model saved with Acc: 77.62%
FT Epoch [2/70] | Loss: 0.0238 | Val Acc: 75.54% | LR: 0.00998
FT Epoch [3/70] | Loss: 0.0665 | Val Acc: 71.51% | LR: 0.00995
FT Epoch [4/70] | Loss: 0.1279 | Val Acc: 69.96% | LR: 0.00992
FT Epoch [5/70] | Loss: 0.1638 | Val Acc: 69.56% | LR: 0.00987
FT Epoch [6/70] | Loss: 0.1627 | Val Acc: 71.46% | LR: 0.00982
FT Epoch [7/70] | Loss: 0.1541 | Val Acc: 69.40% | LR: 0.00976
FT Epoch [8/70] | Loss: 0.1351 | Val Acc: 71.57% | LR: 0.00968
