📝 Logging started: resnet152_pdt_20260216_234338.log
✅ CIFAR-100 Data loaded: Train(50000), Val/Test(10000)
Experimental Mode: N/A
Target Model: resnet152 | Dataset: cifar100

[Stage 1] Analyzing Residual Topology for resnet via PyTorch FX...

==================== Final Topology Groups ====================
 Group  1 | Channels:  256 | Layers: layer1.0.bn3 ... (2 layers)
 Group  2 | Channels:  256 | Layers: layer1.1.bn3 ... (1 layers)
 Group  3 | Channels:  256 | Layers: layer1.2.bn3 ... (1 layers)
 Group  4 | Channels:  512 | Layers: layer2.0.bn3 ... (2 layers)
 Group  5 | Channels:  512 | Layers: layer2.1.bn3 ... (1 layers)
 Group  6 | Channels:  512 | Layers: layer2.2.bn3 ... (1 layers)
 Group  7 | Channels:  512 | Layers: layer2.3.bn3 ... (1 layers)
 Group  8 | Channels:  512 | Layers: layer2.4.bn3 ... (1 layers)
 Group  9 | Channels:  512 | Layers: layer2.5.bn3 ... (1 layers)
 Group 10 | Channels:  512 | Layers: layer2.6.bn3 ... (1 layers)
 Group 11 | Channels:  512 | Layers: layer2.7.bn3 ... (1 layers)
 Group 12 | Channels: 1024 | Layers: layer3.0.bn3 ... (2 layers)
 Group 13 | Channels: 1024 | Layers: layer3.1.bn3 ... (1 layers)
 Group 14 | Channels: 1024 | Layers: layer3.2.bn3 ... (1 layers)
 Group 15 | Channels: 1024 | Layers: layer3.3.bn3 ... (1 layers)
 Group 16 | Channels: 1024 | Layers: layer3.4.bn3 ... (1 layers)
 Group 17 | Channels: 1024 | Layers: layer3.5.bn3 ... (1 layers)
 Group 18 | Channels: 1024 | Layers: layer3.6.bn3 ... (1 layers)
 Group 19 | Channels: 1024 | Layers: layer3.7.bn3 ... (1 layers)
 Group 20 | Channels: 1024 | Layers: layer3.8.bn3 ... (1 layers)
 Group 21 | Channels: 1024 | Layers: layer3.9.bn3 ... (1 layers)
 Group 22 | Channels: 1024 | Layers: layer3.10.bn3 ... (1 layers)
 Group 23 | Channels: 1024 | Layers: layer3.11.bn3 ... (1 layers)
 Group 24 | Channels: 1024 | Layers: layer3.12.bn3 ... (1 layers)
 Group 25 | Channels: 1024 | Layers: layer3.13.bn3 ... (1 layers)
 Group 26 | Channels: 1024 | Layers: layer3.14.bn3 ... (1 layers)
 Group 27 | Channels: 1024 | Layers: layer3.15.bn3 ... (1 layers)
 Group 28 | Channels: 1024 | Layers: layer3.16.bn3 ... (1 layers)
 Group 29 | Channels: 1024 | Layers: layer3.17.bn3 ... (1 layers)
 Group 30 | Channels: 1024 | Layers: layer3.18.bn3 ... (1 layers)
 Group 31 | Channels: 1024 | Layers: layer3.19.bn3 ... (1 layers)
 Group 32 | Channels: 1024 | Layers: layer3.20.bn3 ... (1 layers)
 Group 33 | Channels: 1024 | Layers: layer3.21.bn3 ... (1 layers)
 Group 34 | Channels: 1024 | Layers: layer3.22.bn3 ... (1 layers)
 Group 35 | Channels: 1024 | Layers: layer3.23.bn3 ... (1 layers)
 Group 36 | Channels: 1024 | Layers: layer3.24.bn3 ... (1 layers)
 Group 37 | Channels: 1024 | Layers: layer3.25.bn3 ... (1 layers)
 Group 38 | Channels: 1024 | Layers: layer3.26.bn3 ... (1 layers)
 Group 39 | Channels: 1024 | Layers: layer3.27.bn3 ... (1 layers)
 Group 40 | Channels: 1024 | Layers: layer3.28.bn3 ... (1 layers)
 Group 41 | Channels: 1024 | Layers: layer3.29.bn3 ... (1 layers)
 Group 42 | Channels: 1024 | Layers: layer3.30.bn3 ... (1 layers)
 Group 43 | Channels: 1024 | Layers: layer3.31.bn3 ... (1 layers)
 Group 44 | Channels: 1024 | Layers: layer3.32.bn3 ... (1 layers)
 Group 45 | Channels: 1024 | Layers: layer3.33.bn3 ... (1 layers)
 Group 46 | Channels: 1024 | Layers: layer3.34.bn3 ... (1 layers)
 Group 47 | Channels: 1024 | Layers: layer3.35.bn3 ... (1 layers)
 Group 48 | Channels: 2048 | Layers: layer4.0.bn3 ... (2 layers)
 Group 49 | Channels: 2048 | Layers: layer4.1.bn3 ... (1 layers)
 Group 50 | Channels: 2048 | Layers: layer4.2.bn3 ... (1 layers)
===============================================================
[*] Total 50 groups identified.


[Pruner Init] Strict Conv-Topology Mode Activated
[*] Applied Min Survival Guarantee: 10.0%
[*] Total 50 groups linked to 311 prunable layers.

>>> [System] Loading pre-trained model: ./exp/checkpoints/resnet152_base.pth
✅ Success: Weights loaded from resnet152_base.pth

>>> [Pilot Check] Strategy: PDT | Start Epoch: 120 | Target Ratio: 0.2

=== [Stage 1 & 4] Initial State Analysis ===
[*] Topology Status: 517 nodes currently in graph.
-------------------------------------------------------  ------------  ------------  ------------  ------------  ------------  ------------  ------------  ------------  ------------  ------------  ------------  ------------  ------------  ------------  ------------  
                                                   Name    Self CPU %      Self CPU   CPU total %     CPU total  CPU time avg     Self CUDA   Self CUDA %    CUDA total  CUDA time avg       CPU Mem  Self CPU Mem      CUDA Mem  Self CUDA Mem    # of Calls  Total KFLOPs  
-------------------------------------------------------  ------------  ------------  ------------  ------------  ------------  ------------  ------------  ------------  ------------  ------------  ------------  ------------  ------------  ------------  ------------  
                           aten::_batch_norm_impl_index         0.18%     243.227us        12.65%      17.305ms     111.645us       0.000us         0.00%       1.779ms      11.480us           0 B           0 B       1.32 GB           0 B           155            --  
                                 aten::cudnn_batch_norm        10.21%      13.966ms        12.47%      17.062ms     110.076us       1.754ms        21.37%       1.779ms      11.480us           0 B           0 B       1.32 GB           0 B           155            --  
                                            aten::empty         0.89%       1.223ms         1.39%       1.895ms       2.446us       0.000us         0.00%       0.000us       0.000us           0 B           0 B       1.32 GB       1.32 GB           775            --  
                                       aten::batch_norm         0.19%     258.693us        12.84%      17.564ms     113.314us       0.000us         0.00%       1.779ms      11.480us           0 B           0 B       1.32 GB    -595.00 KB           155            --  
                                       aten::empty_like         0.14%     193.740us         0.90%       1.225ms       7.906us       0.000us         0.00%       0.000us       0.000us           0 B           0 B       1.32 GB           0 B           155            --  
                                           aten::conv2d         0.17%     230.105us        68.08%      93.113ms     600.728us       0.000us         0.00%       6.460ms      41.679us           0 B           0 B       1.32 GB           0 B           155  364767477.760  
                                      aten::convolution         0.23%     314.444us        67.91%      92.883ms     599.244us       0.000us         0.00%       6.460ms      41.679us           0 B           0 B       1.32 GB           0 B           155            --  
                                     aten::_convolution         0.76%       1.038ms        67.68%      92.568ms     597.215us       0.000us         0.00%       6.460ms      41.679us           0 B           0 B       1.32 GB           0 B           155            --  
                                aten::cudnn_convolution        61.40%      83.976ms        66.92%      91.531ms     590.520us       5.057ms        61.60%       6.460ms      41.679us           0 B           0 B       1.32 GB       1.32 GB           155            --  
                                           aten::linear         0.03%      44.986us         1.12%       1.527ms       1.527ms       0.000us         0.00%      18.048us      18.048us           0 B           0 B       9.13 MB           0 B             1            --  
-------------------------------------------------------  ------------  ------------  ------------  ------------  ------------  ------------  ------------  ------------  ------------  ------------  ------------  ------------  ------------  ------------  ------------  
Self CPU time total: 136.779ms
Self CUDA time total: 8.209ms


[Action] Triggering PDT Pruning at Epoch 120...

[DEBUG] === step_pruning Started at Epoch 120 ===
[DEBUG] Current Model Sparsity: 0.00% (Alive: 100.00%)
[DEBUG] I am looking for: 'layer1.0.bn3'
[DEBUG] Closest names in actual model: ['layer1.0.bn3', 'layer4.0.bn3', 'layer3.0.bn3']
[DEBUG] Target Groups for Hessian: [1, 2, 3, 4, 5, 6, 7, 8, 9, 10, 11, 12, 13, 14, 15, 16, 17, 18, 19, 20, 21, 22, 23, 24, 25, 26, 27, 28, 29, 30, 31, 32, 33, 34, 35, 36, 37, 38, 39, 40]
[DEBUG] Calculating Hessian for 43 parameters...
[DEBUG] Total Unit Candidates: 34560
[DEBUG] Target Keep Ratio: 0.8800 (Inc: 0.8800)
[DEBUG] Lagrangian Decision: Pruned 9209 units.
[DEBUG] Actual Mask Updates: 11001 channels.

============================== PDT Pruning Results: Epoch 120 ==============================
 [*] Pruned this step: 11001
 Group  1 |    0/ 256 |   100.0% |     0.016118 | [TARGET]
 Group  2 |    0/ 256 |   100.0% |     0.000000 | [TARGET]
 Group  3 |  217/ 256 |    15.2% |     0.030923 | [TARGET]
 Group  4 |    0/ 512 |   100.0% |     0.041119 | [TARGET]
 Group  5 |  337/ 512 |    34.2% |     0.022143 | [TARGET]
 Group  6 |  386/ 512 |    24.6% |     0.027784 | [TARGET]
 Group  7 |  421/ 512 |    17.8% |     0.020630 | [TARGET]
 Group  8 |  437/ 512 |    14.6% |     0.045522 | [TARGET]
 Group  9 |  469/ 512 |     8.4% |     0.020420 | [TARGET]
 Group 10 |  487/ 512 |     4.9% |     0.026272 | [TARGET]
 Group 11 |  491/ 512 |     4.1% |     0.039448 | [TARGET]
 Group 12 |    0/1024 |   100.0% |     0.015450 | [TARGET]
 Group 13 |  814/1024 |    20.5% |     0.018345 | [TARGET]
 Group 14 |  839/1024 |    18.1% |     0.011693 | [TARGET]
 Group 15 |  855/1024 |    16.5% |     0.010088 | [TARGET]
 Group 16 |  865/1024 |    15.5% |     0.018441 | [TARGET]
 Group 17 |  869/1024 |    15.1% |     0.019665 | [TARGET]
 Group 18 |  875/1024 |    14.6% |     0.033304 | [TARGET]
 Group 19 |  873/1024 |    14.7% |     0.022505 | [TARGET]
 Group 20 |  876/1024 |    14.5% |     0.026996 | [TARGET]
 Group 21 |  896/1024 |    12.5% |     0.033837 | [TARGET]
 Group 22 |  882/1024 |    13.9% |     0.020302 | [TARGET]
 Group 23 |  894/1024 |    12.7% |     0.020838 | [TARGET]
 Group 24 |  837/1024 |    18.3% |     0.009340 | [TARGET]
 Group 25 |  902/1024 |    11.9% |     0.033822 | [TARGET]
 Group 26 |  899/1024 |    12.2% |     0.010869 | [TARGET]
 Group 27 |  905/1024 |    11.6% |     0.033111 | [TARGET]
 Group 28 |  903/1024 |    11.8% |     0.019605 | [TARGET]
 Group 29 |  929/1024 |     9.3% |     0.040012 | [TARGET]
 Group 30 |  935/1024 |     8.7% |     0.028618 | [TARGET]
 Group 31 |  930/1024 |     9.2% |     0.025306 | [TARGET]
 Group 32 |  266/1024 |    74.0% |     0.007399 | [TARGET]
 Group 33 |    0/1024 |   100.0% |     0.000000 | [TARGET]
 Group 34 |  486/1024 |    52.5% |     0.009919 | [TARGET]
 Group 35 |  886/1024 |    13.5% |     0.026337 | [TARGET]
 Group 36 |  927/1024 |     9.5% |     0.009351 | [TARGET]
 Group 37 |  654/1024 |    36.1% |     0.018691 | [TARGET]
 Group 38 |  925/1024 |     9.7% |     0.021083 | [TARGET]
 Group 39 |  927/1024 |     9.5% |     0.029019 | [TARGET]
 Group 40 |  257/1024 |    74.9% |     0.003923 | [TARGET]
 Group 41 | 1024/1024 |     0.0% |     0.000000 | [FIXED]
 Group 42 | 1024/1024 |     0.0% |     0.000000 | [FIXED]
 Group 43 | 1024/1024 |     0.0% |     0.000000 | [FIXED]
 Group 44 | 1024/1024 |     0.0% |     0.000000 | [FIXED]
 Group 45 | 1024/1024 |     0.0% |     0.000000 | [FIXED]
 Group 46 | 1024/1024 |     0.0% |     0.000000 | [FIXED]
 Group 47 | 1024/1024 |     0.0% |     0.000000 | [FIXED]
 Group 48 | 2048/2048 |     0.0% |     0.000000 | [FIXED]
 Group 49 | 2048/2048 |     0.0% |     0.000000 | [FIXED]
 Group 50 | 2048/2048 |     0.0% |     0.000000 | [FIXED]

[Scientific Metrics]
 🟢 Model Size: 222.47 MB / 🔵 Sparsity: 0.04 %
 🟠 GPU Mem: 4076.17 MB
=========================================================================================


[Scientific Metrics - Epoch 120]
 🟢 Model Size: 222.47 MB | 🔵 Sparsity: 0.04 % | 🟡 Speedup: 1.00x
💾 Checkpoint saved: ./exp/checkpoints/resnet152_pdt_ep120_sp0.0.pth
Epoch 120/200 | Loss: 4.6160 | Val Acc: 1.00%
Epoch 121/200 | Loss: 4.6212 | Val Acc: 1.00%
