📝 Logging started: resnet152_pdt_20260217_143239.log
✅ CIFAR-100 Data loaded: Train(50000), Val/Test(10000)
Experimental Mode: N/A
Target Model: resnet152 | Dataset: cifar100

[Stage 1] Analyzing Residual Topology for resnet via PyTorch FX...

==================== Final Topology Groups ====================
 Group  1 | Channels:  256 | Layers: layer1.0.bn3 ... (2 layers)
 Group  2 | Channels:  256 | Layers: layer1.1.bn3 ... (1 layers)
 Group  3 | Channels:  256 | Layers: layer1.2.bn3 ... (1 layers)
 Group  4 | Channels:  512 | Layers: layer2.0.bn3 ... (2 layers)
 Group  5 | Channels:  512 | Layers: layer2.1.bn3 ... (1 layers)
 Group  6 | Channels:  512 | Layers: layer2.2.bn3 ... (1 layers)
 Group  7 | Channels:  512 | Layers: layer2.3.bn3 ... (1 layers)
 Group  8 | Channels:  512 | Layers: layer2.4.bn3 ... (1 layers)
 Group  9 | Channels:  512 | Layers: layer2.5.bn3 ... (1 layers)
 Group 10 | Channels:  512 | Layers: layer2.6.bn3 ... (1 layers)
 Group 11 | Channels:  512 | Layers: layer2.7.bn3 ... (1 layers)
 Group 12 | Channels: 1024 | Layers: layer3.0.bn3 ... (2 layers)
 Group 13 | Channels: 1024 | Layers: layer3.1.bn3 ... (1 layers)
 Group 14 | Channels: 1024 | Layers: layer3.2.bn3 ... (1 layers)
 Group 15 | Channels: 1024 | Layers: layer3.3.bn3 ... (1 layers)
 Group 16 | Channels: 1024 | Layers: layer3.4.bn3 ... (1 layers)
 Group 17 | Channels: 1024 | Layers: layer3.5.bn3 ... (1 layers)
 Group 18 | Channels: 1024 | Layers: layer3.6.bn3 ... (1 layers)
 Group 19 | Channels: 1024 | Layers: layer3.7.bn3 ... (1 layers)
 Group 20 | Channels: 1024 | Layers: layer3.8.bn3 ... (1 layers)
 Group 21 | Channels: 1024 | Layers: layer3.9.bn3 ... (1 layers)
 Group 22 | Channels: 1024 | Layers: layer3.10.bn3 ... (1 layers)
 Group 23 | Channels: 1024 | Layers: layer3.11.bn3 ... (1 layers)
 Group 24 | Channels: 1024 | Layers: layer3.12.bn3 ... (1 layers)
 Group 25 | Channels: 1024 | Layers: layer3.13.bn3 ... (1 layers)
 Group 26 | Channels: 1024 | Layers: layer3.14.bn3 ... (1 layers)
 Group 27 | Channels: 1024 | Layers: layer3.15.bn3 ... (1 layers)
 Group 28 | Channels: 1024 | Layers: layer3.16.bn3 ... (1 layers)
 Group 29 | Channels: 1024 | Layers: layer3.17.bn3 ... (1 layers)
 Group 30 | Channels: 1024 | Layers: layer3.18.bn3 ... (1 layers)
 Group 31 | Channels: 1024 | Layers: layer3.19.bn3 ... (1 layers)
 Group 32 | Channels: 1024 | Layers: layer3.20.bn3 ... (1 layers)
 Group 33 | Channels: 1024 | Layers: layer3.21.bn3 ... (1 layers)
 Group 34 | Channels: 1024 | Layers: layer3.22.bn3 ... (1 layers)
 Group 35 | Channels: 1024 | Layers: layer3.23.bn3 ... (1 layers)
 Group 36 | Channels: 1024 | Layers: layer3.24.bn3 ... (1 layers)
 Group 37 | Channels: 1024 | Layers: layer3.25.bn3 ... (1 layers)
 Group 38 | Channels: 1024 | Layers: layer3.26.bn3 ... (1 layers)
 Group 39 | Channels: 1024 | Layers: layer3.27.bn3 ... (1 layers)
 Group 40 | Channels: 1024 | Layers: layer3.28.bn3 ... (1 layers)
 Group 41 | Channels: 1024 | Layers: layer3.29.bn3 ... (1 layers)
 Group 42 | Channels: 1024 | Layers: layer3.30.bn3 ... (1 layers)
 Group 43 | Channels: 1024 | Layers: layer3.31.bn3 ... (1 layers)
 Group 44 | Channels: 1024 | Layers: layer3.32.bn3 ... (1 layers)
 Group 45 | Channels: 1024 | Layers: layer3.33.bn3 ... (1 layers)
 Group 46 | Channels: 1024 | Layers: layer3.34.bn3 ... (1 layers)
 Group 47 | Channels: 1024 | Layers: layer3.35.bn3 ... (1 layers)
 Group 48 | Channels: 2048 | Layers: layer4.0.bn3 ... (2 layers)
 Group 49 | Channels: 2048 | Layers: layer4.1.bn3 ... (1 layers)
 Group 50 | Channels: 2048 | Layers: layer4.2.bn3 ... (1 layers)
===============================================================
[*] Total 50 groups identified.


[Pruner Init] Strict Conv-Topology Mode Activated
[*] Applied Min Survival Guarantee: 10.0%
[*] Only defined groups (1-50) will be pruned.
[System] Initializing PDTPruner (Proposed Grad-EMA Strategy)

>>> [Pilot Check] Strategy: PDT | Pruning starts at Epoch 40, every 20 epochs.

=== [Stage 1 & 4] Baseline Before Pruning Analysis ===
[*] Topology Status: 517 nodes currently in graph.
-------------------------------------------------------  ------------  ------------  ------------  ------------  ------------  ------------  ------------  ------------  ------------  ------------  ------------  ------------  ------------  ------------  ------------  
                                                   Name    Self CPU %      Self CPU   CPU total %     CPU total  CPU time avg     Self CUDA   Self CUDA %    CUDA total  CUDA time avg       CPU Mem  Self CPU Mem      CUDA Mem  Self CUDA Mem    # of Calls  Total KFLOPs  
-------------------------------------------------------  ------------  ------------  ------------  ------------  ------------  ------------  ------------  ------------  ------------  ------------  ------------  ------------  ------------  ------------  ------------  
                           aten::_batch_norm_impl_index         0.18%     243.601us        12.54%      16.827ms     108.563us       0.000us         0.00%       1.842ms      11.883us           0 B           0 B       1.32 GB           0 B           155            --  
                                 aten::cudnn_batch_norm         9.95%      13.352ms        12.36%      16.584ms     106.991us       1.817ms        21.83%       1.842ms      11.883us           0 B           0 B       1.32 GB           0 B           155            --  
                                            aten::empty         0.88%       1.181ms         1.49%       1.993ms       2.571us       0.000us         0.00%       0.000us       0.000us           0 B           0 B       1.32 GB       1.32 GB           775            --  
                                       aten::batch_norm         0.20%     264.010us        12.74%      17.091ms     110.266us       0.000us         0.00%       1.842ms      11.883us           0 B           0 B       1.32 GB    -595.00 KB           155            --  
                                       aten::empty_like         0.14%     181.939us         0.99%       1.332ms       8.592us       0.000us         0.00%       0.000us       0.000us           0 B           0 B       1.32 GB           0 B           155            --  
                                           aten::conv2d         0.17%     226.355us        69.33%      93.005ms     600.031us       0.000us         0.00%       6.535ms      42.164us           0 B           0 B       1.32 GB           0 B           155  364767477.760  
                                      aten::convolution         0.22%     299.065us        69.17%      92.778ms     598.571us       0.000us         0.00%       6.535ms      42.164us           0 B           0 B       1.32 GB           0 B           155            --  
                                     aten::_convolution         0.80%       1.071ms        68.94%      92.479ms     596.641us       0.000us         0.00%       6.535ms      42.164us           0 B           0 B       1.32 GB           0 B           155            --  
                                aten::cudnn_convolution        62.57%      83.936ms        68.14%      91.408ms     589.729us       5.111ms        61.39%       6.535ms      42.164us           0 B           0 B       1.32 GB       1.32 GB           155            --  
                                           aten::linear         0.02%      32.899us         1.05%       1.405ms       1.405ms       0.000us         0.00%      17.792us      17.792us           0 B           0 B       9.13 MB           0 B             1            --  
-------------------------------------------------------  ------------  ------------  ------------  ------------  ------------  ------------  ------------  ------------  ------------  ------------  ------------  ------------  ------------  ------------  ------------  
Self CPU time total: 134.139ms
Self CUDA time total: 8.325ms

Epoch 1/200 | Loss: 4.3845 | Val Acc: 8.31%
Epoch 2/200 | Loss: 3.6495 | Val Acc: 17.77%
Epoch 3/200 | Loss: 3.0768 | Val Acc: 28.71%
Epoch 4/200 | Loss: 2.5581 | Val Acc: 34.86%
Epoch 5/200 | Loss: 2.1516 | Val Acc: 45.14%
Epoch 6/200 | Loss: 1.8762 | Val Acc: 46.85%
Epoch 7/200 | Loss: 1.6969 | Val Acc: 50.89%
Epoch 8/200 | Loss: 1.5494 | Val Acc: 52.17%
Epoch 9/200 | Loss: 1.4292 | Val Acc: 54.61%
Epoch 10/200 | Loss: 1.3369 | Val Acc: 57.01%
Epoch 11/200 | Loss: 1.2584 | Val Acc: 57.85%
Epoch 12/200 | Loss: 1.1886 | Val Acc: 58.30%
Epoch 13/200 | Loss: 1.1310 | Val Acc: 58.61%
Epoch 14/200 | Loss: 1.0702 | Val Acc: 62.25%
Epoch 15/200 | Loss: 1.0257 | Val Acc: 61.28%
Epoch 16/200 | Loss: 0.9957 | Val Acc: 61.47%
Epoch 17/200 | Loss: 0.9518 | Val Acc: 64.11%
Epoch 18/200 | Loss: 0.9212 | Val Acc: 60.57%
Epoch 19/200 | Loss: 0.8856 | Val Acc: 64.11%
Epoch 20/200 | Loss: 0.8566 | Val Acc: 63.44%
Epoch 21/200 | Loss: 0.8301 | Val Acc: 64.51%
Epoch 22/200 | Loss: 0.7984 | Val Acc: 64.48%
Epoch 23/200 | Loss: 0.7811 | Val Acc: 65.20%
Epoch 24/200 | Loss: 0.7598 | Val Acc: 64.59%
Epoch 25/200 | Loss: 0.7475 | Val Acc: 65.83%
Epoch 26/200 | Loss: 0.7293 | Val Acc: 64.37%
Epoch 27/200 | Loss: 0.7169 | Val Acc: 67.93%
Epoch 28/200 | Loss: 0.6985 | Val Acc: 64.45%
Epoch 29/200 | Loss: 0.6907 | Val Acc: 66.51%
Epoch 30/200 | Loss: 0.6751 | Val Acc: 66.63%
Epoch 31/200 | Loss: 0.6687 | Val Acc: 65.80%
Epoch 32/200 | Loss: 0.6547 | Val Acc: 66.23%
Epoch 33/200 | Loss: 0.6450 | Val Acc: 65.65%
Epoch 34/200 | Loss: 0.6400 | Val Acc: 65.68%
Epoch 35/200 | Loss: 0.6427 | Val Acc: 65.01%
Epoch 36/200 | Loss: 0.6222 | Val Acc: 62.08%
Epoch 37/200 | Loss: 0.6190 | Val Acc: 65.28%
Epoch 38/200 | Loss: 0.6159 | Val Acc: 66.33%
Epoch 39/200 | Loss: 0.6029 | Val Acc: 65.66%
💾 Checkpoint saved: ./exp/checkpoints/resnet152_pdt_ep40_sp0.0.pth

=== [Stage 1 & 4] PDT Epoch 40 Update Analysis ===
[*] Topology Status: 517 nodes currently in graph.
-------------------------------------------------------  ------------  ------------  ------------  ------------  ------------  ------------  ------------  ------------  ------------  ------------  ------------  ------------  ------------  ------------  ------------  
                                                   Name    Self CPU %      Self CPU   CPU total %     CPU total  CPU time avg     Self CUDA   Self CUDA %    CUDA total  CUDA time avg       CPU Mem  Self CPU Mem      CUDA Mem  Self CUDA Mem    # of Calls  Total KFLOPs  
-------------------------------------------------------  ------------  ------------  ------------  ------------  ------------  ------------  ------------  ------------  ------------  ------------  ------------  ------------  ------------  ------------  ------------  
                                           aten::conv2d         1.58%     214.945us        29.31%       3.989ms      25.735us       0.000us         0.00%       5.009ms      32.318us           0 B           0 B       1.38 GB           0 B           155  364767477.760  
                                      aten::convolution         1.72%     234.502us        27.73%       3.774ms      24.348us       0.000us         0.00%       5.009ms      32.318us           0 B           0 B       1.38 GB           0 B           155            --  
                                     aten::_convolution         3.49%     474.552us        26.01%       3.539ms      22.835us       0.000us         0.00%       5.009ms      32.318us           0 B           0 B       1.38 GB           0 B           155            --  
                                aten::cudnn_convolution        12.64%       1.720ms        22.52%       3.065ms      19.774us       4.986ms        60.93%       5.009ms      32.318us           0 B           0 B       1.38 GB       1.38 GB           155            --  
                           aten::_batch_norm_impl_index         1.23%     167.759us        28.92%       3.935ms      25.386us       0.000us         0.00%       1.806ms      11.655us           0 B           0 B       1.32 GB           0 B           155            --  
                                 aten::cudnn_batch_norm        11.56%       1.573ms        27.68%       3.767ms      24.304us       1.806ms        22.07%       1.806ms      11.655us           0 B           0 B       1.32 GB           0 B           155            --  
                                            aten::empty         8.20%       1.116ms        10.67%       1.452ms       1.874us       0.000us         0.00%       0.000us       0.000us           0 B           0 B       1.32 GB       1.32 GB           775            --  
                                       aten::batch_norm         1.44%     195.812us        30.35%       4.131ms      26.650us       0.000us         0.00%       1.806ms      11.655us           0 B           0 B       1.32 GB    -595.00 KB           155            --  
                                       aten::empty_like         0.95%     129.192us         5.35%     727.404us       4.693us       0.000us         0.00%       0.000us       0.000us           0 B           0 B       1.32 GB           0 B           155            --  
                              aten::adaptive_avg_pool2d         0.02%       3.396us         0.23%      30.896us      30.896us       0.000us         0.00%       3.232us       3.232us           0 B           0 B       8.00 KB           0 B             1            --  
-------------------------------------------------------  ------------  ------------  ------------  ------------  ------------  ------------  ------------  ------------  ------------  ------------  ------------  ------------  ------------  ------------  ------------  
Self CPU time total: 13.608ms
Self CUDA time total: 8.184ms

Epoch 40/200 | Loss: 0.6040 | Val Acc: 64.78%
Epoch 41/200 | Loss: 0.6003 | Val Acc: 66.18%
Epoch 42/200 | Loss: 0.5925 | Val Acc: 66.37%
Epoch 43/200 | Loss: 0.5844 | Val Acc: 66.61%
Epoch 44/200 | Loss: 0.5835 | Val Acc: 64.38%
Epoch 45/200 | Loss: 0.5705 | Val Acc: 65.81%
Epoch 46/200 | Loss: 0.5699 | Val Acc: 65.27%
Epoch 47/200 | Loss: 0.5673 | Val Acc: 64.86%
Epoch 48/200 | Loss: 0.5625 | Val Acc: 64.43%
Epoch 49/200 | Loss: 0.5614 | Val Acc: 67.42%
Epoch 50/200 | Loss: 0.5601 | Val Acc: 65.83%
Epoch 51/200 | Loss: 0.5490 | Val Acc: 65.54%
Epoch 52/200 | Loss: 0.5486 | Val Acc: 65.50%
Epoch 53/200 | Loss: 0.5441 | Val Acc: 66.37%
Epoch 54/200 | Loss: 0.5345 | Val Acc: 67.05%
Epoch 55/200 | Loss: 0.5370 | Val Acc: 66.45%
Epoch 56/200 | Loss: 0.5277 | Val Acc: 68.11%
Epoch 57/200 | Loss: 0.5285 | Val Acc: 66.58%
Epoch 58/200 | Loss: 0.5229 | Val Acc: 66.58%
Epoch 59/200 | Loss: 0.5195 | Val Acc: 67.35%
💾 Checkpoint saved: ./exp/checkpoints/resnet152_pdt_ep60_sp0.0.pth

=== [Stage 1 & 4] PDT Epoch 60 Update Analysis ===
[*] Topology Status: 517 nodes currently in graph.
-------------------------------------------------------  ------------  ------------  ------------  ------------  ------------  ------------  ------------  ------------  ------------  ------------  ------------  ------------  ------------  ------------  ------------  
                                                   Name    Self CPU %      Self CPU   CPU total %     CPU total  CPU time avg     Self CUDA   Self CUDA %    CUDA total  CUDA time avg       CPU Mem  Self CPU Mem      CUDA Mem  Self CUDA Mem    # of Calls  Total KFLOPs  
-------------------------------------------------------  ------------  ------------  ------------  ------------  ------------  ------------  ------------  ------------  ------------  ------------  ------------  ------------  ------------  ------------  ------------  
                           aten::_batch_norm_impl_index         1.21%     170.002us        27.65%       3.879ms      25.027us       0.000us         0.00%       1.797ms      11.591us           0 B           0 B       1.38 GB           0 B           155            --  
                                 aten::cudnn_batch_norm        11.90%       1.669ms        26.44%       3.709ms      23.930us       1.797ms        21.92%       1.797ms      11.591us           0 B           0 B       1.38 GB           0 B           155            --  
                                            aten::empty         8.18%       1.148ms         9.09%       1.275ms       1.645us       0.000us         0.00%       0.000us       0.000us           0 B           0 B       1.38 GB       1.38 GB           775            --  
                                       aten::batch_norm         1.42%     198.944us        29.07%       4.078ms      26.311us       0.000us         0.00%       1.797ms      11.591us           0 B           0 B       1.38 GB    -595.00 KB           155            --  
                                       aten::empty_like         0.98%     137.768us         3.70%     518.327us       3.344us       0.000us         0.00%       0.000us       0.000us           0 B           0 B       1.38 GB           0 B           155            --  
                                           aten::conv2d         1.55%     218.100us        31.11%       4.363ms      28.151us       0.000us         0.00%       5.039ms      32.512us           0 B           0 B       1.36 GB           0 B           155  364767477.760  
                                      aten::convolution         1.83%     256.137us        29.55%       4.145ms      26.743us       0.000us         0.00%       5.039ms      32.512us           0 B           0 B       1.36 GB           0 B           155            --  
                                     aten::_convolution         4.35%     610.749us        27.73%       3.889ms      25.091us       0.000us         0.00%       5.039ms      32.512us           0 B           0 B       1.36 GB           0 B           155            --  
                                aten::cudnn_convolution        12.70%       1.782ms        23.37%       3.278ms      21.151us       5.016ms        61.19%       5.039ms      32.512us           0 B           0 B       1.36 GB       1.36 GB           155            --  
                              aten::adaptive_avg_pool2d         0.03%       3.646us         0.22%      31.256us      31.256us       0.000us         0.00%       3.232us       3.232us           0 B           0 B       8.00 KB           0 B             1            --  
-------------------------------------------------------  ------------  ------------  ------------  ------------  ------------  ------------  ------------  ------------  ------------  ------------  ------------  ------------  ------------  ------------  ------------  
Self CPU time total: 14.027ms
Self CUDA time total: 8.197ms

Epoch 60/200 | Loss: 0.5178 | Val Acc: 68.38%
Epoch 61/200 | Loss: 0.5156 | Val Acc: 66.57%
Epoch 62/200 | Loss: 0.5102 | Val Acc: 65.68%
Epoch 63/200 | Loss: 0.5117 | Val Acc: 65.45%
Epoch 64/200 | Loss: 0.5109 | Val Acc: 67.97%
Epoch 65/200 | Loss: 0.5030 | Val Acc: 67.23%
Epoch 66/200 | Loss: 0.5074 | Val Acc: 66.58%
Epoch 67/200 | Loss: 0.4953 | Val Acc: 67.40%
Epoch 68/200 | Loss: 0.4983 | Val Acc: 67.22%
Epoch 69/200 | Loss: 0.4964 | Val Acc: 67.30%
Epoch 70/200 | Loss: 0.4987 | Val Acc: 67.53%
Epoch 71/200 | Loss: 0.4888 | Val Acc: 64.52%
Epoch 72/200 | Loss: 0.4947 | Val Acc: 65.78%
Epoch 73/200 | Loss: 0.4871 | Val Acc: 65.48%
Epoch 74/200 | Loss: 0.4840 | Val Acc: 67.32%
Epoch 75/200 | Loss: 0.4820 | Val Acc: 65.50%
Epoch 76/200 | Loss: 0.4808 | Val Acc: 66.36%
Epoch 77/200 | Loss: 0.4858 | Val Acc: 67.58%
Epoch 78/200 | Loss: 0.4805 | Val Acc: 67.80%
Epoch 79/200 | Loss: 0.4797 | Val Acc: 66.61%
💾 Checkpoint saved: ./exp/checkpoints/resnet152_pdt_ep80_sp0.0.pth

=== [Stage 1 & 4] PDT Epoch 80 Update Analysis ===
[*] Topology Status: 517 nodes currently in graph.
-------------------------------------------------------  ------------  ------------  ------------  ------------  ------------  ------------  ------------  ------------  ------------  ------------  ------------  ------------  ------------  ------------  ------------  
                                                   Name    Self CPU %      Self CPU   CPU total %     CPU total  CPU time avg     Self CUDA   Self CUDA %    CUDA total  CUDA time avg       CPU Mem  Self CPU Mem      CUDA Mem  Self CUDA Mem    # of Calls  Total KFLOPs  
-------------------------------------------------------  ------------  ------------  ------------  ------------  ------------  ------------  ------------  ------------  ------------  ------------  ------------  ------------  ------------  ------------  ------------  
                                           aten::conv2d         1.59%     251.777us        37.13%       5.896ms      38.036us       0.000us         0.00%       0.000us       0.000us           0 B           0 B       1.38 GB           0 B           155  364767477.760  
                                      aten::convolution         1.53%     243.453us        35.55%       5.644ms      36.411us       0.000us         0.00%       0.000us       0.000us           0 B           0 B       1.38 GB           0 B           155            --  
                                     aten::_convolution         3.75%     595.833us        34.01%       5.400ms      34.841us       0.000us         0.00%       0.000us       0.000us           0 B           0 B       1.38 GB           0 B           155            --  
                                aten::cudnn_convolution        11.27%       1.789ms        30.26%       4.804ms      30.997us       0.000us         0.00%       0.000us       0.000us           0 B           0 B       1.38 GB       1.38 GB           155            --  
                           aten::_batch_norm_impl_index         1.09%     173.406us        26.01%       4.130ms      26.647us       0.000us         0.00%       0.000us       0.000us           0 B           0 B       1.32 GB           0 B           155            --  
                                 aten::cudnn_batch_norm        10.91%       1.732ms        24.92%       3.957ms      25.528us       0.000us         0.00%       0.000us       0.000us           0 B           0 B       1.32 GB           0 B           155            --  
                                            aten::empty         7.38%       1.172ms         9.18%       1.458ms       1.882us       0.000us         0.00%       0.000us       0.000us           0 B           0 B       1.32 GB       1.32 GB           775            --  
                                       aten::batch_norm         1.24%     196.399us        27.25%       4.327ms      27.914us       0.000us         0.00%       0.000us       0.000us           0 B           0 B       1.32 GB    -595.00 KB           155            --  
                                       aten::empty_like         0.86%     136.708us         4.34%     688.874us       4.444us       0.000us         0.00%       0.000us       0.000us           0 B           0 B       1.32 GB           0 B           155            --  
                              aten::adaptive_avg_pool2d         0.02%       3.726us         0.20%      31.407us      31.407us       0.000us         0.00%       0.000us       0.000us           0 B           0 B       8.00 KB           0 B             1            --  
-------------------------------------------------------  ------------  ------------  ------------  ------------  ------------  ------------  ------------  ------------  ------------  ------------  ------------  ------------  ------------  ------------  ------------  
Self CPU time total: 15.877ms
Self CUDA time total: 8.176ms

Epoch 80/200 | Loss: 0.4776 | Val Acc: 67.27%
Epoch 81/200 | Loss: 0.4735 | Val Acc: 65.52%
Epoch 82/200 | Loss: 0.4749 | Val Acc: 67.61%
Epoch 83/200 | Loss: 0.4743 | Val Acc: 68.47%
Epoch 84/200 | Loss: 0.4676 | Val Acc: 66.55%
Epoch 85/200 | Loss: 0.4730 | Val Acc: 66.72%
Epoch 86/200 | Loss: 0.4679 | Val Acc: 67.10%
Epoch 87/200 | Loss: 0.4667 | Val Acc: 67.16%
Epoch 88/200 | Loss: 0.4723 | Val Acc: 67.98%
Epoch 89/200 | Loss: 0.4662 | Val Acc: 67.58%
Epoch 90/200 | Loss: 0.4682 | Val Acc: 68.63%
Epoch 91/200 | Loss: 0.4645 | Val Acc: 66.39%
Epoch 92/200 | Loss: 0.4650 | Val Acc: 68.06%
Epoch 93/200 | Loss: 0.4604 | Val Acc: 67.76%
Epoch 94/200 | Loss: 0.4612 | Val Acc: 68.28%
Epoch 95/200 | Loss: 0.4576 | Val Acc: 66.94%
Epoch 96/200 | Loss: 0.4573 | Val Acc: 67.12%
Epoch 97/200 | Loss: 0.4536 | Val Acc: 66.79%
Epoch 98/200 | Loss: 0.4611 | Val Acc: 65.85%
Epoch 99/200 | Loss: 0.4528 | Val Acc: 68.98%
💾 Checkpoint saved: ./exp/checkpoints/resnet152_pdt_ep100_sp0.0.pth

=== [Stage 1 & 4] PDT Epoch 100 Update Analysis ===
[*] Topology Status: 517 nodes currently in graph.
-------------------------------------------------------  ------------  ------------  ------------  ------------  ------------  ------------  ------------  ------------  ------------  ------------  ------------  ------------  ------------  ------------  ------------  
                                                   Name    Self CPU %      Self CPU   CPU total %     CPU total  CPU time avg     Self CUDA   Self CUDA %    CUDA total  CUDA time avg       CPU Mem  Self CPU Mem      CUDA Mem  Self CUDA Mem    # of Calls  Total KFLOPs  
-------------------------------------------------------  ------------  ------------  ------------  ------------  ------------  ------------  ------------  ------------  ------------  ------------  ------------  ------------  ------------  ------------  ------------  
                                           aten::conv2d         1.56%     294.604us        41.03%       7.733ms      49.890us       0.000us         0.00%       0.000us       0.000us           0 B           0 B       1.40 GB           0 B           155  364767477.760  
                                      aten::convolution         1.50%     283.228us        39.47%       7.438ms      47.990us       0.000us         0.00%       0.000us       0.000us           0 B           0 B       1.40 GB           0 B           155            --  
                                     aten::_convolution         3.78%     712.458us        37.96%       7.155ms      46.162us       0.000us         0.00%       0.000us       0.000us           0 B           0 B       1.40 GB           0 B           155            --  
                                aten::cudnn_convolution        10.39%       1.959ms        34.18%       6.443ms      41.566us       0.000us         0.00%       0.000us       0.000us           0 B           0 B       1.40 GB       1.40 GB           155            --  
                           aten::_batch_norm_impl_index         0.96%     180.753us        24.01%       4.526ms      29.198us       0.000us         0.00%       0.000us       0.000us           0 B           0 B       1.33 GB           0 B           155            --  
                                 aten::cudnn_batch_norm        10.12%       1.907ms        23.05%       4.345ms      28.032us       0.000us         0.00%       0.000us       0.000us           0 B           0 B       1.33 GB           0 B           155            --  
                                            aten::empty         6.72%       1.266ms         8.32%       1.567ms       2.022us       0.000us         0.00%       0.000us       0.000us           0 B           0 B       1.33 GB       1.33 GB           775            --  
                                       aten::batch_norm         1.09%     206.079us        25.11%       4.732ms      30.528us       0.000us         0.00%       0.000us       0.000us           0 B           0 B       1.33 GB    -595.00 KB           155            --  
                                       aten::empty_like         0.82%     155.029us         3.87%     729.062us       4.704us       0.000us         0.00%       0.000us       0.000us           0 B           0 B       1.33 GB           0 B           155            --  
                              aten::adaptive_avg_pool2d         0.02%       4.627us         0.21%      40.199us      40.199us       0.000us         0.00%       0.000us       0.000us           0 B           0 B       8.00 KB           0 B             1            --  
-------------------------------------------------------  ------------  ------------  ------------  ------------  ------------  ------------  ------------  ------------  ------------  ------------  ------------  ------------  ------------  ------------  ------------  
Self CPU time total: 18.848ms
Self CUDA time total: 8.194ms

Epoch 100/200 | Loss: 0.4520 | Val Acc: 66.42%
Epoch 101/200 | Loss: 0.4532 | Val Acc: 67.54%
Epoch 102/200 | Loss: 0.4556 | Val Acc: 69.06%
Epoch 103/200 | Loss: 0.4616 | Val Acc: 66.88%
Epoch 104/200 | Loss: 0.4490 | Val Acc: 68.38%
Epoch 105/200 | Loss: 0.4542 | Val Acc: 67.77%
Epoch 106/200 | Loss: 0.4508 | Val Acc: 67.58%
Epoch 107/200 | Loss: 0.4582 | Val Acc: 65.74%
Epoch 108/200 | Loss: 0.4498 | Val Acc: 68.46%
Epoch 109/200 | Loss: 0.4474 | Val Acc: 67.67%
Epoch 110/200 | Loss: 0.4496 | Val Acc: 68.00%
Epoch 111/200 | Loss: 0.4489 | Val Acc: 67.35%
Epoch 112/200 | Loss: 0.4462 | Val Acc: 68.56%
Epoch 113/200 | Loss: 0.4512 | Val Acc: 68.75%
Epoch 114/200 | Loss: 0.4506 | Val Acc: 66.39%
Epoch 115/200 | Loss: 0.4443 | Val Acc: 65.78%
Epoch 116/200 | Loss: 0.4463 | Val Acc: 67.52%
Epoch 117/200 | Loss: 0.4453 | Val Acc: 65.23%
Epoch 118/200 | Loss: 0.4499 | Val Acc: 68.07%
Epoch 119/200 | Loss: 0.4388 | Val Acc: 68.24%
💾 Checkpoint saved: ./exp/checkpoints/resnet152_pdt_ep120_sp0.0.pth

=== [Stage 1 & 4] PDT Epoch 120 Update Analysis ===
[*] Topology Status: 517 nodes currently in graph.
-------------------------------------------------------  ------------  ------------  ------------  ------------  ------------  ------------  ------------  ------------  ------------  ------------  ------------  ------------  ------------  ------------  ------------  
                                                   Name    Self CPU %      Self CPU   CPU total %     CPU total  CPU time avg     Self CUDA   Self CUDA %    CUDA total  CUDA time avg       CPU Mem  Self CPU Mem      CUDA Mem  Self CUDA Mem    # of Calls  Total KFLOPs  
-------------------------------------------------------  ------------  ------------  ------------  ------------  ------------  ------------  ------------  ------------  ------------  ------------  ------------  ------------  ------------  ------------  ------------  
                                           aten::conv2d         1.71%     338.979us        38.18%       7.564ms      48.800us       0.000us         0.00%       0.000us       0.000us           0 B           0 B       1.38 GB           0 B           155  364767477.760  
                                      aten::convolution         1.62%     321.181us        36.47%       7.225ms      46.613us       0.000us         0.00%       0.000us       0.000us           0 B           0 B       1.38 GB           0 B           155            --  
                                     aten::_convolution         3.71%     734.759us        34.85%       6.904ms      44.540us       0.000us         0.00%       0.000us       0.000us           0 B           0 B       1.38 GB           0 B           155            --  
                                aten::cudnn_convolution        10.58%       2.095ms        31.14%       6.169ms      39.800us       0.000us         0.00%       0.000us       0.000us           0 B           0 B       1.38 GB       1.38 GB           155            --  
                           aten::_batch_norm_impl_index         1.01%     199.835us        25.51%       5.054ms      32.607us       0.000us         0.00%       0.000us       0.000us           0 B           0 B       1.32 GB           0 B           155            --  
                                 aten::cudnn_batch_norm        10.64%       2.108ms        24.51%       4.854ms      31.318us       0.000us         0.00%       0.000us       0.000us           0 B           0 B       1.32 GB           0 B           155            --  
                                            aten::empty         7.21%       1.428ms         9.38%       1.858ms       2.397us       0.000us         0.00%       0.000us       0.000us           0 B           0 B       1.32 GB       1.32 GB           775            --  
                                       aten::batch_norm         1.19%     235.978us        26.71%       5.290ms      34.130us       0.000us         0.00%       0.000us       0.000us           0 B           0 B       1.32 GB    -595.00 KB           155            --  
                                       aten::empty_like         0.94%     186.176us         4.65%     920.855us       5.941us       0.000us         0.00%       0.000us       0.000us           0 B           0 B       1.32 GB           0 B           155            --  
                              aten::adaptive_avg_pool2d         0.02%       3.706us         0.16%      31.396us      31.396us       0.000us         0.00%       0.000us       0.000us           0 B           0 B       8.00 KB           0 B             1            --  
-------------------------------------------------------  ------------  ------------  ------------  ------------  ------------  ------------  ------------  ------------  ------------  ------------  ------------  ------------  ------------  ------------  ------------  
Self CPU time total: 19.809ms
Self CUDA time total: 8.171ms

Epoch 120/200 | Loss: 0.4447 | Val Acc: 67.74%
Epoch 121/200 | Loss: 0.4414 | Val Acc: 67.55%
Epoch 122/200 | Loss: 0.4453 | Val Acc: 66.92%
Epoch 123/200 | Loss: 0.4383 | Val Acc: 66.26%
Epoch 124/200 | Loss: 0.4439 | Val Acc: 68.85%
Epoch 125/200 | Loss: 0.4384 | Val Acc: 65.89%
Epoch 126/200 | Loss: 0.4412 | Val Acc: 67.95%
Epoch 127/200 | Loss: 0.4354 | Val Acc: 65.92%
Epoch 128/200 | Loss: 0.4409 | Val Acc: 66.61%
Epoch 129/200 | Loss: 0.4326 | Val Acc: 66.55%
Epoch 130/200 | Loss: 0.4381 | Val Acc: 66.35%
Epoch 131/200 | Loss: 0.4384 | Val Acc: 67.23%
Epoch 132/200 | Loss: 0.4343 | Val Acc: 67.07%
Epoch 133/200 | Loss: 0.4344 | Val Acc: 67.24%
Epoch 134/200 | Loss: 0.4339 | Val Acc: 67.21%
Epoch 135/200 | Loss: 0.4330 | Val Acc: 68.43%
Epoch 136/200 | Loss: 0.4391 | Val Acc: 68.99%
Epoch 137/200 | Loss: 0.4349 | Val Acc: 67.22%
Epoch 138/200 | Loss: 0.4371 | Val Acc: 67.36%
Epoch 139/200 | Loss: 0.4319 | Val Acc: 67.41%
💾 Checkpoint saved: ./exp/checkpoints/resnet152_pdt_ep140_sp0.0.pth

=== [Stage 1 & 4] PDT Epoch 140 Update Analysis ===
[*] Topology Status: 517 nodes currently in graph.
-------------------------------------------------------  ------------  ------------  ------------  ------------  ------------  ------------  ------------  ------------  ------------  ------------  ------------  ------------  ------------  ------------  ------------  
                                                   Name    Self CPU %      Self CPU   CPU total %     CPU total  CPU time avg     Self CUDA   Self CUDA %    CUDA total  CUDA time avg       CPU Mem  Self CPU Mem      CUDA Mem  Self CUDA Mem    # of Calls  Total KFLOPs  
-------------------------------------------------------  ------------  ------------  ------------  ------------  ------------  ------------  ------------  ------------  ------------  ------------  ------------  ------------  ------------  ------------  ------------  
                                           aten::conv2d         1.65%     325.266us        40.43%       7.966ms      51.393us       0.000us         0.00%       5.066ms      32.687us           0 B           0 B       1.38 GB           0 B           155  364767477.760  
                                      aten::convolution         1.54%     302.630us        38.78%       7.641ms      49.295us       0.000us         0.00%       5.066ms      32.687us           0 B           0 B       1.38 GB           0 B           155            --  
                                     aten::_convolution         3.14%     618.653us        37.24%       7.338ms      47.342us       0.000us         0.00%       5.066ms      32.687us           0 B           0 B       1.38 GB           0 B           155            --  
                                aten::cudnn_convolution        10.42%       2.053ms        34.10%       6.719ms      43.351us       5.043ms        61.33%       5.066ms      32.687us           0 B           0 B       1.38 GB       1.38 GB           155            --  
                           aten::_batch_norm_impl_index         1.04%     204.586us        24.67%       4.860ms      31.357us       0.000us         0.00%       1.803ms      11.633us           0 B           0 B       1.32 GB           0 B           155            --  
                                 aten::cudnn_batch_norm        10.05%       1.979ms        23.63%       4.656ms      30.037us       1.803ms        21.93%       1.803ms      11.633us           0 B           0 B       1.32 GB           0 B           155            --  
                                            aten::empty         7.15%       1.408ms         9.19%       1.811ms       2.337us       0.000us         0.00%       0.000us       0.000us           0 B           0 B       1.32 GB       1.32 GB           775            --  
                                       aten::batch_norm         1.21%     239.072us        25.88%       5.099ms      32.900us       0.000us         0.00%       1.803ms      11.633us           0 B           0 B       1.32 GB    -595.00 KB           155            --  
                                       aten::empty_like         0.88%     173.667us         4.48%     882.968us       5.697us       0.000us         0.00%       0.000us       0.000us           0 B           0 B       1.32 GB           0 B           155            --  
                              aten::adaptive_avg_pool2d         0.02%       3.124us         0.15%      29.934us      29.934us       0.000us         0.00%       3.232us       3.232us           0 B           0 B       8.00 KB           0 B             1            --  
-------------------------------------------------------  ------------  ------------  ------------  ------------  ------------  ------------  ------------  ------------  ------------  ------------  ------------  ------------  ------------  ------------  ------------  
Self CPU time total: 19.704ms
Self CUDA time total: 8.223ms

Epoch 140/200 | Loss: 0.4324 | Val Acc: 68.01%
Epoch 141/200 | Loss: 0.4306 | Val Acc: 68.04%
Epoch 142/200 | Loss: 0.4319 | Val Acc: 69.08%
Epoch 143/200 | Loss: 0.4268 | Val Acc: 66.22%
Epoch 144/200 | Loss: 0.4379 | Val Acc: 67.93%
Epoch 145/200 | Loss: 0.4285 | Val Acc: 67.54%
Epoch 146/200 | Loss: 0.4419 | Val Acc: 67.03%
Epoch 147/200 | Loss: 0.4280 | Val Acc: 67.43%
Epoch 148/200 | Loss: 0.4296 | Val Acc: 68.19%
Epoch 149/200 | Loss: 0.4274 | Val Acc: 68.74%
Epoch 150/200 | Loss: 0.4330 | Val Acc: 68.18%
Epoch 151/200 | Loss: 0.4224 | Val Acc: 68.51%
Epoch 152/200 | Loss: 0.4363 | Val Acc: 67.93%
Epoch 153/200 | Loss: 0.4329 | Val Acc: 68.28%
Epoch 154/200 | Loss: 0.4301 | Val Acc: 68.37%
Epoch 155/200 | Loss: 0.4270 | Val Acc: 69.57%
Epoch 156/200 | Loss: 0.4285 | Val Acc: 67.90%
Epoch 157/200 | Loss: 0.4258 | Val Acc: 67.66%
Epoch 158/200 | Loss: 0.4286 | Val Acc: 66.97%
Epoch 159/200 | Loss: 0.4275 | Val Acc: 68.07%
💾 Checkpoint saved: ./exp/checkpoints/resnet152_pdt_ep160_sp0.0.pth

=== [Stage 1 & 4] PDT Epoch 160 Update Analysis ===
[*] Topology Status: 517 nodes currently in graph.
-------------------------------------------------------  ------------  ------------  ------------  ------------  ------------  ------------  ------------  ------------  ------------  ------------  ------------  ------------  ------------  ------------  ------------  
                                                   Name    Self CPU %      Self CPU   CPU total %     CPU total  CPU time avg     Self CUDA   Self CUDA %    CUDA total  CUDA time avg       CPU Mem  Self CPU Mem      CUDA Mem  Self CUDA Mem    # of Calls  Total KFLOPs  
-------------------------------------------------------  ------------  ------------  ------------  ------------  ------------  ------------  ------------  ------------  ------------  ------------  ------------  ------------  ------------  ------------  ------------  
                                           aten::conv2d         1.78%     360.370us        40.57%       8.216ms      53.010us       0.000us         0.00%       5.004ms      32.287us           0 B           0 B       1.38 GB           0 B           155  364767477.760  
                                      aten::convolution         1.67%     338.835us        38.79%       7.856ms      50.685us       0.000us         0.00%       5.004ms      32.287us           0 B           0 B       1.38 GB           0 B           155            --  
                                     aten::_convolution         3.80%     769.319us        37.11%       7.517ms      48.499us       0.000us         0.00%       5.004ms      32.287us           0 B           0 B       1.38 GB           0 B           155            --  
                                aten::cudnn_convolution        10.00%       2.025ms        33.32%       6.748ms      43.535us       4.981ms        61.02%       5.004ms      32.287us           0 B           0 B       1.38 GB       1.38 GB           155            --  
                           aten::_batch_norm_impl_index         1.05%     213.431us        25.27%       5.119ms      33.026us       0.000us         0.00%       1.796ms      11.588us           0 B           0 B       1.32 GB           0 B           155            --  
                                 aten::cudnn_batch_norm        10.62%       2.150ms        24.22%       4.906ms      31.649us       1.796ms        22.00%       1.796ms      11.588us           0 B           0 B       1.32 GB           0 B           155            --  
                                            aten::empty         6.79%       1.374ms         9.09%       1.842ms       2.377us       0.000us         0.00%       0.000us       0.000us           0 B           0 B       1.32 GB       1.32 GB           775            --  
                                       aten::batch_norm         1.12%     226.149us        26.39%       5.345ms      34.485us       0.000us         0.00%       1.796ms      11.588us           0 B           0 B       1.32 GB    -595.00 KB           155            --  
                                       aten::empty_like         1.15%     232.729us         4.88%     987.656us       6.372us       0.000us         0.00%       0.000us       0.000us           0 B           0 B       1.32 GB           0 B           155            --  
                              aten::adaptive_avg_pool2d         0.02%       3.224us         0.15%      30.795us      30.795us       0.000us         0.00%       3.232us       3.232us           0 B           0 B       8.00 KB           0 B             1            --  
-------------------------------------------------------  ------------  ------------  ------------  ------------  ------------  ------------  ------------  ------------  ------------  ------------  ------------  ------------  ------------  ------------  ------------  
Self CPU time total: 20.255ms
Self CUDA time total: 8.163ms

Epoch 160/200 | Loss: 0.4282 | Val Acc: 68.42%
Epoch 161/200 | Loss: 0.4271 | Val Acc: 66.01%
Epoch 162/200 | Loss: 0.4247 | Val Acc: 66.79%
Epoch 163/200 | Loss: 0.4252 | Val Acc: 68.75%
