📝 Logging started: resnet18_pdt_20260219_081439.log
✅ CIFAR-100 Data loaded: Train(50000), Val/Test(10000)
Experimental Mode: N/A
Target Model: resnet18 | Dataset: cifar100

[Stage 1] Analyzing Residual Topology for resnet via PyTorch FX...

==================== Final Topology Groups ====================
 Group  1 | Channels:   64 | Layers: conv1 ... (2 layers)
 Group  2 | Channels:   64 | Layers: conv1 ... (3 layers)
 Group  3 | Channels:  128 | Layers: layer2.0.conv2 ... (2 layers)
 Group  4 | Channels:  128 | Layers: layer2.0.conv2 ... (3 layers)
 Group  5 | Channels:  256 | Layers: layer3.0.conv2 ... (2 layers)
 Group  6 | Channels:  256 | Layers: layer3.0.conv2 ... (3 layers)
 Group  7 | Channels:  512 | Layers: layer4.0.conv2 ... (2 layers)
 Group  8 | Channels:  512 | Layers: layer4.0.conv2 ... (3 layers)
===============================================================
[*] Total 8 groups identified.


[Pruner Init] Identified 8 groups for pruning.
[*] Applied Min Survival Guarantee: 10.0%
[System] Initializing PDTPruner (Stable Version)

>>> Strategy: PDT | Total Epochs: 200
>>> Pruning starts at Epoch 40, every 20 epochs.
Epoch 1/200 | Loss: 3.8307 | Val Acc: 18.08% | Peak VRAM: 732.63 MB
Epoch 2/200 | Loss: 3.0439 | Val Acc: 29.26% | Peak VRAM: 732.00 MB
Epoch 3/200 | Loss: 2.5009 | Val Acc: 34.62% | Peak VRAM: 732.00 MB
Epoch 4/200 | Loss: 2.1414 | Val Acc: 42.89% | Peak VRAM: 732.00 MB
Epoch 5/200 | Loss: 1.9099 | Val Acc: 43.75% | Peak VRAM: 732.00 MB
Epoch 6/200 | Loss: 1.7481 | Val Acc: 45.41% | Peak VRAM: 732.00 MB
Epoch 7/200 | Loss: 1.6268 | Val Acc: 49.28% | Peak VRAM: 732.00 MB
Epoch 8/200 | Loss: 1.5290 | Val Acc: 51.16% | Peak VRAM: 732.00 MB
Epoch 9/200 | Loss: 1.4418 | Val Acc: 53.07% | Peak VRAM: 732.00 MB
Epoch 10/200 | Loss: 1.3972 | Val Acc: 52.19% | Peak VRAM: 732.00 MB
Epoch 11/200 | Loss: 1.3576 | Val Acc: 54.91% | Peak VRAM: 732.00 MB
Epoch 12/200 | Loss: 1.3185 | Val Acc: 53.60% | Peak VRAM: 732.00 MB
Epoch 13/200 | Loss: 1.2931 | Val Acc: 54.93% | Peak VRAM: 732.00 MB
Epoch 14/200 | Loss: 1.2661 | Val Acc: 48.52% | Peak VRAM: 732.00 MB
Epoch 15/200 | Loss: 1.2449 | Val Acc: 45.32% | Peak VRAM: 732.00 MB
Epoch 16/200 | Loss: 1.2280 | Val Acc: 51.43% | Peak VRAM: 732.00 MB
Epoch 17/200 | Loss: 1.2007 | Val Acc: 54.37% | Peak VRAM: 732.00 MB
Epoch 18/200 | Loss: 1.1918 | Val Acc: 55.01% | Peak VRAM: 732.00 MB
Epoch 19/200 | Loss: 1.1780 | Val Acc: 55.68% | Peak VRAM: 732.00 MB
Epoch 20/200 | Loss: 1.1608 | Val Acc: 55.28% | Peak VRAM: 732.00 MB
Epoch 21/200 | Loss: 1.1556 | Val Acc: 57.35% | Peak VRAM: 732.00 MB
Epoch 22/200 | Loss: 1.1360 | Val Acc: 56.98% | Peak VRAM: 732.00 MB
Epoch 23/200 | Loss: 1.1314 | Val Acc: 56.43% | Peak VRAM: 732.00 MB
Epoch 24/200 | Loss: 1.1182 | Val Acc: 58.67% | Peak VRAM: 732.00 MB
Epoch 25/200 | Loss: 1.1029 | Val Acc: 56.63% | Peak VRAM: 732.00 MB
Epoch 26/200 | Loss: 1.1098 | Val Acc: 60.50% | Peak VRAM: 732.00 MB
Epoch 27/200 | Loss: 1.1010 | Val Acc: 60.09% | Peak VRAM: 732.00 MB
Epoch 28/200 | Loss: 1.0817 | Val Acc: 59.32% | Peak VRAM: 732.00 MB
Epoch 29/200 | Loss: 1.0847 | Val Acc: 59.32% | Peak VRAM: 732.00 MB
Epoch 30/200 | Loss: 1.0781 | Val Acc: 58.39% | Peak VRAM: 732.00 MB
Epoch 31/200 | Loss: 1.0673 | Val Acc: 57.92% | Peak VRAM: 732.00 MB
Epoch 32/200 | Loss: 1.0676 | Val Acc: 56.46% | Peak VRAM: 732.00 MB
Epoch 33/200 | Loss: 1.0619 | Val Acc: 55.47% | Peak VRAM: 732.00 MB
Epoch 34/200 | Loss: 1.0557 | Val Acc: 58.64% | Peak VRAM: 732.00 MB
Epoch 35/200 | Loss: 1.0538 | Val Acc: 57.04% | Peak VRAM: 732.00 MB
Epoch 36/200 | Loss: 1.0428 | Val Acc: 59.22% | Peak VRAM: 732.00 MB
Epoch 37/200 | Loss: 1.0470 | Val Acc: 57.80% | Peak VRAM: 732.00 MB
Epoch 38/200 | Loss: 1.0340 | Val Acc: 59.45% | Peak VRAM: 732.00 MB
Epoch 39/200 | Loss: 1.0384 | Val Acc: 57.33% | Peak VRAM: 732.00 MB

[DEBUG] >>> PRUNING @ Epoch 40

[DEBUG] !!! PRUNING TRIGGERED !!! Epoch 40/200

============================== PDT Pruning Report: Epoch 40 ==============================
 [*] Pruned this step: 617 units | VRAM: 749.0MB -> 749.0MB
 Group  1 |   64/  64 |     0.0% | Hessian: 0.030726
 Group  2 |   64/  64 |     0.0% | Hessian: 0.030726
 Group  3 |  128/ 128 |     0.0% | Hessian: 0.086498
 Group  4 |  128/ 128 |     0.0% | Hessian: 0.086498
 Group  5 |  255/ 256 |     0.4% | Hessian: 0.040616
 Group  6 |  255/ 256 |     0.4% | Hessian: 0.040616
 Group  7 |  332/ 512 |    35.2% | Hessian: 0.027457
 Group  8 |  332/ 512 |    35.2% | Hessian: 0.027457

[Scientific Metrics] 🟢 Size: 36.49MB | 🔵 Sparsity: 14.68% | 🟡 Speedup: 1.17x
=========================================================================================


[Scientific Metrics - Epoch 40]
 🟢 Model Size: 42.76 MB -> 36.49 MB
 🔵 Sparsity: 10.80 %
 🟡 Speedup: 1.17x
💾 Checkpoint saved: resnet18_pdt_ep40_sp10.80.pth
Epoch 40/200 | Loss: 1.1320 | Val Acc: 57.60% | Peak VRAM: 2659.72 MB
Epoch 41/200 | Loss: 1.0815 | Val Acc: 58.70% | Peak VRAM: 733.00 MB
Epoch 42/200 | Loss: 1.0721 | Val Acc: 54.38% | Peak VRAM: 733.00 MB
Epoch 43/200 | Loss: 1.0640 | Val Acc: 58.06% | Peak VRAM: 733.00 MB
Epoch 44/200 | Loss: 1.0568 | Val Acc: 54.56% | Peak VRAM: 733.00 MB
Epoch 45/200 | Loss: 1.0527 | Val Acc: 60.56% | Peak VRAM: 733.00 MB
Epoch 46/200 | Loss: 1.0421 | Val Acc: 53.67% | Peak VRAM: 733.00 MB
Epoch 47/200 | Loss: 1.0448 | Val Acc: 58.78% | Peak VRAM: 733.00 MB
Epoch 48/200 | Loss: 1.0396 | Val Acc: 58.74% | Peak VRAM: 733.00 MB
Epoch 49/200 | Loss: 1.0379 | Val Acc: 56.50% | Peak VRAM: 733.00 MB
Epoch 50/200 | Loss: 1.0367 | Val Acc: 57.67% | Peak VRAM: 733.00 MB
Epoch 51/200 | Loss: 1.0268 | Val Acc: 57.67% | Peak VRAM: 733.00 MB
Epoch 52/200 | Loss: 1.0251 | Val Acc: 57.10% | Peak VRAM: 733.00 MB
Epoch 53/200 | Loss: 1.0227 | Val Acc: 57.99% | Peak VRAM: 733.00 MB
Epoch 54/200 | Loss: 1.0266 | Val Acc: 58.78% | Peak VRAM: 733.00 MB
Epoch 55/200 | Loss: 1.0198 | Val Acc: 58.86% | Peak VRAM: 733.00 MB
Epoch 56/200 | Loss: 1.0267 | Val Acc: 59.87% | Peak VRAM: 733.00 MB
Epoch 57/200 | Loss: 1.0235 | Val Acc: 58.14% | Peak VRAM: 733.00 MB
Epoch 58/200 | Loss: 1.0143 | Val Acc: 55.31% | Peak VRAM: 733.00 MB
Epoch 59/200 | Loss: 1.0112 | Val Acc: 59.25% | Peak VRAM: 733.00 MB

[DEBUG] >>> PRUNING @ Epoch 60

[DEBUG] !!! PRUNING TRIGGERED !!! Epoch 60/200

============================== PDT Pruning Report: Epoch 60 ==============================
 [*] Pruned this step: 453 units | VRAM: 750.0MB -> 750.0MB
 Group  1 |   63/  64 |     1.6% | Hessian: 0.045741
 Group  2 |   63/  64 |     1.6% | Hessian: 0.045741
 Group  3 |  128/ 128 |     0.0% | Hessian: 0.257290
 Group  4 |  128/ 128 |     0.0% | Hessian: 0.257290
 Group  5 |  255/ 256 |     0.4% | Hessian: 0.209410
 Group  6 |  255/ 256 |     0.4% | Hessian: 0.209410
 Group  7 |  183/ 512 |    64.3% | Hessian: 0.145560
 Group  8 |  183/ 512 |    64.3% | Hessian: 0.145560

[Scientific Metrics] 🟢 Size: 31.10MB | 🔵 Sparsity: 27.27% | 🟡 Speedup: 1.37x
=========================================================================================


[Scientific Metrics - Epoch 60]
 🟢 Model Size: 42.76 MB -> 31.10 MB
 🔵 Sparsity: 19.96 %
 🟡 Speedup: 1.37x
💾 Checkpoint saved: resnet18_pdt_ep60_sp19.96.pth
Epoch 60/200 | Loss: 1.1876 | Val Acc: 53.22% | Peak VRAM: 2660.47 MB
Epoch 61/200 | Loss: 1.1007 | Val Acc: 57.85% | Peak VRAM: 733.00 MB
Epoch 62/200 | Loss: 1.0841 | Val Acc: 58.22% | Peak VRAM: 733.00 MB
Epoch 63/200 | Loss: 1.0623 | Val Acc: 52.13% | Peak VRAM: 733.00 MB
Epoch 64/200 | Loss: 1.0740 | Val Acc: 56.96% | Peak VRAM: 733.00 MB
Epoch 65/200 | Loss: 1.0508 | Val Acc: 57.02% | Peak VRAM: 733.00 MB
Epoch 66/200 | Loss: 1.0472 | Val Acc: 57.91% | Peak VRAM: 733.00 MB
Epoch 67/200 | Loss: 1.0447 | Val Acc: 57.66% | Peak VRAM: 733.00 MB
Epoch 68/200 | Loss: 1.0442 | Val Acc: 59.46% | Peak VRAM: 733.00 MB
Epoch 69/200 | Loss: 1.0426 | Val Acc: 58.70% | Peak VRAM: 733.00 MB
Epoch 70/200 | Loss: 1.0350 | Val Acc: 49.08% | Peak VRAM: 733.00 MB
Epoch 71/200 | Loss: 1.0366 | Val Acc: 56.91% | Peak VRAM: 733.00 MB
Epoch 72/200 | Loss: 1.0259 | Val Acc: 59.44% | Peak VRAM: 733.00 MB
Epoch 73/200 | Loss: 1.0204 | Val Acc: 59.00% | Peak VRAM: 733.00 MB
Epoch 74/200 | Loss: 1.0181 | Val Acc: 57.40% | Peak VRAM: 733.00 MB
Epoch 75/200 | Loss: 1.0311 | Val Acc: 56.97% | Peak VRAM: 733.00 MB
Epoch 76/200 | Loss: 1.0183 | Val Acc: 59.40% | Peak VRAM: 733.00 MB
Epoch 77/200 | Loss: 1.0298 | Val Acc: 58.14% | Peak VRAM: 733.00 MB
Epoch 78/200 | Loss: 1.0177 | Val Acc: 60.57% | Peak VRAM: 733.00 MB
Epoch 79/200 | Loss: 1.0180 | Val Acc: 58.78% | Peak VRAM: 733.00 MB

[DEBUG] >>> PRUNING @ Epoch 80

[DEBUG] !!! PRUNING TRIGGERED !!! Epoch 80/200

============================== PDT Pruning Report: Epoch 80 ==============================
 [*] Pruned this step: 368 units | VRAM: 751.0MB -> 751.0MB
 Group  1 |   63/  64 |     1.6% | Hessian: 0.036661
 Group  2 |   63/  64 |     1.6% | Hessian: 0.036661
 Group  3 |  128/ 128 |     0.0% | Hessian: 0.376661
 Group  4 |  128/ 128 |     0.0% | Hessian: 0.376661
 Group  5 |  254/ 256 |     0.8% | Hessian: 0.219251
 Group  6 |  254/ 256 |     0.8% | Hessian: 0.219251
 Group  7 |   72/ 512 |    85.9% | Hessian: 0.090274
 Group  8 |   72/ 512 |    85.9% | Hessian: 0.090274

[Scientific Metrics] 🟢 Size: 27.07MB | 🔵 Sparsity: 36.69% | 🟡 Speedup: 1.58x
=========================================================================================


[Scientific Metrics - Epoch 80]
 🟢 Model Size: 42.76 MB -> 27.07 MB
 🔵 Sparsity: 26.82 %
 🟡 Speedup: 1.58x
💾 Checkpoint saved: resnet18_pdt_ep80_sp26.82.pth
Epoch 80/200 | Loss: 1.3573 | Val Acc: 55.35% | Peak VRAM: 2661.47 MB
Epoch 81/200 | Loss: 1.1814 | Val Acc: 55.23% | Peak VRAM: 734.00 MB
Epoch 82/200 | Loss: 1.1464 | Val Acc: 52.93% | Peak VRAM: 734.00 MB
Epoch 83/200 | Loss: 1.1342 | Val Acc: 56.21% | Peak VRAM: 734.00 MB
Epoch 84/200 | Loss: 1.1202 | Val Acc: 56.44% | Peak VRAM: 734.00 MB
Epoch 85/200 | Loss: 1.0978 | Val Acc: 56.26% | Peak VRAM: 734.00 MB
Epoch 86/200 | Loss: 1.0945 | Val Acc: 58.69% | Peak VRAM: 734.00 MB
Epoch 87/200 | Loss: 1.0854 | Val Acc: 55.16% | Peak VRAM: 734.00 MB
Epoch 88/200 | Loss: 1.0834 | Val Acc: 57.15% | Peak VRAM: 734.00 MB
Epoch 89/200 | Loss: 1.0743 | Val Acc: 54.04% | Peak VRAM: 734.00 MB
Epoch 90/200 | Loss: 1.0752 | Val Acc: 54.17% | Peak VRAM: 734.00 MB
Epoch 91/200 | Loss: 1.0639 | Val Acc: 55.92% | Peak VRAM: 734.00 MB
Epoch 92/200 | Loss: 1.0685 | Val Acc: 57.81% | Peak VRAM: 734.00 MB
Epoch 93/200 | Loss: 1.0594 | Val Acc: 56.70% | Peak VRAM: 734.00 MB
Epoch 94/200 | Loss: 1.0718 | Val Acc: 60.00% | Peak VRAM: 734.00 MB
Epoch 95/200 | Loss: 1.0581 | Val Acc: 56.33% | Peak VRAM: 734.00 MB
Epoch 96/200 | Loss: 1.0563 | Val Acc: 56.96% | Peak VRAM: 734.00 MB
Epoch 97/200 | Loss: 1.0557 | Val Acc: 60.30% | Peak VRAM: 734.00 MB
Epoch 98/200 | Loss: 1.0528 | Val Acc: 59.93% | Peak VRAM: 734.00 MB
Epoch 99/200 | Loss: 1.0505 | Val Acc: 58.80% | Peak VRAM: 734.00 MB

[DEBUG] >>> PRUNING @ Epoch 100

[DEBUG] !!! PRUNING TRIGGERED !!! Epoch 100/200

============================== PDT Pruning Report: Epoch 100 ==============================
 [*] Pruned this step: 374 units | VRAM: 751.0MB -> 751.0MB
 Group  1 |   62/  64 |     3.1% | Hessian: 0.070025
 Group  2 |   62/  64 |     3.1% | Hessian: 0.070025
 Group  3 |  128/ 128 |     0.0% | Hessian: 0.207413
 Group  4 |  128/ 128 |     0.0% | Hessian: 0.207413
 Group  5 |  225/ 256 |    12.1% | Hessian: 0.069864
 Group  6 |  225/ 256 |    12.1% | Hessian: 0.069864
 Group  7 |    4/ 512 |    99.2% | Hessian: 0.034741
 Group  8 |    4/ 512 |    99.2% | Hessian: 0.034741

[Scientific Metrics] 🟢 Size: 24.13MB | 🔵 Sparsity: 43.56% | 🟡 Speedup: 1.77x
=========================================================================================


[Scientific Metrics - Epoch 100]
 🟢 Model Size: 42.76 MB -> 24.13 MB
 🔵 Sparsity: 32.69 %
 🟡 Speedup: 1.77x
💾 Checkpoint saved: resnet18_pdt_ep100_sp32.69.pth
Epoch 100/200 | Loss: 2.8977 | Val Acc: 31.54% | Peak VRAM: 2663.22 MB
Epoch 101/200 | Loss: 2.0936 | Val Acc: 36.42% | Peak VRAM: 734.00 MB
Epoch 102/200 | Loss: 1.8716 | Val Acc: 41.75% | Peak VRAM: 734.00 MB
Epoch 103/200 | Loss: 1.7549 | Val Acc: 43.91% | Peak VRAM: 734.00 MB
Epoch 104/200 | Loss: 1.6761 | Val Acc: 47.95% | Peak VRAM: 734.00 MB
Epoch 105/200 | Loss: 1.6150 | Val Acc: 48.50% | Peak VRAM: 734.00 MB
Epoch 106/200 | Loss: 1.5565 | Val Acc: 52.34% | Peak VRAM: 734.00 MB
Epoch 107/200 | Loss: 1.5331 | Val Acc: 51.37% | Peak VRAM: 734.00 MB
Epoch 108/200 | Loss: 1.5108 | Val Acc: 49.29% | Peak VRAM: 734.00 MB
Epoch 109/200 | Loss: 1.4905 | Val Acc: 51.02% | Peak VRAM: 734.00 MB
Epoch 110/200 | Loss: 1.4845 | Val Acc: 49.26% | Peak VRAM: 734.00 MB
Epoch 111/200 | Loss: 1.4515 | Val Acc: 46.33% | Peak VRAM: 734.00 MB
Epoch 112/200 | Loss: 1.4487 | Val Acc: 50.51% | Peak VRAM: 734.00 MB
Epoch 113/200 | Loss: 1.4394 | Val Acc: 53.21% | Peak VRAM: 734.00 MB
Epoch 114/200 | Loss: 1.4348 | Val Acc: 51.61% | Peak VRAM: 734.00 MB
Epoch 115/200 | Loss: 1.4275 | Val Acc: 54.00% | Peak VRAM: 734.00 MB
Epoch 116/200 | Loss: 1.4108 | Val Acc: 50.17% | Peak VRAM: 734.00 MB
Epoch 117/200 | Loss: 1.3978 | Val Acc: 46.19% | Peak VRAM: 734.00 MB
Epoch 118/200 | Loss: 1.3926 | Val Acc: 49.37% | Peak VRAM: 734.00 MB
Epoch 119/200 | Loss: 1.4003 | Val Acc: 51.38% | Peak VRAM: 734.00 MB

[DEBUG] >>> PRUNING @ Epoch 120

[DEBUG] !!! PRUNING TRIGGERED !!! Epoch 120/200

============================== PDT Pruning Report: Epoch 120 ==============================
 [*] Pruned this step: 522 units | VRAM: 751.0MB -> 751.0MB
 Group  1 |   62/  64 |     3.1% | Hessian: 0.048096
 Group  2 |   62/  64 |     3.1% | Hessian: 0.048096
 Group  3 |  128/ 128 |     0.0% | Hessian: 0.150213
 Group  4 |  128/ 128 |     0.0% | Hessian: 0.150213
 Group  5 |   88/ 256 |    65.6% | Hessian: 0.022214
 Group  6 |   88/ 256 |    65.6% | Hessian: 0.022214
 Group  7 |    0/ 512 |   100.0% | Hessian: 0.004688
 Group  8 |    0/ 512 |   100.0% | Hessian: 0.004688

[Scientific Metrics] 🟢 Size: 21.52MB | 🔵 Sparsity: 49.67% | 🟡 Speedup: 1.99x
=========================================================================================


[Scientific Metrics - Epoch 120]
 🟢 Model Size: 42.76 MB -> 21.52 MB
 🔵 Sparsity: 41.31 %
 🟡 Speedup: 1.99x
💾 Checkpoint saved: resnet18_pdt_ep120_sp41.31.pth
Epoch 120/200 | Loss: 4.6377 | Val Acc: 1.00% | Peak VRAM: 2662.47 MB
Epoch 121/200 | Loss: 4.6135 | Val Acc: 1.00% | Peak VRAM: 736.00 MB
Epoch 122/200 | Loss: 4.6095 | Val Acc: 1.00% | Peak VRAM: 736.00 MB
Epoch 123/200 | Loss: 4.6085 | Val Acc: 1.00% | Peak VRAM: 736.00 MB
Epoch 124/200 | Loss: 4.6082 | Val Acc: 1.00% | Peak VRAM: 736.00 MB
Epoch 125/200 | Loss: 4.6079 | Val Acc: 1.00% | Peak VRAM: 736.00 MB
Epoch 126/200 | Loss: 4.6077 | Val Acc: 1.00% | Peak VRAM: 736.00 MB
Epoch 127/200 | Loss: 4.6078 | Val Acc: 1.00% | Peak VRAM: 736.00 MB
Epoch 128/200 | Loss: 4.6077 | Val Acc: 1.00% | Peak VRAM: 736.00 MB
Epoch 129/200 | Loss: 4.6076 | Val Acc: 1.00% | Peak VRAM: 736.00 MB
Epoch 130/200 | Loss: 4.6078 | Val Acc: 1.00% | Peak VRAM: 736.00 MB
Epoch 131/200 | Loss: 4.6080 | Val Acc: 1.00% | Peak VRAM: 736.00 MB
Epoch 132/200 | Loss: 4.6075 | Val Acc: 1.00% | Peak VRAM: 736.00 MB
Epoch 133/200 | Loss: 4.6078 | Val Acc: 1.00% | Peak VRAM: 736.00 MB
Epoch 134/200 | Loss: 4.6077 | Val Acc: 1.00% | Peak VRAM: 736.00 MB
Epoch 135/200 | Loss: 4.6078 | Val Acc: 1.00% | Peak VRAM: 736.00 MB
Epoch 136/200 | Loss: 4.6078 | Val Acc: 1.00% | Peak VRAM: 736.00 MB
Epoch 137/200 | Loss: 4.6078 | Val Acc: 1.00% | Peak VRAM: 736.00 MB
Epoch 138/200 | Loss: 4.6078 | Val Acc: 1.00% | Peak VRAM: 736.00 MB
Epoch 139/200 | Loss: 4.6077 | Val Acc: 1.00% | Peak VRAM: 736.00 MB

[DEBUG] >>> PRUNING @ Epoch 140

[DEBUG] !!! PRUNING TRIGGERED !!! Epoch 140/200

============================== PDT Pruning Report: Epoch 140 ==============================
 [*] Pruned this step: 1325 units | VRAM: 751.7MB -> 751.7MB
 Group  1 |    0/  64 |   100.0% | Hessian: 0.000000
 Group  2 |    0/  64 |   100.0% | Hessian: 0.000000
 Group  3 |    0/ 128 |   100.0% | Hessian: 0.000000
 Group  4 |    0/ 128 |   100.0% | Hessian: 0.000000
 Group  5 |    0/ 256 |   100.0% | Hessian: 0.000000
 Group  6 |    0/ 256 |   100.0% | Hessian: 0.000000
 Group  7 |    0/ 512 |   100.0% | Hessian: 0.000000
 Group  8 |    0/ 512 |   100.0% | Hessian: 0.000000

[Scientific Metrics] 🟢 Size: 18.60MB | 🔵 Sparsity: 56.52% | 🟡 Speedup: 2.30x
=========================================================================================


[Scientific Metrics - Epoch 140]
 🟢 Model Size: 42.76 MB -> 18.60 MB
 🔵 Sparsity: 58.10 %
 🟡 Speedup: 2.30x
💾 Checkpoint saved: resnet18_pdt_ep140_sp58.10.pth
Epoch 140/200 | Loss: 4.6078 | Val Acc: 1.00% | Peak VRAM: 2635.90 MB
Epoch 141/200 | Loss: 4.6077 | Val Acc: 1.00% | Peak VRAM: 736.00 MB
Epoch 142/200 | Loss: 4.6078 | Val Acc: 1.00% | Peak VRAM: 736.00 MB
Epoch 143/200 | Loss: 4.6077 | Val Acc: 1.00% | Peak VRAM: 736.00 MB
Epoch 144/200 | Loss: 4.6076 | Val Acc: 1.00% | Peak VRAM: 736.00 MB
Epoch 145/200 | Loss: 4.6076 | Val Acc: 1.00% | Peak VRAM: 736.00 MB
Epoch 146/200 | Loss: 4.6075 | Val Acc: 1.00% | Peak VRAM: 736.00 MB
Epoch 147/200 | Loss: 4.6079 | Val Acc: 1.00% | Peak VRAM: 736.00 MB
Epoch 148/200 | Loss: 4.6075 | Val Acc: 1.00% | Peak VRAM: 736.00 MB
Epoch 149/200 | Loss: 4.6078 | Val Acc: 1.00% | Peak VRAM: 736.00 MB
Epoch 150/200 | Loss: 4.6077 | Val Acc: 1.00% | Peak VRAM: 736.00 MB
Epoch 151/200 | Loss: 4.6077 | Val Acc: 1.00% | Peak VRAM: 736.00 MB
Epoch 152/200 | Loss: 4.6076 | Val Acc: 1.00% | Peak VRAM: 736.00 MB
Epoch 153/200 | Loss: 4.6080 | Val Acc: 1.00% | Peak VRAM: 736.00 MB
Epoch 154/200 | Loss: 4.6079 | Val Acc: 1.00% | Peak VRAM: 736.00 MB
Epoch 155/200 | Loss: 4.6077 | Val Acc: 1.00% | Peak VRAM: 736.00 MB
Epoch 156/200 | Loss: 4.6078 | Val Acc: 1.00% | Peak VRAM: 736.00 MB
Epoch 157/200 | Loss: 4.6079 | Val Acc: 1.00% | Peak VRAM: 736.00 MB
Epoch 158/200 | Loss: 4.6078 | Val Acc: 1.00% | Peak VRAM: 736.00 MB
Epoch 159/200 | Loss: 4.6076 | Val Acc: 1.00% | Peak VRAM: 736.00 MB

[DEBUG] >>> PRUNING @ Epoch 160

[DEBUG] !!! PRUNING TRIGGERED !!! Epoch 160/200

============================== PDT Pruning Report: Epoch 160 ==============================
 [*] Pruned this step: 0 units | VRAM: 751.7MB -> 751.7MB
 Group  1 |    0/  64 |   100.0% | Hessian: 0.000000
 Group  2 |    0/  64 |   100.0% | Hessian: 0.000000
 Group  3 |    0/ 128 |   100.0% | Hessian: 0.000000
 Group  4 |    0/ 128 |   100.0% | Hessian: 0.000000
 Group  5 |    0/ 256 |   100.0% | Hessian: 0.000000
 Group  6 |    0/ 256 |   100.0% | Hessian: 0.000000
 Group  7 |    0/ 512 |   100.0% | Hessian: 0.000000
 Group  8 |    0/ 512 |   100.0% | Hessian: 0.000000

[Scientific Metrics] 🟢 Size: 18.60MB | 🔵 Sparsity: 56.52% | 🟡 Speedup: 2.30x
=========================================================================================


[Scientific Metrics - Epoch 160]
 🟢 Model Size: 42.76 MB -> 18.60 MB
 🔵 Sparsity: 58.10 %
 🟡 Speedup: 2.30x
💾 Checkpoint saved: resnet18_pdt_ep160_sp58.10.pth
Epoch 160/200 | Loss: 4.6078 | Val Acc: 1.00% | Peak VRAM: 2637.40 MB
Epoch 161/200 | Loss: 4.6077 | Val Acc: 1.00% | Peak VRAM: 736.00 MB
Epoch 162/200 | Loss: 4.6078 | Val Acc: 1.00% | Peak VRAM: 736.00 MB
Epoch 163/200 | Loss: 4.6079 | Val Acc: 1.00% | Peak VRAM: 736.00 MB
Epoch 164/200 | Loss: 4.6078 | Val Acc: 1.00% | Peak VRAM: 736.00 MB
Epoch 165/200 | Loss: 4.6076 | Val Acc: 1.00% | Peak VRAM: 736.00 MB
Epoch 166/200 | Loss: 4.6078 | Val Acc: 1.00% | Peak VRAM: 736.00 MB
Epoch 167/200 | Loss: 4.6077 | Val Acc: 1.00% | Peak VRAM: 736.00 MB
Epoch 168/200 | Loss: 4.6077 | Val Acc: 1.00% | Peak VRAM: 736.00 MB
Epoch 169/200 | Loss: 4.6079 | Val Acc: 1.00% | Peak VRAM: 736.00 MB
Epoch 170/200 | Loss: 4.6077 | Val Acc: 1.00% | Peak VRAM: 736.00 MB
Epoch 171/200 | Loss: 4.6075 | Val Acc: 1.00% | Peak VRAM: 736.00 MB
Epoch 172/200 | Loss: 4.6077 | Val Acc: 1.00% | Peak VRAM: 736.00 MB
Epoch 173/200 | Loss: 4.6077 | Val Acc: 1.00% | Peak VRAM: 736.00 MB
Epoch 174/200 | Loss: 4.6079 | Val Acc: 1.00% | Peak VRAM: 736.00 MB
Epoch 175/200 | Loss: 4.6077 | Val Acc: 1.00% | Peak VRAM: 736.00 MB
Epoch 176/200 | Loss: 4.6077 | Val Acc: 1.00% | Peak VRAM: 736.00 MB
Epoch 177/200 | Loss: 4.6078 | Val Acc: 1.00% | Peak VRAM: 736.00 MB
Epoch 178/200 | Loss: 4.6079 | Val Acc: 1.00% | Peak VRAM: 736.00 MB
Epoch 179/200 | Loss: 4.6078 | Val Acc: 1.00% | Peak VRAM: 736.00 MB

[DEBUG] >>> PRUNING @ Epoch 180

[DEBUG] !!! PRUNING TRIGGERED !!! Epoch 180/200

============================== PDT Pruning Report: Epoch 180 ==============================
 [*] Pruned this step: 0 units | VRAM: 751.7MB -> 751.7MB
 Group  1 |    0/  64 |   100.0% | Hessian: 0.000000
 Group  2 |    0/  64 |   100.0% | Hessian: 0.000000
 Group  3 |    0/ 128 |   100.0% | Hessian: 0.000000
 Group  4 |    0/ 128 |   100.0% | Hessian: 0.000000
 Group  5 |    0/ 256 |   100.0% | Hessian: 0.000000
 Group  6 |    0/ 256 |   100.0% | Hessian: 0.000000
 Group  7 |    0/ 512 |   100.0% | Hessian: 0.000000
 Group  8 |    0/ 512 |   100.0% | Hessian: 0.000000

[Scientific Metrics] 🟢 Size: 18.60MB | 🔵 Sparsity: 56.52% | 🟡 Speedup: 2.30x
=========================================================================================


[Scientific Metrics - Epoch 180]
 🟢 Model Size: 42.76 MB -> 18.60 MB
 🔵 Sparsity: 58.10 %
 🟡 Speedup: 2.30x
💾 Checkpoint saved: resnet18_pdt_ep180_sp58.10.pth
Epoch 180/200 | Loss: 4.6075 | Val Acc: 1.00% | Peak VRAM: 2637.40 MB
Epoch 181/200 | Loss: 4.6078 | Val Acc: 1.00% | Peak VRAM: 734.00 MB
Epoch 182/200 | Loss: 4.6076 | Val Acc: 1.00% | Peak VRAM: 734.00 MB
Epoch 183/200 | Loss: 4.6078 | Val Acc: 1.00% | Peak VRAM: 734.00 MB
Epoch 184/200 | Loss: 4.6078 | Val Acc: 1.00% | Peak VRAM: 734.00 MB
Epoch 185/200 | Loss: 4.6076 | Val Acc: 1.00% | Peak VRAM: 734.00 MB
Epoch 186/200 | Loss: 4.6076 | Val Acc: 1.00% | Peak VRAM: 734.00 MB
Epoch 187/200 | Loss: 4.6078 | Val Acc: 1.00% | Peak VRAM: 734.00 MB
Epoch 188/200 | Loss: 4.6078 | Val Acc: 1.00% | Peak VRAM: 734.00 MB
Epoch 189/200 | Loss: 4.6076 | Val Acc: 1.00% | Peak VRAM: 734.00 MB
Epoch 190/200 | Loss: 4.6078 | Val Acc: 1.00% | Peak VRAM: 734.00 MB
Epoch 191/200 | Loss: 4.6079 | Val Acc: 1.00% | Peak VRAM: 734.00 MB
Epoch 192/200 | Loss: 4.6078 | Val Acc: 1.00% | Peak VRAM: 734.00 MB
Epoch 193/200 | Loss: 4.6077 | Val Acc: 1.00% | Peak VRAM: 734.00 MB
Epoch 194/200 | Loss: 4.6078 | Val Acc: 1.00% | Peak VRAM: 734.00 MB
Epoch 195/200 | Loss: 4.6077 | Val Acc: 1.00% | Peak VRAM: 734.00 MB
Epoch 196/200 | Loss: 4.6077 | Val Acc: 1.00% | Peak VRAM: 734.00 MB
Epoch 197/200 | Loss: 4.6079 | Val Acc: 1.00% | Peak VRAM: 734.00 MB
Epoch 198/200 | Loss: 4.6077 | Val Acc: 1.00% | Peak VRAM: 734.00 MB
Epoch 199/200 | Loss: 4.6078 | Val Acc: 1.00% | Peak VRAM: 734.00 MB

[DEBUG] >>> PRUNING @ Epoch 200

[DEBUG] !!! PRUNING TRIGGERED !!! Epoch 200/200

============================== PDT Pruning Report: Epoch 200 ==============================
 [*] Pruned this step: 0 units | VRAM: 751.7MB -> 751.7MB
 Group  1 |    0/  64 |   100.0% | Hessian: 0.000000
 Group  2 |    0/  64 |   100.0% | Hessian: 0.000000
 Group  3 |    0/ 128 |   100.0% | Hessian: 0.000000
 Group  4 |    0/ 128 |   100.0% | Hessian: 0.000000
 Group  5 |    0/ 256 |   100.0% | Hessian: 0.000000
 Group  6 |    0/ 256 |   100.0% | Hessian: 0.000000
 Group  7 |    0/ 512 |   100.0% | Hessian: 0.000000
 Group  8 |    0/ 512 |   100.0% | Hessian: 0.000000

[Scientific Metrics] 🟢 Size: 18.60MB | 🔵 Sparsity: 56.52% | 🟡 Speedup: 2.30x
=========================================================================================


[Scientific Metrics - Epoch 200]
 🟢 Model Size: 42.76 MB -> 18.60 MB
 🔵 Sparsity: 58.10 %
 🟡 Speedup: 2.30x
💾 Checkpoint saved: resnet18_pdt_ep200_sp58.10.pth
Epoch 200/200 | Loss: 4.6077 | Val Acc: 1.00% | Peak VRAM: 2637.40 MB

🏁 Final Model Saved: ./exp/checkpoints/resnet18_pdt_final.pth

================ FINAL PHYSICAL COMPRESSION ================

