📝 Logging started: resnet18_pdt_20260216_004542.log
✅ CIFAR-100 Data loaded: Train(50000), Val/Test(10000)
Experimental Mode: N/A
Target Model: resnet18 | Dataset: cifar100

[Stage 1] Analyzing Residual Topology for resnet via PyTorch FX...

==================== Final Topology Groups ====================
 Group  1 | Channels:   64 | Layers: layer1.0.bn2 ... (1 layers)
 Group  2 | Channels:   64 | Layers: layer1.1.bn2 ... (1 layers)
 Group  3 | Channels:  128 | Layers: layer2.0.bn2 ... (2 layers)
 Group  4 | Channels:  128 | Layers: layer2.1.bn2 ... (1 layers)
 Group  5 | Channels:  256 | Layers: layer3.0.bn2 ... (2 layers)
 Group  6 | Channels:  256 | Layers: layer3.1.bn2 ... (1 layers)
 Group  7 | Channels:  512 | Layers: layer4.0.bn2 ... (2 layers)
 Group  8 | Channels:  512 | Layers: layer4.1.bn2 ... (1 layers)
===============================================================
[*] Total 8 groups identified.


[Pruner Init] Strict Conv-Topology Mode Activated
[*] Applied Min Survival Guarantee: 10.0%
[*] Only defined groups (1-8) will be pruned.
[System] Initializing PDTPruner (Proposed Grad-EMA Strategy)

>>> [Pilot Check] Strategy: PDT | Pruning starts at Epoch 30, every 20 epochs.

=== [Stage 1 & 4] Baseline Before Pruning Analysis ===
[*] Topology Status: 71 nodes currently in graph.
-------------------------------------------------------  ------------  ------------  ------------  ------------  ------------  ------------  ------------  ------------  ------------  ------------  ------------  ------------  ------------  ------------  ------------  
                                                   Name    Self CPU %      Self CPU   CPU total %     CPU total  CPU time avg     Self CUDA   Self CUDA %    CUDA total  CUDA time avg       CPU Mem  Self CPU Mem      CUDA Mem  Self CUDA Mem    # of Calls  Total KFLOPs  
-------------------------------------------------------  ------------  ------------  ------------  ------------  ------------  ------------  ------------  ------------  ------------  ------------  ------------  ------------  ------------  ------------  ------------  
                                           aten::conv2d         0.05%      64.250us        71.54%     100.466ms       5.023ms       0.000us         0.00%       1.635ms      81.746us           0 B           0 B     116.94 MB           0 B            20  54430924.800  
                                      aten::convolution         0.07%     105.153us        71.50%     100.401ms       5.020ms       0.000us         0.00%       1.635ms      81.746us           0 B           0 B     116.94 MB           0 B            20            --  
                                     aten::_convolution         0.53%     749.322us        71.42%     100.296ms       5.015ms       0.000us         0.00%       1.635ms      81.746us           0 B           0 B     116.94 MB           0 B            20            --  
                                aten::cudnn_convolution        65.33%      91.735ms        70.89%      99.547ms       4.977ms     862.612us        72.33%       1.635ms      81.746us           0 B           0 B     116.94 MB     116.94 MB            20            --  
                           aten::_batch_norm_impl_index         0.06%      79.311us        10.17%      14.283ms     714.137us       0.000us         0.00%     234.880us      11.744us           0 B           0 B     114.88 MB           0 B            20            --  
                                 aten::cudnn_batch_norm         9.30%      13.061ms        10.11%      14.203ms     710.172us     209.952us        17.61%     234.880us      11.744us           0 B           0 B     114.88 MB           0 B            20            --  
                                            aten::empty         0.16%     222.551us         0.35%     489.925us       4.899us       0.000us         0.00%       0.000us       0.000us           0 B           0 B     114.88 MB     114.88 MB           100            --  
                                       aten::batch_norm         0.06%      81.250us        10.23%      14.364ms     718.200us       0.000us         0.00%     234.880us      11.744us           0 B           0 B     114.84 MB     -40.00 KB            20            --  
                                       aten::empty_like         0.04%      60.948us         0.30%     416.013us      20.801us       0.000us         0.00%       0.000us       0.000us           0 B           0 B     114.84 MB           0 B            20            --  
                                           aten::linear         0.03%      43.465us         1.14%       1.595ms       1.595ms       0.000us         0.00%      13.568us      13.568us           0 B           0 B       9.13 MB           0 B             1            --  
-------------------------------------------------------  ------------  ------------  ------------  ------------  ------------  ------------  ------------  ------------  ------------  ------------  ------------  ------------  ------------  ------------  ------------  
Self CPU time total: 140.423ms
Self CUDA time total: 1.193ms

Epoch 1/100 | Loss: 3.9460 | Val Acc: 14.79%
Epoch 2/100 | Loss: 3.2942 | Val Acc: 23.16%
Epoch 3/100 | Loss: 2.7328 | Val Acc: 33.82%
Epoch 4/100 | Loss: 2.2845 | Val Acc: 42.42%
Epoch 5/100 | Loss: 1.9996 | Val Acc: 43.43%
Epoch 6/100 | Loss: 1.8151 | Val Acc: 45.05%
Epoch 7/100 | Loss: 1.6795 | Val Acc: 46.36%
Epoch 8/100 | Loss: 1.5908 | Val Acc: 49.61%
Epoch 9/100 | Loss: 1.5211 | Val Acc: 47.84%
Epoch 10/100 | Loss: 1.4662 | Val Acc: 49.56%
Epoch 11/100 | Loss: 1.4135 | Val Acc: 52.48%
Epoch 12/100 | Loss: 1.3664 | Val Acc: 48.40%
Epoch 13/100 | Loss: 1.3398 | Val Acc: 54.24%
Epoch 14/100 | Loss: 1.3101 | Val Acc: 56.40%
Epoch 15/100 | Loss: 1.2823 | Val Acc: 55.54%
Epoch 16/100 | Loss: 1.2614 | Val Acc: 53.32%
Epoch 17/100 | Loss: 1.2449 | Val Acc: 53.60%
Epoch 18/100 | Loss: 1.2161 | Val Acc: 53.52%
Epoch 19/100 | Loss: 1.1997 | Val Acc: 52.34%
Epoch 20/100 | Loss: 1.1980 | Val Acc: 52.98%
Epoch 21/100 | Loss: 1.1714 | Val Acc: 52.85%
Epoch 22/100 | Loss: 1.1644 | Val Acc: 55.76%
Epoch 23/100 | Loss: 1.1482 | Val Acc: 55.23%
Epoch 24/100 | Loss: 1.1398 | Val Acc: 57.39%
Epoch 25/100 | Loss: 1.1230 | Val Acc: 51.25%
Epoch 26/100 | Loss: 1.1272 | Val Acc: 55.10%
Epoch 27/100 | Loss: 1.1235 | Val Acc: 54.58%
Epoch 28/100 | Loss: 1.1132 | Val Acc: 55.51%
Epoch 29/100 | Loss: 1.0990 | Val Acc: 56.01%

🔥 [PDT DEBUG] Attempting Hessian Pruning at Epoch 30, Batch 0

[ENGINE] step_pruning entered at Epoch 30
