📝 Logging started: resnet152_pdt_20260216_233820.log
✅ CIFAR-100 Data loaded: Train(50000), Val/Test(10000)
Experimental Mode: N/A
Target Model: resnet152 | Dataset: cifar100

[Stage 1] Analyzing Residual Topology for resnet via PyTorch FX...

==================== Final Topology Groups ====================
 Group  1 | Channels:  256 | Layers: layer1.0.bn3 ... (2 layers)
 Group  2 | Channels:  256 | Layers: layer1.1.bn3 ... (1 layers)
 Group  3 | Channels:  256 | Layers: layer1.2.bn3 ... (1 layers)
 Group  4 | Channels:  512 | Layers: layer2.0.bn3 ... (2 layers)
 Group  5 | Channels:  512 | Layers: layer2.1.bn3 ... (1 layers)
 Group  6 | Channels:  512 | Layers: layer2.2.bn3 ... (1 layers)
 Group  7 | Channels:  512 | Layers: layer2.3.bn3 ... (1 layers)
 Group  8 | Channels:  512 | Layers: layer2.4.bn3 ... (1 layers)
 Group  9 | Channels:  512 | Layers: layer2.5.bn3 ... (1 layers)
 Group 10 | Channels:  512 | Layers: layer2.6.bn3 ... (1 layers)
 Group 11 | Channels:  512 | Layers: layer2.7.bn3 ... (1 layers)
 Group 12 | Channels: 1024 | Layers: layer3.0.bn3 ... (2 layers)
 Group 13 | Channels: 1024 | Layers: layer3.1.bn3 ... (1 layers)
 Group 14 | Channels: 1024 | Layers: layer3.2.bn3 ... (1 layers)
 Group 15 | Channels: 1024 | Layers: layer3.3.bn3 ... (1 layers)
 Group 16 | Channels: 1024 | Layers: layer3.4.bn3 ... (1 layers)
 Group 17 | Channels: 1024 | Layers: layer3.5.bn3 ... (1 layers)
 Group 18 | Channels: 1024 | Layers: layer3.6.bn3 ... (1 layers)
 Group 19 | Channels: 1024 | Layers: layer3.7.bn3 ... (1 layers)
 Group 20 | Channels: 1024 | Layers: layer3.8.bn3 ... (1 layers)
 Group 21 | Channels: 1024 | Layers: layer3.9.bn3 ... (1 layers)
 Group 22 | Channels: 1024 | Layers: layer3.10.bn3 ... (1 layers)
 Group 23 | Channels: 1024 | Layers: layer3.11.bn3 ... (1 layers)
 Group 24 | Channels: 1024 | Layers: layer3.12.bn3 ... (1 layers)
 Group 25 | Channels: 1024 | Layers: layer3.13.bn3 ... (1 layers)
 Group 26 | Channels: 1024 | Layers: layer3.14.bn3 ... (1 layers)
 Group 27 | Channels: 1024 | Layers: layer3.15.bn3 ... (1 layers)
 Group 28 | Channels: 1024 | Layers: layer3.16.bn3 ... (1 layers)
 Group 29 | Channels: 1024 | Layers: layer3.17.bn3 ... (1 layers)
 Group 30 | Channels: 1024 | Layers: layer3.18.bn3 ... (1 layers)
 Group 31 | Channels: 1024 | Layers: layer3.19.bn3 ... (1 layers)
 Group 32 | Channels: 1024 | Layers: layer3.20.bn3 ... (1 layers)
 Group 33 | Channels: 1024 | Layers: layer3.21.bn3 ... (1 layers)
 Group 34 | Channels: 1024 | Layers: layer3.22.bn3 ... (1 layers)
 Group 35 | Channels: 1024 | Layers: layer3.23.bn3 ... (1 layers)
 Group 36 | Channels: 1024 | Layers: layer3.24.bn3 ... (1 layers)
 Group 37 | Channels: 1024 | Layers: layer3.25.bn3 ... (1 layers)
 Group 38 | Channels: 1024 | Layers: layer3.26.bn3 ... (1 layers)
 Group 39 | Channels: 1024 | Layers: layer3.27.bn3 ... (1 layers)
 Group 40 | Channels: 1024 | Layers: layer3.28.bn3 ... (1 layers)
 Group 41 | Channels: 1024 | Layers: layer3.29.bn3 ... (1 layers)
 Group 42 | Channels: 1024 | Layers: layer3.30.bn3 ... (1 layers)
 Group 43 | Channels: 1024 | Layers: layer3.31.bn3 ... (1 layers)
 Group 44 | Channels: 1024 | Layers: layer3.32.bn3 ... (1 layers)
 Group 45 | Channels: 1024 | Layers: layer3.33.bn3 ... (1 layers)
 Group 46 | Channels: 1024 | Layers: layer3.34.bn3 ... (1 layers)
 Group 47 | Channels: 1024 | Layers: layer3.35.bn3 ... (1 layers)
 Group 48 | Channels: 2048 | Layers: layer4.0.bn3 ... (2 layers)
 Group 49 | Channels: 2048 | Layers: layer4.1.bn3 ... (1 layers)
 Group 50 | Channels: 2048 | Layers: layer4.2.bn3 ... (1 layers)
===============================================================
[*] Total 50 groups identified.


[Pruner Init] Strict Conv-Topology Mode Activated
[*] Applied Min Survival Guarantee: 10.0%
[*] Total 50 groups linked to 311 prunable layers.

>>> [System] Loading pre-trained model: ./exp/checkpoints/resnet152_base.pth
✅ Success: Weights loaded from resnet152_base.pth

>>> [Pilot Check] Strategy: PDT | Start Epoch: 120 | Target Ratio: 0.2

=== [Stage 1 & 4] Initial State Analysis ===
[*] Topology Status: 517 nodes currently in graph.
-------------------------------------------------------  ------------  ------------  ------------  ------------  ------------  ------------  ------------  ------------  ------------  ------------  ------------  ------------  ------------  ------------  ------------  
                                                   Name    Self CPU %      Self CPU   CPU total %     CPU total  CPU time avg     Self CUDA   Self CUDA %    CUDA total  CUDA time avg       CPU Mem  Self CPU Mem      CUDA Mem  Self CUDA Mem    # of Calls  Total KFLOPs  
-------------------------------------------------------  ------------  ------------  ------------  ------------  ------------  ------------  ------------  ------------  ------------  ------------  ------------  ------------  ------------  ------------  ------------  
                           aten::_batch_norm_impl_index         0.17%     231.380us        12.52%      16.724ms     107.894us       0.000us         0.00%       1.802ms      11.628us           0 B           0 B       1.32 GB           0 B           155            --  
                                 aten::cudnn_batch_norm        10.03%      13.402ms        12.35%      16.492ms     106.402us       1.777ms        21.44%       1.802ms      11.628us           0 B           0 B       1.32 GB           0 B           155            --  
                                            aten::empty         0.91%       1.212ms         1.42%       1.890ms       2.439us       0.000us         0.00%       0.000us       0.000us           0 B           0 B       1.32 GB       1.32 GB           775            --  
                                       aten::batch_norm         0.20%     273.286us        12.73%      16.997ms     109.658us       0.000us         0.00%       1.802ms      11.628us           0 B           0 B       1.32 GB    -595.00 KB           155            --  
                                       aten::empty_like         0.14%     185.812us         0.91%       1.217ms       7.850us       0.000us         0.00%       0.000us       0.000us           0 B           0 B       1.32 GB           0 B           155            --  
                                           aten::conv2d         0.17%     222.818us        68.91%      92.039ms     593.802us       0.000us         0.00%       6.531ms      42.135us           0 B           0 B       1.32 GB           0 B           155  364767477.760  
                                      aten::convolution         0.23%     303.248us        68.75%      91.816ms     592.364us       0.000us         0.00%       6.531ms      42.135us           0 B           0 B       1.32 GB           0 B           155            --  
                                     aten::_convolution         0.71%     954.647us        68.52%      91.513ms     590.408us       0.000us         0.00%       6.531ms      42.135us           0 B           0 B       1.32 GB           0 B           155            --  
                                aten::cudnn_convolution        62.22%      83.104ms        67.81%      90.559ms     584.249us       5.109ms        61.64%       6.531ms      42.135us           0 B           0 B       1.32 GB       1.32 GB           155            --  
                                           aten::linear         0.03%      35.582us         0.92%       1.226ms       1.226ms       0.000us         0.00%      18.048us      18.048us           0 B           0 B       9.13 MB           0 B             1            --  
-------------------------------------------------------  ------------  ------------  ------------  ------------  ------------  ------------  ------------  ------------  ------------  ------------  ------------  ------------  ------------  ------------  ------------  
Self CPU time total: 133.557ms
Self CUDA time total: 8.288ms


[Action] Triggering PDT Pruning at Epoch 120...

[DEBUG] === step_pruning Started at Epoch 120 ===
[DEBUG] Current Model Sparsity: 0.00% (Alive: 100.00%)
[DEBUG] I am looking for: 'layer1.0.bn3'
[DEBUG] Closest names in actual model: ['layer1.0.bn3', 'layer4.0.bn3', 'layer3.0.bn3']
[DEBUG] Target Groups for Hessian: [1, 2, 3, 4, 5, 6, 7, 8, 9, 10, 11, 12, 13, 14, 15, 16, 17, 18, 19, 20, 21, 22, 23, 24, 25, 26, 27, 28, 29, 30, 31, 32, 33, 34, 35, 36, 37, 38, 39, 40]
[DEBUG] Calculating Hessian for 43 parameters...
[DEBUG] Total Unit Candidates: 34560
[DEBUG] Target Keep Ratio: 0.8800 (Inc: 0.8800)
[DEBUG] Lagrangian Decision: Pruned 9294 units.
[DEBUG] Actual Mask Updates: 11086 channels.

============================== PDT Pruning Results: Epoch 120 ==============================
 [*] Pruned this step: 11086
 Group  1 |    0/ 256 |   100.0% |     0.006744 | [TARGET]
 Group  2 |    0/ 256 |   100.0% |     0.000000 | [TARGET]
 Group  3 |  217/ 256 |    15.2% |     0.030153 | [TARGET]
 Group  4 |    0/ 512 |   100.0% |     0.009256 | [TARGET]
 Group  5 |  338/ 512 |    34.0% |     0.012480 | [TARGET]
 Group  6 |  385/ 512 |    24.8% |     0.013718 | [TARGET]
 Group  7 |  422/ 512 |    17.6% |     0.024388 | [TARGET]
 Group  8 |  432/ 512 |    15.6% |     0.025290 | [TARGET]
 Group  9 |  466/ 512 |     9.0% |     0.011141 | [TARGET]
 Group 10 |  485/ 512 |     5.3% |     0.014566 | [TARGET]
 Group 11 |  484/ 512 |     5.5% |     0.010716 | [TARGET]
 Group 12 |    0/1024 |   100.0% |     0.007104 | [TARGET]
 Group 13 |  813/1024 |    20.6% |     0.021794 | [TARGET]
 Group 14 |  836/1024 |    18.4% |     0.015580 | [TARGET]
 Group 15 |  853/1024 |    16.7% |     0.010577 | [TARGET]
 Group 16 |  865/1024 |    15.5% |     0.022413 | [TARGET]
 Group 17 |  864/1024 |    15.6% |     0.008397 | [TARGET]
 Group 18 |  870/1024 |    15.0% |     0.014236 | [TARGET]
 Group 19 |  869/1024 |    15.1% |     0.009496 | [TARGET]
 Group 20 |  877/1024 |    14.4% |     0.014291 | [TARGET]
 Group 21 |  895/1024 |    12.6% |     0.012039 | [TARGET]
 Group 22 |  880/1024 |    14.1% |     0.009527 | [TARGET]
 Group 23 |  893/1024 |    12.8% |     0.016391 | [TARGET]
 Group 24 |  833/1024 |    18.7% |     0.011217 | [TARGET]
 Group 25 |  905/1024 |    11.6% |     0.011905 | [TARGET]
 Group 26 |  899/1024 |    12.2% |     0.023954 | [TARGET]
 Group 27 |  904/1024 |    11.7% |     0.013770 | [TARGET]
 Group 28 |  903/1024 |    11.8% |     0.015244 | [TARGET]
 Group 29 |  926/1024 |     9.6% |     0.013651 | [TARGET]
 Group 30 |  934/1024 |     8.8% |     0.014943 | [TARGET]
 Group 31 |  930/1024 |     9.2% |     0.013764 | [TARGET]
 Group 32 |  264/1024 |    74.2% |     0.008248 | [TARGET]
 Group 33 |    0/1024 |   100.0% |     0.000000 | [TARGET]
 Group 34 |  472/1024 |    53.9% |     0.007596 | [TARGET]
 Group 35 |  890/1024 |    13.1% |     0.038112 | [TARGET]
 Group 36 |  927/1024 |     9.5% |     0.004952 | [TARGET]
 Group 37 |  641/1024 |    37.4% |     0.011012 | [TARGET]
 Group 38 |  923/1024 |     9.9% |     0.036865 | [TARGET]
 Group 39 |  920/1024 |    10.2% |     0.009141 | [TARGET]
 Group 40 |  251/1024 |    75.5% |     0.004631 | [TARGET]
 Group 41 | 1024/1024 |     0.0% |     0.000000 | [FIXED]
 Group 42 | 1024/1024 |     0.0% |     0.000000 | [FIXED]
 Group 43 | 1024/1024 |     0.0% |     0.000000 | [FIXED]
 Group 44 | 1024/1024 |     0.0% |     0.000000 | [FIXED]
 Group 45 | 1024/1024 |     0.0% |     0.000000 | [FIXED]
 Group 46 | 1024/1024 |     0.0% |     0.000000 | [FIXED]
 Group 47 | 1024/1024 |     0.0% |     0.000000 | [FIXED]
 Group 48 | 2048/2048 |     0.0% |     0.000000 | [FIXED]
 Group 49 | 2048/2048 |     0.0% |     0.000000 | [FIXED]
 Group 50 | 2048/2048 |     0.0% |     0.000000 | [FIXED]

[Scientific Metrics]
 🟢 Model Size: 221.98 MB / 🔵 Sparsity: 0.00 %
 🟠 GPU Mem: 4076.17 MB
=========================================================================================

