📝 Logging started: resnet56_filter_gema_20260214_044448.log
✅ CIFAR-100 Data loaded: Train(50000), Val/Test(10000)
Experimental Mode: N/A
Target Model: resnet56 | Dataset: cifar100

[Stage 1] Analyzing Residual Topology for cifarresnet via PyTorch FX...

==================== Final Topology Groups ====================
 Group  1 | Channels:   16 | Layers: bn1 ... (2 layers)
 Group  2 | Channels:   16 | Layers: bn1 ... (3 layers)
 Group  3 | Channels:   16 | Layers: bn1 ... (4 layers)
 Group  4 | Channels:   16 | Layers: bn1 ... (5 layers)
 Group  5 | Channels:   16 | Layers: bn1 ... (6 layers)
 Group  6 | Channels:   16 | Layers: layer1.0.bn2 ... (6 layers)
 Group  7 | Channels:   16 | Layers: layer1.1.bn2 ... (6 layers)
 Group  8 | Channels:   16 | Layers: layer1.2.bn2 ... (6 layers)
 Group  9 | Channels:   16 | Layers: layer1.3.bn2 ... (6 layers)
 Group 10 | Channels:   32 | Layers: layer2.0.bn2 ... (2 layers)
 Group 11 | Channels:   32 | Layers: layer2.0.bn2 ... (3 layers)
 Group 12 | Channels:   32 | Layers: layer2.0.bn2 ... (4 layers)
 Group 13 | Channels:   32 | Layers: layer2.0.bn2 ... (5 layers)
 Group 14 | Channels:   32 | Layers: layer2.0.bn2 ... (6 layers)
 Group 15 | Channels:   32 | Layers: layer2.0.bn2 ... (7 layers)
 Group 16 | Channels:   32 | Layers: layer2.1.bn2 ... (6 layers)
 Group 17 | Channels:   32 | Layers: layer2.2.bn2 ... (6 layers)
 Group 18 | Channels:   32 | Layers: layer2.3.bn2 ... (6 layers)
 Group 19 | Channels:   64 | Layers: layer3.0.bn2 ... (2 layers)
 Group 20 | Channels:   64 | Layers: layer3.0.bn2 ... (3 layers)
 Group 21 | Channels:   64 | Layers: layer3.0.bn2 ... (4 layers)
 Group 22 | Channels:   64 | Layers: layer3.0.bn2 ... (5 layers)
 Group 23 | Channels:   64 | Layers: layer3.0.bn2 ... (6 layers)
 Group 24 | Channels:   64 | Layers: layer3.0.bn2 ... (7 layers)
 Group 25 | Channels:   64 | Layers: layer3.1.bn2 ... (6 layers)
 Group 26 | Channels:   64 | Layers: layer3.2.bn2 ... (6 layers)
 Group 27 | Channels:   64 | Layers: layer3.3.bn2 ... (6 layers)
===============================================================
[*] Total 27 groups identified.


[Pruner Init] Strict Conv-Topology Mode Activated
[*] Applied Min Survival Guarantee: 10.0%
[*] Only defined groups (1-27) will be pruned.
[System] Initializing FilterGEMAPruner (Step-wise Filter Pruning Strategy)

>>> [Pilot Check] Strategy: FILTER_GEMA | Pruning starts at Epoch 30, every 20 epochs.

=== [Stage 1 & 4] Baseline Before Pruning Analysis ===
[*] Topology Status: 204 nodes currently in graph.
-------------------------------------------------------  ------------  ------------  ------------  ------------  ------------  ------------  ------------  ------------  ------------  ------------  ------------  ------------  ------------  ------------  ------------  
                                                   Name    Self CPU %      Self CPU   CPU total %     CPU total  CPU time avg     Self CUDA   Self CUDA %    CUDA total  CUDA time avg       CPU Mem  Self CPU Mem      CUDA Mem  Self CUDA Mem    # of Calls  Total KFLOPs  
-------------------------------------------------------  ------------  ------------  ------------  ------------  ------------  ------------  ------------  ------------  ------------  ------------  ------------  ------------  ------------  ------------  ------------  
                                           aten::linear         0.02%      32.748us        31.42%      42.906ms      42.906ms       0.000us         0.00%       4.800us       4.800us           0 B           0 B       9.13 MB           0 B             1            --  
                                            aten::addmm        29.03%      39.644ms        31.38%      42.848ms      42.848ms       1.600us         0.26%       4.800us       4.800us           0 B           0 B       9.13 MB       9.13 MB             1        12.800  
                                        model_inference         1.54%       2.107ms        99.99%     136.548ms     136.548ms       0.000us         0.00%     719.161us     719.161us           0 B           0 B       9.12 MB    -114.00 KB             1            --  
                                           aten::conv2d         0.08%     103.199us        52.17%      71.242ms       1.250ms       0.000us         0.00%     567.864us       9.963us           0 B           0 B      38.00 KB           0 B            57      3342.944  
                                      aten::convolution         0.14%     186.909us        52.09%      71.139ms       1.248ms       0.000us         0.00%     567.864us       9.963us           0 B           0 B      38.00 KB           0 B            57            --  
                                     aten::_convolution         0.53%     729.264us        51.96%      70.952ms       1.245ms       0.000us         0.00%     567.864us       9.963us           0 B           0 B      38.00 KB           0 B            57            --  
                                aten::cudnn_convolution        43.40%      59.266ms        51.42%      70.223ms       1.232ms     481.888us        77.09%     567.864us       9.963us           0 B           0 B      38.00 KB      38.00 KB            57            --  
                                       aten::batch_norm         0.06%      78.411us         2.61%       3.565ms      62.548us       0.000us         0.00%      59.745us       1.048us           0 B           0 B      38.00 KB           0 B            57            --  
                           aten::_batch_norm_impl_index         0.08%     103.749us         2.55%       3.487ms      61.172us       0.000us         0.00%      59.745us       1.048us           0 B           0 B      38.00 KB           0 B            57            --  
                                 aten::cudnn_batch_norm         1.82%       2.490ms         2.48%       3.383ms      59.352us      58.593us         9.37%      59.745us       1.048us           0 B           0 B      38.00 KB           0 B            57            --  
-------------------------------------------------------  ------------  ------------  ------------  ------------  ------------  ------------  ------------  ------------  ------------  ------------  ------------  ------------  ------------  ------------  ------------  
Self CPU time total: 136.560ms
Self CUDA time total: 625.120us

Epoch 1/300 | Loss: 4.1337 | Val Acc: 11.55%
Epoch 2/300 | Loss: 3.5459 | Val Acc: 15.93%
Epoch 3/300 | Loss: 3.1502 | Val Acc: 23.75%
Epoch 4/300 | Loss: 2.8374 | Val Acc: 26.38%
Epoch 5/300 | Loss: 2.5885 | Val Acc: 29.70%
Epoch 6/300 | Loss: 2.3825 | Val Acc: 35.37%
Epoch 7/300 | Loss: 2.2297 | Val Acc: 36.57%
Epoch 8/300 | Loss: 2.0888 | Val Acc: 40.02%
Epoch 9/300 | Loss: 1.9822 | Val Acc: 41.10%
Epoch 10/300 | Loss: 1.8793 | Val Acc: 44.43%
Epoch 11/300 | Loss: 1.7930 | Val Acc: 44.40%
Epoch 12/300 | Loss: 1.7125 | Val Acc: 44.43%
Epoch 13/300 | Loss: 1.6454 | Val Acc: 47.87%
Epoch 14/300 | Loss: 1.5838 | Val Acc: 50.37%
Epoch 15/300 | Loss: 1.5182 | Val Acc: 48.09%
Epoch 16/300 | Loss: 1.4750 | Val Acc: 52.71%
Epoch 17/300 | Loss: 1.4306 | Val Acc: 52.68%
Epoch 18/300 | Loss: 1.3772 | Val Acc: 51.92%
Epoch 19/300 | Loss: 1.3441 | Val Acc: 52.96%
Epoch 20/300 | Loss: 1.2995 | Val Acc: 55.41%
Epoch 21/300 | Loss: 1.2697 | Val Acc: 52.84%
Epoch 22/300 | Loss: 1.2373 | Val Acc: 54.36%
Epoch 23/300 | Loss: 1.2000 | Val Acc: 56.67%
Epoch 24/300 | Loss: 1.1681 | Val Acc: 56.93%
Epoch 25/300 | Loss: 1.1441 | Val Acc: 57.91%
Epoch 26/300 | Loss: 1.1113 | Val Acc: 57.01%
Epoch 27/300 | Loss: 1.0904 | Val Acc: 57.82%
Epoch 28/300 | Loss: 1.0651 | Val Acc: 56.15%
Epoch 29/300 | Loss: 1.0445 | Val Acc: 59.11%
Epoch 30/300 | Loss: 1.0096 | Val Acc: 58.86%
Epoch 31/300 | Loss: 0.9885 | Val Acc: 57.38%
Epoch 32/300 | Loss: 0.9702 | Val Acc: 59.99%
Epoch 33/300 | Loss: 0.9534 | Val Acc: 54.66%
Epoch 34/300 | Loss: 0.9262 | Val Acc: 59.64%
Epoch 35/300 | Loss: 0.9029 | Val Acc: 58.01%
Epoch 36/300 | Loss: 0.8941 | Val Acc: 60.08%
Epoch 37/300 | Loss: 0.8670 | Val Acc: 59.72%
Epoch 38/300 | Loss: 0.8593 | Val Acc: 61.01%
Epoch 39/300 | Loss: 0.8357 | Val Acc: 59.58%
Epoch 40/300 | Loss: 0.8270 | Val Acc: 60.31%
Epoch 41/300 | Loss: 0.8039 | Val Acc: 59.93%
Epoch 42/300 | Loss: 0.7856 | Val Acc: 59.68%
Epoch 43/300 | Loss: 0.7751 | Val Acc: 59.64%
Epoch 44/300 | Loss: 0.7645 | Val Acc: 60.79%
Epoch 45/300 | Loss: 0.7445 | Val Acc: 60.01%
Epoch 46/300 | Loss: 0.7311 | Val Acc: 60.61%
Epoch 47/300 | Loss: 0.7222 | Val Acc: 60.94%
Epoch 48/300 | Loss: 0.7071 | Val Acc: 60.72%
Epoch 49/300 | Loss: 0.6901 | Val Acc: 62.08%
Epoch 50/300 | Loss: 0.6846 | Val Acc: 61.77%
Epoch 51/300 | Loss: 0.6674 | Val Acc: 59.38%
Epoch 52/300 | Loss: 0.6610 | Val Acc: 60.79%
Epoch 53/300 | Loss: 0.6454 | Val Acc: 61.56%
Epoch 54/300 | Loss: 0.6374 | Val Acc: 60.92%
Epoch 55/300 | Loss: 0.6202 | Val Acc: 60.55%
Epoch 56/300 | Loss: 0.6186 | Val Acc: 61.09%
Epoch 57/300 | Loss: 0.6041 | Val Acc: 62.23%
Epoch 58/300 | Loss: 0.5954 | Val Acc: 61.35%
Epoch 59/300 | Loss: 0.5879 | Val Acc: 61.14%
Epoch 60/300 | Loss: 0.5773 | Val Acc: 62.15%
Epoch 61/300 | Loss: 0.5575 | Val Acc: 61.41%
Epoch 62/300 | Loss: 0.5570 | Val Acc: 59.60%
Epoch 63/300 | Loss: 0.5533 | Val Acc: 62.31%
Epoch 64/300 | Loss: 0.5505 | Val Acc: 62.45%
Epoch 65/300 | Loss: 0.5304 | Val Acc: 62.07%
Epoch 66/300 | Loss: 0.5280 | Val Acc: 59.27%
Epoch 67/300 | Loss: 0.5228 | Val Acc: 62.50%
Epoch 68/300 | Loss: 0.5088 | Val Acc: 62.41%
Epoch 69/300 | Loss: 0.5042 | Val Acc: 61.51%
Epoch 70/300 | Loss: 0.4917 | Val Acc: 61.73%
Epoch 71/300 | Loss: 0.4909 | Val Acc: 62.08%
Epoch 72/300 | Loss: 0.4805 | Val Acc: 61.26%
Epoch 73/300 | Loss: 0.4759 | Val Acc: 61.66%
Epoch 74/300 | Loss: 0.4576 | Val Acc: 62.23%
Epoch 75/300 | Loss: 0.4542 | Val Acc: 61.98%
Epoch 76/300 | Loss: 0.4539 | Val Acc: 62.00%
Epoch 77/300 | Loss: 0.4465 | Val Acc: 61.67%
Epoch 78/300 | Loss: 0.4375 | Val Acc: 62.01%
Epoch 79/300 | Loss: 0.4310 | Val Acc: 62.80%
Epoch 80/300 | Loss: 0.4282 | Val Acc: 62.78%
Epoch 81/300 | Loss: 0.4282 | Val Acc: 62.30%
Epoch 82/300 | Loss: 0.4152 | Val Acc: 62.02%
Epoch 83/300 | Loss: 0.4135 | Val Acc: 61.69%
Epoch 84/300 | Loss: 0.4027 | Val Acc: 61.62%
Epoch 85/300 | Loss: 0.4014 | Val Acc: 63.42%
Epoch 86/300 | Loss: 0.4028 | Val Acc: 62.76%
Epoch 87/300 | Loss: 0.3901 | Val Acc: 62.90%
Epoch 88/300 | Loss: 0.3983 | Val Acc: 62.59%
Epoch 89/300 | Loss: 0.3787 | Val Acc: 63.10%
Epoch 90/300 | Loss: 0.3735 | Val Acc: 62.59%
Epoch 91/300 | Loss: 0.3751 | Val Acc: 62.34%
Epoch 92/300 | Loss: 0.3535 | Val Acc: 62.67%
Epoch 93/300 | Loss: 0.3711 | Val Acc: 62.61%
Epoch 94/300 | Loss: 0.3598 | Val Acc: 62.42%
Epoch 95/300 | Loss: 0.3545 | Val Acc: 63.27%
Epoch 96/300 | Loss: 0.3491 | Val Acc: 61.97%
