📝 Logging started: resnet152_pdt_20260216_234536.log
✅ CIFAR-100 Data loaded: Train(50000), Val/Test(10000)
Experimental Mode: N/A
Target Model: resnet152 | Dataset: cifar100

[Stage 1] Analyzing Residual Topology for resnet via PyTorch FX...

==================== Final Topology Groups ====================
 Group  1 | Channels:  256 | Layers: layer1.0.bn3 ... (2 layers)
 Group  2 | Channels:  256 | Layers: layer1.1.bn3 ... (1 layers)
 Group  3 | Channels:  256 | Layers: layer1.2.bn3 ... (1 layers)
 Group  4 | Channels:  512 | Layers: layer2.0.bn3 ... (2 layers)
 Group  5 | Channels:  512 | Layers: layer2.1.bn3 ... (1 layers)
 Group  6 | Channels:  512 | Layers: layer2.2.bn3 ... (1 layers)
 Group  7 | Channels:  512 | Layers: layer2.3.bn3 ... (1 layers)
 Group  8 | Channels:  512 | Layers: layer2.4.bn3 ... (1 layers)
 Group  9 | Channels:  512 | Layers: layer2.5.bn3 ... (1 layers)
 Group 10 | Channels:  512 | Layers: layer2.6.bn3 ... (1 layers)
 Group 11 | Channels:  512 | Layers: layer2.7.bn3 ... (1 layers)
 Group 12 | Channels: 1024 | Layers: layer3.0.bn3 ... (2 layers)
 Group 13 | Channels: 1024 | Layers: layer3.1.bn3 ... (1 layers)
 Group 14 | Channels: 1024 | Layers: layer3.2.bn3 ... (1 layers)
 Group 15 | Channels: 1024 | Layers: layer3.3.bn3 ... (1 layers)
 Group 16 | Channels: 1024 | Layers: layer3.4.bn3 ... (1 layers)
 Group 17 | Channels: 1024 | Layers: layer3.5.bn3 ... (1 layers)
 Group 18 | Channels: 1024 | Layers: layer3.6.bn3 ... (1 layers)
 Group 19 | Channels: 1024 | Layers: layer3.7.bn3 ... (1 layers)
 Group 20 | Channels: 1024 | Layers: layer3.8.bn3 ... (1 layers)
 Group 21 | Channels: 1024 | Layers: layer3.9.bn3 ... (1 layers)
 Group 22 | Channels: 1024 | Layers: layer3.10.bn3 ... (1 layers)
 Group 23 | Channels: 1024 | Layers: layer3.11.bn3 ... (1 layers)
 Group 24 | Channels: 1024 | Layers: layer3.12.bn3 ... (1 layers)
 Group 25 | Channels: 1024 | Layers: layer3.13.bn3 ... (1 layers)
 Group 26 | Channels: 1024 | Layers: layer3.14.bn3 ... (1 layers)
 Group 27 | Channels: 1024 | Layers: layer3.15.bn3 ... (1 layers)
 Group 28 | Channels: 1024 | Layers: layer3.16.bn3 ... (1 layers)
 Group 29 | Channels: 1024 | Layers: layer3.17.bn3 ... (1 layers)
 Group 30 | Channels: 1024 | Layers: layer3.18.bn3 ... (1 layers)
 Group 31 | Channels: 1024 | Layers: layer3.19.bn3 ... (1 layers)
 Group 32 | Channels: 1024 | Layers: layer3.20.bn3 ... (1 layers)
 Group 33 | Channels: 1024 | Layers: layer3.21.bn3 ... (1 layers)
 Group 34 | Channels: 1024 | Layers: layer3.22.bn3 ... (1 layers)
 Group 35 | Channels: 1024 | Layers: layer3.23.bn3 ... (1 layers)
 Group 36 | Channels: 1024 | Layers: layer3.24.bn3 ... (1 layers)
 Group 37 | Channels: 1024 | Layers: layer3.25.bn3 ... (1 layers)
 Group 38 | Channels: 1024 | Layers: layer3.26.bn3 ... (1 layers)
 Group 39 | Channels: 1024 | Layers: layer3.27.bn3 ... (1 layers)
 Group 40 | Channels: 1024 | Layers: layer3.28.bn3 ... (1 layers)
 Group 41 | Channels: 1024 | Layers: layer3.29.bn3 ... (1 layers)
 Group 42 | Channels: 1024 | Layers: layer3.30.bn3 ... (1 layers)
 Group 43 | Channels: 1024 | Layers: layer3.31.bn3 ... (1 layers)
 Group 44 | Channels: 1024 | Layers: layer3.32.bn3 ... (1 layers)
 Group 45 | Channels: 1024 | Layers: layer3.33.bn3 ... (1 layers)
 Group 46 | Channels: 1024 | Layers: layer3.34.bn3 ... (1 layers)
 Group 47 | Channels: 1024 | Layers: layer3.35.bn3 ... (1 layers)
 Group 48 | Channels: 2048 | Layers: layer4.0.bn3 ... (2 layers)
 Group 49 | Channels: 2048 | Layers: layer4.1.bn3 ... (1 layers)
 Group 50 | Channels: 2048 | Layers: layer4.2.bn3 ... (1 layers)
===============================================================
[*] Total 50 groups identified.


[Pruner Init] Strict Conv-Topology Mode Activated
[*] Applied Min Survival Guarantee: 10.0%
[*] Total 50 groups linked to 311 prunable layers.

>>> [System] Loading pre-trained model: ./exp/checkpoints/resnet152_base.pth
✅ Success: Weights loaded from resnet152_base.pth

>>> [Pilot Check] Strategy: PDT | Start Epoch: 120 | Target Ratio: 0.2

=== [Stage 1 & 4] Initial State Analysis ===
[*] Topology Status: 517 nodes currently in graph.
-------------------------------------------------------  ------------  ------------  ------------  ------------  ------------  ------------  ------------  ------------  ------------  ------------  ------------  ------------  ------------  ------------  ------------  
                                                   Name    Self CPU %      Self CPU   CPU total %     CPU total  CPU time avg     Self CUDA   Self CUDA %    CUDA total  CUDA time avg       CPU Mem  Self CPU Mem      CUDA Mem  Self CUDA Mem    # of Calls  Total KFLOPs  
-------------------------------------------------------  ------------  ------------  ------------  ------------  ------------  ------------  ------------  ------------  ------------  ------------  ------------  ------------  ------------  ------------  ------------  
                           aten::_batch_norm_impl_index         0.17%     240.186us        12.58%      17.568ms     113.343us       0.000us         0.00%       1.783ms      11.502us           0 B           0 B       1.32 GB           0 B           155            --  
                                 aten::cudnn_batch_norm        10.12%      14.124ms        12.41%      17.328ms     111.794us       1.758ms        21.48%       1.783ms      11.502us           0 B           0 B       1.32 GB           0 B           155            --  
                                            aten::empty         0.87%       1.212ms         1.41%       1.964ms       2.535us       0.000us         0.00%       0.000us       0.000us           0 B           0 B       1.32 GB       1.32 GB           775            --  
                                       aten::batch_norm         0.18%     252.178us        12.76%      17.820ms     114.970us       0.000us         0.00%       1.783ms      11.502us           0 B           0 B       1.32 GB    -595.00 KB           155            --  
                                       aten::empty_like         0.15%     202.777us         0.93%       1.297ms       8.369us       0.000us         0.00%       0.000us       0.000us           0 B           0 B       1.32 GB           0 B           155            --  
                                           aten::conv2d         0.16%     229.921us        68.82%      96.072ms     619.821us       0.000us         0.00%       6.439ms      41.544us           0 B           0 B       1.32 GB           0 B           155  364767477.760  
                                      aten::convolution         0.22%     307.867us        68.65%      95.842ms     618.338us       0.000us         0.00%       6.439ms      41.544us           0 B           0 B       1.32 GB           0 B           155            --  
                                     aten::_convolution         0.78%       1.087ms        68.43%      95.534ms     616.351us       0.000us         0.00%       6.439ms      41.544us           0 B           0 B       1.32 GB           0 B           155            --  
                                aten::cudnn_convolution        62.08%      86.664ms        67.65%      94.447ms     609.335us       5.041ms        61.56%       6.439ms      41.544us           0 B           0 B       1.32 GB       1.32 GB           155            --  
                                           aten::linear         0.03%      40.429us         1.13%       1.580ms       1.580ms       0.000us         0.00%      18.688us      18.688us           0 B           0 B       9.13 MB           0 B             1            --  
-------------------------------------------------------  ------------  ------------  ------------  ------------  ------------  ------------  ------------  ------------  ------------  ------------  ------------  ------------  ------------  ------------  ------------  
Self CPU time total: 139.607ms
Self CUDA time total: 8.188ms


[Action] Triggering PDT Pruning at Epoch 120...

[DEBUG] === step_pruning Started at Epoch 120 ===
[DEBUG] Current Model Sparsity: 0.00% (Alive: 100.00%)
[DEBUG] I am looking for: 'layer1.0.bn3'
[DEBUG] Closest names in actual model: ['layer1.0.bn3', 'layer4.0.bn3', 'layer3.0.bn3']
[DEBUG] Target Groups for Hessian: [1, 2, 3, 4, 5, 6, 7, 8, 9, 10, 11, 12, 13, 14, 15, 16, 17, 18, 19, 20, 21, 22, 23, 24, 25, 26, 27, 28, 29, 30, 31, 32, 33, 34, 35, 36, 37, 38, 39, 40]
[DEBUG] Calculating Hessian for 43 parameters...
[DEBUG] Total Unit Candidates: 34560
[DEBUG] Target Keep Ratio: 0.8800 (Inc: 0.8800)
[DEBUG] Lagrangian Decision: Pruned 9285 units.
[DEBUG] Actual Mask Updates: 11077 channels.

============================== PDT Pruning Results: Epoch 120 ==============================
 [*] Pruned this step: 11077
 Group  1 |    0/ 256 |   100.0% |     0.009546 | [TARGET]
 Group  2 |    0/ 256 |   100.0% |     0.000000 | [TARGET]
 Group  3 |  216/ 256 |    15.6% |     0.030833 | [TARGET]
 Group  4 |    0/ 512 |   100.0% |     0.035468 | [TARGET]
 Group  5 |  340/ 512 |    33.6% |     0.025668 | [TARGET]
 Group  6 |  385/ 512 |    24.8% |     0.021651 | [TARGET]
 Group  7 |  420/ 512 |    18.0% |     0.014581 | [TARGET]
 Group  8 |  435/ 512 |    15.0% |     0.014413 | [TARGET]
 Group  9 |  463/ 512 |     9.6% |     0.014187 | [TARGET]
 Group 10 |  485/ 512 |     5.3% |     0.026305 | [TARGET]
 Group 11 |  485/ 512 |     5.3% |     0.016452 | [TARGET]
 Group 12 |    0/1024 |   100.0% |     0.032055 | [TARGET]
 Group 13 |  809/1024 |    21.0% |     0.013259 | [TARGET]
 Group 14 |  839/1024 |    18.1% |     0.028492 | [TARGET]
 Group 15 |  855/1024 |    16.5% |     0.030745 | [TARGET]
 Group 16 |  862/1024 |    15.8% |     0.028072 | [TARGET]
 Group 17 |  866/1024 |    15.4% |     0.024039 | [TARGET]
 Group 18 |  873/1024 |    14.7% |     0.021678 | [TARGET]
 Group 19 |  872/1024 |    14.8% |     0.017043 | [TARGET]
 Group 20 |  876/1024 |    14.5% |     0.019150 | [TARGET]
 Group 21 |  897/1024 |    12.4% |     0.044722 | [TARGET]
 Group 22 |  884/1024 |    13.7% |     0.022102 | [TARGET]
 Group 23 |  893/1024 |    12.8% |     0.038851 | [TARGET]
 Group 24 |  835/1024 |    18.5% |     0.034833 | [TARGET]
 Group 25 |  901/1024 |    12.0% |     0.009145 | [TARGET]
 Group 26 |  898/1024 |    12.3% |     0.012204 | [TARGET]
 Group 27 |  901/1024 |    12.0% |     0.013261 | [TARGET]
 Group 28 |  900/1024 |    12.1% |     0.018912 | [TARGET]
 Group 29 |  929/1024 |     9.3% |     0.056350 | [TARGET]
 Group 30 |  936/1024 |     8.6% |     0.020242 | [TARGET]
 Group 31 |  930/1024 |     9.2% |     0.021300 | [TARGET]
 Group 32 |  254/1024 |    75.2% |     0.009898 | [TARGET]
 Group 33 |    0/1024 |   100.0% |     0.000000 | [TARGET]
 Group 34 |  479/1024 |    53.2% |     0.012178 | [TARGET]
 Group 35 |  884/1024 |    13.7% |     0.016669 | [TARGET]
 Group 36 |  926/1024 |     9.6% |     0.022630 | [TARGET]
 Group 37 |  646/1024 |    36.9% |     0.013945 | [TARGET]
 Group 38 |  923/1024 |     9.9% |     0.039669 | [TARGET]
 Group 39 |  920/1024 |    10.2% |     0.017737 | [TARGET]
 Group 40 |  258/1024 |    74.8% |     0.012425 | [TARGET]
 Group 41 | 1024/1024 |     0.0% |     0.000000 | [FIXED]
 Group 42 | 1024/1024 |     0.0% |     0.000000 | [FIXED]
 Group 43 | 1024/1024 |     0.0% |     0.000000 | [FIXED]
 Group 44 | 1024/1024 |     0.0% |     0.000000 | [FIXED]
 Group 45 | 1024/1024 |     0.0% |     0.000000 | [FIXED]
 Group 46 | 1024/1024 |     0.0% |     0.000000 | [FIXED]
 Group 47 | 1024/1024 |     0.0% |     0.000000 | [FIXED]
 Group 48 | 2048/2048 |     0.0% |     0.000000 | [FIXED]
 Group 49 | 2048/2048 |     0.0% |     0.000000 | [FIXED]
 Group 50 | 2048/2048 |     0.0% |     0.000000 | [FIXED]

[Scientific Metrics]
 🟢 Model Size: 222.47 MB / 🔵 Sparsity: 0.04 %
 🟠 GPU Mem: 4076.17 MB
=========================================================================================


[Scientific Metrics - Epoch 120]
 🟢 Model Size: 222.47 MB | 🔵 Sparsity: 0.04 % | 🟡 Speedup: 1.00x
💾 Checkpoint saved: ./exp/checkpoints/resnet152_pdt_ep120_sp0.0.pth
Epoch 120/200 | Loss: 4.6435 | Val Acc: 1.00%
Epoch 121/200 | Loss: 4.6188 | Val Acc: 1.00%
Epoch 122/200 | Loss: 4.6101 | Val Acc: 1.00%
