📝 Logging started: resnet34_pat_20260213_141308.log
✅ CIFAR-100 Data loaded: Train(50000), Val/Test(10000)
Experimental Mode: PAT
Target Model: resnet34 | Dataset: cifar100

[Stage 1] Analyzing Residual Topology for resnet via PyTorch FX...

==================== Final Topology Groups ====================
 Group  1 | Channels:   64 | Layers: layer1.0.bn2 ... (1 layers)
 Group  2 | Channels:   64 | Layers: layer1.1.bn2 ... (1 layers)
 Group  3 | Channels:   64 | Layers: layer1.2.bn2 ... (1 layers)
 Group  4 | Channels:  128 | Layers: layer2.0.bn2 ... (2 layers)
 Group  5 | Channels:  128 | Layers: layer2.1.bn2 ... (1 layers)
 Group  6 | Channels:  128 | Layers: layer2.2.bn2 ... (1 layers)
 Group  7 | Channels:  128 | Layers: layer2.3.bn2 ... (1 layers)
 Group  8 | Channels:  256 | Layers: layer3.0.bn2 ... (2 layers)
 Group  9 | Channels:  256 | Layers: layer3.1.bn2 ... (1 layers)
 Group 10 | Channels:  256 | Layers: layer3.2.bn2 ... (1 layers)
 Group 11 | Channels:  256 | Layers: layer3.3.bn2 ... (1 layers)
 Group 12 | Channels:  256 | Layers: layer3.4.bn2 ... (1 layers)
 Group 13 | Channels:  256 | Layers: layer3.5.bn2 ... (1 layers)
 Group 14 | Channels:  512 | Layers: layer4.0.bn2 ... (2 layers)
 Group 15 | Channels:  512 | Layers: layer4.1.bn2 ... (1 layers)
 Group 16 | Channels:  512 | Layers: layer4.2.bn2 ... (1 layers)
===============================================================
[*] Total 16 groups identified.

>>> [System] Loading Base Model: ./exp/checkpoints/resnet34_base.pth
[Sensitivity] Load from ./exp/checkpoints/resnet34_sensitivity.json
🚀 PATPruner Ready: 16 blocks identified.

--- PAT One-Shot Pruning (Strategy: normalization) ---
🧠 PAT Strategy Type: normalization
✅ Final Pruning Map Created. Target Ratio: 0.6
[*] Final Synced Target Modules: 71
[*] Physically Pruning Block: layer1.0 | Channels: 6
[*] Physically Pruning Block: layer1.0 | Channels: 6
[*] Physically Pruning Block: layer1.0 | Channels: 6
[*] Physically Pruning Block: layer1.0 | Channels: 6
[*] Physically Pruning Block: layer1.1 | Channels: 6
[*] Physically Pruning Block: layer1.1 | Channels: 6
[*] Physically Pruning Block: layer1.1 | Channels: 6
[*] Physically Pruning Block: layer1.1 | Channels: 6
[*] Physically Pruning Block: layer1.2 | Channels: 6
[*] Physically Pruning Block: layer1.2 | Channels: 6
[*] Physically Pruning Block: layer1.2 | Channels: 6
[*] Physically Pruning Block: layer1.2 | Channels: 6
[*] Physically Pruning Block: layer2.0 | Channels: 13
[*] Physically Pruning Block: layer2.0 | Channels: 13
[*] Physically Pruning Block: layer2.0 | Channels: 13
[*] Physically Pruning Block: layer2.0 | Channels: 13
[*] Physically Pruning Block: layer2.0 | Channels: 13
[*] Physically Pruning Block: layer2.0 | Channels: 13
[*] Physically Pruning Block: layer2.1 | Channels: 17
[*] Physically Pruning Block: layer2.1 | Channels: 17
[*] Physically Pruning Block: layer2.1 | Channels: 17
[*] Physically Pruning Block: layer2.1 | Channels: 17
[*] Physically Pruning Block: layer2.2 | Channels: 17
[*] Physically Pruning Block: layer2.2 | Channels: 17
[*] Physically Pruning Block: layer2.2 | Channels: 17
[*] Physically Pruning Block: layer2.2 | Channels: 17
[*] Physically Pruning Block: layer2.3 | Channels: 17
[*] Physically Pruning Block: layer2.3 | Channels: 17
[*] Physically Pruning Block: layer2.3 | Channels: 17
[*] Physically Pruning Block: layer2.3 | Channels: 17
[*] Physically Pruning Block: layer3.0 | Channels: 106
[*] Physically Pruning Block: layer3.0 | Channels: 106
[*] Physically Pruning Block: layer3.0 | Channels: 106
[*] Physically Pruning Block: layer3.0 | Channels: 106
[*] Physically Pruning Block: layer3.0 | Channels: 106
[*] Physically Pruning Block: layer3.0 | Channels: 106
[*] Physically Pruning Block: layer3.1 | Channels: 136
[*] Physically Pruning Block: layer3.1 | Channels: 136
[*] Physically Pruning Block: layer3.1 | Channels: 136
[*] Physically Pruning Block: layer3.1 | Channels: 136
[*] Physically Pruning Block: layer3.2 | Channels: 136
[*] Physically Pruning Block: layer3.2 | Channels: 136
[*] Physically Pruning Block: layer3.2 | Channels: 136
[*] Physically Pruning Block: layer3.2 | Channels: 136
[*] Physically Pruning Block: layer3.3 | Channels: 136
[*] Physically Pruning Block: layer3.3 | Channels: 136
[*] Physically Pruning Block: layer3.3 | Channels: 136
[*] Physically Pruning Block: layer3.3 | Channels: 136
[*] Physically Pruning Block: layer3.4 | Channels: 136
[*] Physically Pruning Block: layer3.4 | Channels: 136
[*] Physically Pruning Block: layer3.4 | Channels: 136
[*] Physically Pruning Block: layer3.4 | Channels: 136
[*] Physically Pruning Block: layer3.5 | Channels: 136
[*] Physically Pruning Block: layer3.5 | Channels: 136
[*] Physically Pruning Block: layer3.5 | Channels: 136
[*] Physically Pruning Block: layer3.5 | Channels: 136
[*] Physically Pruning Block: layer4.0 | Channels: 486
[*] Physically Pruning Block: layer4.0 | Channels: 486
[*] Physically Pruning Block: layer4.0 | Channels: 486
[*] Physically Pruning Block: layer4.0 | Channels: 486
[*] Physically Pruning Block: layer4.0 | Channels: 486
[*] Physically Pruning Block: layer4.0 | Channels: 486
[*] Physically Pruning Block: layer4.1 | Channels: 486
[*] Physically Pruning Block: layer4.1 | Channels: 486
[*] Physically Pruning Block: layer4.1 | Channels: 486
[*] Physically Pruning Block: layer4.1 | Channels: 486
[*] Physically Pruning Block: layer4.2 | Channels: 486
[*] Physically Pruning Block: layer4.2 | Channels: 486
[*] Physically Pruning Block: layer4.2 | Channels: 486
[*] Physically Pruning Block: layer4.2 | Channels: 486
[*] Final FC Synced: 512 features

========================================
📊 [Pruning Result Summary]
 - Original Params: 21.328 M
 - Pruned Params:   10.891 M
 - Compression Ratio: 48.93 %
========================================

FT Epoch [1/70] | Loss: 3.6292 | Val Acc: 24.50% | LR: 0.00999
 ⭐ Best model saved with Acc: 24.50%
FT Epoch [2/70] | Loss: 2.5344 | Val Acc: 39.38% | LR: 0.00998
 ⭐ Best model saved with Acc: 39.38%
FT Epoch [3/70] | Loss: 1.8993 | Val Acc: 46.02% | LR: 0.00995
 ⭐ Best model saved with Acc: 46.02%
FT Epoch [4/70] | Loss: 1.5513 | Val Acc: 49.19% | LR: 0.00992
 ⭐ Best model saved with Acc: 49.19%
FT Epoch [5/70] | Loss: 1.3368 | Val Acc: 52.14% | LR: 0.00987
 ⭐ Best model saved with Acc: 52.14%
FT Epoch [6/70] | Loss: 1.1838 | Val Acc: 56.24% | LR: 0.00982
 ⭐ Best model saved with Acc: 56.24%
FT Epoch [7/70] | Loss: 1.0618 | Val Acc: 58.66% | LR: 0.00976
 ⭐ Best model saved with Acc: 58.66%
FT Epoch [8/70] | Loss: 0.9648 | Val Acc: 55.49% | LR: 0.00968
FT Epoch [9/70] | Loss: 0.8654 | Val Acc: 58.74% | LR: 0.00960
 ⭐ Best model saved with Acc: 58.74%
FT Epoch [10/70] | Loss: 0.7938 | Val Acc: 59.93% | LR: 0.00950
 ⭐ Best model saved with Acc: 59.93%
FT Epoch [11/70] | Loss: 0.7213 | Val Acc: 58.54% | LR: 0.00940
FT Epoch [12/70] | Loss: 0.6638 | Val Acc: 62.24% | LR: 0.00929
 ⭐ Best model saved with Acc: 62.24%
FT Epoch [13/70] | Loss: 0.6037 | Val Acc: 62.25% | LR: 0.00917
 ⭐ Best model saved with Acc: 62.25%
FT Epoch [14/70] | Loss: 0.5452 | Val Acc: 59.36% | LR: 0.00905
FT Epoch [15/70] | Loss: 0.4994 | Val Acc: 60.97% | LR: 0.00891
FT Epoch [16/70] | Loss: 0.4620 | Val Acc: 62.12% | LR: 0.00877
FT Epoch [17/70] | Loss: 0.4210 | Val Acc: 62.49% | LR: 0.00861
 ⭐ Best model saved with Acc: 62.49%
FT Epoch [18/70] | Loss: 0.3738 | Val Acc: 62.80% | LR: 0.00846
 ⭐ Best model saved with Acc: 62.80%
FT Epoch [19/70] | Loss: 0.3480 | Val Acc: 62.45% | LR: 0.00829
FT Epoch [20/70] | Loss: 0.3219 | Val Acc: 61.91% | LR: 0.00812
FT Epoch [21/70] | Loss: 0.2816 | Val Acc: 62.42% | LR: 0.00794
FT Epoch [22/70] | Loss: 0.2575 | Val Acc: 63.56% | LR: 0.00775
 ⭐ Best model saved with Acc: 63.56%
FT Epoch [23/70] | Loss: 0.2297 | Val Acc: 64.75% | LR: 0.00756
 ⭐ Best model saved with Acc: 64.75%
FT Epoch [24/70] | Loss: 0.2033 | Val Acc: 61.22% | LR: 0.00737
FT Epoch [25/70] | Loss: 0.1964 | Val Acc: 64.71% | LR: 0.00717
FT Epoch [26/70] | Loss: 0.1666 | Val Acc: 64.29% | LR: 0.00697
FT Epoch [27/70] | Loss: 0.1532 | Val Acc: 65.55% | LR: 0.00676
 ⭐ Best model saved with Acc: 65.55%
FT Epoch [28/70] | Loss: 0.1286 | Val Acc: 65.35% | LR: 0.00655
FT Epoch [29/70] | Loss: 0.1165 | Val Acc: 65.98% | LR: 0.00633
 ⭐ Best model saved with Acc: 65.98%
FT Epoch [30/70] | Loss: 0.1057 | Val Acc: 65.55% | LR: 0.00611
FT Epoch [31/70] | Loss: 0.0974 | Val Acc: 64.98% | LR: 0.00589
FT Epoch [32/70] | Loss: 0.0851 | Val Acc: 66.30% | LR: 0.00567
 ⭐ Best model saved with Acc: 66.30%
FT Epoch [33/70] | Loss: 0.0733 | Val Acc: 66.29% | LR: 0.00545
FT Epoch [34/70] | Loss: 0.0657 | Val Acc: 66.86% | LR: 0.00522
 ⭐ Best model saved with Acc: 66.86%
FT Epoch [35/70] | Loss: 0.0546 | Val Acc: 67.27% | LR: 0.00500
 ⭐ Best model saved with Acc: 67.27%
FT Epoch [36/70] | Loss: 0.0477 | Val Acc: 67.60% | LR: 0.00478
 ⭐ Best model saved with Acc: 67.60%
FT Epoch [37/70] | Loss: 0.0431 | Val Acc: 67.62% | LR: 0.00455
 ⭐ Best model saved with Acc: 67.62%
FT Epoch [38/70] | Loss: 0.0380 | Val Acc: 67.96% | LR: 0.00433
 ⭐ Best model saved with Acc: 67.96%
FT Epoch [39/70] | Loss: 0.0328 | Val Acc: 68.60% | LR: 0.00411
 ⭐ Best model saved with Acc: 68.60%
FT Epoch [40/70] | Loss: 0.0289 | Val Acc: 68.43% | LR: 0.00389
FT Epoch [41/70] | Loss: 0.0275 | Val Acc: 68.14% | LR: 0.00367
FT Epoch [42/70] | Loss: 0.0256 | Val Acc: 68.44% | LR: 0.00345
FT Epoch [43/70] | Loss: 0.0237 | Val Acc: 68.22% | LR: 0.00324
FT Epoch [44/70] | Loss: 0.0202 | Val Acc: 68.66% | LR: 0.00303
 ⭐ Best model saved with Acc: 68.66%
FT Epoch [45/70] | Loss: 0.0183 | Val Acc: 68.81% | LR: 0.00283
 ⭐ Best model saved with Acc: 68.81%
FT Epoch [46/70] | Loss: 0.0174 | Val Acc: 68.81% | LR: 0.00263
FT Epoch [47/70] | Loss: 0.0160 | Val Acc: 68.84% | LR: 0.00244
 ⭐ Best model saved with Acc: 68.84%
FT Epoch [48/70] | Loss: 0.0154 | Val Acc: 68.92% | LR: 0.00225
 ⭐ Best model saved with Acc: 68.92%
FT Epoch [49/70] | Loss: 0.0140 | Val Acc: 69.23% | LR: 0.00206
 ⭐ Best model saved with Acc: 69.23%
FT Epoch [50/70] | Loss: 0.0141 | Val Acc: 68.74% | LR: 0.00188
FT Epoch [51/70] | Loss: 0.0134 | Val Acc: 69.09% | LR: 0.00171
FT Epoch [52/70] | Loss: 0.0122 | Val Acc: 68.98% | LR: 0.00154
FT Epoch [53/70] | Loss: 0.0122 | Val Acc: 69.19% | LR: 0.00139
FT Epoch [54/70] | Loss: 0.0116 | Val Acc: 69.25% | LR: 0.00123
 ⭐ Best model saved with Acc: 69.25%
FT Epoch [55/70] | Loss: 0.0114 | Val Acc: 69.41% | LR: 0.00109
 ⭐ Best model saved with Acc: 69.41%
FT Epoch [56/70] | Loss: 0.0112 | Val Acc: 69.43% | LR: 0.00095
 ⭐ Best model saved with Acc: 69.43%
FT Epoch [57/70] | Loss: 0.0110 | Val Acc: 69.33% | LR: 0.00083
FT Epoch [58/70] | Loss: 0.0101 | Val Acc: 69.30% | LR: 0.00071
FT Epoch [59/70] | Loss: 0.0103 | Val Acc: 69.42% | LR: 0.00060
FT Epoch [60/70] | Loss: 0.0101 | Val Acc: 69.58% | LR: 0.00050
 ⭐ Best model saved with Acc: 69.58%
FT Epoch [61/70] | Loss: 0.0101 | Val Acc: 69.47% | LR: 0.00040
FT Epoch [62/70] | Loss: 0.0099 | Val Acc: 69.56% | LR: 0.00032
FT Epoch [63/70] | Loss: 0.0100 | Val Acc: 69.44% | LR: 0.00024
FT Epoch [64/70] | Loss: 0.0099 | Val Acc: 69.41% | LR: 0.00018
FT Epoch [65/70] | Loss: 0.0100 | Val Acc: 69.44% | LR: 0.00013
FT Epoch [66/70] | Loss: 0.0100 | Val Acc: 69.64% | LR: 0.00008
 ⭐ Best model saved with Acc: 69.64%
FT Epoch [67/70] | Loss: 0.0097 | Val Acc: 69.64% | LR: 0.00005
FT Epoch [68/70] | Loss: 0.0096 | Val Acc: 69.51% | LR: 0.00002
FT Epoch [69/70] | Loss: 0.0102 | Val Acc: 69.29% | LR: 0.00001
FT Epoch [70/70] | Loss: 0.0097 | Val Acc: 69.35% | LR: 0.00000

✅ PAT Experiment (normalization) Finished.
