📝 Logging started: resnet152_pdt_20260216_080629.log
✅ CIFAR-100 Data loaded: Train(50000), Val/Test(10000)
Experimental Mode: N/A
Target Model: resnet152 | Dataset: cifar100

[Stage 1] Analyzing Residual Topology for resnet via PyTorch FX...

==================== Final Topology Groups ====================
 Group  1 | Channels:  256 | Layers: layer1.0.bn3 ... (2 layers)
 Group  2 | Channels:  256 | Layers: layer1.1.bn3 ... (1 layers)
 Group  3 | Channels:  256 | Layers: layer1.2.bn3 ... (1 layers)
 Group  4 | Channels:  512 | Layers: layer2.0.bn3 ... (2 layers)
 Group  5 | Channels:  512 | Layers: layer2.1.bn3 ... (1 layers)
 Group  6 | Channels:  512 | Layers: layer2.2.bn3 ... (1 layers)
 Group  7 | Channels:  512 | Layers: layer2.3.bn3 ... (1 layers)
 Group  8 | Channels:  512 | Layers: layer2.4.bn3 ... (1 layers)
 Group  9 | Channels:  512 | Layers: layer2.5.bn3 ... (1 layers)
 Group 10 | Channels:  512 | Layers: layer2.6.bn3 ... (1 layers)
 Group 11 | Channels:  512 | Layers: layer2.7.bn3 ... (1 layers)
 Group 12 | Channels: 1024 | Layers: layer3.0.bn3 ... (2 layers)
 Group 13 | Channels: 1024 | Layers: layer3.1.bn3 ... (1 layers)
 Group 14 | Channels: 1024 | Layers: layer3.2.bn3 ... (1 layers)
 Group 15 | Channels: 1024 | Layers: layer3.3.bn3 ... (1 layers)
 Group 16 | Channels: 1024 | Layers: layer3.4.bn3 ... (1 layers)
 Group 17 | Channels: 1024 | Layers: layer3.5.bn3 ... (1 layers)
 Group 18 | Channels: 1024 | Layers: layer3.6.bn3 ... (1 layers)
 Group 19 | Channels: 1024 | Layers: layer3.7.bn3 ... (1 layers)
 Group 20 | Channels: 1024 | Layers: layer3.8.bn3 ... (1 layers)
 Group 21 | Channels: 1024 | Layers: layer3.9.bn3 ... (1 layers)
 Group 22 | Channels: 1024 | Layers: layer3.10.bn3 ... (1 layers)
 Group 23 | Channels: 1024 | Layers: layer3.11.bn3 ... (1 layers)
 Group 24 | Channels: 1024 | Layers: layer3.12.bn3 ... (1 layers)
 Group 25 | Channels: 1024 | Layers: layer3.13.bn3 ... (1 layers)
 Group 26 | Channels: 1024 | Layers: layer3.14.bn3 ... (1 layers)
 Group 27 | Channels: 1024 | Layers: layer3.15.bn3 ... (1 layers)
 Group 28 | Channels: 1024 | Layers: layer3.16.bn3 ... (1 layers)
 Group 29 | Channels: 1024 | Layers: layer3.17.bn3 ... (1 layers)
 Group 30 | Channels: 1024 | Layers: layer3.18.bn3 ... (1 layers)
 Group 31 | Channels: 1024 | Layers: layer3.19.bn3 ... (1 layers)
 Group 32 | Channels: 1024 | Layers: layer3.20.bn3 ... (1 layers)
 Group 33 | Channels: 1024 | Layers: layer3.21.bn3 ... (1 layers)
 Group 34 | Channels: 1024 | Layers: layer3.22.bn3 ... (1 layers)
 Group 35 | Channels: 1024 | Layers: layer3.23.bn3 ... (1 layers)
 Group 36 | Channels: 1024 | Layers: layer3.24.bn3 ... (1 layers)
 Group 37 | Channels: 1024 | Layers: layer3.25.bn3 ... (1 layers)
 Group 38 | Channels: 1024 | Layers: layer3.26.bn3 ... (1 layers)
 Group 39 | Channels: 1024 | Layers: layer3.27.bn3 ... (1 layers)
 Group 40 | Channels: 1024 | Layers: layer3.28.bn3 ... (1 layers)
 Group 41 | Channels: 1024 | Layers: layer3.29.bn3 ... (1 layers)
 Group 42 | Channels: 1024 | Layers: layer3.30.bn3 ... (1 layers)
 Group 43 | Channels: 1024 | Layers: layer3.31.bn3 ... (1 layers)
 Group 44 | Channels: 1024 | Layers: layer3.32.bn3 ... (1 layers)
 Group 45 | Channels: 1024 | Layers: layer3.33.bn3 ... (1 layers)
 Group 46 | Channels: 1024 | Layers: layer3.34.bn3 ... (1 layers)
 Group 47 | Channels: 1024 | Layers: layer3.35.bn3 ... (1 layers)
 Group 48 | Channels: 2048 | Layers: layer4.0.bn3 ... (2 layers)
 Group 49 | Channels: 2048 | Layers: layer4.1.bn3 ... (1 layers)
 Group 50 | Channels: 2048 | Layers: layer4.2.bn3 ... (1 layers)
===============================================================
[*] Total 50 groups identified.


[Pruner Init] Strict Conv-Topology Mode Activated
[*] Applied Min Survival Guarantee: 10.0%
[*] Only defined groups (1-50) will be pruned.

>>> [System] Loading pre-trained model: ./exp/checkpoints/resnet152_base.pth
✅ Success: Weights loaded from resnet152_base.pth

>>> [Pilot Check] Strategy: PDT | Start Epoch: 120 | Target Ratio: 0.2

=== [Stage 1 & 4] Initial State Analysis ===
[*] Topology Status: 517 nodes currently in graph.
-------------------------------------------------------  ------------  ------------  ------------  ------------  ------------  ------------  ------------  ------------  ------------  ------------  ------------  ------------  ------------  ------------  ------------  
                                                   Name    Self CPU %      Self CPU   CPU total %     CPU total  CPU time avg     Self CUDA   Self CUDA %    CUDA total  CUDA time avg       CPU Mem  Self CPU Mem      CUDA Mem  Self CUDA Mem    # of Calls  Total KFLOPs  
-------------------------------------------------------  ------------  ------------  ------------  ------------  ------------  ------------  ------------  ------------  ------------  ------------  ------------  ------------  ------------  ------------  ------------  
                           aten::_batch_norm_impl_index         0.17%     240.718us        12.62%      17.516ms     113.007us       0.000us         0.00%       1.778ms      11.470us           0 B           0 B       1.32 GB           0 B           155            --  
                                 aten::cudnn_batch_norm        10.15%      14.091ms        12.44%      17.275ms     111.454us       1.753ms        21.40%       1.778ms      11.470us           0 B           0 B       1.32 GB           0 B           155            --  
                                            aten::empty         0.88%       1.221ms         1.41%       1.958ms       2.526us       0.000us         0.00%       0.000us       0.000us           0 B           0 B       1.32 GB       1.32 GB           775            --  
                                       aten::batch_norm         0.18%     248.701us        12.79%      17.765ms     114.612us       0.000us         0.00%       1.778ms      11.470us           0 B           0 B       1.32 GB    -595.00 KB           155            --  
                                       aten::empty_like         0.14%     188.957us         0.91%       1.267ms       8.171us       0.000us         0.00%       0.000us       0.000us           0 B           0 B       1.32 GB           0 B           155            --  
                                           aten::conv2d         0.16%     226.956us        69.54%      96.560ms     622.969us       0.000us         0.00%       6.449ms      41.604us           0 B           0 B       1.32 GB           0 B           155  364767477.760  
                                      aten::convolution         0.22%     303.452us        69.38%      96.333ms     621.505us       0.000us         0.00%       6.449ms      41.604us           0 B           0 B       1.32 GB           0 B           155            --  
                                     aten::_convolution         0.79%       1.090ms        69.16%      96.030ms     619.547us       0.000us         0.00%       6.449ms      41.604us           0 B           0 B       1.32 GB           0 B           155            --  
                                aten::cudnn_convolution        62.76%      87.136ms        68.38%      94.939ms     612.513us       5.048ms        61.63%       6.449ms      41.604us           0 B           0 B       1.32 GB       1.32 GB           155            --  
                                           aten::linear         0.03%      42.193us         1.06%       1.467ms       1.467ms       0.000us         0.00%      17.920us      17.920us           0 B           0 B       9.13 MB           0 B             1            --  
-------------------------------------------------------  ------------  ------------  ------------  ------------  ------------  ------------  ------------  ------------  ------------  ------------  ------------  ------------  ------------  ------------  ------------  
Self CPU time total: 138.849ms
Self CUDA time total: 8.190ms


[Action] Triggering PDT Pruning at Epoch 120...

[Scientific Metrics - Epoch 120]
 🟢 Model Size: 221.98 MB | 🔵 Sparsity: 0.00 % | 🟡 Speedup: 1.00x
💾 Checkpoint saved: ./exp/checkpoints/resnet152_pdt_ep120_sp0.0.pth
Epoch 120/200 | Loss: 1.1739 | Val Acc: 56.38%
Epoch 121/200 | Loss: 0.8655 | Val Acc: 63.23%
Epoch 122/200 | Loss: 0.8297 | Val Acc: 64.46%
Epoch 123/200 | Loss: 0.7862 | Val Acc: 59.42%
Epoch 124/200 | Loss: 0.7602 | Val Acc: 67.22%
Epoch 125/200 | Loss: 0.7340 | Val Acc: 65.42%
Epoch 126/200 | Loss: 0.7059 | Val Acc: 67.85%
Epoch 127/200 | Loss: 0.6761 | Val Acc: 67.24%
Epoch 128/200 | Loss: 0.6636 | Val Acc: 68.22%
Epoch 129/200 | Loss: 0.6418 | Val Acc: 65.30%
Epoch 130/200 | Loss: 0.6325 | Val Acc: 66.86%
Epoch 131/200 | Loss: 0.6173 | Val Acc: 67.54%
Epoch 132/200 | Loss: 0.6078 | Val Acc: 66.97%
Epoch 133/200 | Loss: 0.5928 | Val Acc: 67.46%
Epoch 134/200 | Loss: 0.5837 | Val Acc: 68.01%
Epoch 135/200 | Loss: 0.5860 | Val Acc: 68.00%
Epoch 136/200 | Loss: 0.5735 | Val Acc: 68.68%
Epoch 137/200 | Loss: 0.5650 | Val Acc: 67.11%
Epoch 138/200 | Loss: 0.5660 | Val Acc: 67.08%
Epoch 139/200 | Loss: 0.5648 | Val Acc: 68.98%

[Action] Triggering PDT Pruning at Epoch 140...

[Scientific Metrics - Epoch 140]
 🟢 Model Size: 221.98 MB | 🔵 Sparsity: 0.00 % | 🟡 Speedup: 1.00x
💾 Checkpoint saved: ./exp/checkpoints/resnet152_pdt_ep140_sp0.0.pth
Epoch 140/200 | Loss: 0.8337 | Val Acc: 63.89%
Epoch 141/200 | Loss: 0.5546 | Val Acc: 69.40%
Epoch 142/200 | Loss: 0.5450 | Val Acc: 68.42%
Epoch 143/200 | Loss: 0.5383 | Val Acc: 67.58%
Epoch 144/200 | Loss: 0.5397 | Val Acc: 67.56%
Epoch 145/200 | Loss: 0.5385 | Val Acc: 68.34%
Epoch 146/200 | Loss: 0.5340 | Val Acc: 65.76%
Epoch 147/200 | Loss: 0.5349 | Val Acc: 65.83%
Epoch 148/200 | Loss: 0.5317 | Val Acc: 65.02%
Epoch 149/200 | Loss: 0.5264 | Val Acc: 67.17%
Epoch 150/200 | Loss: 0.5276 | Val Acc: 68.04%
Epoch 151/200 | Loss: 0.5347 | Val Acc: 69.06%
Epoch 152/200 | Loss: 0.5236 | Val Acc: 68.63%
Epoch 153/200 | Loss: 0.5221 | Val Acc: 67.88%
Epoch 154/200 | Loss: 0.5222 | Val Acc: 67.20%
Epoch 155/200 | Loss: 0.5170 | Val Acc: 67.79%
Epoch 156/200 | Loss: 0.5213 | Val Acc: 67.67%
Epoch 157/200 | Loss: 0.5166 | Val Acc: 66.97%
Epoch 158/200 | Loss: 0.5168 | Val Acc: 67.35%
Epoch 159/200 | Loss: 0.5227 | Val Acc: 68.04%

[Action] Triggering PDT Pruning at Epoch 160...

[Scientific Metrics - Epoch 160]
 🟢 Model Size: 221.98 MB | 🔵 Sparsity: 0.00 % | 🟡 Speedup: 1.00x
💾 Checkpoint saved: ./exp/checkpoints/resnet152_pdt_ep160_sp0.0.pth
Epoch 160/200 | Loss: 0.8016 | Val Acc: 63.88%
Epoch 161/200 | Loss: 0.5030 | Val Acc: 68.46%
Epoch 162/200 | Loss: 0.5155 | Val Acc: 68.80%
Epoch 163/200 | Loss: 0.5102 | Val Acc: 65.30%
Epoch 164/200 | Loss: 0.5131 | Val Acc: 67.55%
Epoch 165/200 | Loss: 0.5174 | Val Acc: 67.56%
Epoch 166/200 | Loss: 0.5083 | Val Acc: 65.80%
Epoch 167/200 | Loss: 0.5113 | Val Acc: 67.94%
Epoch 168/200 | Loss: 0.4998 | Val Acc: 68.52%
