📝 Logging started: resnet152_pdt_20260219_021930.log
✅ CIFAR-100 Data loaded: Train(50000), Val/Test(10000)
Experimental Mode: N/A
Target Model: resnet152 | Dataset: cifar100

[Stage 1] Analyzing Residual Topology for resnet via PyTorch FX...

==================== Final Topology Groups ====================
 Group  1 | Channels:  256 | Layers: layer1.0.conv3 ... (2 layers)
 Group  2 | Channels:  256 | Layers: layer1.0.conv3 ... (3 layers)
 Group  3 | Channels:  256 | Layers: layer1.0.conv3 ... (4 layers)
 Group  4 | Channels:  512 | Layers: layer2.0.conv3 ... (2 layers)
 Group  5 | Channels:  512 | Layers: layer2.0.conv3 ... (3 layers)
 Group  6 | Channels:  512 | Layers: layer2.0.conv3 ... (4 layers)
 Group  7 | Channels:  512 | Layers: layer2.0.conv3 ... (5 layers)
 Group  8 | Channels:  512 | Layers: layer2.0.conv3 ... (6 layers)
 Group  9 | Channels:  512 | Layers: layer2.0.conv3 ... (7 layers)
 Group 10 | Channels:  512 | Layers: layer2.0.conv3 ... (8 layers)
 Group 11 | Channels:  512 | Layers: layer2.0.conv3 ... (9 layers)
 Group 12 | Channels: 1024 | Layers: layer3.0.conv3 ... (2 layers)
 Group 13 | Channels: 1024 | Layers: layer3.0.conv3 ... (3 layers)
 Group 14 | Channels: 1024 | Layers: layer3.0.conv3 ... (4 layers)
 Group 15 | Channels: 1024 | Layers: layer3.0.conv3 ... (5 layers)
 Group 16 | Channels: 1024 | Layers: layer3.0.conv3 ... (6 layers)
 Group 17 | Channels: 1024 | Layers: layer3.0.conv3 ... (7 layers)
 Group 18 | Channels: 1024 | Layers: layer3.0.conv3 ... (8 layers)
 Group 19 | Channels: 1024 | Layers: layer3.0.conv3 ... (9 layers)
 Group 20 | Channels: 1024 | Layers: layer3.0.conv3 ... (10 layers)
 Group 21 | Channels: 1024 | Layers: layer3.0.conv3 ... (11 layers)
 Group 22 | Channels: 1024 | Layers: layer3.0.conv3 ... (12 layers)
 Group 23 | Channels: 1024 | Layers: layer3.0.conv3 ... (13 layers)
 Group 24 | Channels: 1024 | Layers: layer3.0.conv3 ... (14 layers)
 Group 25 | Channels: 1024 | Layers: layer3.0.conv3 ... (15 layers)
 Group 26 | Channels: 1024 | Layers: layer3.0.conv3 ... (16 layers)
 Group 27 | Channels: 1024 | Layers: layer3.0.conv3 ... (17 layers)
 Group 28 | Channels: 1024 | Layers: layer3.0.conv3 ... (18 layers)
 Group 29 | Channels: 1024 | Layers: layer3.0.conv3 ... (19 layers)
 Group 30 | Channels: 1024 | Layers: layer3.0.conv3 ... (20 layers)
 Group 31 | Channels: 1024 | Layers: layer3.0.conv3 ... (21 layers)
 Group 32 | Channels: 1024 | Layers: layer3.0.conv3 ... (22 layers)
 Group 33 | Channels: 1024 | Layers: layer3.0.conv3 ... (23 layers)
 Group 34 | Channels: 1024 | Layers: layer3.0.conv3 ... (24 layers)
 Group 35 | Channels: 1024 | Layers: layer3.0.conv3 ... (25 layers)
 Group 36 | Channels: 1024 | Layers: layer3.0.conv3 ... (26 layers)
 Group 37 | Channels: 1024 | Layers: layer3.0.conv3 ... (27 layers)
 Group 38 | Channels: 1024 | Layers: layer3.0.conv3 ... (28 layers)
 Group 39 | Channels: 1024 | Layers: layer3.0.conv3 ... (29 layers)
 Group 40 | Channels: 1024 | Layers: layer3.0.conv3 ... (30 layers)
 Group 41 | Channels: 1024 | Layers: layer3.0.conv3 ... (31 layers)
 Group 42 | Channels: 1024 | Layers: layer3.0.conv3 ... (32 layers)
 Group 43 | Channels: 1024 | Layers: layer3.0.conv3 ... (33 layers)
 Group 44 | Channels: 1024 | Layers: layer3.0.conv3 ... (34 layers)
 Group 45 | Channels: 1024 | Layers: layer3.0.conv3 ... (35 layers)
 Group 46 | Channels: 1024 | Layers: layer3.0.conv3 ... (36 layers)
 Group 47 | Channels: 1024 | Layers: layer3.0.conv3 ... (37 layers)
 Group 48 | Channels: 2048 | Layers: layer4.0.conv3 ... (2 layers)
 Group 49 | Channels: 2048 | Layers: layer4.0.conv3 ... (3 layers)
 Group 50 | Channels: 2048 | Layers: layer4.0.conv3 ... (4 layers)
===============================================================
[*] Total 50 groups identified.


[Pruner Init] Identified 50 groups for pruning.
[*] Applied Min Survival Guarantee: 10.0%
[System] Initializing PDTPruner (Stable Version)

>>> Strategy: PDT | Total Epochs: 250
>>> Pruning starts at Epoch 40, every 15 epochs.
Epoch 1/250 | Loss: 4.4066 | Val Acc: 7.94% | Peak VRAM: 3895.78 MB
Epoch 2/250 | Loss: 3.6669 | Val Acc: 17.77% | Peak VRAM: 3893.78 MB
Epoch 3/250 | Loss: 3.0931 | Val Acc: 26.74% | Peak VRAM: 3893.78 MB
Epoch 4/250 | Loss: 2.5542 | Val Acc: 35.32% | Peak VRAM: 3893.78 MB
Epoch 5/250 | Loss: 2.1562 | Val Acc: 43.32% | Peak VRAM: 3893.78 MB
Epoch 6/250 | Loss: 1.8757 | Val Acc: 46.30% | Peak VRAM: 3893.78 MB
Epoch 7/250 | Loss: 1.6782 | Val Acc: 51.47% | Peak VRAM: 3893.78 MB
Epoch 8/250 | Loss: 1.5285 | Val Acc: 55.13% | Peak VRAM: 3893.78 MB
Epoch 9/250 | Loss: 1.4102 | Val Acc: 53.22% | Peak VRAM: 3893.78 MB
Epoch 10/250 | Loss: 1.3146 | Val Acc: 57.66% | Peak VRAM: 3893.78 MB
Epoch 11/250 | Loss: 1.2414 | Val Acc: 57.51% | Peak VRAM: 3893.78 MB
Epoch 12/250 | Loss: 1.1709 | Val Acc: 61.61% | Peak VRAM: 3893.78 MB
Epoch 13/250 | Loss: 1.1103 | Val Acc: 60.86% | Peak VRAM: 3893.78 MB
Epoch 14/250 | Loss: 1.0590 | Val Acc: 61.85% | Peak VRAM: 3893.78 MB
Epoch 15/250 | Loss: 1.0164 | Val Acc: 61.64% | Peak VRAM: 3893.78 MB
Epoch 16/250 | Loss: 0.9865 | Val Acc: 62.07% | Peak VRAM: 3893.78 MB
Epoch 17/250 | Loss: 0.9353 | Val Acc: 62.94% | Peak VRAM: 3893.78 MB
Epoch 18/250 | Loss: 0.9008 | Val Acc: 64.34% | Peak VRAM: 3893.78 MB
Epoch 19/250 | Loss: 0.8732 | Val Acc: 64.33% | Peak VRAM: 3893.78 MB
Epoch 20/250 | Loss: 0.8448 | Val Acc: 64.86% | Peak VRAM: 3893.78 MB
Epoch 21/250 | Loss: 0.8222 | Val Acc: 64.45% | Peak VRAM: 3893.78 MB
Epoch 22/250 | Loss: 0.7924 | Val Acc: 65.63% | Peak VRAM: 3893.78 MB
Epoch 23/250 | Loss: 0.7793 | Val Acc: 65.44% | Peak VRAM: 3893.78 MB
Epoch 24/250 | Loss: 0.7521 | Val Acc: 63.89% | Peak VRAM: 3893.78 MB
Epoch 25/250 | Loss: 0.7307 | Val Acc: 64.84% | Peak VRAM: 3893.78 MB
Epoch 26/250 | Loss: 0.7210 | Val Acc: 65.31% | Peak VRAM: 3893.78 MB
Epoch 27/250 | Loss: 0.7063 | Val Acc: 65.54% | Peak VRAM: 3893.78 MB
Epoch 28/250 | Loss: 0.6907 | Val Acc: 65.44% | Peak VRAM: 3893.78 MB
Epoch 29/250 | Loss: 0.6805 | Val Acc: 65.60% | Peak VRAM: 3893.78 MB
Epoch 30/250 | Loss: 0.6704 | Val Acc: 64.92% | Peak VRAM: 3893.78 MB
Epoch 31/250 | Loss: 0.6647 | Val Acc: 66.11% | Peak VRAM: 3893.78 MB
Epoch 32/250 | Loss: 0.6571 | Val Acc: 64.35% | Peak VRAM: 3893.78 MB
Epoch 33/250 | Loss: 0.6434 | Val Acc: 64.85% | Peak VRAM: 3893.78 MB
Epoch 34/250 | Loss: 0.6367 | Val Acc: 66.64% | Peak VRAM: 3893.78 MB
Epoch 35/250 | Loss: 0.6275 | Val Acc: 64.94% | Peak VRAM: 3893.78 MB
Epoch 36/250 | Loss: 0.6250 | Val Acc: 65.73% | Peak VRAM: 3893.78 MB
Epoch 37/250 | Loss: 0.6144 | Val Acc: 65.47% | Peak VRAM: 3893.78 MB
Epoch 38/250 | Loss: 0.6172 | Val Acc: 65.71% | Peak VRAM: 3893.78 MB
Epoch 39/250 | Loss: 0.6073 | Val Acc: 67.00% | Peak VRAM: 3893.78 MB

[DEBUG] >>> PRUNING @ Epoch 40

[DEBUG] !!! PRUNING TRIGGERED !!! Epoch 40/250

============================== PDT Pruning Report: Epoch 40 ==============================
 [*] Pruned this step: 107609 units | VRAM: 4139.3MB -> 4139.3MB
 Group  1 |  256/ 256 |     0.0% | Hessian: 0.214064
 Group  2 |  256/ 256 |     0.0% | Hessian: 0.214064
 Group  3 |  256/ 256 |     0.0% | Hessian: 0.214064
 Group  4 |  512/ 512 |     0.0% | Hessian: 0.079208
 Group  5 |  512/ 512 |     0.0% | Hessian: 0.079208
 Group  6 |  512/ 512 |     0.0% | Hessian: 0.079208
 Group  7 |  512/ 512 |     0.0% | Hessian: 0.079208
 Group  8 |  512/ 512 |     0.0% | Hessian: 0.079208
 Group  9 |  512/ 512 |     0.0% | Hessian: 0.079208
 Group 10 |  512/ 512 |     0.0% | Hessian: 0.079208
 Group 11 |  512/ 512 |     0.0% | Hessian: 0.079208
 Group 12 |  622/1024 |    39.3% | Hessian: 0.103775
 Group 13 |  622/1024 |    39.3% | Hessian: 0.103775
 Group 14 |  622/1024 |    39.3% | Hessian: 0.103775
 Group 15 |  622/1024 |    39.3% | Hessian: 0.103775
 Group 16 |  622/1024 |    39.3% | Hessian: 0.103775
 Group 17 |  622/1024 |    39.3% | Hessian: 0.103775
 Group 18 |  622/1024 |    39.3% | Hessian: 0.103775
 Group 19 |  622/1024 |    39.3% | Hessian: 0.103775
 Group 20 |  622/1024 |    39.3% | Hessian: 0.103775
 Group 21 |  622/1024 |    39.3% | Hessian: 0.103775
 Group 22 |  622/1024 |    39.3% | Hessian: 0.103775
 Group 23 |  622/1024 |    39.3% | Hessian: 0.103775
 Group 24 |  622/1024 |    39.3% | Hessian: 0.103775
 Group 25 |  622/1024 |    39.3% | Hessian: 0.103775
 Group 26 |  622/1024 |    39.3% | Hessian: 0.103775
 Group 27 |  622/1024 |    39.3% | Hessian: 0.103775
 Group 28 |  622/1024 |    39.3% | Hessian: 0.103775
 Group 29 |  622/1024 |    39.3% | Hessian: 0.103775
 Group 30 |  622/1024 |    39.3% | Hessian: 0.103775
 Group 31 |  622/1024 |    39.3% | Hessian: 0.103775
 Group 32 |  622/1024 |    39.3% | Hessian: 0.103775
 Group 33 |  622/1024 |    39.3% | Hessian: 0.103775
 Group 34 |  622/1024 |    39.3% | Hessian: 0.103775
 Group 35 |  622/1024 |    39.3% | Hessian: 0.103775
 Group 36 |  622/1024 |    39.3% | Hessian: 0.103775
 Group 37 |  622/1024 |    39.3% | Hessian: 0.103775
 Group 38 |  622/1024 |    39.3% | Hessian: 0.103775
 Group 39 |  622/1024 |    39.3% | Hessian: 0.103775
 Group 40 |  622/1024 |    39.3% | Hessian: 0.103775
 Group 41 |  622/1024 |    39.3% | Hessian: 0.103775
 Group 42 |  622/1024 |    39.3% | Hessian: 0.103775
 Group 43 |  622/1024 |    39.3% | Hessian: 0.103775
 Group 44 |  622/1024 |    39.3% | Hessian: 0.103775
 Group 45 |  622/1024 |    39.3% | Hessian: 0.103775
 Group 46 |  622/1024 |    39.3% | Hessian: 0.103775
 Group 47 |  622/1024 |    39.3% | Hessian: 0.103775
 Group 48 | 1338/2048 |    34.7% | Hessian: 0.079398
 Group 49 | 1338/2048 |    34.7% | Hessian: 0.079398
 Group 50 | 1338/2048 |    34.7% | Hessian: 0.079398

[Scientific Metrics] 🟢 Size: 200.13MB | 🔵 Sparsity: 9.84% | 🟡 Speedup: 1.11x
=========================================================================================


[Scientific Metrics - Epoch 40]
 🟢 Model Size: 221.98 MB -> 200.13 MB
 🔵 Sparsity: 23.35 %
 🟡 Speedup: 1.11x
💾 Checkpoint saved: resnet152_pdt_ep40_sp23.35.pth
Epoch 40/250 | Loss: 0.7623 | Val Acc: 62.32% | Peak VRAM: 15868.99 MB
Epoch 41/250 | Loss: 0.7329 | Val Acc: 65.72% | Peak VRAM: 3893.78 MB
Epoch 42/250 | Loss: 0.7140 | Val Acc: 62.81% | Peak VRAM: 3893.78 MB
Epoch 43/250 | Loss: 0.6938 | Val Acc: 63.68% | Peak VRAM: 3893.78 MB
Epoch 44/250 | Loss: 0.6768 | Val Acc: 66.04% | Peak VRAM: 3893.78 MB
Epoch 45/250 | Loss: 0.6638 | Val Acc: 66.39% | Peak VRAM: 3893.78 MB
Epoch 46/250 | Loss: 0.6578 | Val Acc: 66.30% | Peak VRAM: 3893.78 MB
Epoch 47/250 | Loss: 0.6458 | Val Acc: 66.10% | Peak VRAM: 3893.78 MB
Epoch 48/250 | Loss: 0.6367 | Val Acc: 64.37% | Peak VRAM: 3893.78 MB
Epoch 49/250 | Loss: 0.6241 | Val Acc: 65.22% | Peak VRAM: 3893.78 MB
Epoch 50/250 | Loss: 0.6117 | Val Acc: 66.94% | Peak VRAM: 3893.78 MB
Epoch 51/250 | Loss: 0.6062 | Val Acc: 63.76% | Peak VRAM: 3893.78 MB
Epoch 52/250 | Loss: 0.6030 | Val Acc: 64.65% | Peak VRAM: 3893.78 MB
Epoch 53/250 | Loss: 0.5969 | Val Acc: 65.00% | Peak VRAM: 3893.78 MB
Epoch 54/250 | Loss: 0.5938 | Val Acc: 66.41% | Peak VRAM: 3893.78 MB

[DEBUG] >>> PRUNING @ Epoch 55

[DEBUG] !!! PRUNING TRIGGERED !!! Epoch 55/250

============================== PDT Pruning Report: Epoch 55 ==============================
 [*] Pruned this step: 4 units | VRAM: 4140.3MB -> 4140.3MB
 Group  1 |  254/ 256 |     0.8% | Hessian: 0.193972
 Group  2 |  254/ 256 |     0.8% | Hessian: 0.193972
 Group  3 |  254/ 256 |     0.8% | Hessian: 0.193972
 Group  4 |  512/ 512 |     0.0% | Hessian: 0.084085
 Group  5 |  512/ 512 |     0.0% | Hessian: 0.084085
 Group  6 |  512/ 512 |     0.0% | Hessian: 0.084085
 Group  7 |  512/ 512 |     0.0% | Hessian: 0.084085
 Group  8 |  512/ 512 |     0.0% | Hessian: 0.084085
 Group  9 |  512/ 512 |     0.0% | Hessian: 0.084085
 Group 10 |  512/ 512 |     0.0% | Hessian: 0.084085
 Group 11 |  512/ 512 |     0.0% | Hessian: 0.084085
 Group 12 |  622/1024 |    39.3% | Hessian: 0.087276
 Group 13 |  622/1024 |    39.3% | Hessian: 0.087276
 Group 14 |  622/1024 |    39.3% | Hessian: 0.087276
 Group 15 |  622/1024 |    39.3% | Hessian: 0.087276
 Group 16 |  622/1024 |    39.3% | Hessian: 0.087276
 Group 17 |  622/1024 |    39.3% | Hessian: 0.087276
 Group 18 |  622/1024 |    39.3% | Hessian: 0.087276
 Group 19 |  622/1024 |    39.3% | Hessian: 0.087276
 Group 20 |  622/1024 |    39.3% | Hessian: 0.087276
 Group 21 |  622/1024 |    39.3% | Hessian: 0.087276
 Group 22 |  622/1024 |    39.3% | Hessian: 0.087276
 Group 23 |  622/1024 |    39.3% | Hessian: 0.087276
 Group 24 |  622/1024 |    39.3% | Hessian: 0.087276
 Group 25 |  622/1024 |    39.3% | Hessian: 0.087276
 Group 26 |  622/1024 |    39.3% | Hessian: 0.087276
 Group 27 |  622/1024 |    39.3% | Hessian: 0.087276
 Group 28 |  622/1024 |    39.3% | Hessian: 0.087276
 Group 29 |  622/1024 |    39.3% | Hessian: 0.087276
 Group 30 |  622/1024 |    39.3% | Hessian: 0.087276
 Group 31 |  622/1024 |    39.3% | Hessian: 0.087276
 Group 32 |  622/1024 |    39.3% | Hessian: 0.087276
 Group 33 |  622/1024 |    39.3% | Hessian: 0.087276
 Group 34 |  622/1024 |    39.3% | Hessian: 0.087276
 Group 35 |  622/1024 |    39.3% | Hessian: 0.087276
 Group 36 |  622/1024 |    39.3% | Hessian: 0.087276
 Group 37 |  622/1024 |    39.3% | Hessian: 0.087276
 Group 38 |  622/1024 |    39.3% | Hessian: 0.087276
 Group 39 |  622/1024 |    39.3% | Hessian: 0.087276
 Group 40 |  622/1024 |    39.3% | Hessian: 0.087276
 Group 41 |  622/1024 |    39.3% | Hessian: 0.087276
 Group 42 |  622/1024 |    39.3% | Hessian: 0.087276
 Group 43 |  622/1024 |    39.3% | Hessian: 0.087276
 Group 44 |  622/1024 |    39.3% | Hessian: 0.087276
 Group 45 |  622/1024 |    39.3% | Hessian: 0.087276
 Group 46 |  622/1024 |    39.3% | Hessian: 0.087276
 Group 47 |  622/1024 |    39.3% | Hessian: 0.087276
 Group 48 | 1338/2048 |    34.7% | Hessian: 0.093672
 Group 49 | 1338/2048 |    34.7% | Hessian: 0.093672
 Group 50 | 1338/2048 |    34.7% | Hessian: 0.093672

[Scientific Metrics] 🟢 Size: 200.13MB | 🔵 Sparsity: 9.84% | 🟡 Speedup: 1.11x
=========================================================================================


[Scientific Metrics - Epoch 55]
 🟢 Model Size: 221.98 MB -> 200.13 MB
 🔵 Sparsity: 23.36 %
 🟡 Speedup: 1.11x
💾 Checkpoint saved: resnet152_pdt_ep55_sp23.36.pth
Epoch 55/250 | Loss: 0.5805 | Val Acc: 67.38% | Peak VRAM: 15869.24 MB
Epoch 56/250 | Loss: 0.5750 | Val Acc: 65.22% | Peak VRAM: 3895.78 MB
Epoch 57/250 | Loss: 0.5745 | Val Acc: 66.44% | Peak VRAM: 3895.78 MB
Epoch 58/250 | Loss: 0.5680 | Val Acc: 66.24% | Peak VRAM: 3895.78 MB
Epoch 59/250 | Loss: 0.5655 | Val Acc: 66.55% | Peak VRAM: 3895.78 MB
Epoch 60/250 | Loss: 0.5573 | Val Acc: 68.32% | Peak VRAM: 3895.78 MB
Epoch 61/250 | Loss: 0.5590 | Val Acc: 67.22% | Peak VRAM: 3895.78 MB
Epoch 62/250 | Loss: 0.5543 | Val Acc: 66.89% | Peak VRAM: 3895.78 MB
Epoch 63/250 | Loss: 0.5525 | Val Acc: 66.64% | Peak VRAM: 3895.78 MB
Epoch 64/250 | Loss: 0.5475 | Val Acc: 66.47% | Peak VRAM: 3895.78 MB
Epoch 65/250 | Loss: 0.5397 | Val Acc: 67.44% | Peak VRAM: 3895.78 MB
Epoch 66/250 | Loss: 0.5342 | Val Acc: 68.35% | Peak VRAM: 3895.78 MB
Epoch 67/250 | Loss: 0.5373 | Val Acc: 67.70% | Peak VRAM: 3895.78 MB
Epoch 68/250 | Loss: 0.5435 | Val Acc: 66.21% | Peak VRAM: 3895.78 MB
Epoch 69/250 | Loss: 0.5338 | Val Acc: 66.21% | Peak VRAM: 3895.78 MB

[DEBUG] >>> PRUNING @ Epoch 70

[DEBUG] !!! PRUNING TRIGGERED !!! Epoch 70/250

============================== PDT Pruning Report: Epoch 70 ==============================
 [*] Pruned this step: 11799 units | VRAM: 4142.8MB -> 4142.8MB
 Group  1 |  249/ 256 |     2.7% | Hessian: 0.147873
 Group  2 |  249/ 256 |     2.7% | Hessian: 0.147873
 Group  3 |  249/ 256 |     2.7% | Hessian: 0.147873
 Group  4 |  508/ 512 |     0.8% | Hessian: 0.046916
 Group  5 |  508/ 512 |     0.8% | Hessian: 0.046916
 Group  6 |  508/ 512 |     0.8% | Hessian: 0.046916
 Group  7 |  508/ 512 |     0.8% | Hessian: 0.046916
 Group  8 |  508/ 512 |     0.8% | Hessian: 0.046916
 Group  9 |  508/ 512 |     0.8% | Hessian: 0.046916
 Group 10 |  508/ 512 |     0.8% | Hessian: 0.046916
 Group 11 |  508/ 512 |     0.8% | Hessian: 0.046916
 Group 12 |  558/1024 |    45.5% | Hessian: 0.042067
 Group 13 |  558/1024 |    45.5% | Hessian: 0.042067
 Group 14 |  558/1024 |    45.5% | Hessian: 0.042067
 Group 15 |  558/1024 |    45.5% | Hessian: 0.042067
 Group 16 |  558/1024 |    45.5% | Hessian: 0.042067
 Group 17 |  558/1024 |    45.5% | Hessian: 0.042067
 Group 18 |  558/1024 |    45.5% | Hessian: 0.042067
 Group 19 |  558/1024 |    45.5% | Hessian: 0.042067
 Group 20 |  558/1024 |    45.5% | Hessian: 0.042067
 Group 21 |  558/1024 |    45.5% | Hessian: 0.042067
 Group 22 |  558/1024 |    45.5% | Hessian: 0.042067
 Group 23 |  558/1024 |    45.5% | Hessian: 0.042067
 Group 24 |  558/1024 |    45.5% | Hessian: 0.042067
 Group 25 |  558/1024 |    45.5% | Hessian: 0.042067
 Group 26 |  558/1024 |    45.5% | Hessian: 0.042067
 Group 27 |  558/1024 |    45.5% | Hessian: 0.042067
 Group 28 |  558/1024 |    45.5% | Hessian: 0.042067
 Group 29 |  558/1024 |    45.5% | Hessian: 0.042067
 Group 30 |  558/1024 |    45.5% | Hessian: 0.042067
 Group 31 |  558/1024 |    45.5% | Hessian: 0.042067
 Group 32 |  558/1024 |    45.5% | Hessian: 0.042067
 Group 33 |  558/1024 |    45.5% | Hessian: 0.042067
 Group 34 |  558/1024 |    45.5% | Hessian: 0.042067
 Group 35 |  558/1024 |    45.5% | Hessian: 0.042067
 Group 36 |  558/1024 |    45.5% | Hessian: 0.042067
 Group 37 |  558/1024 |    45.5% | Hessian: 0.042067
 Group 38 |  558/1024 |    45.5% | Hessian: 0.042067
 Group 39 |  558/1024 |    45.5% | Hessian: 0.042067
 Group 40 |  558/1024 |    45.5% | Hessian: 0.042067
 Group 41 |  558/1024 |    45.5% | Hessian: 0.042067
 Group 42 |  558/1024 |    45.5% | Hessian: 0.042067
 Group 43 |  558/1024 |    45.5% | Hessian: 0.042067
 Group 44 |  558/1024 |    45.5% | Hessian: 0.042067
 Group 45 |  558/1024 |    45.5% | Hessian: 0.042067
 Group 46 |  558/1024 |    45.5% | Hessian: 0.042067
 Group 47 |  558/1024 |    45.5% | Hessian: 0.042067
 Group 48 | 1333/2048 |    34.9% | Hessian: 0.112195
 Group 49 | 1333/2048 |    34.9% | Hessian: 0.112195
 Group 50 | 1333/2048 |    34.9% | Hessian: 0.112195

[Scientific Metrics] 🟢 Size: 197.71MB | 🔵 Sparsity: 10.93% | 🟡 Speedup: 1.12x
=========================================================================================


[Scientific Metrics - Epoch 70]
 🟢 Model Size: 221.98 MB -> 197.71 MB
 🔵 Sparsity: 26.52 %
 🟡 Speedup: 1.12x
💾 Checkpoint saved: resnet152_pdt_ep70_sp26.52.pth
Epoch 70/250 | Loss: 0.5619 | Val Acc: 66.07% | Peak VRAM: 15872.49 MB
Epoch 71/250 | Loss: 0.5509 | Val Acc: 63.78% | Peak VRAM: 3897.78 MB
Epoch 72/250 | Loss: 0.5547 | Val Acc: 66.22% | Peak VRAM: 3897.78 MB
Epoch 73/250 | Loss: 0.5436 | Val Acc: 67.46% | Peak VRAM: 3897.78 MB
Epoch 74/250 | Loss: 0.5377 | Val Acc: 65.39% | Peak VRAM: 3897.78 MB
Epoch 75/250 | Loss: 0.5417 | Val Acc: 66.76% | Peak VRAM: 3897.78 MB
Epoch 76/250 | Loss: 0.5354 | Val Acc: 66.95% | Peak VRAM: 3897.78 MB
Epoch 77/250 | Loss: 0.5328 | Val Acc: 66.72% | Peak VRAM: 3897.78 MB
Epoch 78/250 | Loss: 0.5284 | Val Acc: 65.92% | Peak VRAM: 3897.78 MB
Epoch 79/250 | Loss: 0.5228 | Val Acc: 66.20% | Peak VRAM: 3897.78 MB
Epoch 80/250 | Loss: 0.5248 | Val Acc: 67.98% | Peak VRAM: 3897.78 MB
Epoch 81/250 | Loss: 0.5207 | Val Acc: 64.57% | Peak VRAM: 3897.78 MB
Epoch 82/250 | Loss: 0.5199 | Val Acc: 68.08% | Peak VRAM: 3897.78 MB
Epoch 83/250 | Loss: 0.5174 | Val Acc: 66.99% | Peak VRAM: 3897.78 MB
Epoch 84/250 | Loss: 0.5207 | Val Acc: 66.41% | Peak VRAM: 3897.78 MB

[DEBUG] >>> PRUNING @ Epoch 85

[DEBUG] !!! PRUNING TRIGGERED !!! Epoch 85/250

============================== PDT Pruning Report: Epoch 85 ==============================
 [*] Pruned this step: 23840 units | VRAM: 4143.1MB -> 4143.1MB
 Group  1 |  246/ 256 |     3.9% | Hessian: 0.149613
 Group  2 |  246/ 256 |     3.9% | Hessian: 0.149613
 Group  3 |  246/ 256 |     3.9% | Hessian: 0.149613
 Group  4 |  501/ 512 |     2.1% | Hessian: 0.075167
 Group  5 |  501/ 512 |     2.1% | Hessian: 0.075167
 Group  6 |  501/ 512 |     2.1% | Hessian: 0.075167
 Group  7 |  501/ 512 |     2.1% | Hessian: 0.075167
 Group  8 |  501/ 512 |     2.1% | Hessian: 0.075167
 Group  9 |  501/ 512 |     2.1% | Hessian: 0.075167
 Group 10 |  501/ 512 |     2.1% | Hessian: 0.075167
 Group 11 |  501/ 512 |     2.1% | Hessian: 0.075167
 Group 12 |  455/1024 |    55.6% | Hessian: 0.041999
 Group 13 |  455/1024 |    55.6% | Hessian: 0.041999
 Group 14 |  455/1024 |    55.6% | Hessian: 0.041999
 Group 15 |  455/1024 |    55.6% | Hessian: 0.041999
 Group 16 |  455/1024 |    55.6% | Hessian: 0.041999
 Group 17 |  455/1024 |    55.6% | Hessian: 0.041999
 Group 18 |  455/1024 |    55.6% | Hessian: 0.041999
 Group 19 |  455/1024 |    55.6% | Hessian: 0.041999
 Group 20 |  455/1024 |    55.6% | Hessian: 0.041999
 Group 21 |  455/1024 |    55.6% | Hessian: 0.041999
 Group 22 |  455/1024 |    55.6% | Hessian: 0.041999
 Group 23 |  455/1024 |    55.6% | Hessian: 0.041999
 Group 24 |  455/1024 |    55.6% | Hessian: 0.041999
 Group 25 |  455/1024 |    55.6% | Hessian: 0.041999
 Group 26 |  455/1024 |    55.6% | Hessian: 0.041999
 Group 27 |  455/1024 |    55.6% | Hessian: 0.041999
 Group 28 |  455/1024 |    55.6% | Hessian: 0.041999
 Group 29 |  455/1024 |    55.6% | Hessian: 0.041999
 Group 30 |  455/1024 |    55.6% | Hessian: 0.041999
 Group 31 |  455/1024 |    55.6% | Hessian: 0.041999
 Group 32 |  455/1024 |    55.6% | Hessian: 0.041999
 Group 33 |  455/1024 |    55.6% | Hessian: 0.041999
 Group 34 |  455/1024 |    55.6% | Hessian: 0.041999
 Group 35 |  455/1024 |    55.6% | Hessian: 0.041999
 Group 36 |  455/1024 |    55.6% | Hessian: 0.041999
 Group 37 |  455/1024 |    55.6% | Hessian: 0.041999
 Group 38 |  455/1024 |    55.6% | Hessian: 0.041999
 Group 39 |  455/1024 |    55.6% | Hessian: 0.041999
 Group 40 |  455/1024 |    55.6% | Hessian: 0.041999
 Group 41 |  455/1024 |    55.6% | Hessian: 0.041999
 Group 42 |  455/1024 |    55.6% | Hessian: 0.041999
 Group 43 |  455/1024 |    55.6% | Hessian: 0.041999
 Group 44 |  455/1024 |    55.6% | Hessian: 0.041999
 Group 45 |  455/1024 |    55.6% | Hessian: 0.041999
 Group 46 |  455/1024 |    55.6% | Hessian: 0.041999
 Group 47 |  455/1024 |    55.6% | Hessian: 0.041999
 Group 48 | 1221/2048 |    40.4% | Hessian: 0.036308
 Group 49 | 1221/2048 |    40.4% | Hessian: 0.036308
 Group 50 | 1221/2048 |    40.4% | Hessian: 0.036308

[Scientific Metrics] 🟢 Size: 192.79MB | 🔵 Sparsity: 13.15% | 🟡 Speedup: 1.15x
=========================================================================================


[Scientific Metrics - Epoch 85]
 🟢 Model Size: 221.98 MB -> 192.79 MB
 🔵 Sparsity: 32.15 %
 🟡 Speedup: 1.15x
💾 Checkpoint saved: resnet152_pdt_ep85_sp32.15.pth
Epoch 85/250 | Loss: 0.5814 | Val Acc: 65.63% | Peak VRAM: 15871.99 MB
Epoch 86/250 | Loss: 0.5699 | Val Acc: 67.15% | Peak VRAM: 3896.78 MB
Epoch 87/250 | Loss: 0.5627 | Val Acc: 66.53% | Peak VRAM: 3896.78 MB
Epoch 88/250 | Loss: 0.5596 | Val Acc: 65.80% | Peak VRAM: 3896.78 MB
Epoch 89/250 | Loss: 0.5541 | Val Acc: 66.01% | Peak VRAM: 3896.78 MB
Epoch 90/250 | Loss: 0.5478 | Val Acc: 67.14% | Peak VRAM: 3896.78 MB
Epoch 91/250 | Loss: 0.5397 | Val Acc: 67.73% | Peak VRAM: 3896.78 MB
Epoch 92/250 | Loss: 0.5348 | Val Acc: 65.97% | Peak VRAM: 3896.78 MB
Epoch 93/250 | Loss: 0.5312 | Val Acc: 66.49% | Peak VRAM: 3896.78 MB
Epoch 94/250 | Loss: 0.5306 | Val Acc: 68.13% | Peak VRAM: 3896.78 MB
Epoch 95/250 | Loss: 0.5304 | Val Acc: 66.72% | Peak VRAM: 3896.78 MB
Epoch 96/250 | Loss: 0.5205 | Val Acc: 65.44% | Peak VRAM: 3896.78 MB
Epoch 97/250 | Loss: 0.5241 | Val Acc: 67.74% | Peak VRAM: 3896.78 MB
Epoch 98/250 | Loss: 0.5264 | Val Acc: 66.74% | Peak VRAM: 3896.78 MB
Epoch 99/250 | Loss: 0.5261 | Val Acc: 66.45% | Peak VRAM: 3896.78 MB

[DEBUG] >>> PRUNING @ Epoch 100

[DEBUG] !!! PRUNING TRIGGERED !!! Epoch 100/250

============================== PDT Pruning Report: Epoch 100 ==============================
 [*] Pruned this step: 19586 units | VRAM: 4142.3MB -> 4142.3MB
 Group  1 |  242/ 256 |     5.5% | Hessian: 0.174045
 Group  2 |  242/ 256 |     5.5% | Hessian: 0.174045
 Group  3 |  242/ 256 |     5.5% | Hessian: 0.174045
 Group  4 |  492/ 512 |     3.9% | Hessian: 0.060935
 Group  5 |  492/ 512 |     3.9% | Hessian: 0.060935
 Group  6 |  492/ 512 |     3.9% | Hessian: 0.060935
 Group  7 |  492/ 512 |     3.9% | Hessian: 0.060935
 Group  8 |  492/ 512 |     3.9% | Hessian: 0.060935
 Group  9 |  492/ 512 |     3.9% | Hessian: 0.060935
 Group 10 |  492/ 512 |     3.9% | Hessian: 0.060935
 Group 11 |  492/ 512 |     3.9% | Hessian: 0.060935
 Group 12 |  357/1024 |    65.1% | Hessian: 0.010062
 Group 13 |  357/1024 |    65.1% | Hessian: 0.010062
 Group 14 |  357/1024 |    65.1% | Hessian: 0.010062
 Group 15 |  357/1024 |    65.1% | Hessian: 0.010062
 Group 16 |  357/1024 |    65.1% | Hessian: 0.010062
 Group 17 |  357/1024 |    65.1% | Hessian: 0.010062
 Group 18 |  357/1024 |    65.1% | Hessian: 0.010062
 Group 19 |  357/1024 |    65.1% | Hessian: 0.010062
 Group 20 |  357/1024 |    65.1% | Hessian: 0.010062
 Group 21 |  357/1024 |    65.1% | Hessian: 0.010062
 Group 22 |  357/1024 |    65.1% | Hessian: 0.010062
 Group 23 |  357/1024 |    65.1% | Hessian: 0.010062
 Group 24 |  357/1024 |    65.1% | Hessian: 0.010062
 Group 25 |  357/1024 |    65.1% | Hessian: 0.010062
 Group 26 |  357/1024 |    65.1% | Hessian: 0.010062
 Group 27 |  357/1024 |    65.1% | Hessian: 0.010062
 Group 28 |  357/1024 |    65.1% | Hessian: 0.010062
 Group 29 |  357/1024 |    65.1% | Hessian: 0.010062
 Group 30 |  357/1024 |    65.1% | Hessian: 0.010062
 Group 31 |  357/1024 |    65.1% | Hessian: 0.010062
 Group 32 |  357/1024 |    65.1% | Hessian: 0.010062
 Group 33 |  357/1024 |    65.1% | Hessian: 0.010062
 Group 34 |  357/1024 |    65.1% | Hessian: 0.010062
 Group 35 |  357/1024 |    65.1% | Hessian: 0.010062
 Group 36 |  357/1024 |    65.1% | Hessian: 0.010062
 Group 37 |  357/1024 |    65.1% | Hessian: 0.010062
 Group 38 |  357/1024 |    65.1% | Hessian: 0.010062
 Group 39 |  357/1024 |    65.1% | Hessian: 0.010062
 Group 40 |  357/1024 |    65.1% | Hessian: 0.010062
 Group 41 |  357/1024 |    65.1% | Hessian: 0.010062
 Group 42 |  357/1024 |    65.1% | Hessian: 0.010062
 Group 43 |  357/1024 |    65.1% | Hessian: 0.010062
 Group 44 |  357/1024 |    65.1% | Hessian: 0.010062
 Group 45 |  357/1024 |    65.1% | Hessian: 0.010062
 Group 46 |  357/1024 |    65.1% | Hessian: 0.010062
 Group 47 |  357/1024 |    65.1% | Hessian: 0.010062
 Group 48 | 1074/2048 |    47.6% | Hessian: 0.055670
 Group 49 | 1074/2048 |    47.6% | Hessian: 0.055670
 Group 50 | 1074/2048 |    47.6% | Hessian: 0.055670

[Scientific Metrics] 🟢 Size: 187.85MB | 🔵 Sparsity: 15.37% | 🟡 Speedup: 1.18x
=========================================================================================


[Scientific Metrics - Epoch 100]
 🟢 Model Size: 221.98 MB -> 187.85 MB
 🔵 Sparsity: 37.55 %
 🟡 Speedup: 1.18x
💾 Checkpoint saved: resnet152_pdt_ep100_sp37.55.pth
Epoch 100/250 | Loss: 0.6090 | Val Acc: 67.90% | Peak VRAM: 15872.24 MB
Epoch 101/250 | Loss: 0.5840 | Val Acc: 66.65% | Peak VRAM: 3895.78 MB
Epoch 102/250 | Loss: 0.5826 | Val Acc: 67.00% | Peak VRAM: 3895.78 MB
Epoch 103/250 | Loss: 0.5693 | Val Acc: 66.57% | Peak VRAM: 3895.78 MB
Epoch 104/250 | Loss: 0.5613 | Val Acc: 64.92% | Peak VRAM: 3895.78 MB
Epoch 105/250 | Loss: 0.5562 | Val Acc: 66.98% | Peak VRAM: 3895.78 MB
Epoch 106/250 | Loss: 0.5480 | Val Acc: 66.25% | Peak VRAM: 3895.78 MB
Epoch 107/250 | Loss: 0.5503 | Val Acc: 66.42% | Peak VRAM: 3895.78 MB
Epoch 108/250 | Loss: 0.5393 | Val Acc: 66.16% | Peak VRAM: 3895.78 MB
Epoch 109/250 | Loss: 0.5427 | Val Acc: 67.42% | Peak VRAM: 3895.78 MB
Epoch 110/250 | Loss: 0.5315 | Val Acc: 66.85% | Peak VRAM: 3895.78 MB
Epoch 111/250 | Loss: 0.5353 | Val Acc: 67.66% | Peak VRAM: 3895.78 MB
Epoch 112/250 | Loss: 0.5316 | Val Acc: 66.67% | Peak VRAM: 3895.78 MB
Epoch 113/250 | Loss: 0.5230 | Val Acc: 67.66% | Peak VRAM: 3895.78 MB
Epoch 114/250 | Loss: 0.5299 | Val Acc: 66.38% | Peak VRAM: 3895.78 MB

[DEBUG] >>> PRUNING @ Epoch 115

[DEBUG] !!! PRUNING TRIGGERED !!! Epoch 115/250

============================== PDT Pruning Report: Epoch 115 ==============================
 [*] Pruned this step: 14698 units | VRAM: 4141.8MB -> 4141.8MB
 Group  1 |  236/ 256 |     7.8% | Hessian: 0.094026
 Group  2 |  236/ 256 |     7.8% | Hessian: 0.094026
 Group  3 |  236/ 256 |     7.8% | Hessian: 0.094026
 Group  4 |  483/ 512 |     5.7% | Hessian: 0.052231
 Group  5 |  483/ 512 |     5.7% | Hessian: 0.052231
 Group  6 |  483/ 512 |     5.7% | Hessian: 0.052231
 Group  7 |  483/ 512 |     5.7% | Hessian: 0.052231
 Group  8 |  483/ 512 |     5.7% | Hessian: 0.052231
 Group  9 |  483/ 512 |     5.7% | Hessian: 0.052231
 Group 10 |  483/ 512 |     5.7% | Hessian: 0.052231
 Group 11 |  483/ 512 |     5.7% | Hessian: 0.052231
 Group 12 |  288/1024 |    71.9% | Hessian: 0.008831
 Group 13 |  288/1024 |    71.9% | Hessian: 0.008831
 Group 14 |  288/1024 |    71.9% | Hessian: 0.008831
 Group 15 |  288/1024 |    71.9% | Hessian: 0.008831
 Group 16 |  288/1024 |    71.9% | Hessian: 0.008831
 Group 17 |  288/1024 |    71.9% | Hessian: 0.008831
 Group 18 |  288/1024 |    71.9% | Hessian: 0.008831
 Group 19 |  288/1024 |    71.9% | Hessian: 0.008831
 Group 20 |  288/1024 |    71.9% | Hessian: 0.008831
 Group 21 |  288/1024 |    71.9% | Hessian: 0.008831
 Group 22 |  288/1024 |    71.9% | Hessian: 0.008831
 Group 23 |  288/1024 |    71.9% | Hessian: 0.008831
 Group 24 |  288/1024 |    71.9% | Hessian: 0.008831
 Group 25 |  288/1024 |    71.9% | Hessian: 0.008831
 Group 26 |  288/1024 |    71.9% | Hessian: 0.008831
 Group 27 |  288/1024 |    71.9% | Hessian: 0.008831
 Group 28 |  288/1024 |    71.9% | Hessian: 0.008831
 Group 29 |  288/1024 |    71.9% | Hessian: 0.008831
 Group 30 |  288/1024 |    71.9% | Hessian: 0.008831
 Group 31 |  288/1024 |    71.9% | Hessian: 0.008831
 Group 32 |  288/1024 |    71.9% | Hessian: 0.008831
 Group 33 |  288/1024 |    71.9% | Hessian: 0.008831
 Group 34 |  288/1024 |    71.9% | Hessian: 0.008831
 Group 35 |  288/1024 |    71.9% | Hessian: 0.008831
 Group 36 |  288/1024 |    71.9% | Hessian: 0.008831
 Group 37 |  288/1024 |    71.9% | Hessian: 0.008831
 Group 38 |  288/1024 |    71.9% | Hessian: 0.008831
 Group 39 |  288/1024 |    71.9% | Hessian: 0.008831
 Group 40 |  288/1024 |    71.9% | Hessian: 0.008831
 Group 41 |  288/1024 |    71.9% | Hessian: 0.008831
 Group 42 |  288/1024 |    71.9% | Hessian: 0.008831
 Group 43 |  288/1024 |    71.9% | Hessian: 0.008831
 Group 44 |  288/1024 |    71.9% | Hessian: 0.008831
 Group 45 |  288/1024 |    71.9% | Hessian: 0.008831
 Group 46 |  288/1024 |    71.9% | Hessian: 0.008831
 Group 47 |  288/1024 |    71.9% | Hessian: 0.008831
 Group 48 |  725/2048 |    64.6% | Hessian: 0.047112
 Group 49 |  725/2048 |    64.6% | Hessian: 0.047112
 Group 50 |  725/2048 |    64.6% | Hessian: 0.047112

[Scientific Metrics] 🟢 Size: 181.92MB | 🔵 Sparsity: 18.05% | 🟡 Speedup: 1.22x
=========================================================================================


[Scientific Metrics - Epoch 115]
 🟢 Model Size: 221.98 MB -> 181.92 MB
 🔵 Sparsity: 42.75 %
 🟡 Speedup: 1.22x
💾 Checkpoint saved: resnet152_pdt_ep115_sp42.75.pth
Epoch 115/250 | Loss: 0.6315 | Val Acc: 68.44% | Peak VRAM: 15871.24 MB
Epoch 116/250 | Loss: 0.5993 | Val Acc: 63.65% | Peak VRAM: 3895.78 MB
Epoch 117/250 | Loss: 0.5956 | Val Acc: 66.95% | Peak VRAM: 3895.78 MB
Epoch 118/250 | Loss: 0.5859 | Val Acc: 65.65% | Peak VRAM: 3895.78 MB
Epoch 119/250 | Loss: 0.5761 | Val Acc: 65.56% | Peak VRAM: 3895.78 MB
Epoch 120/250 | Loss: 0.5740 | Val Acc: 66.58% | Peak VRAM: 3895.78 MB
Epoch 121/250 | Loss: 0.5691 | Val Acc: 67.63% | Peak VRAM: 3895.78 MB
Epoch 122/250 | Loss: 0.5629 | Val Acc: 67.53% | Peak VRAM: 3895.78 MB
Epoch 123/250 | Loss: 0.5606 | Val Acc: 65.05% | Peak VRAM: 3895.78 MB
Epoch 124/250 | Loss: 0.5511 | Val Acc: 67.63% | Peak VRAM: 3895.78 MB
Epoch 125/250 | Loss: 0.5484 | Val Acc: 67.49% | Peak VRAM: 3895.78 MB
Epoch 126/250 | Loss: 0.5537 | Val Acc: 66.20% | Peak VRAM: 3895.78 MB
Epoch 127/250 | Loss: 0.5428 | Val Acc: 66.93% | Peak VRAM: 3895.78 MB
Epoch 128/250 | Loss: 0.5374 | Val Acc: 66.45% | Peak VRAM: 3895.78 MB
Epoch 129/250 | Loss: 0.5330 | Val Acc: 67.52% | Peak VRAM: 3895.78 MB

[DEBUG] >>> PRUNING @ Epoch 130

[DEBUG] !!! PRUNING TRIGGERED !!! Epoch 130/250

============================== PDT Pruning Report: Epoch 130 ==============================
 [*] Pruned this step: 14793 units | VRAM: 4144.6MB -> 4144.6MB
 Group  1 |  232/ 256 |     9.4% | Hessian: 0.144043
 Group  2 |  232/ 256 |     9.4% | Hessian: 0.144043
 Group  3 |  232/ 256 |     9.4% | Hessian: 0.144043
 Group  4 |  472/ 512 |     7.8% | Hessian: 0.059441
 Group  5 |  472/ 512 |     7.8% | Hessian: 0.059441
 Group  6 |  472/ 512 |     7.8% | Hessian: 0.059441
 Group  7 |  472/ 512 |     7.8% | Hessian: 0.059441
 Group  8 |  472/ 512 |     7.8% | Hessian: 0.059441
 Group  9 |  472/ 512 |     7.8% | Hessian: 0.059441
 Group 10 |  472/ 512 |     7.8% | Hessian: 0.059441
 Group 11 |  472/ 512 |     7.8% | Hessian: 0.059441
 Group 12 |  221/1024 |    78.4% | Hessian: 0.009884
 Group 13 |  221/1024 |    78.4% | Hessian: 0.009884
 Group 14 |  221/1024 |    78.4% | Hessian: 0.009884
 Group 15 |  221/1024 |    78.4% | Hessian: 0.009884
 Group 16 |  221/1024 |    78.4% | Hessian: 0.009884
 Group 17 |  221/1024 |    78.4% | Hessian: 0.009884
 Group 18 |  221/1024 |    78.4% | Hessian: 0.009884
 Group 19 |  221/1024 |    78.4% | Hessian: 0.009884
 Group 20 |  221/1024 |    78.4% | Hessian: 0.009884
 Group 21 |  221/1024 |    78.4% | Hessian: 0.009884
 Group 22 |  221/1024 |    78.4% | Hessian: 0.009884
 Group 23 |  221/1024 |    78.4% | Hessian: 0.009884
 Group 24 |  221/1024 |    78.4% | Hessian: 0.009884
 Group 25 |  221/1024 |    78.4% | Hessian: 0.009884
 Group 26 |  221/1024 |    78.4% | Hessian: 0.009884
 Group 27 |  221/1024 |    78.4% | Hessian: 0.009884
 Group 28 |  221/1024 |    78.4% | Hessian: 0.009884
 Group 29 |  221/1024 |    78.4% | Hessian: 0.009884
 Group 30 |  221/1024 |    78.4% | Hessian: 0.009884
 Group 31 |  221/1024 |    78.4% | Hessian: 0.009884
 Group 32 |  221/1024 |    78.4% | Hessian: 0.009884
 Group 33 |  221/1024 |    78.4% | Hessian: 0.009884
 Group 34 |  221/1024 |    78.4% | Hessian: 0.009884
 Group 35 |  221/1024 |    78.4% | Hessian: 0.009884
 Group 36 |  221/1024 |    78.4% | Hessian: 0.009884
 Group 37 |  221/1024 |    78.4% | Hessian: 0.009884
 Group 38 |  221/1024 |    78.4% | Hessian: 0.009884
 Group 39 |  221/1024 |    78.4% | Hessian: 0.009884
 Group 40 |  221/1024 |    78.4% | Hessian: 0.009884
 Group 41 |  221/1024 |    78.4% | Hessian: 0.009884
 Group 42 |  221/1024 |    78.4% | Hessian: 0.009884
 Group 43 |  221/1024 |    78.4% | Hessian: 0.009884
 Group 44 |  221/1024 |    78.4% | Hessian: 0.009884
 Group 45 |  221/1024 |    78.4% | Hessian: 0.009884
 Group 46 |  221/1024 |    78.4% | Hessian: 0.009884
 Group 47 |  221/1024 |    78.4% | Hessian: 0.009884
 Group 48 |  538/2048 |    73.7% | Hessian: 0.029569
 Group 49 |  538/2048 |    73.7% | Hessian: 0.029569
 Group 50 |  538/2048 |    73.7% | Hessian: 0.029569

[Scientific Metrics] 🟢 Size: 177.60MB | 🔵 Sparsity: 19.99% | 🟡 Speedup: 1.25x
=========================================================================================


[Scientific Metrics - Epoch 130]
 🟢 Model Size: 221.98 MB -> 177.60 MB
 🔵 Sparsity: 47.03 %
 🟡 Speedup: 1.25x
💾 Checkpoint saved: resnet152_pdt_ep130_sp47.03.pth
Epoch 130/250 | Loss: 0.6707 | Val Acc: 66.70% | Peak VRAM: 15875.49 MB
Epoch 131/250 | Loss: 0.6370 | Val Acc: 63.00% | Peak VRAM: 3895.78 MB
Epoch 132/250 | Loss: 0.6168 | Val Acc: 66.94% | Peak VRAM: 3895.78 MB
Epoch 133/250 | Loss: 0.6046 | Val Acc: 65.10% | Peak VRAM: 3895.78 MB
Epoch 134/250 | Loss: 0.5885 | Val Acc: 66.36% | Peak VRAM: 3895.78 MB
Epoch 135/250 | Loss: 0.5875 | Val Acc: 62.57% | Peak VRAM: 3895.78 MB
Epoch 136/250 | Loss: 0.5902 | Val Acc: 66.79% | Peak VRAM: 3895.78 MB
Epoch 137/250 | Loss: 0.5787 | Val Acc: 66.28% | Peak VRAM: 3895.78 MB
Epoch 138/250 | Loss: 0.5757 | Val Acc: 66.78% | Peak VRAM: 3895.78 MB
Epoch 139/250 | Loss: 0.5616 | Val Acc: 67.88% | Peak VRAM: 3895.78 MB
Epoch 140/250 | Loss: 0.5622 | Val Acc: 67.71% | Peak VRAM: 3895.78 MB
Epoch 141/250 | Loss: 0.5581 | Val Acc: 66.98% | Peak VRAM: 3895.78 MB
Epoch 142/250 | Loss: 0.5598 | Val Acc: 66.47% | Peak VRAM: 3895.78 MB
Epoch 143/250 | Loss: 0.5508 | Val Acc: 65.74% | Peak VRAM: 3895.78 MB
Epoch 144/250 | Loss: 0.5527 | Val Acc: 67.06% | Peak VRAM: 3895.78 MB

[DEBUG] >>> PRUNING @ Epoch 145

[DEBUG] !!! PRUNING TRIGGERED !!! Epoch 145/250

============================== PDT Pruning Report: Epoch 145 ==============================
 [*] Pruned this step: 16797 units | VRAM: 4144.6MB -> 4144.6MB
 Group  1 |  230/ 256 |    10.2% | Hessian: 0.134485
 Group  2 |  230/ 256 |    10.2% | Hessian: 0.134485
 Group  3 |  230/ 256 |    10.2% | Hessian: 0.134485
 Group  4 |  462/ 512 |     9.8% | Hessian: 0.035598
 Group  5 |  462/ 512 |     9.8% | Hessian: 0.035598
 Group  6 |  462/ 512 |     9.8% | Hessian: 0.035598
 Group  7 |  462/ 512 |     9.8% | Hessian: 0.035598
 Group  8 |  462/ 512 |     9.8% | Hessian: 0.035598
 Group  9 |  462/ 512 |     9.8% | Hessian: 0.035598
 Group 10 |  462/ 512 |     9.8% | Hessian: 0.035598
 Group 11 |  462/ 512 |     9.8% | Hessian: 0.035598
 Group 12 |  137/1024 |    86.6% | Hessian: 0.019887
 Group 13 |  137/1024 |    86.6% | Hessian: 0.019887
 Group 14 |  137/1024 |    86.6% | Hessian: 0.019887
 Group 15 |  137/1024 |    86.6% | Hessian: 0.019887
 Group 16 |  137/1024 |    86.6% | Hessian: 0.019887
 Group 17 |  137/1024 |    86.6% | Hessian: 0.019887
 Group 18 |  137/1024 |    86.6% | Hessian: 0.019887
 Group 19 |  137/1024 |    86.6% | Hessian: 0.019887
 Group 20 |  137/1024 |    86.6% | Hessian: 0.019887
 Group 21 |  137/1024 |    86.6% | Hessian: 0.019887
 Group 22 |  137/1024 |    86.6% | Hessian: 0.019887
 Group 23 |  137/1024 |    86.6% | Hessian: 0.019887
 Group 24 |  137/1024 |    86.6% | Hessian: 0.019887
 Group 25 |  137/1024 |    86.6% | Hessian: 0.019887
 Group 26 |  137/1024 |    86.6% | Hessian: 0.019887
 Group 27 |  137/1024 |    86.6% | Hessian: 0.019887
 Group 28 |  137/1024 |    86.6% | Hessian: 0.019887
 Group 29 |  137/1024 |    86.6% | Hessian: 0.019887
 Group 30 |  137/1024 |    86.6% | Hessian: 0.019887
 Group 31 |  137/1024 |    86.6% | Hessian: 0.019887
 Group 32 |  137/1024 |    86.6% | Hessian: 0.019887
 Group 33 |  137/1024 |    86.6% | Hessian: 0.019887
 Group 34 |  137/1024 |    86.6% | Hessian: 0.019887
 Group 35 |  137/1024 |    86.6% | Hessian: 0.019887
 Group 36 |  137/1024 |    86.6% | Hessian: 0.019887
 Group 37 |  137/1024 |    86.6% | Hessian: 0.019887
 Group 38 |  137/1024 |    86.6% | Hessian: 0.019887
 Group 39 |  137/1024 |    86.6% | Hessian: 0.019887
 Group 40 |  137/1024 |    86.6% | Hessian: 0.019887
 Group 41 |  137/1024 |    86.6% | Hessian: 0.019887
 Group 42 |  137/1024 |    86.6% | Hessian: 0.019887
 Group 43 |  137/1024 |    86.6% | Hessian: 0.019887
 Group 44 |  137/1024 |    86.6% | Hessian: 0.019887
 Group 45 |  137/1024 |    86.6% | Hessian: 0.019887
 Group 46 |  137/1024 |    86.6% | Hessian: 0.019887
 Group 47 |  137/1024 |    86.6% | Hessian: 0.019887
 Group 48 |  420/2048 |    79.5% | Hessian: 0.021853
 Group 49 |  420/2048 |    79.5% | Hessian: 0.021853
 Group 50 |  420/2048 |    79.5% | Hessian: 0.021853

[Scientific Metrics] 🟢 Size: 173.43MB | 🔵 Sparsity: 21.87% | 🟡 Speedup: 1.28x
=========================================================================================


[Scientific Metrics - Epoch 145]
 🟢 Model Size: 221.98 MB -> 173.43 MB
 🔵 Sparsity: 51.72 %
 🟡 Speedup: 1.28x
💾 Checkpoint saved: resnet152_pdt_ep145_sp51.72.pth
Epoch 145/250 | Loss: 0.7970 | Val Acc: 64.50% | Peak VRAM: 15875.49 MB
Epoch 146/250 | Loss: 0.7199 | Val Acc: 65.22% | Peak VRAM: 3895.78 MB
Epoch 147/250 | Loss: 0.6871 | Val Acc: 65.18% | Peak VRAM: 3895.78 MB
Epoch 148/250 | Loss: 0.6754 | Val Acc: 65.21% | Peak VRAM: 3895.78 MB
Epoch 149/250 | Loss: 0.6647 | Val Acc: 65.44% | Peak VRAM: 3895.78 MB
Epoch 150/250 | Loss: 0.6481 | Val Acc: 67.26% | Peak VRAM: 3895.78 MB
Epoch 151/250 | Loss: 0.6364 | Val Acc: 67.27% | Peak VRAM: 3895.78 MB
Epoch 152/250 | Loss: 0.6229 | Val Acc: 66.66% | Peak VRAM: 3895.78 MB
Epoch 153/250 | Loss: 0.6141 | Val Acc: 66.59% | Peak VRAM: 3895.78 MB
Epoch 154/250 | Loss: 0.6146 | Val Acc: 66.42% | Peak VRAM: 3895.78 MB
Epoch 155/250 | Loss: 0.6078 | Val Acc: 63.32% | Peak VRAM: 3895.78 MB
Epoch 156/250 | Loss: 0.5953 | Val Acc: 66.04% | Peak VRAM: 3895.78 MB
Epoch 157/250 | Loss: 0.5983 | Val Acc: 67.40% | Peak VRAM: 3895.78 MB
Epoch 158/250 | Loss: 0.5958 | Val Acc: 68.73% | Peak VRAM: 3895.78 MB
Epoch 159/250 | Loss: 0.5927 | Val Acc: 66.78% | Peak VRAM: 3895.78 MB

[DEBUG] >>> PRUNING @ Epoch 160

[DEBUG] !!! PRUNING TRIGGERED !!! Epoch 160/250

============================== PDT Pruning Report: Epoch 160 ==============================
 [*] Pruned this step: 10337 units | VRAM: 4144.6MB -> 4144.6MB
 Group  1 |  228/ 256 |    10.9% | Hessian: 0.126158
 Group  2 |  228/ 256 |    10.9% | Hessian: 0.126158
 Group  3 |  228/ 256 |    10.9% | Hessian: 0.126158
 Group  4 |  457/ 512 |    10.7% | Hessian: 0.102787
 Group  5 |  457/ 512 |    10.7% | Hessian: 0.102787
 Group  6 |  457/ 512 |    10.7% | Hessian: 0.102787
 Group  7 |  457/ 512 |    10.7% | Hessian: 0.102787
 Group  8 |  457/ 512 |    10.7% | Hessian: 0.102787
 Group  9 |  457/ 512 |    10.7% | Hessian: 0.102787
 Group 10 |  457/ 512 |    10.7% | Hessian: 0.102787
 Group 11 |  457/ 512 |    10.7% | Hessian: 0.102787
 Group 12 |   72/1024 |    93.0% | Hessian: 0.006258
 Group 13 |   72/1024 |    93.0% | Hessian: 0.006258
 Group 14 |   72/1024 |    93.0% | Hessian: 0.006258
 Group 15 |   72/1024 |    93.0% | Hessian: 0.006258
 Group 16 |   72/1024 |    93.0% | Hessian: 0.006258
 Group 17 |   72/1024 |    93.0% | Hessian: 0.006258
 Group 18 |   72/1024 |    93.0% | Hessian: 0.006258
 Group 19 |   72/1024 |    93.0% | Hessian: 0.006258
 Group 20 |   72/1024 |    93.0% | Hessian: 0.006258
 Group 21 |   72/1024 |    93.0% | Hessian: 0.006258
 Group 22 |   72/1024 |    93.0% | Hessian: 0.006258
 Group 23 |   72/1024 |    93.0% | Hessian: 0.006258
 Group 24 |   72/1024 |    93.0% | Hessian: 0.006258
 Group 25 |   72/1024 |    93.0% | Hessian: 0.006258
 Group 26 |   72/1024 |    93.0% | Hessian: 0.006258
 Group 27 |   72/1024 |    93.0% | Hessian: 0.006258
 Group 28 |   72/1024 |    93.0% | Hessian: 0.006258
 Group 29 |   72/1024 |    93.0% | Hessian: 0.006258
 Group 30 |   72/1024 |    93.0% | Hessian: 0.006258
 Group 31 |   72/1024 |    93.0% | Hessian: 0.006258
 Group 32 |   72/1024 |    93.0% | Hessian: 0.006258
 Group 33 |   72/1024 |    93.0% | Hessian: 0.006258
 Group 34 |   72/1024 |    93.0% | Hessian: 0.006258
 Group 35 |   72/1024 |    93.0% | Hessian: 0.006258
 Group 36 |   72/1024 |    93.0% | Hessian: 0.006258
 Group 37 |   72/1024 |    93.0% | Hessian: 0.006258
 Group 38 |   72/1024 |    93.0% | Hessian: 0.006258
 Group 39 |   72/1024 |    93.0% | Hessian: 0.006258
 Group 40 |   72/1024 |    93.0% | Hessian: 0.006258
 Group 41 |   72/1024 |    93.0% | Hessian: 0.006258
 Group 42 |   72/1024 |    93.0% | Hessian: 0.006258
 Group 43 |   72/1024 |    93.0% | Hessian: 0.006258
 Group 44 |   72/1024 |    93.0% | Hessian: 0.006258
 Group 45 |   72/1024 |    93.0% | Hessian: 0.006258
 Group 46 |   72/1024 |    93.0% | Hessian: 0.006258
 Group 47 |   72/1024 |    93.0% | Hessian: 0.006258
 Group 48 |   22/2048 |    98.9% | Hessian: 0.004666
 Group 49 |   22/2048 |    98.9% | Hessian: 0.004666
 Group 50 |   22/2048 |    98.9% | Hessian: 0.004666

[Scientific Metrics] 🟢 Size: 168.34MB | 🔵 Sparsity: 24.16% | 🟡 Speedup: 1.32x
=========================================================================================


[Scientific Metrics - Epoch 160]
 🟢 Model Size: 221.98 MB -> 168.34 MB
 🔵 Sparsity: 55.70 %
 🟡 Speedup: 1.32x
💾 Checkpoint saved: resnet152_pdt_ep160_sp55.70.pth
Epoch 160/250 | Loss: 1.5298 | Val Acc: 55.38% | Peak VRAM: 15875.49 MB
Epoch 161/250 | Loss: 1.1391 | Val Acc: 58.72% | Peak VRAM: 3895.78 MB
Epoch 162/250 | Loss: 1.0447 | Val Acc: 63.25% | Peak VRAM: 3895.78 MB
Epoch 163/250 | Loss: 0.9875 | Val Acc: 62.20% | Peak VRAM: 3895.78 MB
Epoch 164/250 | Loss: 0.9519 | Val Acc: 65.26% | Peak VRAM: 3895.78 MB
Epoch 165/250 | Loss: 0.9146 | Val Acc: 63.80% | Peak VRAM: 3895.78 MB
Epoch 166/250 | Loss: 0.8911 | Val Acc: 64.58% | Peak VRAM: 3895.78 MB
Epoch 167/250 | Loss: 0.8732 | Val Acc: 63.73% | Peak VRAM: 3895.78 MB
Epoch 168/250 | Loss: 0.8542 | Val Acc: 62.48% | Peak VRAM: 3895.78 MB
Epoch 169/250 | Loss: 0.8444 | Val Acc: 64.08% | Peak VRAM: 3895.78 MB
Epoch 170/250 | Loss: 0.8293 | Val Acc: 66.08% | Peak VRAM: 3895.78 MB
Epoch 171/250 | Loss: 0.8177 | Val Acc: 64.73% | Peak VRAM: 3895.78 MB
Epoch 172/250 | Loss: 0.8191 | Val Acc: 65.89% | Peak VRAM: 3895.78 MB
Epoch 173/250 | Loss: 0.7957 | Val Acc: 66.69% | Peak VRAM: 3895.78 MB
Epoch 174/250 | Loss: 0.7923 | Val Acc: 65.26% | Peak VRAM: 3895.78 MB

[DEBUG] >>> PRUNING @ Epoch 175

[DEBUG] !!! PRUNING TRIGGERED !!! Epoch 175/250

============================== PDT Pruning Report: Epoch 175 ==============================
 [*] Pruned this step: 10246 units | VRAM: 4144.6MB -> 4144.6MB
 Group  1 |  225/ 256 |    12.1% | Hessian: 0.158648
 Group  2 |  225/ 256 |    12.1% | Hessian: 0.158648
 Group  3 |  225/ 256 |    12.1% | Hessian: 0.158648
 Group  4 |  451/ 512 |    11.9% | Hessian: 0.062958
 Group  5 |  451/ 512 |    11.9% | Hessian: 0.062958
 Group  6 |  451/ 512 |    11.9% | Hessian: 0.062958
 Group  7 |  451/ 512 |    11.9% | Hessian: 0.062958
 Group  8 |  451/ 512 |    11.9% | Hessian: 0.062958
 Group  9 |  451/ 512 |    11.9% | Hessian: 0.062958
 Group 10 |  451/ 512 |    11.9% | Hessian: 0.062958
 Group 11 |  451/ 512 |    11.9% | Hessian: 0.062958
 Group 12 |    2/1024 |    99.8% | Hessian: 0.006794
 Group 13 |    2/1024 |    99.8% | Hessian: 0.006794
 Group 14 |    2/1024 |    99.8% | Hessian: 0.006794
 Group 15 |    2/1024 |    99.8% | Hessian: 0.006794
 Group 16 |    2/1024 |    99.8% | Hessian: 0.006794
 Group 17 |    2/1024 |    99.8% | Hessian: 0.006794
 Group 18 |    2/1024 |    99.8% | Hessian: 0.006794
 Group 19 |    2/1024 |    99.8% | Hessian: 0.006794
 Group 20 |    2/1024 |    99.8% | Hessian: 0.006794
 Group 21 |    2/1024 |    99.8% | Hessian: 0.006794
 Group 22 |    2/1024 |    99.8% | Hessian: 0.006794
 Group 23 |    2/1024 |    99.8% | Hessian: 0.006794
 Group 24 |    2/1024 |    99.8% | Hessian: 0.006794
 Group 25 |    2/1024 |    99.8% | Hessian: 0.006794
 Group 26 |    2/1024 |    99.8% | Hessian: 0.006794
 Group 27 |    2/1024 |    99.8% | Hessian: 0.006794
 Group 28 |    2/1024 |    99.8% | Hessian: 0.006794
 Group 29 |    2/1024 |    99.8% | Hessian: 0.006794
 Group 30 |    2/1024 |    99.8% | Hessian: 0.006794
 Group 31 |    2/1024 |    99.8% | Hessian: 0.006794
 Group 32 |    2/1024 |    99.8% | Hessian: 0.006794
 Group 33 |    2/1024 |    99.8% | Hessian: 0.006794
 Group 34 |    2/1024 |    99.8% | Hessian: 0.006794
 Group 35 |    2/1024 |    99.8% | Hessian: 0.006794
 Group 36 |    2/1024 |    99.8% | Hessian: 0.006794
 Group 37 |    2/1024 |    99.8% | Hessian: 0.006794
 Group 38 |    2/1024 |    99.8% | Hessian: 0.006794
 Group 39 |    2/1024 |    99.8% | Hessian: 0.006794
 Group 40 |    2/1024 |    99.8% | Hessian: 0.006794
 Group 41 |    2/1024 |    99.8% | Hessian: 0.006794
 Group 42 |    2/1024 |    99.8% | Hessian: 0.006794
 Group 43 |    2/1024 |    99.8% | Hessian: 0.006794
 Group 44 |    2/1024 |    99.8% | Hessian: 0.006794
 Group 45 |    2/1024 |    99.8% | Hessian: 0.006794
 Group 46 |    2/1024 |    99.8% | Hessian: 0.006794
 Group 47 |    2/1024 |    99.8% | Hessian: 0.006794
 Group 48 |    0/2048 |   100.0% | Hessian: 0.010833
 Group 49 |    0/2048 |   100.0% | Hessian: 0.010833
 Group 50 |    0/2048 |   100.0% | Hessian: 0.010833

[Scientific Metrics] 🟢 Size: 166.35MB | 🔵 Sparsity: 25.06% | 🟡 Speedup: 1.33x
=========================================================================================


[Scientific Metrics - Epoch 175]
 🟢 Model Size: 221.98 MB -> 166.35 MB
 🔵 Sparsity: 58.16 %
 🟡 Speedup: 1.33x
💾 Checkpoint saved: resnet152_pdt_ep175_sp58.16.pth
Epoch 175/250 | Loss: 4.6275 | Val Acc: 1.00% | Peak VRAM: 15875.49 MB
Epoch 176/250 | Loss: 4.6117 | Val Acc: 1.00% | Peak VRAM: 3895.78 MB
Epoch 177/250 | Loss: 4.6108 | Val Acc: 1.00% | Peak VRAM: 3895.78 MB
Epoch 178/250 | Loss: 4.6099 | Val Acc: 1.00% | Peak VRAM: 3895.78 MB
Epoch 179/250 | Loss: 4.6098 | Val Acc: 1.00% | Peak VRAM: 3895.78 MB
Epoch 180/250 | Loss: 4.6098 | Val Acc: 1.00% | Peak VRAM: 3895.78 MB
Epoch 181/250 | Loss: 4.6097 | Val Acc: 1.00% | Peak VRAM: 3895.78 MB
Epoch 182/250 | Loss: 4.6099 | Val Acc: 1.00% | Peak VRAM: 3895.78 MB
Epoch 183/250 | Loss: 4.6099 | Val Acc: 1.00% | Peak VRAM: 3895.78 MB
Epoch 184/250 | Loss: 4.6096 | Val Acc: 1.00% | Peak VRAM: 3895.78 MB
Epoch 185/250 | Loss: 4.6096 | Val Acc: 1.00% | Peak VRAM: 3895.78 MB
Epoch 186/250 | Loss: 4.6100 | Val Acc: 1.00% | Peak VRAM: 3895.78 MB
Epoch 187/250 | Loss: 4.6103 | Val Acc: 1.00% | Peak VRAM: 3895.78 MB
Epoch 188/250 | Loss: 4.6098 | Val Acc: 1.00% | Peak VRAM: 3895.78 MB
Epoch 189/250 | Loss: 4.6099 | Val Acc: 1.00% | Peak VRAM: 3895.78 MB

[DEBUG] >>> PRUNING @ Epoch 190

[DEBUG] !!! PRUNING TRIGGERED !!! Epoch 190/250

============================== PDT Pruning Report: Epoch 190 ==============================
 [*] Pruned this step: 5853 units | VRAM: 4144.6MB -> 4144.6MB
 Group  1 |  220/ 256 |    14.1% | Hessian: 0.000392
 Group  2 |  220/ 256 |    14.1% | Hessian: 0.000392
 Group  3 |  220/ 256 |    14.1% | Hessian: 0.000392
 Group  4 |  245/ 512 |    52.1% | Hessian: 0.000134
 Group  5 |  245/ 512 |    52.1% | Hessian: 0.000134
 Group  6 |  245/ 512 |    52.1% | Hessian: 0.000134
 Group  7 |  245/ 512 |    52.1% | Hessian: 0.000134
 Group  8 |  245/ 512 |    52.1% | Hessian: 0.000134
 Group  9 |  245/ 512 |    52.1% | Hessian: 0.000134
 Group 10 |  245/ 512 |    52.1% | Hessian: 0.000134
 Group 11 |  245/ 512 |    52.1% | Hessian: 0.000134
 Group 12 |    2/1024 |    99.8% | Hessian: 0.014204
 Group 13 |    2/1024 |    99.8% | Hessian: 0.014204
 Group 14 |    2/1024 |    99.8% | Hessian: 0.014204
 Group 15 |    2/1024 |    99.8% | Hessian: 0.014204
 Group 16 |    2/1024 |    99.8% | Hessian: 0.014204
 Group 17 |    2/1024 |    99.8% | Hessian: 0.014204
 Group 18 |    2/1024 |    99.8% | Hessian: 0.014204
 Group 19 |    2/1024 |    99.8% | Hessian: 0.014204
 Group 20 |    2/1024 |    99.8% | Hessian: 0.014204
 Group 21 |    2/1024 |    99.8% | Hessian: 0.014204
 Group 22 |    2/1024 |    99.8% | Hessian: 0.014204
 Group 23 |    2/1024 |    99.8% | Hessian: 0.014204
 Group 24 |    2/1024 |    99.8% | Hessian: 0.014204
 Group 25 |    2/1024 |    99.8% | Hessian: 0.014204
 Group 26 |    2/1024 |    99.8% | Hessian: 0.014204
 Group 27 |    2/1024 |    99.8% | Hessian: 0.014204
 Group 28 |    2/1024 |    99.8% | Hessian: 0.014204
 Group 29 |    2/1024 |    99.8% | Hessian: 0.014204
 Group 30 |    2/1024 |    99.8% | Hessian: 0.014204
 Group 31 |    2/1024 |    99.8% | Hessian: 0.014204
 Group 32 |    2/1024 |    99.8% | Hessian: 0.014204
 Group 33 |    2/1024 |    99.8% | Hessian: 0.014204
 Group 34 |    2/1024 |    99.8% | Hessian: 0.014204
 Group 35 |    2/1024 |    99.8% | Hessian: 0.014204
 Group 36 |    2/1024 |    99.8% | Hessian: 0.014204
 Group 37 |    2/1024 |    99.8% | Hessian: 0.014204
 Group 38 |    2/1024 |    99.8% | Hessian: 0.014204
 Group 39 |    2/1024 |    99.8% | Hessian: 0.014204
 Group 40 |    2/1024 |    99.8% | Hessian: 0.014204
 Group 41 |    2/1024 |    99.8% | Hessian: 0.014204
 Group 42 |    2/1024 |    99.8% | Hessian: 0.014204
 Group 43 |    2/1024 |    99.8% | Hessian: 0.014204
 Group 44 |    2/1024 |    99.8% | Hessian: 0.014204
 Group 45 |    2/1024 |    99.8% | Hessian: 0.014204
 Group 46 |    2/1024 |    99.8% | Hessian: 0.014204
 Group 47 |    2/1024 |    99.8% | Hessian: 0.014204
 Group 48 |    0/2048 |   100.0% | Hessian: 0.002394
 Group 49 |    0/2048 |   100.0% | Hessian: 0.002394
 Group 50 |    0/2048 |   100.0% | Hessian: 0.002394

[Scientific Metrics] 🟢 Size: 165.36MB | 🔵 Sparsity: 25.50% | 🟡 Speedup: 1.34x
=========================================================================================


[Scientific Metrics - Epoch 190]
 🟢 Model Size: 221.98 MB -> 165.36 MB
 🔵 Sparsity: 60.56 %
 🟡 Speedup: 1.34x
💾 Checkpoint saved: resnet152_pdt_ep190_sp60.56.pth
Epoch 190/250 | Loss: 4.6099 | Val Acc: 1.00% | Peak VRAM: 15875.49 MB
Epoch 191/250 | Loss: 4.6103 | Val Acc: 1.00% | Peak VRAM: 3895.78 MB
Epoch 192/250 | Loss: 4.6099 | Val Acc: 1.00% | Peak VRAM: 3895.78 MB
Epoch 193/250 | Loss: 4.6099 | Val Acc: 1.00% | Peak VRAM: 3895.78 MB
Epoch 194/250 | Loss: 4.6101 | Val Acc: 1.00% | Peak VRAM: 3895.78 MB
Epoch 195/250 | Loss: 4.6101 | Val Acc: 1.00% | Peak VRAM: 3895.78 MB
Epoch 196/250 | Loss: 4.6099 | Val Acc: 1.00% | Peak VRAM: 3895.78 MB
Epoch 197/250 | Loss: 4.6097 | Val Acc: 1.00% | Peak VRAM: 3895.78 MB
Epoch 198/250 | Loss: 4.6096 | Val Acc: 1.00% | Peak VRAM: 3895.78 MB
Epoch 199/250 | Loss: 4.6101 | Val Acc: 1.00% | Peak VRAM: 3895.78 MB
Epoch 200/250 | Loss: 4.6098 | Val Acc: 1.00% | Peak VRAM: 3895.78 MB
Epoch 201/250 | Loss: 4.6102 | Val Acc: 1.00% | Peak VRAM: 3895.78 MB
Epoch 202/250 | Loss: 4.6098 | Val Acc: 1.00% | Peak VRAM: 3895.78 MB
Epoch 203/250 | Loss: 4.6103 | Val Acc: 1.00% | Peak VRAM: 3895.78 MB
Epoch 204/250 | Loss: 4.6096 | Val Acc: 1.00% | Peak VRAM: 3895.78 MB

[DEBUG] >>> PRUNING @ Epoch 205

[DEBUG] !!! PRUNING TRIGGERED !!! Epoch 205/250

============================== PDT Pruning Report: Epoch 205 ==============================
 [*] Pruned this step: 13052 units | VRAM: 4144.6MB -> 4144.6MB
 Group  1 |    0/ 256 |   100.0% | Hessian: 0.000000
 Group  2 |    0/ 256 |   100.0% | Hessian: 0.000000
 Group  3 |    0/ 256 |   100.0% | Hessian: 0.000000
 Group  4 |    0/ 512 |   100.0% | Hessian: 0.000000
 Group  5 |    0/ 512 |   100.0% | Hessian: 0.000000
 Group  6 |    0/ 512 |   100.0% | Hessian: 0.000000
 Group  7 |    0/ 512 |   100.0% | Hessian: 0.000000
 Group  8 |    0/ 512 |   100.0% | Hessian: 0.000000
 Group  9 |    0/ 512 |   100.0% | Hessian: 0.000000
 Group 10 |    0/ 512 |   100.0% | Hessian: 0.000000
 Group 11 |    0/ 512 |   100.0% | Hessian: 0.000000
 Group 12 |    0/1024 |   100.0% | Hessian: 0.000000
 Group 13 |    0/1024 |   100.0% | Hessian: 0.000000
 Group 14 |    0/1024 |   100.0% | Hessian: 0.000000
 Group 15 |    0/1024 |   100.0% | Hessian: 0.000000
 Group 16 |    0/1024 |   100.0% | Hessian: 0.000000
 Group 17 |    0/1024 |   100.0% | Hessian: 0.000000
 Group 18 |    0/1024 |   100.0% | Hessian: 0.000000
 Group 19 |    0/1024 |   100.0% | Hessian: 0.000000
 Group 20 |    0/1024 |   100.0% | Hessian: 0.000000
 Group 21 |    0/1024 |   100.0% | Hessian: 0.000000
 Group 22 |    0/1024 |   100.0% | Hessian: 0.000000
 Group 23 |    0/1024 |   100.0% | Hessian: 0.000000
 Group 24 |    0/1024 |   100.0% | Hessian: 0.000000
 Group 25 |    0/1024 |   100.0% | Hessian: 0.000000
 Group 26 |    0/1024 |   100.0% | Hessian: 0.000000
 Group 27 |    0/1024 |   100.0% | Hessian: 0.000000
 Group 28 |    0/1024 |   100.0% | Hessian: 0.000000
 Group 29 |    0/1024 |   100.0% | Hessian: 0.000000
 Group 30 |    0/1024 |   100.0% | Hessian: 0.000000
 Group 31 |    0/1024 |   100.0% | Hessian: 0.000000
 Group 32 |    0/1024 |   100.0% | Hessian: 0.000000
 Group 33 |    0/1024 |   100.0% | Hessian: 0.000000
 Group 34 |    0/1024 |   100.0% | Hessian: 0.000000
 Group 35 |    0/1024 |   100.0% | Hessian: 0.000000
 Group 36 |    0/1024 |   100.0% | Hessian: 0.000000
 Group 37 |    0/1024 |   100.0% | Hessian: 0.000000
 Group 38 |    0/1024 |   100.0% | Hessian: 0.000000
 Group 39 |    0/1024 |   100.0% | Hessian: 0.000000
 Group 40 |    0/1024 |   100.0% | Hessian: 0.000000
 Group 41 |    0/1024 |   100.0% | Hessian: 0.000000
 Group 42 |    0/1024 |   100.0% | Hessian: 0.000000
 Group 43 |    0/1024 |   100.0% | Hessian: 0.000000
 Group 44 |    0/1024 |   100.0% | Hessian: 0.000000
 Group 45 |    0/1024 |   100.0% | Hessian: 0.000000
 Group 46 |    0/1024 |   100.0% | Hessian: 0.000000
 Group 47 |    0/1024 |   100.0% | Hessian: 0.000000
 Group 48 |    0/2048 |   100.0% | Hessian: 0.000000
 Group 49 |    0/2048 |   100.0% | Hessian: 0.000000
 Group 50 |    0/2048 |   100.0% | Hessian: 0.000000

[Scientific Metrics] 🟢 Size: 163.91MB | 🔵 Sparsity: 26.16% | 🟡 Speedup: 1.35x
=========================================================================================


[Scientific Metrics - Epoch 205]
 🟢 Model Size: 221.98 MB -> 163.91 MB
 🔵 Sparsity: 64.64 %
 🟡 Speedup: 1.35x
💾 Checkpoint saved: resnet152_pdt_ep205_sp64.64.pth
Epoch 205/250 | Loss: 4.6101 | Val Acc: 1.00% | Peak VRAM: 15814.74 MB
Epoch 206/250 | Loss: 4.6099 | Val Acc: 1.00% | Peak VRAM: 3895.78 MB
Epoch 207/250 | Loss: 4.6100 | Val Acc: 1.00% | Peak VRAM: 3895.78 MB
Epoch 208/250 | Loss: 4.6103 | Val Acc: 1.00% | Peak VRAM: 3895.78 MB
Epoch 209/250 | Loss: 4.6098 | Val Acc: 1.00% | Peak VRAM: 3895.78 MB
Epoch 210/250 | Loss: 4.6098 | Val Acc: 1.00% | Peak VRAM: 3895.78 MB
Epoch 211/250 | Loss: 4.6099 | Val Acc: 1.00% | Peak VRAM: 3895.78 MB
Epoch 212/250 | Loss: 4.6098 | Val Acc: 1.00% | Peak VRAM: 3895.78 MB
Epoch 213/250 | Loss: 4.6099 | Val Acc: 1.00% | Peak VRAM: 3895.78 MB
Epoch 214/250 | Loss: 4.6098 | Val Acc: 1.00% | Peak VRAM: 3895.78 MB
Epoch 215/250 | Loss: 4.6098 | Val Acc: 1.00% | Peak VRAM: 3895.78 MB
Epoch 216/250 | Loss: 4.6095 | Val Acc: 1.00% | Peak VRAM: 3895.78 MB
Epoch 217/250 | Loss: 4.6096 | Val Acc: 1.00% | Peak VRAM: 3895.78 MB
Epoch 218/250 | Loss: 4.6094 | Val Acc: 1.00% | Peak VRAM: 3895.78 MB
Epoch 219/250 | Loss: 4.6097 | Val Acc: 1.00% | Peak VRAM: 3895.78 MB

[DEBUG] >>> PRUNING @ Epoch 220

[DEBUG] !!! PRUNING TRIGGERED !!! Epoch 220/250

============================== PDT Pruning Report: Epoch 220 ==============================
 [*] Pruned this step: 0 units | VRAM: 4144.6MB -> 4144.6MB
 Group  1 |    0/ 256 |   100.0% | Hessian: 0.000000
 Group  2 |    0/ 256 |   100.0% | Hessian: 0.000000
 Group  3 |    0/ 256 |   100.0% | Hessian: 0.000000
 Group  4 |    0/ 512 |   100.0% | Hessian: 0.000000
 Group  5 |    0/ 512 |   100.0% | Hessian: 0.000000
 Group  6 |    0/ 512 |   100.0% | Hessian: 0.000000
 Group  7 |    0/ 512 |   100.0% | Hessian: 0.000000
 Group  8 |    0/ 512 |   100.0% | Hessian: 0.000000
 Group  9 |    0/ 512 |   100.0% | Hessian: 0.000000
 Group 10 |    0/ 512 |   100.0% | Hessian: 0.000000
 Group 11 |    0/ 512 |   100.0% | Hessian: 0.000000
 Group 12 |    0/1024 |   100.0% | Hessian: 0.000000
 Group 13 |    0/1024 |   100.0% | Hessian: 0.000000
 Group 14 |    0/1024 |   100.0% | Hessian: 0.000000
 Group 15 |    0/1024 |   100.0% | Hessian: 0.000000
 Group 16 |    0/1024 |   100.0% | Hessian: 0.000000
 Group 17 |    0/1024 |   100.0% | Hessian: 0.000000
 Group 18 |    0/1024 |   100.0% | Hessian: 0.000000
 Group 19 |    0/1024 |   100.0% | Hessian: 0.000000
 Group 20 |    0/1024 |   100.0% | Hessian: 0.000000
 Group 21 |    0/1024 |   100.0% | Hessian: 0.000000
 Group 22 |    0/1024 |   100.0% | Hessian: 0.000000
 Group 23 |    0/1024 |   100.0% | Hessian: 0.000000
 Group 24 |    0/1024 |   100.0% | Hessian: 0.000000
 Group 25 |    0/1024 |   100.0% | Hessian: 0.000000
 Group 26 |    0/1024 |   100.0% | Hessian: 0.000000
 Group 27 |    0/1024 |   100.0% | Hessian: 0.000000
 Group 28 |    0/1024 |   100.0% | Hessian: 0.000000
 Group 29 |    0/1024 |   100.0% | Hessian: 0.000000
 Group 30 |    0/1024 |   100.0% | Hessian: 0.000000
 Group 31 |    0/1024 |   100.0% | Hessian: 0.000000
 Group 32 |    0/1024 |   100.0% | Hessian: 0.000000
 Group 33 |    0/1024 |   100.0% | Hessian: 0.000000
 Group 34 |    0/1024 |   100.0% | Hessian: 0.000000
 Group 35 |    0/1024 |   100.0% | Hessian: 0.000000
 Group 36 |    0/1024 |   100.0% | Hessian: 0.000000
 Group 37 |    0/1024 |   100.0% | Hessian: 0.000000
 Group 38 |    0/1024 |   100.0% | Hessian: 0.000000
 Group 39 |    0/1024 |   100.0% | Hessian: 0.000000
 Group 40 |    0/1024 |   100.0% | Hessian: 0.000000
 Group 41 |    0/1024 |   100.0% | Hessian: 0.000000
 Group 42 |    0/1024 |   100.0% | Hessian: 0.000000
 Group 43 |    0/1024 |   100.0% | Hessian: 0.000000
 Group 44 |    0/1024 |   100.0% | Hessian: 0.000000
 Group 45 |    0/1024 |   100.0% | Hessian: 0.000000
 Group 46 |    0/1024 |   100.0% | Hessian: 0.000000
 Group 47 |    0/1024 |   100.0% | Hessian: 0.000000
 Group 48 |    0/2048 |   100.0% | Hessian: 0.000000
 Group 49 |    0/2048 |   100.0% | Hessian: 0.000000
 Group 50 |    0/2048 |   100.0% | Hessian: 0.000000

[Scientific Metrics] 🟢 Size: 163.91MB | 🔵 Sparsity: 26.16% | 🟡 Speedup: 1.35x
=========================================================================================


[Scientific Metrics - Epoch 220]
 🟢 Model Size: 221.98 MB -> 163.91 MB
 🔵 Sparsity: 64.64 %
 🟡 Speedup: 1.35x
💾 Checkpoint saved: resnet152_pdt_ep220_sp64.64.pth
Epoch 220/250 | Loss: 4.6100 | Val Acc: 1.00% | Peak VRAM: 15814.74 MB
Epoch 221/250 | Loss: 4.6098 | Val Acc: 1.00% | Peak VRAM: 3895.78 MB
Epoch 222/250 | Loss: 4.6101 | Val Acc: 1.00% | Peak VRAM: 3895.78 MB
Epoch 223/250 | Loss: 4.6096 | Val Acc: 1.00% | Peak VRAM: 3895.78 MB
Epoch 224/250 | Loss: 4.6099 | Val Acc: 1.00% | Peak VRAM: 3895.78 MB
Epoch 225/250 | Loss: 4.6100 | Val Acc: 1.00% | Peak VRAM: 3895.78 MB
Epoch 226/250 | Loss: 4.6101 | Val Acc: 1.00% | Peak VRAM: 3895.78 MB
Epoch 227/250 | Loss: 4.6096 | Val Acc: 1.00% | Peak VRAM: 3895.78 MB
Epoch 228/250 | Loss: 4.6096 | Val Acc: 1.00% | Peak VRAM: 3895.78 MB
Epoch 229/250 | Loss: 4.6097 | Val Acc: 1.00% | Peak VRAM: 3895.78 MB
Epoch 230/250 | Loss: 4.6100 | Val Acc: 1.00% | Peak VRAM: 3895.78 MB
Epoch 231/250 | Loss: 4.6098 | Val Acc: 1.00% | Peak VRAM: 3895.78 MB
Epoch 232/250 | Loss: 4.6100 | Val Acc: 1.00% | Peak VRAM: 3895.78 MB
Epoch 233/250 | Loss: 4.6099 | Val Acc: 1.00% | Peak VRAM: 3895.78 MB
Epoch 234/250 | Loss: 4.6097 | Val Acc: 1.00% | Peak VRAM: 3895.78 MB

[DEBUG] >>> PRUNING @ Epoch 235

[DEBUG] !!! PRUNING TRIGGERED !!! Epoch 235/250

============================== PDT Pruning Report: Epoch 235 ==============================
 [*] Pruned this step: 0 units | VRAM: 4144.6MB -> 4144.6MB
 Group  1 |    0/ 256 |   100.0% | Hessian: 0.000000
 Group  2 |    0/ 256 |   100.0% | Hessian: 0.000000
 Group  3 |    0/ 256 |   100.0% | Hessian: 0.000000
 Group  4 |    0/ 512 |   100.0% | Hessian: 0.000000
 Group  5 |    0/ 512 |   100.0% | Hessian: 0.000000
 Group  6 |    0/ 512 |   100.0% | Hessian: 0.000000
 Group  7 |    0/ 512 |   100.0% | Hessian: 0.000000
 Group  8 |    0/ 512 |   100.0% | Hessian: 0.000000
 Group  9 |    0/ 512 |   100.0% | Hessian: 0.000000
 Group 10 |    0/ 512 |   100.0% | Hessian: 0.000000
 Group 11 |    0/ 512 |   100.0% | Hessian: 0.000000
 Group 12 |    0/1024 |   100.0% | Hessian: 0.000000
 Group 13 |    0/1024 |   100.0% | Hessian: 0.000000
 Group 14 |    0/1024 |   100.0% | Hessian: 0.000000
 Group 15 |    0/1024 |   100.0% | Hessian: 0.000000
 Group 16 |    0/1024 |   100.0% | Hessian: 0.000000
 Group 17 |    0/1024 |   100.0% | Hessian: 0.000000
 Group 18 |    0/1024 |   100.0% | Hessian: 0.000000
 Group 19 |    0/1024 |   100.0% | Hessian: 0.000000
 Group 20 |    0/1024 |   100.0% | Hessian: 0.000000
 Group 21 |    0/1024 |   100.0% | Hessian: 0.000000
 Group 22 |    0/1024 |   100.0% | Hessian: 0.000000
 Group 23 |    0/1024 |   100.0% | Hessian: 0.000000
 Group 24 |    0/1024 |   100.0% | Hessian: 0.000000
 Group 25 |    0/1024 |   100.0% | Hessian: 0.000000
 Group 26 |    0/1024 |   100.0% | Hessian: 0.000000
 Group 27 |    0/1024 |   100.0% | Hessian: 0.000000
 Group 28 |    0/1024 |   100.0% | Hessian: 0.000000
 Group 29 |    0/1024 |   100.0% | Hessian: 0.000000
 Group 30 |    0/1024 |   100.0% | Hessian: 0.000000
 Group 31 |    0/1024 |   100.0% | Hessian: 0.000000
 Group 32 |    0/1024 |   100.0% | Hessian: 0.000000
 Group 33 |    0/1024 |   100.0% | Hessian: 0.000000
 Group 34 |    0/1024 |   100.0% | Hessian: 0.000000
 Group 35 |    0/1024 |   100.0% | Hessian: 0.000000
 Group 36 |    0/1024 |   100.0% | Hessian: 0.000000
 Group 37 |    0/1024 |   100.0% | Hessian: 0.000000
 Group 38 |    0/1024 |   100.0% | Hessian: 0.000000
 Group 39 |    0/1024 |   100.0% | Hessian: 0.000000
 Group 40 |    0/1024 |   100.0% | Hessian: 0.000000
 Group 41 |    0/1024 |   100.0% | Hessian: 0.000000
 Group 42 |    0/1024 |   100.0% | Hessian: 0.000000
 Group 43 |    0/1024 |   100.0% | Hessian: 0.000000
 Group 44 |    0/1024 |   100.0% | Hessian: 0.000000
 Group 45 |    0/1024 |   100.0% | Hessian: 0.000000
 Group 46 |    0/1024 |   100.0% | Hessian: 0.000000
 Group 47 |    0/1024 |   100.0% | Hessian: 0.000000
 Group 48 |    0/2048 |   100.0% | Hessian: 0.000000
 Group 49 |    0/2048 |   100.0% | Hessian: 0.000000
 Group 50 |    0/2048 |   100.0% | Hessian: 0.000000

[Scientific Metrics] 🟢 Size: 163.91MB | 🔵 Sparsity: 26.16% | 🟡 Speedup: 1.35x
=========================================================================================


[Scientific Metrics - Epoch 235]
 🟢 Model Size: 221.98 MB -> 163.91 MB
 🔵 Sparsity: 64.64 %
 🟡 Speedup: 1.35x
💾 Checkpoint saved: resnet152_pdt_ep235_sp64.64.pth
Epoch 235/250 | Loss: 4.6098 | Val Acc: 1.00% | Peak VRAM: 15814.74 MB
Epoch 236/250 | Loss: 4.6098 | Val Acc: 1.00% | Peak VRAM: 3895.78 MB
Epoch 237/250 | Loss: 4.6100 | Val Acc: 1.00% | Peak VRAM: 3895.78 MB
Epoch 238/250 | Loss: 4.6098 | Val Acc: 1.00% | Peak VRAM: 3895.78 MB
Epoch 239/250 | Loss: 4.6101 | Val Acc: 1.00% | Peak VRAM: 3895.78 MB
Epoch 240/250 | Loss: 4.6098 | Val Acc: 1.00% | Peak VRAM: 3895.78 MB
Epoch 241/250 | Loss: 4.6098 | Val Acc: 1.00% | Peak VRAM: 3895.78 MB
Epoch 242/250 | Loss: 4.6099 | Val Acc: 1.00% | Peak VRAM: 3895.78 MB
Epoch 243/250 | Loss: 4.6100 | Val Acc: 1.00% | Peak VRAM: 3895.78 MB
Epoch 244/250 | Loss: 4.6098 | Val Acc: 1.00% | Peak VRAM: 3895.78 MB
Epoch 245/250 | Loss: 4.6100 | Val Acc: 1.00% | Peak VRAM: 3895.78 MB
Epoch 246/250 | Loss: 4.6099 | Val Acc: 1.00% | Peak VRAM: 3895.78 MB
Epoch 247/250 | Loss: 4.6099 | Val Acc: 1.00% | Peak VRAM: 3895.78 MB
Epoch 248/250 | Loss: 4.6097 | Val Acc: 1.00% | Peak VRAM: 3895.78 MB
Epoch 249/250 | Loss: 4.6099 | Val Acc: 1.00% | Peak VRAM: 3895.78 MB

[DEBUG] >>> PRUNING @ Epoch 250

[DEBUG] !!! PRUNING TRIGGERED !!! Epoch 250/250

============================== PDT Pruning Report: Epoch 250 ==============================
 [*] Pruned this step: 0 units | VRAM: 4144.6MB -> 4144.6MB
 Group  1 |    0/ 256 |   100.0% | Hessian: 0.000000
 Group  2 |    0/ 256 |   100.0% | Hessian: 0.000000
 Group  3 |    0/ 256 |   100.0% | Hessian: 0.000000
 Group  4 |    0/ 512 |   100.0% | Hessian: 0.000000
 Group  5 |    0/ 512 |   100.0% | Hessian: 0.000000
 Group  6 |    0/ 512 |   100.0% | Hessian: 0.000000
 Group  7 |    0/ 512 |   100.0% | Hessian: 0.000000
 Group  8 |    0/ 512 |   100.0% | Hessian: 0.000000
 Group  9 |    0/ 512 |   100.0% | Hessian: 0.000000
 Group 10 |    0/ 512 |   100.0% | Hessian: 0.000000
 Group 11 |    0/ 512 |   100.0% | Hessian: 0.000000
 Group 12 |    0/1024 |   100.0% | Hessian: 0.000000
 Group 13 |    0/1024 |   100.0% | Hessian: 0.000000
 Group 14 |    0/1024 |   100.0% | Hessian: 0.000000
 Group 15 |    0/1024 |   100.0% | Hessian: 0.000000
 Group 16 |    0/1024 |   100.0% | Hessian: 0.000000
 Group 17 |    0/1024 |   100.0% | Hessian: 0.000000
 Group 18 |    0/1024 |   100.0% | Hessian: 0.000000
 Group 19 |    0/1024 |   100.0% | Hessian: 0.000000
 Group 20 |    0/1024 |   100.0% | Hessian: 0.000000
 Group 21 |    0/1024 |   100.0% | Hessian: 0.000000
 Group 22 |    0/1024 |   100.0% | Hessian: 0.000000
 Group 23 |    0/1024 |   100.0% | Hessian: 0.000000
 Group 24 |    0/1024 |   100.0% | Hessian: 0.000000
 Group 25 |    0/1024 |   100.0% | Hessian: 0.000000
 Group 26 |    0/1024 |   100.0% | Hessian: 0.000000
 Group 27 |    0/1024 |   100.0% | Hessian: 0.000000
 Group 28 |    0/1024 |   100.0% | Hessian: 0.000000
 Group 29 |    0/1024 |   100.0% | Hessian: 0.000000
 Group 30 |    0/1024 |   100.0% | Hessian: 0.000000
 Group 31 |    0/1024 |   100.0% | Hessian: 0.000000
 Group 32 |    0/1024 |   100.0% | Hessian: 0.000000
 Group 33 |    0/1024 |   100.0% | Hessian: 0.000000
 Group 34 |    0/1024 |   100.0% | Hessian: 0.000000
 Group 35 |    0/1024 |   100.0% | Hessian: 0.000000
 Group 36 |    0/1024 |   100.0% | Hessian: 0.000000
 Group 37 |    0/1024 |   100.0% | Hessian: 0.000000
 Group 38 |    0/1024 |   100.0% | Hessian: 0.000000
 Group 39 |    0/1024 |   100.0% | Hessian: 0.000000
 Group 40 |    0/1024 |   100.0% | Hessian: 0.000000
 Group 41 |    0/1024 |   100.0% | Hessian: 0.000000
 Group 42 |    0/1024 |   100.0% | Hessian: 0.000000
 Group 43 |    0/1024 |   100.0% | Hessian: 0.000000
 Group 44 |    0/1024 |   100.0% | Hessian: 0.000000
 Group 45 |    0/1024 |   100.0% | Hessian: 0.000000
 Group 46 |    0/1024 |   100.0% | Hessian: 0.000000
 Group 47 |    0/1024 |   100.0% | Hessian: 0.000000
 Group 48 |    0/2048 |   100.0% | Hessian: 0.000000
 Group 49 |    0/2048 |   100.0% | Hessian: 0.000000
 Group 50 |    0/2048 |   100.0% | Hessian: 0.000000

[Scientific Metrics] 🟢 Size: 163.91MB | 🔵 Sparsity: 26.16% | 🟡 Speedup: 1.35x
=========================================================================================


[Scientific Metrics - Epoch 250]
 🟢 Model Size: 221.98 MB -> 163.91 MB
 🔵 Sparsity: 64.64 %
 🟡 Speedup: 1.35x
💾 Checkpoint saved: resnet152_pdt_ep250_sp64.64.pth
Epoch 250/250 | Loss: 4.6100 | Val Acc: 1.00% | Peak VRAM: 15814.74 MB

🏁 Final Model Saved: ./exp/checkpoints/resnet152_pdt_final.pth

================ FINAL PHYSICAL COMPRESSION ================

