📝 Logging started: resnet152_pdt_20260215_211910.log
✅ CIFAR-100 Data loaded: Train(50000), Val/Test(10000)
Experimental Mode: N/A
Target Model: resnet152 | Dataset: cifar100

[Stage 1] Analyzing Residual Topology for resnet via PyTorch FX...

==================== Final Topology Groups ====================
 Group  1 | Channels:  256 | Layers: layer1.0.bn3 ... (2 layers)
 Group  2 | Channels:  256 | Layers: layer1.1.bn3 ... (1 layers)
 Group  3 | Channels:  256 | Layers: layer1.2.bn3 ... (1 layers)
 Group  4 | Channels:  512 | Layers: layer2.0.bn3 ... (2 layers)
 Group  5 | Channels:  512 | Layers: layer2.1.bn3 ... (1 layers)
 Group  6 | Channels:  512 | Layers: layer2.2.bn3 ... (1 layers)
 Group  7 | Channels:  512 | Layers: layer2.3.bn3 ... (1 layers)
 Group  8 | Channels:  512 | Layers: layer2.4.bn3 ... (1 layers)
 Group  9 | Channels:  512 | Layers: layer2.5.bn3 ... (1 layers)
 Group 10 | Channels:  512 | Layers: layer2.6.bn3 ... (1 layers)
 Group 11 | Channels:  512 | Layers: layer2.7.bn3 ... (1 layers)
 Group 12 | Channels: 1024 | Layers: layer3.0.bn3 ... (2 layers)
 Group 13 | Channels: 1024 | Layers: layer3.1.bn3 ... (1 layers)
 Group 14 | Channels: 1024 | Layers: layer3.2.bn3 ... (1 layers)
 Group 15 | Channels: 1024 | Layers: layer3.3.bn3 ... (1 layers)
 Group 16 | Channels: 1024 | Layers: layer3.4.bn3 ... (1 layers)
 Group 17 | Channels: 1024 | Layers: layer3.5.bn3 ... (1 layers)
 Group 18 | Channels: 1024 | Layers: layer3.6.bn3 ... (1 layers)
 Group 19 | Channels: 1024 | Layers: layer3.7.bn3 ... (1 layers)
 Group 20 | Channels: 1024 | Layers: layer3.8.bn3 ... (1 layers)
 Group 21 | Channels: 1024 | Layers: layer3.9.bn3 ... (1 layers)
 Group 22 | Channels: 1024 | Layers: layer3.10.bn3 ... (1 layers)
 Group 23 | Channels: 1024 | Layers: layer3.11.bn3 ... (1 layers)
 Group 24 | Channels: 1024 | Layers: layer3.12.bn3 ... (1 layers)
 Group 25 | Channels: 1024 | Layers: layer3.13.bn3 ... (1 layers)
 Group 26 | Channels: 1024 | Layers: layer3.14.bn3 ... (1 layers)
 Group 27 | Channels: 1024 | Layers: layer3.15.bn3 ... (1 layers)
 Group 28 | Channels: 1024 | Layers: layer3.16.bn3 ... (1 layers)
 Group 29 | Channels: 1024 | Layers: layer3.17.bn3 ... (1 layers)
 Group 30 | Channels: 1024 | Layers: layer3.18.bn3 ... (1 layers)
 Group 31 | Channels: 1024 | Layers: layer3.19.bn3 ... (1 layers)
 Group 32 | Channels: 1024 | Layers: layer3.20.bn3 ... (1 layers)
 Group 33 | Channels: 1024 | Layers: layer3.21.bn3 ... (1 layers)
 Group 34 | Channels: 1024 | Layers: layer3.22.bn3 ... (1 layers)
 Group 35 | Channels: 1024 | Layers: layer3.23.bn3 ... (1 layers)
 Group 36 | Channels: 1024 | Layers: layer3.24.bn3 ... (1 layers)
 Group 37 | Channels: 1024 | Layers: layer3.25.bn3 ... (1 layers)
 Group 38 | Channels: 1024 | Layers: layer3.26.bn3 ... (1 layers)
 Group 39 | Channels: 1024 | Layers: layer3.27.bn3 ... (1 layers)
 Group 40 | Channels: 1024 | Layers: layer3.28.bn3 ... (1 layers)
 Group 41 | Channels: 1024 | Layers: layer3.29.bn3 ... (1 layers)
 Group 42 | Channels: 1024 | Layers: layer3.30.bn3 ... (1 layers)
 Group 43 | Channels: 1024 | Layers: layer3.31.bn3 ... (1 layers)
 Group 44 | Channels: 1024 | Layers: layer3.32.bn3 ... (1 layers)
 Group 45 | Channels: 1024 | Layers: layer3.33.bn3 ... (1 layers)
 Group 46 | Channels: 1024 | Layers: layer3.34.bn3 ... (1 layers)
 Group 47 | Channels: 1024 | Layers: layer3.35.bn3 ... (1 layers)
 Group 48 | Channels: 2048 | Layers: layer4.0.bn3 ... (2 layers)
 Group 49 | Channels: 2048 | Layers: layer4.1.bn3 ... (1 layers)
 Group 50 | Channels: 2048 | Layers: layer4.2.bn3 ... (1 layers)
===============================================================
[*] Total 50 groups identified.


[Pruner Init] Strict Conv-Topology Mode Activated
[*] Applied Min Survival Guarantee: 10.0%
[*] Only defined groups (1-50) will be pruned.
[System] Initializing PDTPruner (Proposed Grad-EMA Strategy)

>>> [Pilot Check] Strategy: PDT | Pruning starts at Epoch 30, every 20 epochs.

=== [Stage 1 & 4] Baseline Before Pruning Analysis ===
[*] Topology Status: 517 nodes currently in graph.
-------------------------------------------------------  ------------  ------------  ------------  ------------  ------------  ------------  ------------  ------------  ------------  ------------  ------------  ------------  ------------  ------------  ------------  
                                                   Name    Self CPU %      Self CPU   CPU total %     CPU total  CPU time avg     Self CUDA   Self CUDA %    CUDA total  CUDA time avg       CPU Mem  Self CPU Mem      CUDA Mem  Self CUDA Mem    # of Calls  Total KFLOPs  
-------------------------------------------------------  ------------  ------------  ------------  ------------  ------------  ------------  ------------  ------------  ------------  ------------  ------------  ------------  ------------  ------------  ------------  
                           aten::_batch_norm_impl_index         0.17%     227.248us        12.43%      16.792ms     108.334us       0.000us         0.00%       1.815ms      11.709us           0 B           0 B       1.32 GB           0 B           155            --  
                                 aten::cudnn_batch_norm         9.96%      13.445ms        12.27%      16.565ms     106.868us       1.790ms        21.90%       1.815ms      11.709us           0 B           0 B       1.32 GB           0 B           155            --  
                                            aten::empty         0.89%       1.198ms         1.41%       1.899ms       2.450us       0.000us         0.00%       0.000us       0.000us           0 B           0 B       1.32 GB       1.32 GB           775            --  
                                       aten::batch_norm         0.17%     233.554us        12.61%      17.025ms     109.841us       0.000us         0.00%       1.815ms      11.709us           0 B           0 B       1.32 GB    -595.00 KB           155            --  
                                       aten::empty_like         0.14%     192.714us         0.91%       1.228ms       7.921us       0.000us         0.00%       0.000us       0.000us           0 B           0 B       1.32 GB           0 B           155            --  
                                           aten::conv2d         0.16%     215.667us        70.00%      94.525ms     609.836us       0.000us         0.00%       6.392ms      41.241us           0 B           0 B       1.32 GB           0 B           155  364767477.760  
                                      aten::convolution         0.22%     292.076us        69.84%      94.309ms     608.444us       0.000us         0.00%       6.392ms      41.241us           0 B           0 B       1.32 GB           0 B           155            --  
                                     aten::_convolution         0.74%       1.004ms        69.62%      94.017ms     606.560us       0.000us         0.00%       6.392ms      41.241us           0 B           0 B       1.32 GB           0 B           155            --  
                                aten::cudnn_convolution        63.34%      85.539ms        68.88%      93.013ms     600.083us       4.994ms        61.09%       6.392ms      41.241us           0 B           0 B       1.32 GB       1.32 GB           155            --  
                                           aten::linear         0.02%      27.281us         0.86%       1.158ms       1.158ms       0.000us         0.00%      15.744us      15.744us           0 B           0 B       9.13 MB           0 B             1            --  
-------------------------------------------------------  ------------  ------------  ------------  ------------  ------------  ------------  ------------  ------------  ------------  ------------  ------------  ------------  ------------  ------------  ------------  
Self CPU time total: 135.037ms
Self CUDA time total: 8.176ms

Epoch 1/300 | Loss: 4.7109 | Val Acc: 2.26%
Epoch 2/300 | Loss: 4.2708 | Val Acc: 5.67%
Epoch 3/300 | Loss: 3.9830 | Val Acc: 9.32%
Epoch 4/300 | Loss: 3.7133 | Val Acc: 15.17%
Epoch 5/300 | Loss: 3.4246 | Val Acc: 21.72%
Epoch 6/300 | Loss: 3.1341 | Val Acc: 24.91%
Epoch 7/300 | Loss: 2.8757 | Val Acc: 30.68%
Epoch 8/300 | Loss: 2.6317 | Val Acc: 36.26%
Epoch 9/300 | Loss: 2.4129 | Val Acc: 39.00%
Epoch 10/300 | Loss: 2.2189 | Val Acc: 40.43%
Epoch 11/300 | Loss: 2.0516 | Val Acc: 44.37%
Epoch 12/300 | Loss: 1.9064 | Val Acc: 47.52%
Epoch 13/300 | Loss: 1.7818 | Val Acc: 50.76%
Epoch 14/300 | Loss: 1.6627 | Val Acc: 52.99%
Epoch 15/300 | Loss: 1.5730 | Val Acc: 55.42%
Epoch 16/300 | Loss: 1.5011 | Val Acc: 54.43%
Epoch 17/300 | Loss: 1.4060 | Val Acc: 55.77%
Epoch 18/300 | Loss: 1.3359 | Val Acc: 56.82%
Epoch 19/300 | Loss: 1.2730 | Val Acc: 55.06%
Epoch 20/300 | Loss: 1.2312 | Val Acc: 57.41%
Epoch 21/300 | Loss: 1.1683 | Val Acc: 57.93%
Epoch 22/300 | Loss: 1.1210 | Val Acc: 58.70%
Epoch 23/300 | Loss: 1.0821 | Val Acc: 60.98%
Epoch 24/300 | Loss: 1.0408 | Val Acc: 58.86%
Epoch 25/300 | Loss: 1.0130 | Val Acc: 61.63%
Epoch 26/300 | Loss: 0.9749 | Val Acc: 62.40%
Epoch 27/300 | Loss: 0.9505 | Val Acc: 61.10%
Epoch 28/300 | Loss: 0.9163 | Val Acc: 62.28%
Epoch 29/300 | Loss: 0.8879 | Val Acc: 61.53%

🔥 [PDT DEBUG] Attempting Hessian Pruning at Epoch 30, Batch 0
Epoch 30/300 | Loss: 0.8641 | Val Acc: 62.35%
Epoch 31/300 | Loss: 0.8524 | Val Acc: 60.75%
Epoch 32/300 | Loss: 0.8234 | Val Acc: 62.47%
Epoch 33/300 | Loss: 0.7994 | Val Acc: 62.85%
Epoch 34/300 | Loss: 0.7826 | Val Acc: 63.27%
Epoch 35/300 | Loss: 0.7740 | Val Acc: 62.26%
Epoch 36/300 | Loss: 0.7440 | Val Acc: 64.54%
Epoch 37/300 | Loss: 0.7371 | Val Acc: 61.75%
Epoch 38/300 | Loss: 0.7142 | Val Acc: 63.51%
Epoch 39/300 | Loss: 0.7054 | Val Acc: 63.84%

🔥 [PDT DEBUG] Attempting Hessian Pruning at Epoch 40, Batch 0
Epoch 40/300 | Loss: 0.7002 | Val Acc: 63.07%
Epoch 41/300 | Loss: 0.6735 | Val Acc: 61.97%
Epoch 42/300 | Loss: 0.6692 | Val Acc: 65.92%
Epoch 43/300 | Loss: 0.6450 | Val Acc: 63.33%
Epoch 44/300 | Loss: 0.6333 | Val Acc: 65.54%
Epoch 45/300 | Loss: 0.6395 | Val Acc: 63.92%
Epoch 46/300 | Loss: 0.6200 | Val Acc: 65.02%
Epoch 47/300 | Loss: 0.6141 | Val Acc: 65.29%
Epoch 48/300 | Loss: 0.6053 | Val Acc: 65.48%
Epoch 49/300 | Loss: 0.5923 | Val Acc: 63.49%

🔥 [PDT DEBUG] Attempting Hessian Pruning at Epoch 50, Batch 0
Epoch 50/300 | Loss: 0.5852 | Val Acc: 65.83%
Epoch 51/300 | Loss: 0.5750 | Val Acc: 66.02%
Epoch 52/300 | Loss: 0.5702 | Val Acc: 63.77%
Epoch 53/300 | Loss: 0.5681 | Val Acc: 63.96%
Epoch 54/300 | Loss: 0.5614 | Val Acc: 63.19%
Epoch 55/300 | Loss: 0.5505 | Val Acc: 64.42%
Epoch 56/300 | Loss: 0.5420 | Val Acc: 64.57%
Epoch 57/300 | Loss: 0.5433 | Val Acc: 65.30%
Epoch 58/300 | Loss: 0.5302 | Val Acc: 64.30%
Epoch 59/300 | Loss: 0.5256 | Val Acc: 64.99%

🔥 [PDT DEBUG] Attempting Hessian Pruning at Epoch 60, Batch 0
Epoch 60/300 | Loss: 0.5202 | Val Acc: 63.55%
Epoch 61/300 | Loss: 0.5230 | Val Acc: 64.93%
Epoch 62/300 | Loss: 0.5185 | Val Acc: 64.00%
Epoch 63/300 | Loss: 0.5037 | Val Acc: 65.85%
Epoch 64/300 | Loss: 0.5017 | Val Acc: 65.85%
Epoch 65/300 | Loss: 0.4971 | Val Acc: 64.61%
Epoch 66/300 | Loss: 0.4952 | Val Acc: 65.02%
Epoch 67/300 | Loss: 0.4959 | Val Acc: 64.12%
Epoch 68/300 | Loss: 0.4911 | Val Acc: 66.07%
Epoch 69/300 | Loss: 0.4810 | Val Acc: 64.65%

🔥 [PDT DEBUG] Attempting Hessian Pruning at Epoch 70, Batch 0
Epoch 70/300 | Loss: 0.4819 | Val Acc: 66.49%
Epoch 71/300 | Loss: 0.4719 | Val Acc: 66.82%
Epoch 72/300 | Loss: 0.4817 | Val Acc: 64.71%
Epoch 73/300 | Loss: 0.4734 | Val Acc: 65.47%
Epoch 74/300 | Loss: 0.4647 | Val Acc: 64.96%
Epoch 75/300 | Loss: 0.4565 | Val Acc: 65.91%
Epoch 76/300 | Loss: 0.4745 | Val Acc: 66.26%
Epoch 77/300 | Loss: 0.4631 | Val Acc: 64.97%
Epoch 78/300 | Loss: 0.4605 | Val Acc: 62.68%
Epoch 79/300 | Loss: 0.4515 | Val Acc: 65.68%

🔥 [PDT DEBUG] Attempting Hessian Pruning at Epoch 80, Batch 0
Epoch 80/300 | Loss: 0.4563 | Val Acc: 64.98%
Epoch 81/300 | Loss: 0.4545 | Val Acc: 65.64%
Epoch 82/300 | Loss: 0.4535 | Val Acc: 67.19%
Epoch 83/300 | Loss: 0.4394 | Val Acc: 66.39%
Epoch 84/300 | Loss: 0.4416 | Val Acc: 66.75%
Epoch 85/300 | Loss: 0.4490 | Val Acc: 64.45%
Epoch 86/300 | Loss: 0.4395 | Val Acc: 62.92%
Epoch 87/300 | Loss: 0.4456 | Val Acc: 63.61%
Epoch 88/300 | Loss: 0.4520 | Val Acc: 66.54%
Epoch 89/300 | Loss: 0.4395 | Val Acc: 66.32%

🔥 [PDT DEBUG] Attempting Hessian Pruning at Epoch 90, Batch 0
Epoch 90/300 | Loss: 0.4287 | Val Acc: 64.48%
Epoch 91/300 | Loss: 0.4425 | Val Acc: 65.80%
Epoch 92/300 | Loss: 0.4326 | Val Acc: 65.40%
Epoch 93/300 | Loss: 0.4227 | Val Acc: 64.28%
Epoch 94/300 | Loss: 0.4232 | Val Acc: 62.10%
Epoch 95/300 | Loss: 0.4273 | Val Acc: 65.84%
Epoch 96/300 | Loss: 0.4269 | Val Acc: 64.78%
Epoch 97/300 | Loss: 0.4299 | Val Acc: 66.03%
Epoch 98/300 | Loss: 0.4255 | Val Acc: 64.97%
Epoch 99/300 | Loss: 0.4269 | Val Acc: 66.14%

🔥 [PDT DEBUG] Attempting Hessian Pruning at Epoch 100, Batch 0
Epoch 100/300 | Loss: 0.4097 | Val Acc: 66.70%
Epoch 101/300 | Loss: 0.4160 | Val Acc: 67.00%
Epoch 102/300 | Loss: 0.4313 | Val Acc: 64.48%
Epoch 103/300 | Loss: 0.4194 | Val Acc: 65.37%
Epoch 104/300 | Loss: 0.4095 | Val Acc: 65.22%
Epoch 105/300 | Loss: 0.4140 | Val Acc: 65.58%
Epoch 106/300 | Loss: 0.4162 | Val Acc: 67.03%
Epoch 107/300 | Loss: 0.4014 | Val Acc: 64.40%
Epoch 108/300 | Loss: 0.4212 | Val Acc: 65.41%
Epoch 109/300 | Loss: 0.4145 | Val Acc: 66.26%

🔥 [PDT DEBUG] Attempting Hessian Pruning at Epoch 110, Batch 0
Epoch 110/300 | Loss: 0.3992 | Val Acc: 65.87%
Epoch 111/300 | Loss: 0.4060 | Val Acc: 66.88%
Epoch 112/300 | Loss: 0.4080 | Val Acc: 64.26%
Epoch 113/300 | Loss: 0.4157 | Val Acc: 67.24%
Epoch 114/300 | Loss: 0.4010 | Val Acc: 67.34%
Epoch 115/300 | Loss: 0.4012 | Val Acc: 66.02%
Epoch 116/300 | Loss: 0.4036 | Val Acc: 66.76%
Epoch 117/300 | Loss: 0.3946 | Val Acc: 65.79%
Epoch 118/300 | Loss: 0.4020 | Val Acc: 65.29%
Epoch 119/300 | Loss: 0.3955 | Val Acc: 65.26%

🔥 [PDT DEBUG] Attempting Hessian Pruning at Epoch 120, Batch 0
Epoch 120/300 | Loss: 0.4035 | Val Acc: 64.44%
Epoch 121/300 | Loss: 0.4024 | Val Acc: 65.86%
Epoch 122/300 | Loss: 0.4207 | Val Acc: 65.54%
Epoch 123/300 | Loss: 0.3946 | Val Acc: 65.26%
Epoch 124/300 | Loss: 0.3947 | Val Acc: 67.39%
Epoch 125/300 | Loss: 0.3929 | Val Acc: 65.83%
Epoch 126/300 | Loss: 0.4013 | Val Acc: 64.94%
Epoch 127/300 | Loss: 0.3919 | Val Acc: 65.38%
Epoch 128/300 | Loss: 0.3913 | Val Acc: 65.64%
Epoch 129/300 | Loss: 0.3883 | Val Acc: 66.54%

🔥 [PDT DEBUG] Attempting Hessian Pruning at Epoch 130, Batch 0
Epoch 130/300 | Loss: 0.3922 | Val Acc: 66.36%
Epoch 131/300 | Loss: 0.3854 | Val Acc: 68.23%
Epoch 132/300 | Loss: 0.4052 | Val Acc: 67.86%
Epoch 133/300 | Loss: 0.3848 | Val Acc: 66.55%
Epoch 134/300 | Loss: 0.3876 | Val Acc: 65.63%
Epoch 135/300 | Loss: 0.3961 | Val Acc: 66.79%
Epoch 136/300 | Loss: 0.4005 | Val Acc: 66.26%
Epoch 137/300 | Loss: 0.3832 | Val Acc: 61.49%
Epoch 138/300 | Loss: 0.3803 | Val Acc: 65.47%
Epoch 139/300 | Loss: 0.3870 | Val Acc: 65.13%

🔥 [PDT DEBUG] Attempting Hessian Pruning at Epoch 140, Batch 0
Epoch 140/300 | Loss: 0.3841 | Val Acc: 64.18%
Epoch 141/300 | Loss: 0.3848 | Val Acc: 65.24%
Epoch 142/300 | Loss: 0.3859 | Val Acc: 66.11%
Epoch 143/300 | Loss: 0.3820 | Val Acc: 66.43%
Epoch 144/300 | Loss: 0.3864 | Val Acc: 68.26%
Epoch 145/300 | Loss: 0.3766 | Val Acc: 65.47%
Epoch 146/300 | Loss: 0.3853 | Val Acc: 65.86%
Epoch 147/300 | Loss: 0.3810 | Val Acc: 66.37%
Epoch 148/300 | Loss: 0.3782 | Val Acc: 63.77%
Epoch 149/300 | Loss: 0.3811 | Val Acc: 66.27%

🔥 [PDT DEBUG] Attempting Hessian Pruning at Epoch 150, Batch 0
Epoch 150/300 | Loss: 0.3863 | Val Acc: 66.75%
Epoch 151/300 | Loss: 0.3810 | Val Acc: 67.23%
Epoch 152/300 | Loss: 0.3758 | Val Acc: 65.84%
Epoch 153/300 | Loss: 0.3854 | Val Acc: 67.27%
Epoch 154/300 | Loss: 0.3765 | Val Acc: 64.94%
Epoch 155/300 | Loss: 0.3735 | Val Acc: 66.05%
Epoch 156/300 | Loss: 0.3870 | Val Acc: 65.77%
Epoch 157/300 | Loss: 0.3805 | Val Acc: 64.73%
Epoch 158/300 | Loss: 0.3773 | Val Acc: 68.21%
Epoch 159/300 | Loss: 0.3605 | Val Acc: 66.42%

🔥 [PDT DEBUG] Attempting Hessian Pruning at Epoch 160, Batch 0
Epoch 160/300 | Loss: 0.3944 | Val Acc: 66.63%
Epoch 161/300 | Loss: 0.3681 | Val Acc: 65.63%
Epoch 162/300 | Loss: 0.3792 | Val Acc: 65.88%
Epoch 163/300 | Loss: 0.3842 | Val Acc: 66.82%
Epoch 164/300 | Loss: 0.3689 | Val Acc: 65.93%
Epoch 165/300 | Loss: 0.3835 | Val Acc: 62.79%
Epoch 166/300 | Loss: 0.3723 | Val Acc: 65.89%
Epoch 167/300 | Loss: 0.3619 | Val Acc: 66.46%
Epoch 168/300 | Loss: 0.3767 | Val Acc: 65.29%
Epoch 169/300 | Loss: 0.3845 | Val Acc: 63.95%

🔥 [PDT DEBUG] Attempting Hessian Pruning at Epoch 170, Batch 0
Epoch 170/300 | Loss: 0.3782 | Val Acc: 64.75%
Epoch 171/300 | Loss: 0.3797 | Val Acc: 65.03%
Epoch 172/300 | Loss: 0.3637 | Val Acc: 66.78%
Epoch 173/300 | Loss: 0.3711 | Val Acc: 65.93%
Epoch 174/300 | Loss: 0.3786 | Val Acc: 67.38%
Epoch 175/300 | Loss: 0.3669 | Val Acc: 67.93%
Epoch 176/300 | Loss: 0.3717 | Val Acc: 67.29%
Epoch 177/300 | Loss: 0.3697 | Val Acc: 66.91%
Epoch 178/300 | Loss: 0.3626 | Val Acc: 65.72%
Epoch 179/300 | Loss: 0.3731 | Val Acc: 66.33%

🔥 [PDT DEBUG] Attempting Hessian Pruning at Epoch 180, Batch 0
Epoch 180/300 | Loss: 0.3726 | Val Acc: 67.17%
Epoch 181/300 | Loss: 0.3693 | Val Acc: 63.92%
Epoch 182/300 | Loss: 0.3763 | Val Acc: 66.42%
Epoch 183/300 | Loss: 0.3612 | Val Acc: 64.94%
Epoch 184/300 | Loss: 0.3687 | Val Acc: 65.83%
Epoch 185/300 | Loss: 0.3722 | Val Acc: 64.58%
Epoch 186/300 | Loss: 0.3602 | Val Acc: 65.11%
Epoch 187/300 | Loss: 0.3791 | Val Acc: 66.57%
Epoch 188/300 | Loss: 0.3635 | Val Acc: 69.10%
Epoch 189/300 | Loss: 0.3626 | Val Acc: 66.97%

🔥 [PDT DEBUG] Attempting Hessian Pruning at Epoch 190, Batch 0
Epoch 190/300 | Loss: 0.3682 | Val Acc: 65.21%
Epoch 191/300 | Loss: 0.3748 | Val Acc: 64.97%
Epoch 192/300 | Loss: 0.3751 | Val Acc: 66.21%
Epoch 193/300 | Loss: 0.3671 | Val Acc: 66.26%
Epoch 194/300 | Loss: 0.3629 | Val Acc: 66.87%
Epoch 195/300 | Loss: 0.3562 | Val Acc: 65.66%
Epoch 196/300 | Loss: 0.3714 | Val Acc: 66.73%
Epoch 197/300 | Loss: 0.3704 | Val Acc: 66.91%
Epoch 198/300 | Loss: 0.3656 | Val Acc: 65.86%
Epoch 199/300 | Loss: 0.3684 | Val Acc: 65.20%

🔥 [PDT DEBUG] Attempting Hessian Pruning at Epoch 200, Batch 0
Epoch 200/300 | Loss: 0.3574 | Val Acc: 67.34%
Epoch 201/300 | Loss: 0.3793 | Val Acc: 66.79%
Epoch 202/300 | Loss: 0.3652 | Val Acc: 65.09%
Epoch 203/300 | Loss: 0.3664 | Val Acc: 65.43%
Epoch 204/300 | Loss: 0.3597 | Val Acc: 65.00%
Epoch 205/300 | Loss: 0.3651 | Val Acc: 68.01%
Epoch 206/300 | Loss: 0.3545 | Val Acc: 62.36%
Epoch 207/300 | Loss: 0.3660 | Val Acc: 64.28%
Epoch 208/300 | Loss: 0.3803 | Val Acc: 62.15%
Epoch 209/300 | Loss: 0.3403 | Val Acc: 62.90%

🔥 [PDT DEBUG] Attempting Hessian Pruning at Epoch 210, Batch 0
Epoch 210/300 | Loss: 0.3707 | Val Acc: 65.65%
Epoch 211/300 | Loss: 0.3734 | Val Acc: 66.18%
Epoch 212/300 | Loss: 0.3571 | Val Acc: 66.80%
Epoch 213/300 | Loss: 0.3600 | Val Acc: 65.37%
Epoch 214/300 | Loss: 0.3516 | Val Acc: 66.22%
Epoch 215/300 | Loss: 0.3671 | Val Acc: 63.80%
Epoch 216/300 | Loss: 0.3614 | Val Acc: 67.02%
Epoch 217/300 | Loss: 0.3642 | Val Acc: 65.74%
Epoch 218/300 | Loss: 0.3630 | Val Acc: 66.51%
Epoch 219/300 | Loss: 0.3710 | Val Acc: 64.47%

🔥 [PDT DEBUG] Attempting Hessian Pruning at Epoch 220, Batch 0
Epoch 220/300 | Loss: 0.3533 | Val Acc: 64.77%
Epoch 221/300 | Loss: 0.3661 | Val Acc: 64.81%
Epoch 222/300 | Loss: 0.3569 | Val Acc: 67.58%
Epoch 223/300 | Loss: 0.3654 | Val Acc: 64.76%
Epoch 224/300 | Loss: 0.3639 | Val Acc: 65.17%
Epoch 225/300 | Loss: 0.3622 | Val Acc: 67.35%
Epoch 226/300 | Loss: 0.3579 | Val Acc: 65.99%
Epoch 227/300 | Loss: 0.3688 | Val Acc: 65.96%
Epoch 228/300 | Loss: 0.3493 | Val Acc: 68.31%
Epoch 229/300 | Loss: 0.3662 | Val Acc: 66.90%

🔥 [PDT DEBUG] Attempting Hessian Pruning at Epoch 230, Batch 0
Epoch 230/300 | Loss: 0.3454 | Val Acc: 67.01%
Epoch 231/300 | Loss: 0.3613 | Val Acc: 66.96%
Epoch 232/300 | Loss: 0.3605 | Val Acc: 66.01%
Epoch 233/300 | Loss: 0.3615 | Val Acc: 66.46%
Epoch 234/300 | Loss: 0.3613 | Val Acc: 63.94%
Epoch 235/300 | Loss: 0.3471 | Val Acc: 66.59%
Epoch 236/300 | Loss: 0.3643 | Val Acc: 68.26%
Epoch 237/300 | Loss: 0.3548 | Val Acc: 64.77%
Epoch 238/300 | Loss: 0.3631 | Val Acc: 66.08%
Epoch 239/300 | Loss: 0.3587 | Val Acc: 66.05%

🔥 [PDT DEBUG] Attempting Hessian Pruning at Epoch 240, Batch 0
Epoch 240/300 | Loss: 0.3563 | Val Acc: 66.52%
Epoch 241/300 | Loss: 0.3561 | Val Acc: 67.69%
Epoch 242/300 | Loss: 0.3598 | Val Acc: 67.68%
Epoch 243/300 | Loss: 0.3502 | Val Acc: 66.91%
Epoch 244/300 | Loss: 0.3663 | Val Acc: 64.87%
Epoch 245/300 | Loss: 0.3609 | Val Acc: 67.28%
Epoch 246/300 | Loss: 0.3560 | Val Acc: 66.64%
Epoch 247/300 | Loss: 0.3585 | Val Acc: 64.04%
Epoch 248/300 | Loss: 0.3594 | Val Acc: 67.54%
Epoch 249/300 | Loss: 0.3541 | Val Acc: 65.30%

🔥 [PDT DEBUG] Attempting Hessian Pruning at Epoch 250, Batch 0
Epoch 250/300 | Loss: 0.3527 | Val Acc: 65.36%
Epoch 251/300 | Loss: 0.3622 | Val Acc: 67.30%
Epoch 252/300 | Loss: 0.3598 | Val Acc: 63.65%
Epoch 253/300 | Loss: 0.3531 | Val Acc: 67.43%
Epoch 254/300 | Loss: 0.3522 | Val Acc: 67.31%
Epoch 255/300 | Loss: 0.3497 | Val Acc: 66.79%
Epoch 256/300 | Loss: 0.3605 | Val Acc: 65.95%
Epoch 257/300 | Loss: 0.3592 | Val Acc: 65.98%
Epoch 258/300 | Loss: 0.3437 | Val Acc: 67.80%
Epoch 259/300 | Loss: 0.3562 | Val Acc: 66.68%

🔥 [PDT DEBUG] Attempting Hessian Pruning at Epoch 260, Batch 0
Epoch 260/300 | Loss: 0.3587 | Val Acc: 64.47%
Epoch 261/300 | Loss: 0.3505 | Val Acc: 67.55%
Epoch 262/300 | Loss: 0.3550 | Val Acc: 67.93%
Epoch 263/300 | Loss: 0.3557 | Val Acc: 67.57%
Epoch 264/300 | Loss: 0.3479 | Val Acc: 67.09%
Epoch 265/300 | Loss: 0.3605 | Val Acc: 66.53%
Epoch 266/300 | Loss: 0.3656 | Val Acc: 65.27%
Epoch 267/300 | Loss: 0.3544 | Val Acc: 65.22%
Epoch 268/300 | Loss: 0.3647 | Val Acc: 64.35%
Epoch 269/300 | Loss: 0.3620 | Val Acc: 65.10%

🔥 [PDT DEBUG] Attempting Hessian Pruning at Epoch 270, Batch 0
Epoch 270/300 | Loss: 0.3539 | Val Acc: 66.87%
Epoch 271/300 | Loss: 0.3458 | Val Acc: 65.58%
Epoch 272/300 | Loss: 0.3553 | Val Acc: 66.23%
Epoch 273/300 | Loss: 0.3605 | Val Acc: 64.61%
Epoch 274/300 | Loss: 0.3460 | Val Acc: 67.16%
Epoch 275/300 | Loss: 0.3527 | Val Acc: 64.68%
Epoch 276/300 | Loss: 0.3407 | Val Acc: 64.60%
Epoch 277/300 | Loss: 0.3573 | Val Acc: 65.66%
Epoch 278/300 | Loss: 0.3533 | Val Acc: 65.61%
Epoch 279/300 | Loss: 0.3495 | Val Acc: 66.24%

🔥 [PDT DEBUG] Attempting Hessian Pruning at Epoch 280, Batch 0
Epoch 280/300 | Loss: 0.3534 | Val Acc: 65.26%
Epoch 281/300 | Loss: 0.3516 | Val Acc: 65.16%
Epoch 282/300 | Loss: 0.3654 | Val Acc: 67.79%
Epoch 283/300 | Loss: 0.3570 | Val Acc: 66.72%
Epoch 284/300 | Loss: 0.3514 | Val Acc: 65.52%
Epoch 285/300 | Loss: 0.3553 | Val Acc: 68.97%
Epoch 286/300 | Loss: 0.3493 | Val Acc: 66.44%
Epoch 287/300 | Loss: 0.3461 | Val Acc: 65.31%
Epoch 288/300 | Loss: 0.3493 | Val Acc: 66.85%
Epoch 289/300 | Loss: 0.3507 | Val Acc: 65.93%

🔥 [PDT DEBUG] Attempting Hessian Pruning at Epoch 290, Batch 0
Epoch 290/300 | Loss: 0.3488 | Val Acc: 65.73%
Epoch 291/300 | Loss: 0.3619 | Val Acc: 67.31%
Epoch 292/300 | Loss: 0.3485 | Val Acc: 66.06%
Epoch 293/300 | Loss: 0.3477 | Val Acc: 66.54%
Epoch 294/300 | Loss: 0.3546 | Val Acc: 61.45%
Epoch 295/300 | Loss: 0.3561 | Val Acc: 65.91%
Epoch 296/300 | Loss: 0.3465 | Val Acc: 65.02%
Epoch 297/300 | Loss: 0.3419 | Val Acc: 64.50%
Epoch 298/300 | Loss: 0.3611 | Val Acc: 67.24%
Epoch 299/300 | Loss: 0.3483 | Val Acc: 66.23%

🔥 [PDT DEBUG] Attempting Hessian Pruning at Epoch 300, Batch 0
Epoch 300/300 | Loss: 0.3576 | Val Acc: 68.63%
🏁 Final Model Saved: ./exp/checkpoints/resnet152_pdt_final.pth

============================== FINAL PHYSICAL COMPRESSION ==============================
