📝 Logging started: resnet152_pdt_20260217_023400.log
✅ CIFAR-100 Data loaded: Train(50000), Val/Test(10000)
Experimental Mode: N/A
Target Model: resnet152 | Dataset: cifar100

[Stage 1] Analyzing Residual Topology for resnet via PyTorch FX...

==================== Final Topology Groups ====================
 Group  1 | Channels:  256 | Layers: layer1.0.bn3 ... (2 layers)
 Group  2 | Channels:  256 | Layers: layer1.1.bn3 ... (1 layers)
 Group  3 | Channels:  256 | Layers: layer1.2.bn3 ... (1 layers)
 Group  4 | Channels:  512 | Layers: layer2.0.bn3 ... (2 layers)
 Group  5 | Channels:  512 | Layers: layer2.1.bn3 ... (1 layers)
 Group  6 | Channels:  512 | Layers: layer2.2.bn3 ... (1 layers)
 Group  7 | Channels:  512 | Layers: layer2.3.bn3 ... (1 layers)
 Group  8 | Channels:  512 | Layers: layer2.4.bn3 ... (1 layers)
 Group  9 | Channels:  512 | Layers: layer2.5.bn3 ... (1 layers)
 Group 10 | Channels:  512 | Layers: layer2.6.bn3 ... (1 layers)
 Group 11 | Channels:  512 | Layers: layer2.7.bn3 ... (1 layers)
 Group 12 | Channels: 1024 | Layers: layer3.0.bn3 ... (2 layers)
 Group 13 | Channels: 1024 | Layers: layer3.1.bn3 ... (1 layers)
 Group 14 | Channels: 1024 | Layers: layer3.2.bn3 ... (1 layers)
 Group 15 | Channels: 1024 | Layers: layer3.3.bn3 ... (1 layers)
 Group 16 | Channels: 1024 | Layers: layer3.4.bn3 ... (1 layers)
 Group 17 | Channels: 1024 | Layers: layer3.5.bn3 ... (1 layers)
 Group 18 | Channels: 1024 | Layers: layer3.6.bn3 ... (1 layers)
 Group 19 | Channels: 1024 | Layers: layer3.7.bn3 ... (1 layers)
 Group 20 | Channels: 1024 | Layers: layer3.8.bn3 ... (1 layers)
 Group 21 | Channels: 1024 | Layers: layer3.9.bn3 ... (1 layers)
 Group 22 | Channels: 1024 | Layers: layer3.10.bn3 ... (1 layers)
 Group 23 | Channels: 1024 | Layers: layer3.11.bn3 ... (1 layers)
 Group 24 | Channels: 1024 | Layers: layer3.12.bn3 ... (1 layers)
 Group 25 | Channels: 1024 | Layers: layer3.13.bn3 ... (1 layers)
 Group 26 | Channels: 1024 | Layers: layer3.14.bn3 ... (1 layers)
 Group 27 | Channels: 1024 | Layers: layer3.15.bn3 ... (1 layers)
 Group 28 | Channels: 1024 | Layers: layer3.16.bn3 ... (1 layers)
 Group 29 | Channels: 1024 | Layers: layer3.17.bn3 ... (1 layers)
 Group 30 | Channels: 1024 | Layers: layer3.18.bn3 ... (1 layers)
 Group 31 | Channels: 1024 | Layers: layer3.19.bn3 ... (1 layers)
 Group 32 | Channels: 1024 | Layers: layer3.20.bn3 ... (1 layers)
 Group 33 | Channels: 1024 | Layers: layer3.21.bn3 ... (1 layers)
 Group 34 | Channels: 1024 | Layers: layer3.22.bn3 ... (1 layers)
 Group 35 | Channels: 1024 | Layers: layer3.23.bn3 ... (1 layers)
 Group 36 | Channels: 1024 | Layers: layer3.24.bn3 ... (1 layers)
 Group 37 | Channels: 1024 | Layers: layer3.25.bn3 ... (1 layers)
 Group 38 | Channels: 1024 | Layers: layer3.26.bn3 ... (1 layers)
 Group 39 | Channels: 1024 | Layers: layer3.27.bn3 ... (1 layers)
 Group 40 | Channels: 1024 | Layers: layer3.28.bn3 ... (1 layers)
 Group 41 | Channels: 1024 | Layers: layer3.29.bn3 ... (1 layers)
 Group 42 | Channels: 1024 | Layers: layer3.30.bn3 ... (1 layers)
 Group 43 | Channels: 1024 | Layers: layer3.31.bn3 ... (1 layers)
 Group 44 | Channels: 1024 | Layers: layer3.32.bn3 ... (1 layers)
 Group 45 | Channels: 1024 | Layers: layer3.33.bn3 ... (1 layers)
 Group 46 | Channels: 1024 | Layers: layer3.34.bn3 ... (1 layers)
 Group 47 | Channels: 1024 | Layers: layer3.35.bn3 ... (1 layers)
 Group 48 | Channels: 2048 | Layers: layer4.0.bn3 ... (2 layers)
 Group 49 | Channels: 2048 | Layers: layer4.1.bn3 ... (1 layers)
 Group 50 | Channels: 2048 | Layers: layer4.2.bn3 ... (1 layers)
===============================================================
[*] Total 50 groups identified.


[Pruner Init] Strict Conv-Topology Mode Activated
[*] Applied Min Survival Guarantee: 10.0%
[*] Total 50 groups linked to 311 prunable layers.

>>> [System] Loading pre-trained model: ./exp/checkpoints/resnet152_base.pth
✅ Success: Weights loaded from resnet152_base.pth

>>> [Pilot Check] Strategy: PDT | Start Epoch: 120 | Target Ratio: 0.2

=== [Stage 1 & 4] Initial State Analysis ===
[*] Topology Status: 517 nodes currently in graph.
-------------------------------------------------------  ------------  ------------  ------------  ------------  ------------  ------------  ------------  ------------  ------------  ------------  ------------  ------------  ------------  ------------  ------------  
                                                   Name    Self CPU %      Self CPU   CPU total %     CPU total  CPU time avg     Self CUDA   Self CUDA %    CUDA total  CUDA time avg       CPU Mem  Self CPU Mem      CUDA Mem  Self CUDA Mem    # of Calls  Total KFLOPs  
-------------------------------------------------------  ------------  ------------  ------------  ------------  ------------  ------------  ------------  ------------  ------------  ------------  ------------  ------------  ------------  ------------  ------------  
                           aten::_batch_norm_impl_index         0.17%     231.366us        12.82%      17.089ms     110.251us       0.000us         0.00%       1.781ms      11.488us           0 B           0 B       1.32 GB           0 B           155            --  
                                 aten::cudnn_batch_norm        10.28%      13.701ms        12.65%      16.858ms     108.758us       1.756ms        21.46%       1.781ms      11.488us           0 B           0 B       1.32 GB           0 B           155            --  
                                            aten::empty         0.91%       1.214ms         1.46%       1.952ms       2.519us       0.000us         0.00%       0.000us       0.000us           0 B           0 B       1.32 GB       1.32 GB           775            --  
                                       aten::batch_norm         0.18%     234.768us        13.00%      17.324ms     111.766us       0.000us         0.00%       1.781ms      11.488us           0 B           0 B       1.32 GB    -595.00 KB           155            --  
                                       aten::empty_like         0.14%     180.175us         0.95%       1.266ms       8.167us       0.000us         0.00%       0.000us       0.000us           0 B           0 B       1.32 GB           0 B           155            --  
                                           aten::conv2d         0.16%     218.157us        69.19%      92.203ms     594.859us       0.000us         0.00%       6.439ms      41.540us           0 B           0 B       1.32 GB           0 B           155  364767477.760  
                                      aten::convolution         0.22%     288.885us        69.03%      91.985ms     593.452us       0.000us         0.00%       6.439ms      41.540us           0 B           0 B       1.32 GB           0 B           155            --  
                                     aten::_convolution         0.75%       1.004ms        68.81%      91.696ms     591.588us       0.000us         0.00%       6.439ms      41.540us           0 B           0 B       1.32 GB           0 B           155            --  
                                aten::cudnn_convolution        62.22%      82.912ms        68.05%      90.692ms     585.111us       5.041ms        61.60%       6.439ms      41.540us           0 B           0 B       1.32 GB       1.32 GB           155            --  
                                           aten::linear         0.02%      29.303us         0.95%       1.267ms       1.267ms       0.000us         0.00%      18.304us      18.304us           0 B           0 B       9.13 MB           0 B             1            --  
-------------------------------------------------------  ------------  ------------  ------------  ------------  ------------  ------------  ------------  ------------  ------------  ------------  ------------  ------------  ------------  ------------  ------------  
Self CPU time total: 133.263ms
Self CUDA time total: 8.183ms


[Action] Triggering PDT Pruning at Epoch 120...

[DEBUG] === step_pruning Started at Epoch 120 ===
[DEBUG] Current Model Sparsity: 0.00% (Alive: 100.00%)
[DEBUG] I am looking for: 'layer1.0.bn3'
[DEBUG] Closest names in actual model: ['layer1.0.bn3', 'layer4.0.bn3', 'layer3.0.bn3']
[DEBUG] Target Groups for Hessian: [1, 2, 3, 4, 5, 6, 7, 8, 9, 10, 11, 12, 13, 14, 15, 16, 17, 18, 19, 20, 21, 22, 23, 24, 25, 26, 27, 28, 29, 30, 31, 32, 33, 34, 35, 36, 37, 38, 39, 40, 41, 42, 43, 44, 45]
[DEBUG] Calculating Hessian for 48 parameters...
[DEBUG] Total Unit Candidates: 39680
[DEBUG] Target Keep Ratio: 0.8800 (Inc: 0.8800)
[DEBUG] Lagrangian Decision: Pruned 10929 units.
[DEBUG] Actual Mask Updates: 12721 channels.

============================== PDT Pruning Results: Epoch 120 ==============================
 [*] Pruned this step: 12721
 Group  1 |    0/ 256 |   100.0% |     0.016175 | [TARGET]
 Group  2 |    0/ 256 |   100.0% |     0.000000 | [TARGET]
 Group  3 |  220/ 256 |    14.1% |     0.050236 | [TARGET]
 Group  4 |    0/ 512 |   100.0% |     0.018748 | [TARGET]
 Group  5 |  339/ 512 |    33.8% |     0.027708 | [TARGET]
 Group  6 |  386/ 512 |    24.6% |     0.066353 | [TARGET]
 Group  7 |  422/ 512 |    17.6% |     0.035811 | [TARGET]
 Group  8 |  436/ 512 |    14.8% |     0.030888 | [TARGET]
 Group  9 |  468/ 512 |     8.6% |     0.064313 | [TARGET]
 Group 10 |  489/ 512 |     4.5% |     0.028894 | [TARGET]
 Group 11 |  489/ 512 |     4.5% |     0.027367 | [TARGET]
 Group 12 |    0/1024 |   100.0% |     0.010363 | [TARGET]
 Group 13 |  816/1024 |    20.3% |     0.018860 | [TARGET]
 Group 14 |  839/1024 |    18.1% |     0.014257 | [TARGET]
 Group 15 |  854/1024 |    16.6% |     0.017371 | [TARGET]
 Group 16 |  867/1024 |    15.3% |     0.028293 | [TARGET]
 Group 17 |  871/1024 |    14.9% |     0.020848 | [TARGET]
 Group 18 |  873/1024 |    14.7% |     0.009785 | [TARGET]
 Group 19 |  874/1024 |    14.6% |     0.013716 | [TARGET]
 Group 20 |  878/1024 |    14.3% |     0.015302 | [TARGET]
 Group 21 |  898/1024 |    12.3% |     0.035704 | [TARGET]
 Group 22 |  886/1024 |    13.5% |     0.033891 | [TARGET]
 Group 23 |  897/1024 |    12.4% |     0.021548 | [TARGET]
 Group 24 |  842/1024 |    17.8% |     0.012941 | [TARGET]
 Group 25 |  904/1024 |    11.7% |     0.009911 | [TARGET]
 Group 26 |  902/1024 |    11.9% |     0.021091 | [TARGET]
 Group 27 |  906/1024 |    11.5% |     0.014725 | [TARGET]
 Group 28 |  908/1024 |    11.3% |     0.021745 | [TARGET]
 Group 29 |  929/1024 |     9.3% |     0.051379 | [TARGET]
 Group 30 |  935/1024 |     8.7% |     0.031604 | [TARGET]
 Group 31 |  933/1024 |     8.9% |     0.027959 | [TARGET]
 Group 32 |  266/1024 |    74.0% |     0.005794 | [TARGET]
 Group 33 |    0/1024 |   100.0% |     0.000000 | [TARGET]
 Group 34 |  493/1024 |    51.9% |     0.010195 | [TARGET]
 Group 35 |  894/1024 |    12.7% |     0.014517 | [TARGET]
 Group 36 |  929/1024 |     9.3% |     0.033341 | [TARGET]
 Group 37 |  662/1024 |    35.4% |     0.020080 | [TARGET]
 Group 38 |  928/1024 |     9.4% |     0.043675 | [TARGET]
 Group 39 |  927/1024 |     9.5% |     0.027063 | [TARGET]
 Group 40 |  289/1024 |    71.8% |     0.014585 | [TARGET]
 Group 41 |  925/1024 |     9.7% |     0.023834 | [TARGET]
 Group 42 |  601/1024 |    41.3% |     0.002023 | [TARGET]
 Group 43 |   55/1024 |    94.6% |     0.004154 | [TARGET]
 Group 44 |  941/1024 |     8.1% |     0.023702 | [TARGET]
 Group 45 |  780/1024 |    23.8% |     0.005218 | [TARGET]
 Group 46 | 1024/1024 |     0.0% |     0.000000 | [FIXED]
 Group 47 | 1024/1024 |     0.0% |     0.000000 | [FIXED]
 Group 48 | 2048/2048 |     0.0% |     0.000000 | [FIXED]
 Group 49 | 2048/2048 |     0.0% |     0.000000 | [FIXED]
 Group 50 | 2048/2048 |     0.0% |     0.000000 | [FIXED]

[Scientific Metrics - RQ Analysis]
 🔵 Sparsity (Params): 0.04 %
 🟢 Model Size: 222.46 MB
 🟠 Peak VRAM (RQ2): 4091.51 MB
 ⚡ Inference Latency (RQ3): 6.1240 ms
 🚀 Theoretical Speedup: 1.00x
=========================================================================================


[Scientific Metrics - Epoch 120]
 🟢 Model Size: 222.46 MB | 🔵 Sparsity: 0.04 % | 🟡 Speedup: 1.00x
💾 Checkpoint saved: ./exp/checkpoints/resnet152_pdt_ep120_sp0.0.pth
Epoch 120/400 | Loss: 4.6247 | Val Acc: 1.00%
Epoch 121/400 | Loss: 4.6199 | Val Acc: 1.00%
