📝 Logging started: resnet18_pdt_20260217_022453.log
✅ CIFAR-100 Data loaded: Train(50000), Val/Test(10000)
Experimental Mode: N/A
Target Model: resnet18 | Dataset: cifar100

[Stage 1] Analyzing Residual Topology for resnet via PyTorch FX...

==================== Final Topology Groups ====================
 Group  1 | Channels:   64 | Layers: layer1.0.bn2 ... (1 layers)
 Group  2 | Channels:   64 | Layers: layer1.1.bn2 ... (1 layers)
 Group  3 | Channels:  128 | Layers: layer2.0.bn2 ... (2 layers)
 Group  4 | Channels:  128 | Layers: layer2.1.bn2 ... (1 layers)
 Group  5 | Channels:  256 | Layers: layer3.0.bn2 ... (2 layers)
 Group  6 | Channels:  256 | Layers: layer3.1.bn2 ... (1 layers)
 Group  7 | Channels:  512 | Layers: layer4.0.bn2 ... (2 layers)
 Group  8 | Channels:  512 | Layers: layer4.1.bn2 ... (1 layers)
===============================================================
[*] Total 8 groups identified.


[Pruner Init] Strict Conv-Topology Mode Activated
[*] Applied Min Survival Guarantee: 10.0%
[*] Total 8 groups linked to 41 prunable layers.

>>> [System] Loading pre-trained model: ./exp/checkpoints/resnet18_pdt_ep120_sp0.0.pth
✅ Success: Weights loaded from resnet18_pdt_ep120_sp0.0.pth

>>> [Pilot Check] Strategy: PDT | Start Epoch: 120 | Target Ratio: 0.2

=== [Stage 1 & 4] Initial State Analysis ===
[*] Topology Status: 71 nodes currently in graph.
-------------------------------------------------------  ------------  ------------  ------------  ------------  ------------  ------------  ------------  ------------  ------------  ------------  ------------  ------------  ------------  ------------  ------------  
                                                   Name    Self CPU %      Self CPU   CPU total %     CPU total  CPU time avg     Self CUDA   Self CUDA %    CUDA total  CUDA time avg       CPU Mem  Self CPU Mem      CUDA Mem  Self CUDA Mem    # of Calls  Total KFLOPs  
-------------------------------------------------------  ------------  ------------  ------------  ------------  ------------  ------------  ------------  ------------  ------------  ------------  ------------  ------------  ------------  ------------  ------------  
                                           aten::conv2d         0.05%      68.538us        70.13%      98.822ms       4.941ms       0.000us         0.00%       1.641ms      82.040us           0 B           0 B     118.81 MB           0 B            20  54430924.800  
                                      aten::convolution         0.08%     111.084us        70.09%      98.754ms       4.938ms       0.000us         0.00%       1.641ms      82.040us           0 B           0 B     118.81 MB           0 B            20            --  
                                     aten::_convolution         0.52%     739.587us        70.01%      98.643ms       4.932ms       0.000us         0.00%       1.641ms      82.040us           0 B           0 B     118.81 MB           0 B            20            --  
                                aten::cudnn_convolution        63.86%      89.985ms        69.48%      97.903ms       4.895ms     862.963us        72.30%       1.641ms      82.040us           0 B           0 B     118.81 MB     118.81 MB            20            --  
                           aten::_batch_norm_impl_index         0.06%      84.524us        10.83%      15.254ms     762.686us       0.000us         0.00%     235.102us      11.755us           0 B           0 B     115.63 MB           0 B            20            --  
                                 aten::cudnn_batch_norm         9.94%      14.005ms        10.77%      15.169ms     758.460us     210.174us        17.61%     235.102us      11.755us           0 B           0 B     115.63 MB           0 B            20            --  
                                            aten::empty         0.16%     227.481us         0.35%     496.515us       4.965us       0.000us         0.00%       0.000us       0.000us           0 B           0 B     115.63 MB     115.63 MB           100            --  
                                       aten::batch_norm         0.06%      82.611us        10.88%      15.336ms     766.817us       0.000us         0.00%     235.102us      11.755us           0 B           0 B     115.59 MB     -40.00 KB            20            --  
                                       aten::empty_like         0.04%      63.336us         0.30%     427.897us      21.395us       0.000us         0.00%       0.000us       0.000us           0 B           0 B     115.59 MB           0 B            20            --  
                                           aten::linear         0.03%      39.488us         1.15%       1.625ms       1.625ms       0.000us         0.00%      15.360us      15.360us           0 B           0 B       9.13 MB           0 B             1            --  
-------------------------------------------------------  ------------  ------------  ------------  ------------  ------------  ------------  ------------  ------------  ------------  ------------  ------------  ------------  ------------  ------------  ------------  
Self CPU time total: 140.904ms
Self CUDA time total: 1.194ms


[Action] Triggering PDT Pruning at Epoch 120...

[DEBUG] === step_pruning Started at Epoch 120 ===
[DEBUG] Current Model Sparsity: 8.02% (Alive: 91.98%)
[DEBUG] I am looking for: 'layer1.0.bn2'
[DEBUG] Closest names in actual model: ['layer1.0.bn2', 'layer4.0.bn2', 'layer3.0.bn2']
[DEBUG] Target Groups for Hessian: [1, 2, 3, 4, 5, 6, 7, 8]
[DEBUG] Calculating Hessian for 11 parameters...
[DEBUG] Total Unit Candidates: 1531
[DEBUG] Target Keep Ratio: 0.8198 (Inc: 0.8913)
[DEBUG] Lagrangian Decision: Pruned 111 units.
[DEBUG] Actual Mask Updates: 222 channels.

============================== PDT Pruning Results: Epoch 120 ==============================
 [*] Pruned this step: 222
 Group  1 |   64/  64 |     0.0% |     0.057829 | [TARGET]
 Group  2 |   64/  64 |     0.0% |     0.172064 | [TARGET]
 Group  3 |   75/ 128 |    41.4% |     0.074962 | [TARGET]
 Group  4 |  128/ 128 |     0.0% |     0.115407 | [TARGET]
 Group  5 |   73/ 256 |    71.5% |     0.028483 | [TARGET]
 Group  6 |  256/ 256 |     0.0% |     0.038562 | [TARGET]
 Group  7 |  248/ 512 |    51.6% |     0.087835 | [TARGET]
 Group  8 |  512/ 512 |     0.0% |     0.052881 | [TARGET]
