📝 Logging started: resnet152_pdt_20260217_023622.log
✅ CIFAR-100 Data loaded: Train(50000), Val/Test(10000)
Experimental Mode: N/A
Target Model: resnet152 | Dataset: cifar100

[Stage 1] Analyzing Residual Topology for resnet via PyTorch FX...

==================== Final Topology Groups ====================
 Group  1 | Channels:  256 | Layers: layer1.0.bn3 ... (2 layers)
 Group  2 | Channels:  256 | Layers: layer1.1.bn3 ... (1 layers)
 Group  3 | Channels:  256 | Layers: layer1.2.bn3 ... (1 layers)
 Group  4 | Channels:  512 | Layers: layer2.0.bn3 ... (2 layers)
 Group  5 | Channels:  512 | Layers: layer2.1.bn3 ... (1 layers)
 Group  6 | Channels:  512 | Layers: layer2.2.bn3 ... (1 layers)
 Group  7 | Channels:  512 | Layers: layer2.3.bn3 ... (1 layers)
 Group  8 | Channels:  512 | Layers: layer2.4.bn3 ... (1 layers)
 Group  9 | Channels:  512 | Layers: layer2.5.bn3 ... (1 layers)
 Group 10 | Channels:  512 | Layers: layer2.6.bn3 ... (1 layers)
 Group 11 | Channels:  512 | Layers: layer2.7.bn3 ... (1 layers)
 Group 12 | Channels: 1024 | Layers: layer3.0.bn3 ... (2 layers)
 Group 13 | Channels: 1024 | Layers: layer3.1.bn3 ... (1 layers)
 Group 14 | Channels: 1024 | Layers: layer3.2.bn3 ... (1 layers)
 Group 15 | Channels: 1024 | Layers: layer3.3.bn3 ... (1 layers)
 Group 16 | Channels: 1024 | Layers: layer3.4.bn3 ... (1 layers)
 Group 17 | Channels: 1024 | Layers: layer3.5.bn3 ... (1 layers)
 Group 18 | Channels: 1024 | Layers: layer3.6.bn3 ... (1 layers)
 Group 19 | Channels: 1024 | Layers: layer3.7.bn3 ... (1 layers)
 Group 20 | Channels: 1024 | Layers: layer3.8.bn3 ... (1 layers)
 Group 21 | Channels: 1024 | Layers: layer3.9.bn3 ... (1 layers)
 Group 22 | Channels: 1024 | Layers: layer3.10.bn3 ... (1 layers)
 Group 23 | Channels: 1024 | Layers: layer3.11.bn3 ... (1 layers)
 Group 24 | Channels: 1024 | Layers: layer3.12.bn3 ... (1 layers)
 Group 25 | Channels: 1024 | Layers: layer3.13.bn3 ... (1 layers)
 Group 26 | Channels: 1024 | Layers: layer3.14.bn3 ... (1 layers)
 Group 27 | Channels: 1024 | Layers: layer3.15.bn3 ... (1 layers)
 Group 28 | Channels: 1024 | Layers: layer3.16.bn3 ... (1 layers)
 Group 29 | Channels: 1024 | Layers: layer3.17.bn3 ... (1 layers)
 Group 30 | Channels: 1024 | Layers: layer3.18.bn3 ... (1 layers)
 Group 31 | Channels: 1024 | Layers: layer3.19.bn3 ... (1 layers)
 Group 32 | Channels: 1024 | Layers: layer3.20.bn3 ... (1 layers)
 Group 33 | Channels: 1024 | Layers: layer3.21.bn3 ... (1 layers)
 Group 34 | Channels: 1024 | Layers: layer3.22.bn3 ... (1 layers)
 Group 35 | Channels: 1024 | Layers: layer3.23.bn3 ... (1 layers)
 Group 36 | Channels: 1024 | Layers: layer3.24.bn3 ... (1 layers)
 Group 37 | Channels: 1024 | Layers: layer3.25.bn3 ... (1 layers)
 Group 38 | Channels: 1024 | Layers: layer3.26.bn3 ... (1 layers)
 Group 39 | Channels: 1024 | Layers: layer3.27.bn3 ... (1 layers)
 Group 40 | Channels: 1024 | Layers: layer3.28.bn3 ... (1 layers)
 Group 41 | Channels: 1024 | Layers: layer3.29.bn3 ... (1 layers)
 Group 42 | Channels: 1024 | Layers: layer3.30.bn3 ... (1 layers)
 Group 43 | Channels: 1024 | Layers: layer3.31.bn3 ... (1 layers)
 Group 44 | Channels: 1024 | Layers: layer3.32.bn3 ... (1 layers)
 Group 45 | Channels: 1024 | Layers: layer3.33.bn3 ... (1 layers)
 Group 46 | Channels: 1024 | Layers: layer3.34.bn3 ... (1 layers)
 Group 47 | Channels: 1024 | Layers: layer3.35.bn3 ... (1 layers)
 Group 48 | Channels: 2048 | Layers: layer4.0.bn3 ... (2 layers)
 Group 49 | Channels: 2048 | Layers: layer4.1.bn3 ... (1 layers)
 Group 50 | Channels: 2048 | Layers: layer4.2.bn3 ... (1 layers)
===============================================================
[*] Total 50 groups identified.


[Pruner Init] Strict Conv-Topology Mode Activated
[*] Applied Min Survival Guarantee: 10.0%
[*] Total 50 groups linked to 311 prunable layers.

>>> [System] Loading pre-trained model: ./exp/checkpoints/resnet152_base.pth
✅ Success: Weights loaded from resnet152_base.pth

>>> [Pilot Check] Strategy: PDT | Start Epoch: 120 | Target Ratio: 0.4

=== [Stage 1 & 4] Initial State Analysis ===
[*] Topology Status: 517 nodes currently in graph.
-------------------------------------------------------  ------------  ------------  ------------  ------------  ------------  ------------  ------------  ------------  ------------  ------------  ------------  ------------  ------------  ------------  ------------  
                                                   Name    Self CPU %      Self CPU   CPU total %     CPU total  CPU time avg     Self CUDA   Self CUDA %    CUDA total  CUDA time avg       CPU Mem  Self CPU Mem      CUDA Mem  Self CUDA Mem    # of Calls  Total KFLOPs  
-------------------------------------------------------  ------------  ------------  ------------  ------------  ------------  ------------  ------------  ------------  ------------  ------------  ------------  ------------  ------------  ------------  ------------  
                           aten::_batch_norm_impl_index         0.17%     233.255us        12.70%      17.282ms     111.498us       0.000us         0.00%       1.781ms      11.491us           0 B           0 B       1.32 GB           0 B           155            --  
                                 aten::cudnn_batch_norm        10.14%      13.802ms        12.52%      17.049ms     109.993us       1.757ms        21.45%       1.781ms      11.491us           0 B           0 B       1.32 GB           0 B           155            --  
                                            aten::empty         0.91%       1.233ms         1.47%       2.006ms       2.588us       0.000us         0.00%       0.000us       0.000us           0 B           0 B       1.32 GB       1.32 GB           775            --  
                                       aten::batch_norm         0.18%     249.335us        12.88%      17.532ms     113.107us       0.000us         0.00%       1.781ms      11.491us           0 B           0 B       1.32 GB    -595.00 KB           155            --  
                                       aten::empty_like         0.14%     193.616us         0.97%       1.322ms       8.532us       0.000us         0.00%       0.000us       0.000us           0 B           0 B       1.32 GB           0 B           155            --  
                                           aten::conv2d         0.16%     220.052us        69.64%      94.790ms     611.546us       0.000us         0.00%       6.448ms      41.600us           0 B           0 B       1.32 GB           0 B           155  364767477.760  
                                      aten::convolution         0.21%     289.112us        69.47%      94.570ms     610.127us       0.000us         0.00%       6.448ms      41.600us           0 B           0 B       1.32 GB           0 B           155            --  
                                     aten::_convolution         0.75%       1.019ms        69.26%      94.281ms     608.261us       0.000us         0.00%       6.448ms      41.600us           0 B           0 B       1.32 GB           0 B           155            --  
                                aten::cudnn_convolution        62.80%      85.491ms        68.51%      93.261ms     601.687us       5.046ms        61.61%       6.448ms      41.600us           0 B           0 B       1.32 GB       1.32 GB           155            --  
                                           aten::linear         0.02%      26.159us         0.93%       1.267ms       1.267ms       0.000us         0.00%      17.796us      17.796us           0 B           0 B       9.13 MB           0 B             1            --  
-------------------------------------------------------  ------------  ------------  ------------  ------------  ------------  ------------  ------------  ------------  ------------  ------------  ------------  ------------  ------------  ------------  ------------  
Self CPU time total: 136.122ms
Self CUDA time total: 8.190ms


[Action] Triggering PDT Pruning at Epoch 120...

[DEBUG] === step_pruning Started at Epoch 120 ===
[DEBUG] Current Model Sparsity: 0.00% (Alive: 100.00%)
[DEBUG] I am looking for: 'layer1.0.bn3'
[DEBUG] Closest names in actual model: ['layer1.0.bn3', 'layer4.0.bn3', 'layer3.0.bn3']
[DEBUG] Target Groups for Hessian: [1, 2, 3, 4, 5, 6, 7, 8, 9, 10, 11, 12, 13, 14, 15, 16, 17, 18, 19, 20, 21, 22, 23, 24, 25, 26, 27, 28, 29, 30, 31, 32, 33, 34, 35, 36, 37, 38, 39, 40, 41, 42, 43, 44, 45]
[DEBUG] Calculating Hessian for 48 parameters...
[DEBUG] Total Unit Candidates: 39680
[DEBUG] Target Keep Ratio: 0.9000 (Inc: 0.9000)
[DEBUG] Lagrangian Decision: Pruned 11156 units.
[DEBUG] Actual Mask Updates: 12948 channels.

============================== PDT Pruning Results: Epoch 120 ==============================
 [*] Pruned this step: 12948
 Group  1 |    0/ 256 |   100.0% |     0.008848 | [TARGET]
 Group  2 |    0/ 256 |   100.0% |     0.000000 | [TARGET]
 Group  3 |  219/ 256 |    14.5% |     0.029937 | [TARGET]
 Group  4 |    0/ 512 |   100.0% |     0.022882 | [TARGET]
 Group  5 |  338/ 512 |    34.0% |     0.022625 | [TARGET]
 Group  6 |  385/ 512 |    24.8% |     0.036357 | [TARGET]
 Group  7 |  421/ 512 |    17.8% |     0.016628 | [TARGET]
 Group  8 |  436/ 512 |    14.8% |     0.064183 | [TARGET]
 Group  9 |  469/ 512 |     8.4% |     0.029210 | [TARGET]
 Group 10 |  483/ 512 |     5.7% |     0.015878 | [TARGET]
 Group 11 |  489/ 512 |     4.5% |     0.027583 | [TARGET]
 Group 12 |    0/1024 |   100.0% |     0.007450 | [TARGET]
 Group 13 |  812/1024 |    20.7% |     0.041247 | [TARGET]
 Group 14 |  838/1024 |    18.2% |     0.026631 | [TARGET]
 Group 15 |  853/1024 |    16.7% |     0.020146 | [TARGET]
 Group 16 |  864/1024 |    15.6% |     0.013518 | [TARGET]
 Group 17 |  869/1024 |    15.1% |     0.035112 | [TARGET]
 Group 18 |  871/1024 |    14.9% |     0.032489 | [TARGET]
 Group 19 |  872/1024 |    14.8% |     0.025092 | [TARGET]
 Group 20 |  874/1024 |    14.6% |     0.012006 | [TARGET]
 Group 21 |  896/1024 |    12.5% |     0.049747 | [TARGET]
 Group 22 |  885/1024 |    13.6% |     0.029950 | [TARGET]
 Group 23 |  890/1024 |    13.1% |     0.021771 | [TARGET]
 Group 24 |  837/1024 |    18.3% |     0.011194 | [TARGET]
 Group 25 |  900/1024 |    12.1% |     0.007567 | [TARGET]
 Group 26 |  897/1024 |    12.4% |     0.016494 | [TARGET]
 Group 27 |  903/1024 |    11.8% |     0.031546 | [TARGET]
 Group 28 |  905/1024 |    11.6% |     0.022136 | [TARGET]
 Group 29 |  927/1024 |     9.5% |     0.037632 | [TARGET]
 Group 30 |  933/1024 |     8.9% |     0.011857 | [TARGET]
 Group 31 |  926/1024 |     9.6% |     0.036871 | [TARGET]
 Group 32 |  247/1024 |    75.9% |     0.007159 | [TARGET]
 Group 33 |    0/1024 |   100.0% |     0.000000 | [TARGET]
 Group 34 |  483/1024 |    52.8% |     0.019187 | [TARGET]
 Group 35 |  887/1024 |    13.4% |     0.022728 | [TARGET]
 Group 36 |  927/1024 |     9.5% |     0.026705 | [TARGET]
 Group 37 |  642/1024 |    37.3% |     0.011443 | [TARGET]
 Group 38 |  923/1024 |     9.9% |     0.018775 | [TARGET]
 Group 39 |  924/1024 |     9.8% |     0.022274 | [TARGET]
 Group 40 |  233/1024 |    77.2% |     0.002447 | [TARGET]
 Group 41 |  926/1024 |     9.6% |     0.023030 | [TARGET]
 Group 42 |  620/1024 |    39.5% |     0.014980 | [TARGET]
 Group 43 |   48/1024 |    95.3% |     0.003010 | [TARGET]
 Group 44 |  938/1024 |     8.4% |     0.023524 | [TARGET]
 Group 45 |  734/1024 |    28.3% |     0.002724 | [TARGET]
 Group 46 | 1024/1024 |     0.0% |     0.000000 | [FIXED]
 Group 47 | 1024/1024 |     0.0% |     0.000000 | [FIXED]
 Group 48 | 2048/2048 |     0.0% |     0.000000 | [FIXED]
 Group 49 | 2048/2048 |     0.0% |     0.000000 | [FIXED]
 Group 50 | 2048/2048 |     0.0% |     0.000000 | [FIXED]

[Scientific Metrics - RQ Analysis]
 🔵 Sparsity (Params): 0.04 %
 🟢 Model Size: 222.45 MB
 🟠 Peak VRAM (RQ2): 4091.51 MB
 ⚡ Inference Latency (RQ3): 5.9630 ms
 🚀 Theoretical Speedup: 1.00x
=========================================================================================


[Scientific Metrics - Epoch 120]
 🟢 Model Size: 222.45 MB | 🔵 Sparsity: 0.04 % | 🟡 Speedup: 1.00x
💾 Checkpoint saved: ./exp/checkpoints/resnet152_pdt_ep120_sp0.0.pth
Epoch 120/400 | Loss: 4.6416 | Val Acc: 1.00%
