📝 Logging started: resnet34_pat_20260213_141042.log
✅ CIFAR-100 Data loaded: Train(50000), Val/Test(10000)
Experimental Mode: PAT
Target Model: resnet34 | Dataset: cifar100

[Stage 1] Analyzing Residual Topology for resnet via PyTorch FX...

==================== Final Topology Groups ====================
 Group  1 | Channels:   64 | Layers: layer1.0.bn2 ... (1 layers)
 Group  2 | Channels:   64 | Layers: layer1.1.bn2 ... (1 layers)
 Group  3 | Channels:   64 | Layers: layer1.2.bn2 ... (1 layers)
 Group  4 | Channels:  128 | Layers: layer2.0.bn2 ... (2 layers)
 Group  5 | Channels:  128 | Layers: layer2.1.bn2 ... (1 layers)
 Group  6 | Channels:  128 | Layers: layer2.2.bn2 ... (1 layers)
 Group  7 | Channels:  128 | Layers: layer2.3.bn2 ... (1 layers)
 Group  8 | Channels:  256 | Layers: layer3.0.bn2 ... (2 layers)
 Group  9 | Channels:  256 | Layers: layer3.1.bn2 ... (1 layers)
 Group 10 | Channels:  256 | Layers: layer3.2.bn2 ... (1 layers)
 Group 11 | Channels:  256 | Layers: layer3.3.bn2 ... (1 layers)
 Group 12 | Channels:  256 | Layers: layer3.4.bn2 ... (1 layers)
 Group 13 | Channels:  256 | Layers: layer3.5.bn2 ... (1 layers)
 Group 14 | Channels:  512 | Layers: layer4.0.bn2 ... (2 layers)
 Group 15 | Channels:  512 | Layers: layer4.1.bn2 ... (1 layers)
 Group 16 | Channels:  512 | Layers: layer4.2.bn2 ... (1 layers)
===============================================================
[*] Total 16 groups identified.

>>> [System] Loading Base Model: ./exp/checkpoints/resnet34_base.pth
[Sensitivity] Load from ./exp/checkpoints/resnet34_sensitivity.json
🚀 PATPruner Ready: 16 blocks identified.

--- PAT One-Shot Pruning (Strategy: normalization) ---
🧠 PAT Strategy Type: normalization
✅ Final Pruning Map Created. Target Ratio: 0.6
[*] Final Synced Target Modules: 71
[*] Layer Link Fixed: layer1.0 | Mid-Channels: 6
[*] Layer Link Fixed: layer1.0 | Mid-Channels: 6
[*] Layer Link Fixed: layer1.0 | Mid-Channels: 6
[*] Layer Link Fixed: layer1.0 | Mid-Channels: 6
[*] Layer Link Fixed: layer1.1 | Mid-Channels: 6
[*] Layer Link Fixed: layer1.1 | Mid-Channels: 6
[*] Layer Link Fixed: layer1.1 | Mid-Channels: 6
[*] Layer Link Fixed: layer1.1 | Mid-Channels: 6
[*] Layer Link Fixed: layer1.2 | Mid-Channels: 6
[*] Layer Link Fixed: layer1.2 | Mid-Channels: 6
[*] Layer Link Fixed: layer1.2 | Mid-Channels: 6
[*] Layer Link Fixed: layer1.2 | Mid-Channels: 6
[*] Layer Link Fixed: layer2.0 | Mid-Channels: 13
[*] Layer Link Fixed: layer2.0 | Mid-Channels: 13
[*] Layer Link Fixed: layer2.0 | Mid-Channels: 13
[*] Layer Link Fixed: layer2.0 | Mid-Channels: 13
[*] Layer Link Fixed: layer2.0 | Mid-Channels: 13
[*] Layer Link Fixed: layer2.0 | Mid-Channels: 13
[*] Layer Link Fixed: layer2.1 | Mid-Channels: 17
[*] Layer Link Fixed: layer2.1 | Mid-Channels: 17
[*] Layer Link Fixed: layer2.1 | Mid-Channels: 17
[*] Layer Link Fixed: layer2.1 | Mid-Channels: 17
[*] Layer Link Fixed: layer2.2 | Mid-Channels: 17
[*] Layer Link Fixed: layer2.2 | Mid-Channels: 17
[*] Layer Link Fixed: layer2.2 | Mid-Channels: 17
[*] Layer Link Fixed: layer2.2 | Mid-Channels: 17
[*] Layer Link Fixed: layer2.3 | Mid-Channels: 17
[*] Layer Link Fixed: layer2.3 | Mid-Channels: 17
[*] Layer Link Fixed: layer2.3 | Mid-Channels: 17
[*] Layer Link Fixed: layer2.3 | Mid-Channels: 17
[*] Layer Link Fixed: layer3.0 | Mid-Channels: 106
[*] Layer Link Fixed: layer3.0 | Mid-Channels: 106
[*] Layer Link Fixed: layer3.0 | Mid-Channels: 106
[*] Layer Link Fixed: layer3.0 | Mid-Channels: 106
[*] Layer Link Fixed: layer3.0 | Mid-Channels: 106
[*] Layer Link Fixed: layer3.0 | Mid-Channels: 106
[*] Layer Link Fixed: layer3.1 | Mid-Channels: 136
[*] Layer Link Fixed: layer3.1 | Mid-Channels: 136
[*] Layer Link Fixed: layer3.1 | Mid-Channels: 136
[*] Layer Link Fixed: layer3.1 | Mid-Channels: 136
[*] Layer Link Fixed: layer3.2 | Mid-Channels: 136
[*] Layer Link Fixed: layer3.2 | Mid-Channels: 136
[*] Layer Link Fixed: layer3.2 | Mid-Channels: 136
[*] Layer Link Fixed: layer3.2 | Mid-Channels: 136
[*] Layer Link Fixed: layer3.3 | Mid-Channels: 136
[*] Layer Link Fixed: layer3.3 | Mid-Channels: 136
[*] Layer Link Fixed: layer3.3 | Mid-Channels: 136
[*] Layer Link Fixed: layer3.3 | Mid-Channels: 136
[*] Layer Link Fixed: layer3.4 | Mid-Channels: 136
[*] Layer Link Fixed: layer3.4 | Mid-Channels: 136
[*] Layer Link Fixed: layer3.4 | Mid-Channels: 136
[*] Layer Link Fixed: layer3.4 | Mid-Channels: 136
[*] Layer Link Fixed: layer3.5 | Mid-Channels: 136
[*] Layer Link Fixed: layer3.5 | Mid-Channels: 136
[*] Layer Link Fixed: layer3.5 | Mid-Channels: 136
[*] Layer Link Fixed: layer3.5 | Mid-Channels: 136
[*] Layer Link Fixed: layer4.0 | Mid-Channels: 486
[*] Layer Link Fixed: layer4.0 | Mid-Channels: 486
[*] Layer Link Fixed: layer4.0 | Mid-Channels: 486
[*] Layer Link Fixed: layer4.0 | Mid-Channels: 486
[*] Layer Link Fixed: layer4.0 | Mid-Channels: 486
[*] Layer Link Fixed: layer4.0 | Mid-Channels: 486
[*] Layer Link Fixed: layer4.1 | Mid-Channels: 486
[*] Layer Link Fixed: layer4.1 | Mid-Channels: 486
[*] Layer Link Fixed: layer4.1 | Mid-Channels: 486
[*] Layer Link Fixed: layer4.1 | Mid-Channels: 486
[*] Layer Link Fixed: layer4.2 | Mid-Channels: 486
[*] Layer Link Fixed: layer4.2 | Mid-Channels: 486
[*] Layer Link Fixed: layer4.2 | Mid-Channels: 486
[*] Layer Link Fixed: layer4.2 | Mid-Channels: 486
[*] FC Synced: 512 features

========================================
📊 [Pruning Result Summary]
 - Original Params: 21.328 M
 - Pruned Params:   10.887 M
 - Compression Ratio: 48.96 %
========================================

