📝 Logging started: resnet34_pat_20260213_143321.log
✅ CIFAR-100 Data loaded: Train(50000), Val/Test(10000)
Experimental Mode: PAT
Target Model: resnet34 | Dataset: cifar100

[Stage 1] Analyzing Residual Topology for resnet via PyTorch FX...

==================== Final Topology Groups ====================
 Group  1 | Channels:   64 | Layers: layer1.0.bn2 ... (1 layers)
 Group  2 | Channels:   64 | Layers: layer1.1.bn2 ... (1 layers)
 Group  3 | Channels:   64 | Layers: layer1.2.bn2 ... (1 layers)
 Group  4 | Channels:  128 | Layers: layer2.0.bn2 ... (2 layers)
 Group  5 | Channels:  128 | Layers: layer2.1.bn2 ... (1 layers)
 Group  6 | Channels:  128 | Layers: layer2.2.bn2 ... (1 layers)
 Group  7 | Channels:  128 | Layers: layer2.3.bn2 ... (1 layers)
 Group  8 | Channels:  256 | Layers: layer3.0.bn2 ... (2 layers)
 Group  9 | Channels:  256 | Layers: layer3.1.bn2 ... (1 layers)
 Group 10 | Channels:  256 | Layers: layer3.2.bn2 ... (1 layers)
 Group 11 | Channels:  256 | Layers: layer3.3.bn2 ... (1 layers)
 Group 12 | Channels:  256 | Layers: layer3.4.bn2 ... (1 layers)
 Group 13 | Channels:  256 | Layers: layer3.5.bn2 ... (1 layers)
 Group 14 | Channels:  512 | Layers: layer4.0.bn2 ... (2 layers)
 Group 15 | Channels:  512 | Layers: layer4.1.bn2 ... (1 layers)
 Group 16 | Channels:  512 | Layers: layer4.2.bn2 ... (1 layers)
===============================================================
[*] Total 16 groups identified.

>>> [System] Loading Base Model: ./exp/checkpoints/resnet34_base.pth
[Sensitivity] Load from ./exp/checkpoints/resnet34_sensitivity.json
🚀 PATPruner Ready: 16 blocks identified.

--- PAT One-Shot Pruning (Strategy: normalization) ---
✅ [FORCE ENABLED] Keeping 91.0% channels for all layers.
[*] Final Synced Target Modules: 71
[*] Physically Pruning Block: layer1.0 | Channels: 58
[*] Physically Pruning Block: layer1.0 | Channels: 58
[*] Physically Pruning Block: layer1.0 | Channels: 58
[*] Physically Pruning Block: layer1.0 | Channels: 58
[*] Physically Pruning Block: layer1.1 | Channels: 58
[*] Physically Pruning Block: layer1.1 | Channels: 58
[*] Physically Pruning Block: layer1.1 | Channels: 58
[*] Physically Pruning Block: layer1.1 | Channels: 58
[*] Physically Pruning Block: layer1.2 | Channels: 58
[*] Physically Pruning Block: layer1.2 | Channels: 58
[*] Physically Pruning Block: layer1.2 | Channels: 58
[*] Physically Pruning Block: layer1.2 | Channels: 58
[*] Physically Pruning Block: layer2.0 | Channels: 116
[*] Physically Pruning Block: layer2.0 | Channels: 116
[*] Physically Pruning Block: layer2.0 | Channels: 116
[*] Physically Pruning Block: layer2.0 | Channels: 116
[*] Physically Pruning Block: layer2.0 | Channels: 116
[*] Physically Pruning Block: layer2.0 | Channels: 116
[*] Physically Pruning Block: layer2.1 | Channels: 116
[*] Physically Pruning Block: layer2.1 | Channels: 116
[*] Physically Pruning Block: layer2.1 | Channels: 116
[*] Physically Pruning Block: layer2.1 | Channels: 116
[*] Physically Pruning Block: layer2.2 | Channels: 116
[*] Physically Pruning Block: layer2.2 | Channels: 116
[*] Physically Pruning Block: layer2.2 | Channels: 116
[*] Physically Pruning Block: layer2.2 | Channels: 116
[*] Physically Pruning Block: layer2.3 | Channels: 116
[*] Physically Pruning Block: layer2.3 | Channels: 116
[*] Physically Pruning Block: layer2.3 | Channels: 116
[*] Physically Pruning Block: layer2.3 | Channels: 116
[*] Physically Pruning Block: layer3.0 | Channels: 232
[*] Physically Pruning Block: layer3.0 | Channels: 232
[*] Physically Pruning Block: layer3.0 | Channels: 232
[*] Physically Pruning Block: layer3.0 | Channels: 232
[*] Physically Pruning Block: layer3.0 | Channels: 232
[*] Physically Pruning Block: layer3.0 | Channels: 232
[*] Physically Pruning Block: layer3.1 | Channels: 232
[*] Physically Pruning Block: layer3.1 | Channels: 232
[*] Physically Pruning Block: layer3.1 | Channels: 232
[*] Physically Pruning Block: layer3.1 | Channels: 232
[*] Physically Pruning Block: layer3.2 | Channels: 232
[*] Physically Pruning Block: layer3.2 | Channels: 232
[*] Physically Pruning Block: layer3.2 | Channels: 232
[*] Physically Pruning Block: layer3.2 | Channels: 232
[*] Physically Pruning Block: layer3.3 | Channels: 232
[*] Physically Pruning Block: layer3.3 | Channels: 232
[*] Physically Pruning Block: layer3.3 | Channels: 232
[*] Physically Pruning Block: layer3.3 | Channels: 232
[*] Physically Pruning Block: layer3.4 | Channels: 232
[*] Physically Pruning Block: layer3.4 | Channels: 232
[*] Physically Pruning Block: layer3.4 | Channels: 232
[*] Physically Pruning Block: layer3.4 | Channels: 232
[*] Physically Pruning Block: layer3.5 | Channels: 232
[*] Physically Pruning Block: layer3.5 | Channels: 232
[*] Physically Pruning Block: layer3.5 | Channels: 232
[*] Physically Pruning Block: layer3.5 | Channels: 232
[*] Physically Pruning Block: layer4.0 | Channels: 465
[*] Physically Pruning Block: layer4.0 | Channels: 465
[*] Physically Pruning Block: layer4.0 | Channels: 465
[*] Physically Pruning Block: layer4.0 | Channels: 465
[*] Physically Pruning Block: layer4.0 | Channels: 465
[*] Physically Pruning Block: layer4.0 | Channels: 465
[*] Physically Pruning Block: layer4.1 | Channels: 465
[*] Physically Pruning Block: layer4.1 | Channels: 465
[*] Physically Pruning Block: layer4.1 | Channels: 465
[*] Physically Pruning Block: layer4.1 | Channels: 465
[*] Physically Pruning Block: layer4.2 | Channels: 465
[*] Physically Pruning Block: layer4.2 | Channels: 465
[*] Physically Pruning Block: layer4.2 | Channels: 465
[*] Physically Pruning Block: layer4.2 | Channels: 465
[*] Final FC Synced: 512 features

========================================
📊 [Pruning Result Summary]
 - Original Params: 21.328 M
 - Pruned Params:   14.001 M
 - Compression Ratio: 34.35 %
========================================

FT Epoch [1/70] | Loss: 0.5346 | Val Acc: 65.31% | LR: 0.00999
 ⭐ Best model saved with Acc: 65.31%
FT Epoch [2/70] | Loss: 0.3928 | Val Acc: 67.68% | LR: 0.00998
 ⭐ Best model saved with Acc: 67.68%
FT Epoch [3/70] | Loss: 0.3132 | Val Acc: 68.15% | LR: 0.00995
 ⭐ Best model saved with Acc: 68.15%
FT Epoch [4/70] | Loss: 0.2720 | Val Acc: 69.61% | LR: 0.00992
 ⭐ Best model saved with Acc: 69.61%
FT Epoch [5/70] | Loss: 0.2430 | Val Acc: 70.77% | LR: 0.00987
 ⭐ Best model saved with Acc: 70.77%
FT Epoch [6/70] | Loss: 0.1997 | Val Acc: 71.66% | LR: 0.00982
 ⭐ Best model saved with Acc: 71.66%
FT Epoch [7/70] | Loss: 0.1885 | Val Acc: 70.63% | LR: 0.00976
FT Epoch [8/70] | Loss: 0.1663 | Val Acc: 70.35% | LR: 0.00968
FT Epoch [9/70] | Loss: 0.1608 | Val Acc: 70.70% | LR: 0.00960
FT Epoch [10/70] | Loss: 0.1475 | Val Acc: 71.62% | LR: 0.00950
FT Epoch [11/70] | Loss: 0.1335 | Val Acc: 71.57% | LR: 0.00940
FT Epoch [12/70] | Loss: 0.1242 | Val Acc: 72.45% | LR: 0.00929
 ⭐ Best model saved with Acc: 72.45%
FT Epoch [13/70] | Loss: 0.1200 | Val Acc: 72.24% | LR: 0.00917
FT Epoch [14/70] | Loss: 0.1109 | Val Acc: 72.11% | LR: 0.00905
FT Epoch [15/70] | Loss: 0.0961 | Val Acc: 72.62% | LR: 0.00891
 ⭐ Best model saved with Acc: 72.62%
FT Epoch [16/70] | Loss: 0.0915 | Val Acc: 73.75% | LR: 0.00877
 ⭐ Best model saved with Acc: 73.75%
FT Epoch [17/70] | Loss: 0.0869 | Val Acc: 73.02% | LR: 0.00861
FT Epoch [18/70] | Loss: 0.0830 | Val Acc: 73.10% | LR: 0.00846
FT Epoch [19/70] | Loss: 0.0755 | Val Acc: 73.16% | LR: 0.00829
FT Epoch [20/70] | Loss: 0.0672 | Val Acc: 73.23% | LR: 0.00812
FT Epoch [21/70] | Loss: 0.0601 | Val Acc: 73.64% | LR: 0.00794
FT Epoch [22/70] | Loss: 0.0617 | Val Acc: 73.89% | LR: 0.00775
 ⭐ Best model saved with Acc: 73.89%
FT Epoch [23/70] | Loss: 0.0570 | Val Acc: 74.19% | LR: 0.00756
 ⭐ Best model saved with Acc: 74.19%
FT Epoch [24/70] | Loss: 0.0472 | Val Acc: 74.63% | LR: 0.00737
 ⭐ Best model saved with Acc: 74.63%
FT Epoch [25/70] | Loss: 0.0388 | Val Acc: 74.70% | LR: 0.00717
 ⭐ Best model saved with Acc: 74.70%
FT Epoch [26/70] | Loss: 0.0345 | Val Acc: 75.08% | LR: 0.00697
 ⭐ Best model saved with Acc: 75.08%
FT Epoch [27/70] | Loss: 0.0295 | Val Acc: 75.60% | LR: 0.00676
 ⭐ Best model saved with Acc: 75.60%
FT Epoch [28/70] | Loss: 0.0299 | Val Acc: 75.56% | LR: 0.00655
FT Epoch [29/70] | Loss: 0.0288 | Val Acc: 76.34% | LR: 0.00633
 ⭐ Best model saved with Acc: 76.34%
FT Epoch [30/70] | Loss: 0.0219 | Val Acc: 76.61% | LR: 0.00611
 ⭐ Best model saved with Acc: 76.61%
FT Epoch [31/70] | Loss: 0.0215 | Val Acc: 75.54% | LR: 0.00589
FT Epoch [32/70] | Loss: 0.0164 | Val Acc: 76.51% | LR: 0.00567
FT Epoch [33/70] | Loss: 0.0150 | Val Acc: 76.78% | LR: 0.00545
 ⭐ Best model saved with Acc: 76.78%
FT Epoch [34/70] | Loss: 0.0121 | Val Acc: 77.46% | LR: 0.00522
 ⭐ Best model saved with Acc: 77.46%
FT Epoch [35/70] | Loss: 0.0110 | Val Acc: 77.13% | LR: 0.00500
FT Epoch [36/70] | Loss: 0.0110 | Val Acc: 77.25% | LR: 0.00478
FT Epoch [37/70] | Loss: 0.0094 | Val Acc: 77.42% | LR: 0.00455
FT Epoch [38/70] | Loss: 0.0078 | Val Acc: 77.57% | LR: 0.00433
 ⭐ Best model saved with Acc: 77.57%
FT Epoch [39/70] | Loss: 0.0076 | Val Acc: 77.68% | LR: 0.00411
 ⭐ Best model saved with Acc: 77.68%
FT Epoch [40/70] | Loss: 0.0080 | Val Acc: 77.46% | LR: 0.00389
FT Epoch [41/70] | Loss: 0.0071 | Val Acc: 77.84% | LR: 0.00367
 ⭐ Best model saved with Acc: 77.84%
FT Epoch [42/70] | Loss: 0.0071 | Val Acc: 77.99% | LR: 0.00345
 ⭐ Best model saved with Acc: 77.99%
FT Epoch [43/70] | Loss: 0.0066 | Val Acc: 77.76% | LR: 0.00324
FT Epoch [44/70] | Loss: 0.0063 | Val Acc: 78.31% | LR: 0.00303
 ⭐ Best model saved with Acc: 78.31%
FT Epoch [45/70] | Loss: 0.0059 | Val Acc: 78.02% | LR: 0.00283
FT Epoch [46/70] | Loss: 0.0062 | Val Acc: 78.46% | LR: 0.00263
 ⭐ Best model saved with Acc: 78.46%
FT Epoch [47/70] | Loss: 0.0060 | Val Acc: 78.19% | LR: 0.00244
FT Epoch [48/70] | Loss: 0.0058 | Val Acc: 78.39% | LR: 0.00225
FT Epoch [49/70] | Loss: 0.0058 | Val Acc: 78.36% | LR: 0.00206
FT Epoch [50/70] | Loss: 0.0057 | Val Acc: 78.50% | LR: 0.00188
 ⭐ Best model saved with Acc: 78.50%
FT Epoch [51/70] | Loss: 0.0056 | Val Acc: 78.46% | LR: 0.00171
FT Epoch [52/70] | Loss: 0.0057 | Val Acc: 78.75% | LR: 0.00154
 ⭐ Best model saved with Acc: 78.75%
FT Epoch [53/70] | Loss: 0.0056 | Val Acc: 78.50% | LR: 0.00139
FT Epoch [54/70] | Loss: 0.0054 | Val Acc: 78.85% | LR: 0.00123
 ⭐ Best model saved with Acc: 78.85%
FT Epoch [55/70] | Loss: 0.0055 | Val Acc: 78.69% | LR: 0.00109
FT Epoch [56/70] | Loss: 0.0055 | Val Acc: 78.63% | LR: 0.00095
FT Epoch [57/70] | Loss: 0.0056 | Val Acc: 78.72% | LR: 0.00083
FT Epoch [58/70] | Loss: 0.0053 | Val Acc: 78.89% | LR: 0.00071
 ⭐ Best model saved with Acc: 78.89%
FT Epoch [59/70] | Loss: 0.0055 | Val Acc: 78.67% | LR: 0.00060
FT Epoch [60/70] | Loss: 0.0055 | Val Acc: 78.87% | LR: 0.00050
FT Epoch [61/70] | Loss: 0.0055 | Val Acc: 78.86% | LR: 0.00040
FT Epoch [62/70] | Loss: 0.0054 | Val Acc: 78.69% | LR: 0.00032
FT Epoch [63/70] | Loss: 0.0056 | Val Acc: 78.57% | LR: 0.00024
FT Epoch [64/70] | Loss: 0.0053 | Val Acc: 78.86% | LR: 0.00018
FT Epoch [65/70] | Loss: 0.0052 | Val Acc: 78.67% | LR: 0.00013
FT Epoch [66/70] | Loss: 0.0053 | Val Acc: 78.80% | LR: 0.00008
FT Epoch [67/70] | Loss: 0.0055 | Val Acc: 78.71% | LR: 0.00005
FT Epoch [68/70] | Loss: 0.0053 | Val Acc: 78.63% | LR: 0.00002
FT Epoch [69/70] | Loss: 0.0054 | Val Acc: 78.67% | LR: 0.00001
FT Epoch [70/70] | Loss: 0.0054 | Val Acc: 78.78% | LR: 0.00000

✅ PAT Experiment (normalization) Finished.

🔍 Evaluating Final Model on Test Set...
🏆 Final Test Accuracy: 78.89%
📊 Final Compression Ratio: 34.35%
📊 Final Parameters: 14.001M
