📝 Logging started: resnet152_pdt_20260216_113024.log
✅ CIFAR-100 Data loaded: Train(50000), Val/Test(10000)
Experimental Mode: N/A
Target Model: resnet152 | Dataset: cifar100

[Stage 1] Analyzing Residual Topology for resnet via PyTorch FX...

==================== Final Topology Groups ====================
 Group  1 | Channels:  256 | Layers: layer1.0.bn3 ... (2 layers)
 Group  2 | Channels:  256 | Layers: layer1.1.bn3 ... (1 layers)
 Group  3 | Channels:  256 | Layers: layer1.2.bn3 ... (1 layers)
 Group  4 | Channels:  512 | Layers: layer2.0.bn3 ... (2 layers)
 Group  5 | Channels:  512 | Layers: layer2.1.bn3 ... (1 layers)
 Group  6 | Channels:  512 | Layers: layer2.2.bn3 ... (1 layers)
 Group  7 | Channels:  512 | Layers: layer2.3.bn3 ... (1 layers)
 Group  8 | Channels:  512 | Layers: layer2.4.bn3 ... (1 layers)
 Group  9 | Channels:  512 | Layers: layer2.5.bn3 ... (1 layers)
 Group 10 | Channels:  512 | Layers: layer2.6.bn3 ... (1 layers)
 Group 11 | Channels:  512 | Layers: layer2.7.bn3 ... (1 layers)
 Group 12 | Channels: 1024 | Layers: layer3.0.bn3 ... (2 layers)
 Group 13 | Channels: 1024 | Layers: layer3.1.bn3 ... (1 layers)
 Group 14 | Channels: 1024 | Layers: layer3.2.bn3 ... (1 layers)
 Group 15 | Channels: 1024 | Layers: layer3.3.bn3 ... (1 layers)
 Group 16 | Channels: 1024 | Layers: layer3.4.bn3 ... (1 layers)
 Group 17 | Channels: 1024 | Layers: layer3.5.bn3 ... (1 layers)
 Group 18 | Channels: 1024 | Layers: layer3.6.bn3 ... (1 layers)
 Group 19 | Channels: 1024 | Layers: layer3.7.bn3 ... (1 layers)
 Group 20 | Channels: 1024 | Layers: layer3.8.bn3 ... (1 layers)
 Group 21 | Channels: 1024 | Layers: layer3.9.bn3 ... (1 layers)
 Group 22 | Channels: 1024 | Layers: layer3.10.bn3 ... (1 layers)
 Group 23 | Channels: 1024 | Layers: layer3.11.bn3 ... (1 layers)
 Group 24 | Channels: 1024 | Layers: layer3.12.bn3 ... (1 layers)
 Group 25 | Channels: 1024 | Layers: layer3.13.bn3 ... (1 layers)
 Group 26 | Channels: 1024 | Layers: layer3.14.bn3 ... (1 layers)
 Group 27 | Channels: 1024 | Layers: layer3.15.bn3 ... (1 layers)
 Group 28 | Channels: 1024 | Layers: layer3.16.bn3 ... (1 layers)
 Group 29 | Channels: 1024 | Layers: layer3.17.bn3 ... (1 layers)
 Group 30 | Channels: 1024 | Layers: layer3.18.bn3 ... (1 layers)
 Group 31 | Channels: 1024 | Layers: layer3.19.bn3 ... (1 layers)
 Group 32 | Channels: 1024 | Layers: layer3.20.bn3 ... (1 layers)
 Group 33 | Channels: 1024 | Layers: layer3.21.bn3 ... (1 layers)
 Group 34 | Channels: 1024 | Layers: layer3.22.bn3 ... (1 layers)
 Group 35 | Channels: 1024 | Layers: layer3.23.bn3 ... (1 layers)
 Group 36 | Channels: 1024 | Layers: layer3.24.bn3 ... (1 layers)
 Group 37 | Channels: 1024 | Layers: layer3.25.bn3 ... (1 layers)
 Group 38 | Channels: 1024 | Layers: layer3.26.bn3 ... (1 layers)
 Group 39 | Channels: 1024 | Layers: layer3.27.bn3 ... (1 layers)
 Group 40 | Channels: 1024 | Layers: layer3.28.bn3 ... (1 layers)
 Group 41 | Channels: 1024 | Layers: layer3.29.bn3 ... (1 layers)
 Group 42 | Channels: 1024 | Layers: layer3.30.bn3 ... (1 layers)
 Group 43 | Channels: 1024 | Layers: layer3.31.bn3 ... (1 layers)
 Group 44 | Channels: 1024 | Layers: layer3.32.bn3 ... (1 layers)
 Group 45 | Channels: 1024 | Layers: layer3.33.bn3 ... (1 layers)
 Group 46 | Channels: 1024 | Layers: layer3.34.bn3 ... (1 layers)
 Group 47 | Channels: 1024 | Layers: layer3.35.bn3 ... (1 layers)
 Group 48 | Channels: 2048 | Layers: layer4.0.bn3 ... (2 layers)
 Group 49 | Channels: 2048 | Layers: layer4.1.bn3 ... (1 layers)
 Group 50 | Channels: 2048 | Layers: layer4.2.bn3 ... (1 layers)
===============================================================
[*] Total 50 groups identified.


[Pruner Init] Strict Conv-Topology Mode Activated
[*] Applied Min Survival Guarantee: 10.0%
[*] Only defined groups (1-50) will be pruned.

>>> [System] Loading pre-trained model: ./exp/checkpoints/resnet152_base.pth
✅ Success: Weights loaded from resnet152_base.pth

>>> [Pilot Check] Strategy: PDT | Start Epoch: 120 | Target Ratio: 0.2

=== [Stage 1 & 4] Initial State Analysis ===
[*] Topology Status: 517 nodes currently in graph.
-------------------------------------------------------  ------------  ------------  ------------  ------------  ------------  ------------  ------------  ------------  ------------  ------------  ------------  ------------  ------------  ------------  ------------  
                                                   Name    Self CPU %      Self CPU   CPU total %     CPU total  CPU time avg     Self CUDA   Self CUDA %    CUDA total  CUDA time avg       CPU Mem  Self CPU Mem      CUDA Mem  Self CUDA Mem    # of Calls  Total KFLOPs  
-------------------------------------------------------  ------------  ------------  ------------  ------------  ------------  ------------  ------------  ------------  ------------  ------------  ------------  ------------  ------------  ------------  ------------  
                           aten::_batch_norm_impl_index         0.18%     248.661us        12.75%      17.548ms     113.212us       0.000us         0.00%       1.809ms      11.668us           0 B           0 B       1.32 GB           0 B           155            --  
                                 aten::cudnn_batch_norm        10.21%      14.060ms        12.57%      17.299ms     111.608us       1.784ms        21.50%       1.809ms      11.668us           0 B           0 B       1.32 GB           0 B           155            --  
                                            aten::empty         0.89%       1.221ms         1.45%       1.992ms       2.571us       0.000us         0.00%       0.000us       0.000us           0 B           0 B       1.32 GB       1.32 GB           775            --  
                                       aten::batch_norm         0.19%     262.632us        12.94%      17.811ms     114.907us       0.000us         0.00%       1.809ms      11.668us           0 B           0 B       1.32 GB    -595.00 KB           155            --  
                                       aten::empty_like         0.14%     193.620us         0.95%       1.310ms       8.451us       0.000us         0.00%       0.000us       0.000us           0 B           0 B       1.32 GB           0 B           155            --  
                                           aten::conv2d         0.17%     230.443us        69.21%      95.260ms     614.578us       0.000us         0.00%       6.525ms      42.097us           0 B           0 B       1.32 GB           0 B           155  364767477.760  
                                      aten::convolution         0.23%     315.494us        69.04%      95.029ms     613.091us       0.000us         0.00%       6.525ms      42.097us           0 B           0 B       1.32 GB           0 B           155            --  
                                     aten::_convolution         0.79%       1.088ms        68.81%      94.714ms     611.056us       0.000us         0.00%       6.525ms      42.097us           0 B           0 B       1.32 GB           0 B           155            --  
                                aten::cudnn_convolution        62.32%      85.786ms        68.02%      93.625ms     604.034us       5.110ms        61.60%       6.525ms      42.097us           0 B           0 B       1.32 GB       1.32 GB           155            --  
                                           aten::linear         0.03%      40.540us         1.07%       1.466ms       1.466ms       0.000us         0.00%      17.920us      17.920us           0 B           0 B       9.13 MB           0 B             1            --  
-------------------------------------------------------  ------------  ------------  ------------  ------------  ------------  ------------  ------------  ------------  ------------  ------------  ------------  ------------  ------------  ------------  ------------  
Self CPU time total: 137.644ms
Self CUDA time total: 8.295ms


[Action] Triggering PDT Pruning at Epoch 120...

[Scientific Metrics - Epoch 120]
 🟢 Model Size: 221.98 MB | 🔵 Sparsity: 0.00 % | 🟡 Speedup: 1.00x
💾 Checkpoint saved: ./exp/checkpoints/resnet152_pdt_ep120_sp0.0.pth
Epoch 120/200 | Loss: 1.1889 | Val Acc: 60.08%
Epoch 121/200 | Loss: 0.8597 | Val Acc: 63.38%
Epoch 122/200 | Loss: 0.8269 | Val Acc: 63.61%
Epoch 123/200 | Loss: 0.7925 | Val Acc: 63.33%
Epoch 124/200 | Loss: 0.7560 | Val Acc: 64.70%
Epoch 125/200 | Loss: 0.7286 | Val Acc: 65.91%
Epoch 126/200 | Loss: 0.7023 | Val Acc: 68.12%
Epoch 127/200 | Loss: 0.6752 | Val Acc: 66.59%
Epoch 128/200 | Loss: 0.6604 | Val Acc: 65.42%
Epoch 129/200 | Loss: 0.6472 | Val Acc: 67.07%
Epoch 130/200 | Loss: 0.6334 | Val Acc: 65.62%
Epoch 131/200 | Loss: 0.6147 | Val Acc: 67.71%
Epoch 132/200 | Loss: 0.6038 | Val Acc: 67.63%
Epoch 133/200 | Loss: 0.6003 | Val Acc: 66.45%
Epoch 134/200 | Loss: 0.5881 | Val Acc: 67.94%
Epoch 135/200 | Loss: 0.5732 | Val Acc: 67.92%
Epoch 136/200 | Loss: 0.5742 | Val Acc: 66.63%
Epoch 137/200 | Loss: 0.5643 | Val Acc: 66.44%
Epoch 138/200 | Loss: 0.5606 | Val Acc: 67.45%
Epoch 139/200 | Loss: 0.5577 | Val Acc: 68.40%

[Action] Triggering PDT Pruning at Epoch 140...

[Scientific Metrics - Epoch 140]
 🟢 Model Size: 221.98 MB | 🔵 Sparsity: 0.00 % | 🟡 Speedup: 1.00x
💾 Checkpoint saved: ./exp/checkpoints/resnet152_pdt_ep140_sp0.0.pth
Epoch 140/200 | Loss: 0.8372 | Val Acc: 65.94%
Epoch 141/200 | Loss: 0.5540 | Val Acc: 69.15%
Epoch 142/200 | Loss: 0.5441 | Val Acc: 67.62%
Epoch 143/200 | Loss: 0.5434 | Val Acc: 69.11%
Epoch 144/200 | Loss: 0.5400 | Val Acc: 67.60%
Epoch 145/200 | Loss: 0.5397 | Val Acc: 67.32%
Epoch 146/200 | Loss: 0.5361 | Val Acc: 68.59%
Epoch 147/200 | Loss: 0.5368 | Val Acc: 66.96%
Epoch 148/200 | Loss: 0.5363 | Val Acc: 68.89%
Epoch 149/200 | Loss: 0.5260 | Val Acc: 67.88%
Epoch 150/200 | Loss: 0.5234 | Val Acc: 67.02%
Epoch 151/200 | Loss: 0.5267 | Val Acc: 67.63%
Epoch 152/200 | Loss: 0.5229 | Val Acc: 69.17%
Epoch 153/200 | Loss: 0.5204 | Val Acc: 68.11%
Epoch 154/200 | Loss: 0.5268 | Val Acc: 67.54%
Epoch 155/200 | Loss: 0.5180 | Val Acc: 67.64%
Epoch 156/200 | Loss: 0.5206 | Val Acc: 67.05%
Epoch 157/200 | Loss: 0.5224 | Val Acc: 69.11%
Epoch 158/200 | Loss: 0.5203 | Val Acc: 67.12%
Epoch 159/200 | Loss: 0.5240 | Val Acc: 67.21%

[Action] Triggering PDT Pruning at Epoch 160...

[Scientific Metrics - Epoch 160]
 🟢 Model Size: 221.98 MB | 🔵 Sparsity: 0.00 % | 🟡 Speedup: 1.00x
💾 Checkpoint saved: ./exp/checkpoints/resnet152_pdt_ep160_sp0.0.pth
Epoch 160/200 | Loss: 0.7841 | Val Acc: 62.33%
Epoch 161/200 | Loss: 0.5074 | Val Acc: 67.47%
Epoch 162/200 | Loss: 0.5055 | Val Acc: 67.36%
Epoch 163/200 | Loss: 0.5120 | Val Acc: 68.59%
Epoch 164/200 | Loss: 0.5029 | Val Acc: 68.62%
Epoch 165/200 | Loss: 0.5152 | Val Acc: 67.52%
Epoch 166/200 | Loss: 0.5129 | Val Acc: 66.01%
Epoch 167/200 | Loss: 0.5127 | Val Acc: 68.25%
Epoch 168/200 | Loss: 0.5160 | Val Acc: 67.05%
Epoch 169/200 | Loss: 0.5058 | Val Acc: 68.74%
Epoch 170/200 | Loss: 0.5059 | Val Acc: 66.91%
Epoch 171/200 | Loss: 0.5112 | Val Acc: 68.46%
Epoch 172/200 | Loss: 0.5111 | Val Acc: 68.83%
Epoch 173/200 | Loss: 0.5109 | Val Acc: 68.86%
Epoch 174/200 | Loss: 0.5053 | Val Acc: 67.30%
Epoch 175/200 | Loss: 0.5038 | Val Acc: 65.12%
Epoch 176/200 | Loss: 0.4987 | Val Acc: 68.04%
Epoch 177/200 | Loss: 0.4960 | Val Acc: 69.25%
Epoch 178/200 | Loss: 0.5026 | Val Acc: 68.66%
Epoch 179/200 | Loss: 0.5036 | Val Acc: 68.84%

[Action] Triggering PDT Pruning at Epoch 180...

[Scientific Metrics - Epoch 180]
 🟢 Model Size: 221.98 MB | 🔵 Sparsity: 0.00 % | 🟡 Speedup: 1.00x
💾 Checkpoint saved: ./exp/checkpoints/resnet152_pdt_ep180_sp0.0.pth
Epoch 180/200 | Loss: 0.7804 | Val Acc: 63.01%
Epoch 181/200 | Loss: 0.5023 | Val Acc: 69.31%
Epoch 182/200 | Loss: 0.4946 | Val Acc: 67.19%
Epoch 183/200 | Loss: 0.4940 | Val Acc: 66.49%
Epoch 184/200 | Loss: 0.4992 | Val Acc: 68.82%
Epoch 185/200 | Loss: 0.5065 | Val Acc: 67.62%
Epoch 186/200 | Loss: 0.4985 | Val Acc: 66.33%
Epoch 187/200 | Loss: 0.4963 | Val Acc: 69.52%
Epoch 188/200 | Loss: 0.4999 | Val Acc: 69.07%
Epoch 189/200 | Loss: 0.5023 | Val Acc: 67.51%
Epoch 190/200 | Loss: 0.4947 | Val Acc: 65.58%
Epoch 191/200 | Loss: 0.4958 | Val Acc: 66.12%
Epoch 192/200 | Loss: 0.5004 | Val Acc: 68.90%
