📝 Logging started: resnet152_pdt_20260216_234012.log
✅ CIFAR-100 Data loaded: Train(50000), Val/Test(10000)
Experimental Mode: N/A
Target Model: resnet152 | Dataset: cifar100

[Stage 1] Analyzing Residual Topology for resnet via PyTorch FX...

==================== Final Topology Groups ====================
 Group  1 | Channels:  256 | Layers: layer1.0.bn3 ... (2 layers)
 Group  2 | Channels:  256 | Layers: layer1.1.bn3 ... (1 layers)
 Group  3 | Channels:  256 | Layers: layer1.2.bn3 ... (1 layers)
 Group  4 | Channels:  512 | Layers: layer2.0.bn3 ... (2 layers)
 Group  5 | Channels:  512 | Layers: layer2.1.bn3 ... (1 layers)
 Group  6 | Channels:  512 | Layers: layer2.2.bn3 ... (1 layers)
 Group  7 | Channels:  512 | Layers: layer2.3.bn3 ... (1 layers)
 Group  8 | Channels:  512 | Layers: layer2.4.bn3 ... (1 layers)
 Group  9 | Channels:  512 | Layers: layer2.5.bn3 ... (1 layers)
 Group 10 | Channels:  512 | Layers: layer2.6.bn3 ... (1 layers)
 Group 11 | Channels:  512 | Layers: layer2.7.bn3 ... (1 layers)
 Group 12 | Channels: 1024 | Layers: layer3.0.bn3 ... (2 layers)
 Group 13 | Channels: 1024 | Layers: layer3.1.bn3 ... (1 layers)
 Group 14 | Channels: 1024 | Layers: layer3.2.bn3 ... (1 layers)
 Group 15 | Channels: 1024 | Layers: layer3.3.bn3 ... (1 layers)
 Group 16 | Channels: 1024 | Layers: layer3.4.bn3 ... (1 layers)
 Group 17 | Channels: 1024 | Layers: layer3.5.bn3 ... (1 layers)
 Group 18 | Channels: 1024 | Layers: layer3.6.bn3 ... (1 layers)
 Group 19 | Channels: 1024 | Layers: layer3.7.bn3 ... (1 layers)
 Group 20 | Channels: 1024 | Layers: layer3.8.bn3 ... (1 layers)
 Group 21 | Channels: 1024 | Layers: layer3.9.bn3 ... (1 layers)
 Group 22 | Channels: 1024 | Layers: layer3.10.bn3 ... (1 layers)
 Group 23 | Channels: 1024 | Layers: layer3.11.bn3 ... (1 layers)
 Group 24 | Channels: 1024 | Layers: layer3.12.bn3 ... (1 layers)
 Group 25 | Channels: 1024 | Layers: layer3.13.bn3 ... (1 layers)
 Group 26 | Channels: 1024 | Layers: layer3.14.bn3 ... (1 layers)
 Group 27 | Channels: 1024 | Layers: layer3.15.bn3 ... (1 layers)
 Group 28 | Channels: 1024 | Layers: layer3.16.bn3 ... (1 layers)
 Group 29 | Channels: 1024 | Layers: layer3.17.bn3 ... (1 layers)
 Group 30 | Channels: 1024 | Layers: layer3.18.bn3 ... (1 layers)
 Group 31 | Channels: 1024 | Layers: layer3.19.bn3 ... (1 layers)
 Group 32 | Channels: 1024 | Layers: layer3.20.bn3 ... (1 layers)
 Group 33 | Channels: 1024 | Layers: layer3.21.bn3 ... (1 layers)
 Group 34 | Channels: 1024 | Layers: layer3.22.bn3 ... (1 layers)
 Group 35 | Channels: 1024 | Layers: layer3.23.bn3 ... (1 layers)
 Group 36 | Channels: 1024 | Layers: layer3.24.bn3 ... (1 layers)
 Group 37 | Channels: 1024 | Layers: layer3.25.bn3 ... (1 layers)
 Group 38 | Channels: 1024 | Layers: layer3.26.bn3 ... (1 layers)
 Group 39 | Channels: 1024 | Layers: layer3.27.bn3 ... (1 layers)
 Group 40 | Channels: 1024 | Layers: layer3.28.bn3 ... (1 layers)
 Group 41 | Channels: 1024 | Layers: layer3.29.bn3 ... (1 layers)
 Group 42 | Channels: 1024 | Layers: layer3.30.bn3 ... (1 layers)
 Group 43 | Channels: 1024 | Layers: layer3.31.bn3 ... (1 layers)
 Group 44 | Channels: 1024 | Layers: layer3.32.bn3 ... (1 layers)
 Group 45 | Channels: 1024 | Layers: layer3.33.bn3 ... (1 layers)
 Group 46 | Channels: 1024 | Layers: layer3.34.bn3 ... (1 layers)
 Group 47 | Channels: 1024 | Layers: layer3.35.bn3 ... (1 layers)
 Group 48 | Channels: 2048 | Layers: layer4.0.bn3 ... (2 layers)
 Group 49 | Channels: 2048 | Layers: layer4.1.bn3 ... (1 layers)
 Group 50 | Channels: 2048 | Layers: layer4.2.bn3 ... (1 layers)
===============================================================
[*] Total 50 groups identified.


[Pruner Init] Strict Conv-Topology Mode Activated
[*] Applied Min Survival Guarantee: 10.0%
[*] Total 50 groups linked to 311 prunable layers.

>>> [System] Loading pre-trained model: ./exp/checkpoints/resnet152_base.pth
✅ Success: Weights loaded from resnet152_base.pth

>>> [Pilot Check] Strategy: PDT | Start Epoch: 120 | Target Ratio: 0.2

=== [Stage 1 & 4] Initial State Analysis ===
[*] Topology Status: 517 nodes currently in graph.
-------------------------------------------------------  ------------  ------------  ------------  ------------  ------------  ------------  ------------  ------------  ------------  ------------  ------------  ------------  ------------  ------------  ------------  
                                                   Name    Self CPU %      Self CPU   CPU total %     CPU total  CPU time avg     Self CUDA   Self CUDA %    CUDA total  CUDA time avg       CPU Mem  Self CPU Mem      CUDA Mem  Self CUDA Mem    # of Calls  Total KFLOPs  
-------------------------------------------------------  ------------  ------------  ------------  ------------  ------------  ------------  ------------  ------------  ------------  ------------  ------------  ------------  ------------  ------------  ------------  
                           aten::_batch_norm_impl_index         0.18%     245.264us        12.80%      17.666ms     113.972us       0.000us         0.00%       1.805ms      11.645us           0 B           0 B       1.32 GB           0 B           155            --  
                                 aten::cudnn_batch_norm        10.29%      14.195ms        12.62%      17.420ms     112.390us       1.780ms        21.47%       1.805ms      11.645us           0 B           0 B       1.32 GB           0 B           155            --  
                                            aten::empty         0.88%       1.210ms         1.43%       1.968ms       2.539us       0.000us         0.00%       0.000us       0.000us           0 B           0 B       1.32 GB       1.32 GB           775            --  
                                       aten::batch_norm         0.19%     264.204us        12.99%      17.930ms     115.677us       0.000us         0.00%       1.805ms      11.645us           0 B           0 B       1.32 GB    -595.00 KB           155            --  
                                       aten::empty_like         0.14%     192.936us         0.94%       1.296ms       8.364us       0.000us         0.00%       0.000us       0.000us           0 B           0 B       1.32 GB           0 B           155            --  
                                           aten::conv2d         0.16%     227.434us        68.92%      95.114ms     613.639us       0.000us         0.00%       6.519ms      42.058us           0 B           0 B       1.32 GB           0 B           155  364767477.760  
                                      aten::convolution         0.22%     304.127us        68.75%      94.887ms     612.172us       0.000us         0.00%       6.519ms      42.058us           0 B           0 B       1.32 GB           0 B           155            --  
                                     aten::_convolution         0.79%       1.096ms        68.53%      94.583ms     610.210us       0.000us         0.00%       6.519ms      42.058us           0 B           0 B       1.32 GB           0 B           155            --  
                                aten::cudnn_convolution        62.03%      85.617ms        67.74%      93.486ms     603.138us       5.108ms        61.60%       6.519ms      42.058us           0 B           0 B       1.32 GB       1.32 GB           155            --  
                                           aten::linear         0.03%      39.297us         1.11%       1.529ms       1.529ms       0.000us         0.00%      18.048us      18.048us           0 B           0 B       9.13 MB           0 B             1            --  
-------------------------------------------------------  ------------  ------------  ------------  ------------  ------------  ------------  ------------  ------------  ------------  ------------  ------------  ------------  ------------  ------------  ------------  
Self CPU time total: 138.016ms
Self CUDA time total: 8.292ms


[Action] Triggering PDT Pruning at Epoch 120...

[DEBUG] === step_pruning Started at Epoch 120 ===
[DEBUG] Current Model Sparsity: 0.00% (Alive: 100.00%)
[DEBUG] I am looking for: 'layer1.0.bn3'
[DEBUG] Closest names in actual model: ['layer1.0.bn3', 'layer4.0.bn3', 'layer3.0.bn3']
[DEBUG] Target Groups for Hessian: [1, 2, 3, 4, 5, 6, 7, 8, 9, 10, 11, 12, 13, 14, 15, 16, 17, 18, 19, 20, 21, 22, 23, 24, 25, 26, 27, 28, 29, 30, 31, 32, 33, 34, 35, 36, 37, 38, 39, 40]
[DEBUG] Calculating Hessian for 43 parameters...
[DEBUG] Total Unit Candidates: 34560
[DEBUG] Target Keep Ratio: 0.8800 (Inc: 0.8800)
[DEBUG] Lagrangian Decision: Pruned 9274 units.
[DEBUG] Actual Mask Updates: 11066 channels.

============================== PDT Pruning Results: Epoch 120 ==============================
 [*] Pruned this step: 11066
 Group  1 |    0/ 256 |   100.0% |     0.015515 | [TARGET]
 Group  2 |    0/ 256 |   100.0% |     0.000000 | [TARGET]
 Group  3 |  218/ 256 |    14.8% |     0.031315 | [TARGET]
 Group  4 |    0/ 512 |   100.0% |     0.008045 | [TARGET]
 Group  5 |  338/ 512 |    34.0% |     0.017605 | [TARGET]
 Group  6 |  384/ 512 |    25.0% |     0.046114 | [TARGET]
 Group  7 |  422/ 512 |    17.6% |     0.039349 | [TARGET]
 Group  8 |  436/ 512 |    14.8% |     0.041410 | [TARGET]
 Group  9 |  467/ 512 |     8.8% |     0.015018 | [TARGET]
 Group 10 |  487/ 512 |     4.9% |     0.013274 | [TARGET]
 Group 11 |  487/ 512 |     4.9% |     0.029062 | [TARGET]
 Group 12 |    0/1024 |   100.0% |     0.032596 | [TARGET]
 Group 13 |  812/1024 |    20.7% |     0.003251 | [TARGET]
 Group 14 |  836/1024 |    18.4% |     0.011550 | [TARGET]
 Group 15 |  852/1024 |    16.8% |     0.025261 | [TARGET]
 Group 16 |  865/1024 |    15.5% |     0.020672 | [TARGET]
 Group 17 |  868/1024 |    15.2% |     0.013231 | [TARGET]
 Group 18 |  871/1024 |    14.9% |     0.021917 | [TARGET]
 Group 19 |  873/1024 |    14.7% |     0.019884 | [TARGET]
 Group 20 |  876/1024 |    14.5% |     0.025518 | [TARGET]
 Group 21 |  897/1024 |    12.4% |     0.029195 | [TARGET]
 Group 22 |  879/1024 |    14.2% |     0.010262 | [TARGET]
 Group 23 |  894/1024 |    12.7% |     0.010932 | [TARGET]
 Group 24 |  833/1024 |    18.7% |     0.018055 | [TARGET]
 Group 25 |  902/1024 |    11.9% |     0.018246 | [TARGET]
 Group 26 |  898/1024 |    12.3% |     0.009067 | [TARGET]
 Group 27 |  901/1024 |    12.0% |     0.017787 | [TARGET]
 Group 28 |  903/1024 |    11.8% |     0.016380 | [TARGET]
 Group 29 |  929/1024 |     9.3% |     0.036084 | [TARGET]
 Group 30 |  934/1024 |     8.8% |     0.011432 | [TARGET]
 Group 31 |  931/1024 |     9.1% |     0.026257 | [TARGET]
 Group 32 |  251/1024 |    75.5% |     0.006322 | [TARGET]
 Group 33 |    0/1024 |   100.0% |     0.000000 | [TARGET]
 Group 34 |  479/1024 |    53.2% |     0.010433 | [TARGET]
 Group 35 |  887/1024 |    13.4% |     0.020633 | [TARGET]
 Group 36 |  929/1024 |     9.3% |     0.020874 | [TARGET]
 Group 37 |  645/1024 |    37.0% |     0.010886 | [TARGET]
 Group 38 |  921/1024 |    10.1% |     0.012810 | [TARGET]
 Group 39 |  926/1024 |     9.6% |     0.027166 | [TARGET]
 Group 40 |  255/1024 |    75.1% |     0.004894 | [TARGET]
 Group 41 | 1024/1024 |     0.0% |     0.000000 | [FIXED]
 Group 42 | 1024/1024 |     0.0% |     0.000000 | [FIXED]
 Group 43 | 1024/1024 |     0.0% |     0.000000 | [FIXED]
 Group 44 | 1024/1024 |     0.0% |     0.000000 | [FIXED]
 Group 45 | 1024/1024 |     0.0% |     0.000000 | [FIXED]
 Group 46 | 1024/1024 |     0.0% |     0.000000 | [FIXED]
 Group 47 | 1024/1024 |     0.0% |     0.000000 | [FIXED]
 Group 48 | 2048/2048 |     0.0% |     0.000000 | [FIXED]
 Group 49 | 2048/2048 |     0.0% |     0.000000 | [FIXED]
 Group 50 | 2048/2048 |     0.0% |     0.000000 | [FIXED]

[Scientific Metrics]
 🟢 Model Size: 221.98 MB / 🔵 Sparsity: 0.00 %
 🟠 GPU Mem: 4076.17 MB
=========================================================================================


[Scientific Metrics - Epoch 120]
 🟢 Model Size: 221.98 MB | 🔵 Sparsity: 0.00 % | 🟡 Speedup: 1.00x
💾 Checkpoint saved: ./exp/checkpoints/resnet152_pdt_ep120_sp0.0.pth
