📝 Logging started: vgg16_pdt_20260219_162541.log
✅ CIFAR-100 Data loaded: Train(50000), Val/Test(10000)
Experimental Mode: N/A
Target Model: vgg16 | Dataset: cifar100

[Stage 1] Analyzing VGG-style Topology (Conv + Classifier) for vgg...
[Stage 1] Adding Classifier Linear layers to VGG groups...

==================== Final Topology Groups ====================
 Group  1 | Channels:   64 | Layers: features.0 ... (2 layers)
 Group  2 | Channels:  128 | Layers: features.10 ... (2 layers)
 Group  3 | Channels:  256 | Layers: features.14 ... (3 layers)
 Group  4 | Channels:  512 | Layers: features.24 ... (3 layers)
 Group  5 | Channels:  512 | Layers: features.34 ... (3 layers)
 Group  6 | Channels: 4096 | Layers: classifier.0 ... (1 layers)
 Group  7 | Channels: 4096 | Layers: classifier.3 ... (1 layers)
===============================================================
[*] Total 7 groups identified.


[Pruner Init] Identified 7 groups for pruning.
[*] Applied Min Survival Guarantee: 10.0%
[System] Initializing PDTPruner (Stable Version)

>>> Strategy: PDT | Total Epochs: 200
>>> Pruning starts at Epoch 40, every 20 epochs.
Epoch 1/200 | Loss: 4.4200 | Val Acc: 6.10% | Peak VRAM: 742.45 MB
Epoch 2/200 | Loss: 3.9794 | Val Acc: 12.03% | Peak VRAM: 742.45 MB
Epoch 3/200 | Loss: 3.6478 | Val Acc: 16.21% | Peak VRAM: 742.45 MB
Epoch 4/200 | Loss: 3.4304 | Val Acc: 19.11% | Peak VRAM: 742.45 MB
Epoch 5/200 | Loss: 3.2454 | Val Acc: 22.41% | Peak VRAM: 742.45 MB
Epoch 6/200 | Loss: 3.0822 | Val Acc: 26.40% | Peak VRAM: 742.45 MB
Epoch 7/200 | Loss: 2.9317 | Val Acc: 28.31% | Peak VRAM: 742.45 MB
Epoch 8/200 | Loss: 2.8040 | Val Acc: 29.73% | Peak VRAM: 742.45 MB
Epoch 9/200 | Loss: 2.6819 | Val Acc: 31.81% | Peak VRAM: 742.45 MB
Epoch 10/200 | Loss: 2.5810 | Val Acc: 34.47% | Peak VRAM: 742.45 MB
Epoch 11/200 | Loss: 2.4928 | Val Acc: 35.06% | Peak VRAM: 742.45 MB
Epoch 12/200 | Loss: 2.4056 | Val Acc: 36.54% | Peak VRAM: 742.45 MB
Epoch 13/200 | Loss: 2.3267 | Val Acc: 38.57% | Peak VRAM: 742.45 MB
Epoch 14/200 | Loss: 2.2466 | Val Acc: 40.19% | Peak VRAM: 742.45 MB
Epoch 15/200 | Loss: 2.1814 | Val Acc: 40.12% | Peak VRAM: 742.45 MB
Epoch 16/200 | Loss: 2.1151 | Val Acc: 43.06% | Peak VRAM: 742.45 MB
Epoch 17/200 | Loss: 2.0551 | Val Acc: 42.52% | Peak VRAM: 742.45 MB
Epoch 18/200 | Loss: 2.0003 | Val Acc: 45.17% | Peak VRAM: 742.45 MB
Epoch 19/200 | Loss: 1.9421 | Val Acc: 46.09% | Peak VRAM: 742.45 MB
Epoch 20/200 | Loss: 1.8875 | Val Acc: 45.63% | Peak VRAM: 742.45 MB
Epoch 21/200 | Loss: 1.8403 | Val Acc: 47.29% | Peak VRAM: 742.45 MB
Epoch 22/200 | Loss: 1.7911 | Val Acc: 47.49% | Peak VRAM: 742.45 MB
Epoch 23/200 | Loss: 1.7378 | Val Acc: 47.47% | Peak VRAM: 742.45 MB
Epoch 24/200 | Loss: 1.7035 | Val Acc: 48.37% | Peak VRAM: 742.45 MB
Epoch 25/200 | Loss: 1.6519 | Val Acc: 50.02% | Peak VRAM: 742.45 MB
Epoch 26/200 | Loss: 1.6099 | Val Acc: 50.66% | Peak VRAM: 742.45 MB
Epoch 27/200 | Loss: 1.5751 | Val Acc: 51.45% | Peak VRAM: 742.45 MB
Epoch 28/200 | Loss: 1.5325 | Val Acc: 51.57% | Peak VRAM: 742.45 MB
Epoch 29/200 | Loss: 1.4965 | Val Acc: 51.80% | Peak VRAM: 742.45 MB
Epoch 30/200 | Loss: 1.4465 | Val Acc: 51.56% | Peak VRAM: 742.45 MB
Epoch 31/200 | Loss: 1.4124 | Val Acc: 52.78% | Peak VRAM: 742.45 MB
Epoch 32/200 | Loss: 1.3759 | Val Acc: 52.77% | Peak VRAM: 742.45 MB
Epoch 33/200 | Loss: 1.3439 | Val Acc: 53.73% | Peak VRAM: 742.45 MB
Epoch 34/200 | Loss: 1.3131 | Val Acc: 53.77% | Peak VRAM: 742.45 MB
Epoch 35/200 | Loss: 1.2820 | Val Acc: 53.82% | Peak VRAM: 742.45 MB
Epoch 36/200 | Loss: 1.2510 | Val Acc: 53.92% | Peak VRAM: 742.45 MB
Epoch 37/200 | Loss: 1.2101 | Val Acc: 54.80% | Peak VRAM: 742.45 MB
Epoch 38/200 | Loss: 1.1814 | Val Acc: 55.01% | Peak VRAM: 742.45 MB
Epoch 39/200 | Loss: 1.1384 | Val Acc: 54.47% | Peak VRAM: 742.45 MB

[System] Saving Baseline Dense Model before pruning starts...
📊 Dense Baseline - Acc: 54.63%, Size: 129.68 MB
💾 Saved Baseline: vgg16_DENSE_BASELINE.pth


[DEBUG] >>> PRUNING @ Epoch 40

[DEBUG] !!! PRUNING TRIGGERED !!! Epoch 40/200

============================== PDT Pruning Report: Epoch 40 ==============================
 [*] Pruned this step: 1986 units | VRAM: 871.0MB -> 871.0MB
 Group  1 |   64/  64 |     0.0% | Hessian: 0.135318
 Group  2 |  128/ 128 |     0.0% | Hessian: 0.212441
 Group  3 |  256/ 256 |     0.0% | Hessian: 0.285865
 Group  4 |  512/ 512 |     0.0% | Hessian: 0.191213
 Group  5 |  512/ 512 |     0.0% | Hessian: 0.201636
 Group  6 | 3514/4096 |    14.2% | Hessian: 0.105669
 Group  7 | 2692/4096 |    34.3% | Hessian: 0.149249

[Scientific Metrics] 🟢 Size: 106.60MB | 🔵 Sparsity: 17.79% | 🟡 Speedup: 1.22x
=========================================================================================


[Scientific Metrics - Epoch 40]
 🟢 Model Size: 129.68 MB -> 106.60 MB
 🔵 Sparsity: 15.87 %
 🟡 Speedup: 1.22x
💾 Checkpoint saved: vgg16_pdt_ep40_sp15.87.pth
Epoch 40/200 | Loss: 1.1989 | Val Acc: 52.65% | Peak VRAM: 2496.67 MB
Epoch 41/200 | Loss: 1.1719 | Val Acc: 55.01% | Peak VRAM: 742.14 MB
Epoch 42/200 | Loss: 1.1112 | Val Acc: 55.68% | Peak VRAM: 742.14 MB
Epoch 43/200 | Loss: 1.0620 | Val Acc: 55.29% | Peak VRAM: 742.14 MB
Epoch 44/200 | Loss: 1.0316 | Val Acc: 57.52% | Peak VRAM: 742.14 MB
Epoch 45/200 | Loss: 1.0022 | Val Acc: 56.96% | Peak VRAM: 742.14 MB
Epoch 46/200 | Loss: 0.9768 | Val Acc: 56.18% | Peak VRAM: 742.14 MB
Epoch 47/200 | Loss: 0.9442 | Val Acc: 55.78% | Peak VRAM: 742.14 MB
Epoch 48/200 | Loss: 0.9193 | Val Acc: 56.63% | Peak VRAM: 742.14 MB
Epoch 49/200 | Loss: 0.8861 | Val Acc: 56.41% | Peak VRAM: 742.14 MB
Epoch 50/200 | Loss: 0.8611 | Val Acc: 56.82% | Peak VRAM: 742.14 MB
Epoch 51/200 | Loss: 0.8377 | Val Acc: 57.28% | Peak VRAM: 742.14 MB
Epoch 52/200 | Loss: 0.8155 | Val Acc: 57.28% | Peak VRAM: 742.14 MB
Epoch 53/200 | Loss: 0.7950 | Val Acc: 57.61% | Peak VRAM: 742.14 MB
Epoch 54/200 | Loss: 0.7731 | Val Acc: 56.06% | Peak VRAM: 742.14 MB
Epoch 55/200 | Loss: 0.7468 | Val Acc: 56.59% | Peak VRAM: 742.14 MB
Epoch 56/200 | Loss: 0.7249 | Val Acc: 57.04% | Peak VRAM: 742.14 MB
Epoch 57/200 | Loss: 0.7043 | Val Acc: 56.30% | Peak VRAM: 742.14 MB
Epoch 58/200 | Loss: 0.6833 | Val Acc: 58.08% | Peak VRAM: 742.14 MB
Epoch 59/200 | Loss: 0.6628 | Val Acc: 57.94% | Peak VRAM: 742.14 MB

[DEBUG] >>> PRUNING @ Epoch 60

[DEBUG] !!! PRUNING TRIGGERED !!! Epoch 60/200

============================== PDT Pruning Report: Epoch 60 ==============================
 [*] Pruned this step: 928 units | VRAM: 870.5MB -> 870.5MB
 Group  1 |   64/  64 |     0.0% | Hessian: 0.037122
 Group  2 |  128/ 128 |     0.0% | Hessian: 0.244208
 Group  3 |  256/ 256 |     0.0% | Hessian: 0.260741
 Group  4 |  512/ 512 |     0.0% | Hessian: 0.364932
 Group  5 |  512/ 512 |     0.0% | Hessian: 0.182281
 Group  6 | 3474/4096 |    15.2% | Hessian: 0.098085
 Group  7 | 1804/4096 |    56.0% | Hessian: 0.101779

[Scientific Metrics] 🟢 Size: 92.65MB | 🔵 Sparsity: 28.55% | 🟡 Speedup: 1.40x
=========================================================================================


[Scientific Metrics - Epoch 60]
 🟢 Model Size: 129.68 MB -> 92.65 MB
 🔵 Sparsity: 23.28 %
 🟡 Speedup: 1.40x
💾 Checkpoint saved: vgg16_pdt_ep60_sp23.28.pth
Epoch 60/200 | Loss: 0.7641 | Val Acc: 57.41% | Peak VRAM: 2498.17 MB
Epoch 61/200 | Loss: 0.6833 | Val Acc: 57.03% | Peak VRAM: 742.14 MB
Epoch 62/200 | Loss: 0.6496 | Val Acc: 57.82% | Peak VRAM: 742.14 MB
Epoch 63/200 | Loss: 0.6263 | Val Acc: 57.70% | Peak VRAM: 742.14 MB
Epoch 64/200 | Loss: 0.6016 | Val Acc: 56.80% | Peak VRAM: 742.14 MB
Epoch 65/200 | Loss: 0.5836 | Val Acc: 57.50% | Peak VRAM: 742.14 MB
Epoch 66/200 | Loss: 0.5678 | Val Acc: 58.68% | Peak VRAM: 742.14 MB
Epoch 67/200 | Loss: 0.5531 | Val Acc: 56.78% | Peak VRAM: 742.14 MB
Epoch 68/200 | Loss: 0.5450 | Val Acc: 58.36% | Peak VRAM: 742.14 MB
Epoch 69/200 | Loss: 0.5297 | Val Acc: 58.48% | Peak VRAM: 742.14 MB
Epoch 70/200 | Loss: 0.5156 | Val Acc: 57.08% | Peak VRAM: 742.14 MB
Epoch 71/200 | Loss: 0.4964 | Val Acc: 57.25% | Peak VRAM: 742.14 MB
Epoch 72/200 | Loss: 0.4879 | Val Acc: 58.99% | Peak VRAM: 742.14 MB
Epoch 73/200 | Loss: 0.4818 | Val Acc: 58.59% | Peak VRAM: 742.14 MB
Epoch 74/200 | Loss: 0.4719 | Val Acc: 58.81% | Peak VRAM: 742.14 MB
Epoch 75/200 | Loss: 0.4582 | Val Acc: 57.59% | Peak VRAM: 742.14 MB
Epoch 76/200 | Loss: 0.4518 | Val Acc: 58.15% | Peak VRAM: 742.14 MB
Epoch 77/200 | Loss: 0.4449 | Val Acc: 58.78% | Peak VRAM: 742.14 MB
Epoch 78/200 | Loss: 0.4401 | Val Acc: 58.64% | Peak VRAM: 742.14 MB
Epoch 79/200 | Loss: 0.4271 | Val Acc: 58.42% | Peak VRAM: 742.14 MB

[DEBUG] >>> PRUNING @ Epoch 80

[DEBUG] !!! PRUNING TRIGGERED !!! Epoch 80/200

============================== PDT Pruning Report: Epoch 80 ==============================
 [*] Pruned this step: 1032 units | VRAM: 870.0MB -> 870.0MB
 Group  1 |   64/  64 |     0.0% | Hessian: 0.117969
 Group  2 |  128/ 128 |     0.0% | Hessian: 0.244530
 Group  3 |  256/ 256 |     0.0% | Hessian: 0.211017
 Group  4 |  512/ 512 |     0.0% | Hessian: 0.201105
 Group  5 |  512/ 512 |     0.0% | Hessian: 0.174653
 Group  6 | 3401/4096 |    17.0% | Hessian: 0.078174
 Group  7 |  845/4096 |    79.4% | Hessian: 0.053295

[Scientific Metrics] 🟢 Size: 77.52MB | 🔵 Sparsity: 40.22% | 🟡 Speedup: 1.67x
=========================================================================================


[Scientific Metrics - Epoch 80]
 🟢 Model Size: 129.68 MB -> 77.52 MB
 🔵 Sparsity: 31.53 %
 🟡 Speedup: 1.67x
💾 Checkpoint saved: vgg16_pdt_ep80_sp31.53.pth
Epoch 80/200 | Loss: 0.7776 | Val Acc: 60.39% | Peak VRAM: 2497.92 MB
Epoch 81/200 | Loss: 0.5317 | Val Acc: 59.28% | Peak VRAM: 742.14 MB
Epoch 82/200 | Loss: 0.4787 | Val Acc: 59.43% | Peak VRAM: 742.14 MB
Epoch 83/200 | Loss: 0.4471 | Val Acc: 60.11% | Peak VRAM: 742.14 MB
Epoch 84/200 | Loss: 0.4295 | Val Acc: 59.42% | Peak VRAM: 742.14 MB
Epoch 85/200 | Loss: 0.4165 | Val Acc: 58.60% | Peak VRAM: 742.14 MB
Epoch 86/200 | Loss: 0.4081 | Val Acc: 58.00% | Peak VRAM: 742.14 MB
Epoch 87/200 | Loss: 0.4060 | Val Acc: 59.79% | Peak VRAM: 742.14 MB
Epoch 88/200 | Loss: 0.4005 | Val Acc: 57.99% | Peak VRAM: 742.14 MB
Epoch 89/200 | Loss: 0.3882 | Val Acc: 58.21% | Peak VRAM: 742.14 MB
Epoch 90/200 | Loss: 0.3888 | Val Acc: 60.72% | Peak VRAM: 742.14 MB
Epoch 91/200 | Loss: 0.3798 | Val Acc: 59.94% | Peak VRAM: 742.14 MB
Epoch 92/200 | Loss: 0.3778 | Val Acc: 59.02% | Peak VRAM: 742.14 MB
Epoch 93/200 | Loss: 0.3740 | Val Acc: 59.30% | Peak VRAM: 742.14 MB
Epoch 94/200 | Loss: 0.3646 | Val Acc: 59.74% | Peak VRAM: 742.14 MB
Epoch 95/200 | Loss: 0.3632 | Val Acc: 59.88% | Peak VRAM: 742.14 MB
Epoch 96/200 | Loss: 0.3556 | Val Acc: 59.94% | Peak VRAM: 742.14 MB
Epoch 97/200 | Loss: 0.3591 | Val Acc: 59.38% | Peak VRAM: 742.14 MB
Epoch 98/200 | Loss: 0.3546 | Val Acc: 59.08% | Peak VRAM: 742.14 MB
Epoch 99/200 | Loss: 0.3462 | Val Acc: 60.66% | Peak VRAM: 742.14 MB

[DEBUG] >>> PRUNING @ Epoch 100

[DEBUG] !!! PRUNING TRIGGERED !!! Epoch 100/200

============================== PDT Pruning Report: Epoch 100 ==============================
 [*] Pruned this step: 1953 units | VRAM: 870.0MB -> 870.0MB
 Group  1 |   64/  64 |     0.0% | Hessian: 0.090547
 Group  2 |  128/ 128 |     0.0% | Hessian: 0.177884
 Group  3 |  256/ 256 |     0.0% | Hessian: 0.208385
 Group  4 |  512/ 512 |     0.0% | Hessian: 0.243163
 Group  5 |  511/ 512 |     0.2% | Hessian: 0.155745
 Group  6 | 2262/4096 |    44.8% | Hessian: 0.050567
 Group  7 |   34/4096 |    99.2% | Hessian: 0.028741

[Scientific Metrics] 🟢 Size: 62.57MB | 🔵 Sparsity: 51.75% | 🟡 Speedup: 2.07x
=========================================================================================


[Scientific Metrics - Epoch 100]
 🟢 Model Size: 129.68 MB -> 62.57 MB
 🔵 Sparsity: 47.13 %
 🟡 Speedup: 2.07x
💾 Checkpoint saved: vgg16_pdt_ep100_sp47.13.pth
Epoch 100/200 | Loss: 3.1915 | Val Acc: 55.50% | Peak VRAM: 2497.92 MB
Epoch 101/200 | Loss: 2.1702 | Val Acc: 58.59% | Peak VRAM: 742.14 MB
Epoch 102/200 | Loss: 1.8067 | Val Acc: 58.05% | Peak VRAM: 742.14 MB
Epoch 103/200 | Loss: 1.6070 | Val Acc: 59.13% | Peak VRAM: 742.14 MB
Epoch 104/200 | Loss: 1.4927 | Val Acc: 58.53% | Peak VRAM: 742.14 MB
Epoch 105/200 | Loss: 1.4049 | Val Acc: 59.65% | Peak VRAM: 742.14 MB
Epoch 106/200 | Loss: 1.3625 | Val Acc: 59.16% | Peak VRAM: 742.14 MB
Epoch 107/200 | Loss: 1.2956 | Val Acc: 60.31% | Peak VRAM: 742.14 MB
Epoch 108/200 | Loss: 1.2593 | Val Acc: 59.72% | Peak VRAM: 742.14 MB
Epoch 109/200 | Loss: 1.2306 | Val Acc: 58.89% | Peak VRAM: 742.14 MB
Epoch 110/200 | Loss: 1.2090 | Val Acc: 59.51% | Peak VRAM: 742.14 MB
Epoch 111/200 | Loss: 1.1861 | Val Acc: 59.74% | Peak VRAM: 742.14 MB
Epoch 112/200 | Loss: 1.1791 | Val Acc: 58.58% | Peak VRAM: 742.14 MB
Epoch 113/200 | Loss: 1.1535 | Val Acc: 58.99% | Peak VRAM: 742.14 MB
Epoch 114/200 | Loss: 1.1452 | Val Acc: 60.58% | Peak VRAM: 742.14 MB
Epoch 115/200 | Loss: 1.1264 | Val Acc: 60.72% | Peak VRAM: 742.14 MB
Epoch 116/200 | Loss: 1.1100 | Val Acc: 60.78% | Peak VRAM: 742.14 MB
Epoch 117/200 | Loss: 1.0969 | Val Acc: 60.12% | Peak VRAM: 742.14 MB
Epoch 118/200 | Loss: 1.1006 | Val Acc: 59.52% | Peak VRAM: 742.14 MB
Epoch 119/200 | Loss: 1.0898 | Val Acc: 60.45% | Peak VRAM: 742.14 MB

[DEBUG] >>> PRUNING @ Epoch 120

[DEBUG] !!! PRUNING TRIGGERED !!! Epoch 120/200

============================== PDT Pruning Report: Epoch 120 ==============================
 [*] Pruned this step: 2451 units | VRAM: 870.0MB -> 870.0MB
 Group  1 |   64/  64 |     0.0% | Hessian: 0.063354
 Group  2 |  128/ 128 |     0.0% | Hessian: 0.253777
 Group  3 |  256/ 256 |     0.0% | Hessian: 0.171185
 Group  4 |  512/ 512 |     0.0% | Hessian: 0.190730
 Group  5 |  453/ 512 |    11.5% | Hessian: 0.162523
 Group  6 |   19/4096 |    99.5% | Hessian: 0.039243
 Group  7 |    0/4096 |   100.0% | Hessian: 0.001716

[Scientific Metrics] 🟢 Size: 54.60MB | 🔵 Sparsity: 57.89% | 🟡 Speedup: 2.37x
=========================================================================================


[Scientific Metrics - Epoch 120]
 🟢 Model Size: 129.68 MB -> 54.60 MB
 🔵 Sparsity: 66.71 %
 🟡 Speedup: 2.37x
💾 Checkpoint saved: vgg16_pdt_ep120_sp66.71.pth
Epoch 120/200 | Loss: 4.5967 | Val Acc: 1.00% | Peak VRAM: 2497.92 MB
Epoch 121/200 | Loss: 4.6055 | Val Acc: 1.00% | Peak VRAM: 742.14 MB
Epoch 122/200 | Loss: 4.6055 | Val Acc: 1.00% | Peak VRAM: 742.14 MB
Epoch 123/200 | Loss: 4.6055 | Val Acc: 1.00% | Peak VRAM: 742.14 MB
Epoch 124/200 | Loss: 4.6055 | Val Acc: 1.00% | Peak VRAM: 742.14 MB
Epoch 125/200 | Loss: 4.6055 | Val Acc: 1.00% | Peak VRAM: 742.14 MB
Epoch 126/200 | Loss: 4.6055 | Val Acc: 1.00% | Peak VRAM: 742.14 MB
Epoch 127/200 | Loss: 4.6055 | Val Acc: 1.00% | Peak VRAM: 742.14 MB
Epoch 128/200 | Loss: 4.6055 | Val Acc: 1.00% | Peak VRAM: 742.14 MB
Epoch 129/200 | Loss: 4.6055 | Val Acc: 1.00% | Peak VRAM: 742.14 MB
Epoch 130/200 | Loss: 4.6055 | Val Acc: 1.00% | Peak VRAM: 742.14 MB
Epoch 131/200 | Loss: 4.6055 | Val Acc: 1.00% | Peak VRAM: 742.14 MB
Epoch 132/200 | Loss: 4.6055 | Val Acc: 1.00% | Peak VRAM: 742.14 MB
Epoch 133/200 | Loss: 4.6055 | Val Acc: 1.00% | Peak VRAM: 742.14 MB
Epoch 134/200 | Loss: 4.6055 | Val Acc: 1.00% | Peak VRAM: 742.14 MB
Epoch 135/200 | Loss: 4.6055 | Val Acc: 1.00% | Peak VRAM: 742.14 MB
Epoch 136/200 | Loss: 4.6055 | Val Acc: 1.00% | Peak VRAM: 742.14 MB
Epoch 137/200 | Loss: 4.6055 | Val Acc: 1.00% | Peak VRAM: 742.14 MB
Epoch 138/200 | Loss: 4.6055 | Val Acc: 1.00% | Peak VRAM: 742.14 MB
Epoch 139/200 | Loss: 4.6055 | Val Acc: 1.00% | Peak VRAM: 742.14 MB

[DEBUG] >>> PRUNING @ Epoch 140

[DEBUG] !!! PRUNING TRIGGERED !!! Epoch 140/200

============================== PDT Pruning Report: Epoch 140 ==============================
 [*] Pruned this step: 3924 units | VRAM: 869.5MB -> 869.5MB
 Group  1 |   33/  64 |    48.4% | Hessian: 0.000000
 Group  2 |    0/ 128 |   100.0% | Hessian: 0.000000
 Group  3 |    0/ 256 |   100.0% | Hessian: 0.000000
 Group  4 |    0/ 512 |   100.0% | Hessian: 0.000000
 Group  5 |   19/ 512 |    96.3% | Hessian: 0.000000
 Group  6 |   19/4096 |    99.5% | Hessian: 0.000000
 Group  7 |    0/4096 |   100.0% | Hessian: 0.000000

[Scientific Metrics] 🟢 Size: 2.68MB | 🔵 Sparsity: 97.94% | 🟡 Speedup: 48.43x
=========================================================================================


[Scientific Metrics - Epoch 140]
 🟢 Model Size: 129.68 MB -> 2.68 MB
 🔵 Sparsity: 98.07 %
 🟡 Speedup: 48.43x
💾 Checkpoint saved: vgg16_pdt_ep140_sp98.07.pth
Epoch 140/200 | Loss: 4.6055 | Val Acc: 1.00% | Peak VRAM: 2364.68 MB
Epoch 141/200 | Loss: 4.6055 | Val Acc: 1.00% | Peak VRAM: 742.14 MB
Epoch 142/200 | Loss: 4.6055 | Val Acc: 1.00% | Peak VRAM: 742.14 MB
Epoch 143/200 | Loss: 4.6055 | Val Acc: 1.00% | Peak VRAM: 742.14 MB
Epoch 144/200 | Loss: 4.6055 | Val Acc: 1.00% | Peak VRAM: 742.14 MB
Epoch 145/200 | Loss: 4.6055 | Val Acc: 1.00% | Peak VRAM: 742.14 MB
Epoch 146/200 | Loss: 4.6055 | Val Acc: 1.00% | Peak VRAM: 742.14 MB
Epoch 147/200 | Loss: 4.6055 | Val Acc: 1.00% | Peak VRAM: 742.14 MB
Epoch 148/200 | Loss: 4.6055 | Val Acc: 1.00% | Peak VRAM: 742.14 MB
Epoch 149/200 | Loss: 4.6055 | Val Acc: 1.00% | Peak VRAM: 742.14 MB
Epoch 150/200 | Loss: 4.6055 | Val Acc: 1.00% | Peak VRAM: 742.14 MB
Epoch 151/200 | Loss: 4.6055 | Val Acc: 1.00% | Peak VRAM: 742.14 MB
Epoch 152/200 | Loss: 4.6055 | Val Acc: 1.00% | Peak VRAM: 742.14 MB
Epoch 153/200 | Loss: 4.6055 | Val Acc: 1.00% | Peak VRAM: 742.14 MB
Epoch 154/200 | Loss: 4.6055 | Val Acc: 1.00% | Peak VRAM: 742.14 MB
Epoch 155/200 | Loss: 4.6055 | Val Acc: 1.00% | Peak VRAM: 742.14 MB
Epoch 156/200 | Loss: 4.6055 | Val Acc: 1.00% | Peak VRAM: 742.14 MB
Epoch 157/200 | Loss: 4.6055 | Val Acc: 1.00% | Peak VRAM: 742.14 MB
Epoch 158/200 | Loss: 4.6055 | Val Acc: 1.00% | Peak VRAM: 742.14 MB
Epoch 159/200 | Loss: 4.6055 | Val Acc: 1.00% | Peak VRAM: 742.14 MB

[DEBUG] >>> PRUNING @ Epoch 160

[DEBUG] !!! PRUNING TRIGGERED !!! Epoch 160/200

============================== PDT Pruning Report: Epoch 160 ==============================
 [*] Pruned this step: 0 units | VRAM: 869.5MB -> 869.5MB
 Group  1 |   33/  64 |    48.4% | Hessian: 0.000000
 Group  2 |    0/ 128 |   100.0% | Hessian: 0.000000
 Group  3 |    0/ 256 |   100.0% | Hessian: 0.000000
 Group  4 |    0/ 512 |   100.0% | Hessian: 0.000000
 Group  5 |   19/ 512 |    96.3% | Hessian: 0.000000
 Group  6 |   19/4096 |    99.5% | Hessian: 0.000000
 Group  7 |    0/4096 |   100.0% | Hessian: 0.000000

[Scientific Metrics] 🟢 Size: 2.68MB | 🔵 Sparsity: 97.94% | 🟡 Speedup: 48.43x
=========================================================================================


[Scientific Metrics - Epoch 160]
 🟢 Model Size: 129.68 MB -> 2.68 MB
 🔵 Sparsity: 98.07 %
 🟡 Speedup: 48.43x
💾 Checkpoint saved: vgg16_pdt_ep160_sp98.07.pth
Epoch 160/200 | Loss: 4.6055 | Val Acc: 1.00% | Peak VRAM: 2364.68 MB
Epoch 161/200 | Loss: 4.6055 | Val Acc: 1.00% | Peak VRAM: 742.14 MB
Epoch 162/200 | Loss: 4.6055 | Val Acc: 1.00% | Peak VRAM: 742.14 MB
Epoch 163/200 | Loss: 4.6055 | Val Acc: 1.00% | Peak VRAM: 742.14 MB
Epoch 164/200 | Loss: 4.6055 | Val Acc: 1.00% | Peak VRAM: 742.14 MB
Epoch 165/200 | Loss: 4.6055 | Val Acc: 1.00% | Peak VRAM: 742.14 MB
Epoch 166/200 | Loss: 4.6055 | Val Acc: 1.00% | Peak VRAM: 742.14 MB
Epoch 167/200 | Loss: 4.6055 | Val Acc: 1.00% | Peak VRAM: 742.14 MB
Epoch 168/200 | Loss: 4.6055 | Val Acc: 1.00% | Peak VRAM: 742.14 MB
Epoch 169/200 | Loss: 4.6055 | Val Acc: 1.00% | Peak VRAM: 742.14 MB
Epoch 170/200 | Loss: 4.6055 | Val Acc: 1.00% | Peak VRAM: 742.14 MB
Epoch 171/200 | Loss: 4.6055 | Val Acc: 1.00% | Peak VRAM: 742.14 MB
Epoch 172/200 | Loss: 4.6055 | Val Acc: 1.00% | Peak VRAM: 742.14 MB
Epoch 173/200 | Loss: 4.6055 | Val Acc: 1.00% | Peak VRAM: 742.14 MB
Epoch 174/200 | Loss: 4.6055 | Val Acc: 1.00% | Peak VRAM: 742.14 MB
Epoch 175/200 | Loss: 4.6055 | Val Acc: 1.00% | Peak VRAM: 742.14 MB
Epoch 176/200 | Loss: 4.6055 | Val Acc: 1.00% | Peak VRAM: 742.14 MB
Epoch 177/200 | Loss: 4.6055 | Val Acc: 1.00% | Peak VRAM: 742.14 MB
Epoch 178/200 | Loss: 4.6055 | Val Acc: 1.00% | Peak VRAM: 742.14 MB
Epoch 179/200 | Loss: 4.6055 | Val Acc: 1.00% | Peak VRAM: 742.14 MB

[DEBUG] >>> PRUNING @ Epoch 180

[DEBUG] !!! PRUNING TRIGGERED !!! Epoch 180/200

============================== PDT Pruning Report: Epoch 180 ==============================
 [*] Pruned this step: 0 units | VRAM: 869.5MB -> 869.5MB
 Group  1 |   33/  64 |    48.4% | Hessian: 0.000000
 Group  2 |    0/ 128 |   100.0% | Hessian: 0.000000
 Group  3 |    0/ 256 |   100.0% | Hessian: 0.000000
 Group  4 |    0/ 512 |   100.0% | Hessian: 0.000000
 Group  5 |   19/ 512 |    96.3% | Hessian: 0.000000
 Group  6 |   19/4096 |    99.5% | Hessian: 0.000000
 Group  7 |    0/4096 |   100.0% | Hessian: 0.000000

[Scientific Metrics] 🟢 Size: 2.68MB | 🔵 Sparsity: 97.94% | 🟡 Speedup: 48.43x
=========================================================================================


[Scientific Metrics - Epoch 180]
 🟢 Model Size: 129.68 MB -> 2.68 MB
 🔵 Sparsity: 98.07 %
 🟡 Speedup: 48.43x
💾 Checkpoint saved: vgg16_pdt_ep180_sp98.07.pth
Epoch 180/200 | Loss: 4.6055 | Val Acc: 1.00% | Peak VRAM: 2364.68 MB
Epoch 181/200 | Loss: 4.6055 | Val Acc: 1.00% | Peak VRAM: 742.14 MB
Epoch 182/200 | Loss: 4.6055 | Val Acc: 1.00% | Peak VRAM: 742.14 MB
Epoch 183/200 | Loss: 4.6055 | Val Acc: 1.00% | Peak VRAM: 742.14 MB
Epoch 184/200 | Loss: 4.6055 | Val Acc: 1.00% | Peak VRAM: 742.14 MB
Epoch 185/200 | Loss: 4.6055 | Val Acc: 1.00% | Peak VRAM: 742.14 MB
Epoch 186/200 | Loss: 4.6055 | Val Acc: 1.00% | Peak VRAM: 742.14 MB
Epoch 187/200 | Loss: 4.6055 | Val Acc: 1.00% | Peak VRAM: 742.14 MB
Epoch 188/200 | Loss: 4.6055 | Val Acc: 1.00% | Peak VRAM: 742.14 MB
Epoch 189/200 | Loss: 4.6055 | Val Acc: 1.00% | Peak VRAM: 742.14 MB
Epoch 190/200 | Loss: 4.6055 | Val Acc: 1.00% | Peak VRAM: 742.14 MB
Epoch 191/200 | Loss: 4.6055 | Val Acc: 1.00% | Peak VRAM: 742.14 MB
Epoch 192/200 | Loss: 4.6055 | Val Acc: 1.00% | Peak VRAM: 742.14 MB
Epoch 193/200 | Loss: 4.6055 | Val Acc: 1.00% | Peak VRAM: 742.14 MB
Epoch 194/200 | Loss: 4.6055 | Val Acc: 1.00% | Peak VRAM: 742.14 MB
Epoch 195/200 | Loss: 4.6055 | Val Acc: 1.00% | Peak VRAM: 742.14 MB
Epoch 196/200 | Loss: 4.6055 | Val Acc: 1.00% | Peak VRAM: 742.14 MB
Epoch 197/200 | Loss: 4.6055 | Val Acc: 1.00% | Peak VRAM: 742.14 MB
Epoch 198/200 | Loss: 4.6055 | Val Acc: 1.00% | Peak VRAM: 742.14 MB
Epoch 199/200 | Loss: 4.6055 | Val Acc: 1.00% | Peak VRAM: 742.14 MB

[DEBUG] >>> PRUNING @ Epoch 200

[DEBUG] !!! PRUNING TRIGGERED !!! Epoch 200/200

============================== PDT Pruning Report: Epoch 200 ==============================
 [*] Pruned this step: 0 units | VRAM: 869.5MB -> 869.5MB
 Group  1 |   33/  64 |    48.4% | Hessian: 0.000000
 Group  2 |    0/ 128 |   100.0% | Hessian: 0.000000
 Group  3 |    0/ 256 |   100.0% | Hessian: 0.000000
 Group  4 |    0/ 512 |   100.0% | Hessian: 0.000000
 Group  5 |   19/ 512 |    96.3% | Hessian: 0.000000
 Group  6 |   19/4096 |    99.5% | Hessian: 0.000000
 Group  7 |    0/4096 |   100.0% | Hessian: 0.000000

[Scientific Metrics] 🟢 Size: 2.68MB | 🔵 Sparsity: 97.94% | 🟡 Speedup: 48.43x
=========================================================================================


[Scientific Metrics - Epoch 200]
 🟢 Model Size: 129.68 MB -> 2.68 MB
 🔵 Sparsity: 98.07 %
 🟡 Speedup: 48.43x
💾 Checkpoint saved: vgg16_pdt_ep200_sp98.07.pth
Epoch 200/200 | Loss: 4.6055 | Val Acc: 1.00% | Peak VRAM: 2364.68 MB

🏁 Final Model Saved: ./exp/checkpoints/vgg16_pdt_final.pth

================ FINAL PHYSICAL COMPRESSION ================

