📝 Logging started: vgg16_pdt_20260219_102418.log
✅ CIFAR-100 Data loaded: Train(50000), Val/Test(10000)
Experimental Mode: N/A
Target Model: vgg16 | Dataset: cifar100

[Stage 1] Analyzing VGG-style Topology (Conv + Classifier) for vgg...
[Stage 1] Adding Classifier Linear layers to VGG groups...

==================== Final Topology Groups ====================
 Group  1 | Channels:   64 | Layers: features.0 ... (2 layers)
 Group  2 | Channels:  128 | Layers: features.10 ... (2 layers)
 Group  3 | Channels:  256 | Layers: features.14 ... (3 layers)
 Group  4 | Channels:  512 | Layers: features.24 ... (3 layers)
 Group  5 | Channels:  512 | Layers: features.34 ... (3 layers)
 Group  6 | Channels: 4096 | Layers: classifier.0 ... (1 layers)
 Group  7 | Channels: 4096 | Layers: classifier.3 ... (1 layers)
===============================================================
[*] Total 7 groups identified.


[Pruner Init] Identified 7 groups for pruning.
[*] Applied Min Survival Guarantee: 10.0%
[System] Initializing PDTPruner (Stable Version)

>>> Strategy: PDT | Total Epochs: 200
>>> Pruning starts at Epoch 40, every 20 epochs.
Epoch 1/200 | Loss: 4.4352 | Val Acc: 5.60% | Peak VRAM: 742.45 MB
Epoch 2/200 | Loss: 3.9369 | Val Acc: 13.13% | Peak VRAM: 742.45 MB
Epoch 3/200 | Loss: 3.6142 | Val Acc: 16.28% | Peak VRAM: 742.45 MB
Epoch 4/200 | Loss: 3.4017 | Val Acc: 20.24% | Peak VRAM: 742.45 MB
Epoch 5/200 | Loss: 3.2000 | Val Acc: 23.69% | Peak VRAM: 742.45 MB
Epoch 6/200 | Loss: 3.0460 | Val Acc: 25.95% | Peak VRAM: 742.45 MB
Epoch 7/200 | Loss: 2.9152 | Val Acc: 27.56% | Peak VRAM: 742.45 MB
Epoch 8/200 | Loss: 2.7913 | Val Acc: 31.42% | Peak VRAM: 742.45 MB
Epoch 9/200 | Loss: 2.6802 | Val Acc: 31.69% | Peak VRAM: 742.45 MB
Epoch 10/200 | Loss: 2.5783 | Val Acc: 33.93% | Peak VRAM: 742.45 MB
Epoch 11/200 | Loss: 2.4919 | Val Acc: 36.54% | Peak VRAM: 742.45 MB
Epoch 12/200 | Loss: 2.4026 | Val Acc: 37.27% | Peak VRAM: 742.45 MB
Epoch 13/200 | Loss: 2.3243 | Val Acc: 38.67% | Peak VRAM: 742.45 MB
Epoch 14/200 | Loss: 2.2555 | Val Acc: 39.44% | Peak VRAM: 742.45 MB
Epoch 15/200 | Loss: 2.1760 | Val Acc: 41.66% | Peak VRAM: 742.45 MB
Epoch 16/200 | Loss: 2.1157 | Val Acc: 42.39% | Peak VRAM: 742.45 MB
Epoch 17/200 | Loss: 2.0544 | Val Acc: 43.94% | Peak VRAM: 742.45 MB
Epoch 18/200 | Loss: 1.9965 | Val Acc: 45.58% | Peak VRAM: 742.45 MB
Epoch 19/200 | Loss: 1.9337 | Val Acc: 45.91% | Peak VRAM: 742.45 MB
Epoch 20/200 | Loss: 1.8811 | Val Acc: 46.72% | Peak VRAM: 742.45 MB
Epoch 21/200 | Loss: 1.8314 | Val Acc: 47.47% | Peak VRAM: 742.45 MB
Epoch 22/200 | Loss: 1.7896 | Val Acc: 47.80% | Peak VRAM: 742.45 MB
Epoch 23/200 | Loss: 1.7406 | Val Acc: 47.17% | Peak VRAM: 742.45 MB
Epoch 24/200 | Loss: 1.6854 | Val Acc: 48.32% | Peak VRAM: 742.45 MB
Epoch 25/200 | Loss: 1.6524 | Val Acc: 51.10% | Peak VRAM: 742.45 MB
Epoch 26/200 | Loss: 1.6062 | Val Acc: 49.78% | Peak VRAM: 742.45 MB
Epoch 27/200 | Loss: 1.5692 | Val Acc: 50.72% | Peak VRAM: 742.45 MB
Epoch 28/200 | Loss: 1.5245 | Val Acc: 51.62% | Peak VRAM: 742.45 MB
Epoch 29/200 | Loss: 1.4869 | Val Acc: 52.10% | Peak VRAM: 742.45 MB
Epoch 30/200 | Loss: 1.4488 | Val Acc: 53.31% | Peak VRAM: 742.45 MB
Epoch 31/200 | Loss: 1.4142 | Val Acc: 52.52% | Peak VRAM: 742.45 MB
Epoch 32/200 | Loss: 1.3797 | Val Acc: 53.50% | Peak VRAM: 742.45 MB
Epoch 33/200 | Loss: 1.3411 | Val Acc: 52.34% | Peak VRAM: 742.45 MB
Epoch 34/200 | Loss: 1.3076 | Val Acc: 53.40% | Peak VRAM: 742.45 MB
Epoch 35/200 | Loss: 1.2727 | Val Acc: 52.19% | Peak VRAM: 742.45 MB
Epoch 36/200 | Loss: 1.2365 | Val Acc: 54.20% | Peak VRAM: 742.45 MB
Epoch 37/200 | Loss: 1.2039 | Val Acc: 55.20% | Peak VRAM: 742.45 MB
Epoch 38/200 | Loss: 1.1691 | Val Acc: 55.17% | Peak VRAM: 742.45 MB
Epoch 39/200 | Loss: 1.1441 | Val Acc: 55.83% | Peak VRAM: 742.45 MB

[System] Saving Baseline Dense Model before pruning starts...
📊 Dense Baseline - Acc: 55.91%, Size: 129.68 MB
💾 Saved Baseline: vgg16_DENSE_BASELINE.pth


[DEBUG] >>> PRUNING @ Epoch 40

[DEBUG] !!! PRUNING TRIGGERED !!! Epoch 40/200

============================== PDT Pruning Report: Epoch 40 ==============================
 [*] Pruned this step: 2078 units | VRAM: 871.0MB -> 871.0MB
 Group  1 |   64/  64 |     0.0% | Hessian: 0.094080
 Group  2 |  128/ 128 |     0.0% | Hessian: 0.204443
 Group  3 |  256/ 256 |     0.0% | Hessian: 0.258288
 Group  4 |  512/ 512 |     0.0% | Hessian: 0.234296
 Group  5 |  512/ 512 |     0.0% | Hessian: 0.152538
 Group  6 | 3502/4096 |    14.5% | Hessian: 0.084036
 Group  7 | 2612/4096 |    36.2% | Hessian: 0.094071

[Scientific Metrics] 🟢 Size: 105.33MB | 🔵 Sparsity: 18.78% | 🟡 Speedup: 1.23x
=========================================================================================


[Scientific Metrics - Epoch 40]
 🟢 Model Size: 129.68 MB -> 105.33 MB
 🔵 Sparsity: 16.60 %
 🟡 Speedup: 1.23x
💾 Checkpoint saved: vgg16_pdt_ep40_sp16.60.pth
Epoch 40/200 | Loss: 1.1919 | Val Acc: 54.54% | Peak VRAM: 2496.67 MB
Epoch 41/200 | Loss: 1.1728 | Val Acc: 54.98% | Peak VRAM: 742.14 MB
Epoch 42/200 | Loss: 1.1031 | Val Acc: 55.84% | Peak VRAM: 742.14 MB
Epoch 43/200 | Loss: 1.0634 | Val Acc: 55.86% | Peak VRAM: 742.14 MB
Epoch 44/200 | Loss: 1.0256 | Val Acc: 56.82% | Peak VRAM: 742.14 MB
Epoch 45/200 | Loss: 0.9979 | Val Acc: 55.74% | Peak VRAM: 742.14 MB
Epoch 46/200 | Loss: 0.9661 | Val Acc: 55.86% | Peak VRAM: 742.14 MB
Epoch 47/200 | Loss: 0.9358 | Val Acc: 56.81% | Peak VRAM: 742.14 MB
Epoch 48/200 | Loss: 0.9142 | Val Acc: 56.90% | Peak VRAM: 742.14 MB
Epoch 49/200 | Loss: 0.8855 | Val Acc: 56.86% | Peak VRAM: 742.14 MB
Epoch 50/200 | Loss: 0.8580 | Val Acc: 57.61% | Peak VRAM: 742.14 MB
Epoch 51/200 | Loss: 0.8281 | Val Acc: 56.94% | Peak VRAM: 742.14 MB
Epoch 52/200 | Loss: 0.8102 | Val Acc: 55.87% | Peak VRAM: 742.14 MB
Epoch 53/200 | Loss: 0.7877 | Val Acc: 57.47% | Peak VRAM: 742.14 MB
Epoch 54/200 | Loss: 0.7633 | Val Acc: 57.75% | Peak VRAM: 742.14 MB
Epoch 55/200 | Loss: 0.7407 | Val Acc: 57.30% | Peak VRAM: 742.14 MB
Epoch 56/200 | Loss: 0.7245 | Val Acc: 56.42% | Peak VRAM: 742.14 MB
Epoch 57/200 | Loss: 0.6967 | Val Acc: 57.64% | Peak VRAM: 742.14 MB
Epoch 58/200 | Loss: 0.6793 | Val Acc: 57.49% | Peak VRAM: 742.14 MB
Epoch 59/200 | Loss: 0.6637 | Val Acc: 58.31% | Peak VRAM: 742.14 MB

[DEBUG] >>> PRUNING @ Epoch 60

[DEBUG] !!! PRUNING TRIGGERED !!! Epoch 60/200

============================== PDT Pruning Report: Epoch 60 ==============================
 [*] Pruned this step: 981 units | VRAM: 870.5MB -> 870.5MB
 Group  1 |   64/  64 |     0.0% | Hessian: 0.048225
 Group  2 |  128/ 128 |     0.0% | Hessian: 0.254684
 Group  3 |  256/ 256 |     0.0% | Hessian: 0.284862
 Group  4 |  512/ 512 |     0.0% | Hessian: 0.163565
 Group  5 |  512/ 512 |     0.0% | Hessian: 0.139510
 Group  6 | 3465/4096 |    15.4% | Hessian: 0.114562
 Group  7 | 1668/4096 |    59.3% | Hessian: 0.073884

[Scientific Metrics] 🟢 Size: 90.51MB | 🔵 Sparsity: 30.21% | 🟡 Speedup: 1.43x
=========================================================================================


[Scientific Metrics - Epoch 60]
 🟢 Model Size: 129.68 MB -> 90.51 MB
 🔵 Sparsity: 24.44 %
 🟡 Speedup: 1.43x
💾 Checkpoint saved: vgg16_pdt_ep60_sp24.44.pth
Epoch 60/200 | Loss: 0.7951 | Val Acc: 58.42% | Peak VRAM: 2498.17 MB
Epoch 61/200 | Loss: 0.6998 | Val Acc: 58.35% | Peak VRAM: 742.14 MB
Epoch 62/200 | Loss: 0.6504 | Val Acc: 57.33% | Peak VRAM: 742.14 MB
Epoch 63/200 | Loss: 0.6206 | Val Acc: 57.95% | Peak VRAM: 742.14 MB
Epoch 64/200 | Loss: 0.5990 | Val Acc: 58.65% | Peak VRAM: 742.14 MB
Epoch 65/200 | Loss: 0.5796 | Val Acc: 59.01% | Peak VRAM: 742.14 MB
Epoch 66/200 | Loss: 0.5634 | Val Acc: 57.46% | Peak VRAM: 742.14 MB
Epoch 67/200 | Loss: 0.5583 | Val Acc: 57.29% | Peak VRAM: 742.14 MB
Epoch 68/200 | Loss: 0.5357 | Val Acc: 57.84% | Peak VRAM: 742.14 MB
Epoch 69/200 | Loss: 0.5201 | Val Acc: 58.10% | Peak VRAM: 742.14 MB
Epoch 70/200 | Loss: 0.5113 | Val Acc: 59.71% | Peak VRAM: 742.14 MB
Epoch 71/200 | Loss: 0.4966 | Val Acc: 58.10% | Peak VRAM: 742.14 MB
Epoch 72/200 | Loss: 0.4850 | Val Acc: 58.09% | Peak VRAM: 742.14 MB
Epoch 73/200 | Loss: 0.4807 | Val Acc: 59.31% | Peak VRAM: 742.14 MB
Epoch 74/200 | Loss: 0.4678 | Val Acc: 59.15% | Peak VRAM: 742.14 MB
Epoch 75/200 | Loss: 0.4557 | Val Acc: 58.68% | Peak VRAM: 742.14 MB
Epoch 76/200 | Loss: 0.4469 | Val Acc: 58.81% | Peak VRAM: 742.14 MB
Epoch 77/200 | Loss: 0.4424 | Val Acc: 59.35% | Peak VRAM: 742.14 MB
Epoch 78/200 | Loss: 0.4338 | Val Acc: 58.43% | Peak VRAM: 742.14 MB
Epoch 79/200 | Loss: 0.4221 | Val Acc: 57.07% | Peak VRAM: 742.14 MB

[DEBUG] >>> PRUNING @ Epoch 80

[DEBUG] !!! PRUNING TRIGGERED !!! Epoch 80/200

============================== PDT Pruning Report: Epoch 80 ==============================
 [*] Pruned this step: 1308 units | VRAM: 870.5MB -> 870.5MB
 Group  1 |   64/  64 |     0.0% | Hessian: 0.047807
 Group  2 |  128/ 128 |     0.0% | Hessian: 0.321470
 Group  3 |  256/ 256 |     0.0% | Hessian: 0.324297
 Group  4 |  512/ 512 |     0.0% | Hessian: 0.336704
 Group  5 |  512/ 512 |     0.0% | Hessian: 0.109370
 Group  6 | 3140/4096 |    23.3% | Hessian: 0.053920
 Group  7 |  685/4096 |    83.3% | Hessian: 0.058951

[Scientific Metrics] 🟢 Size: 74.51MB | 🔵 Sparsity: 42.54% | 🟡 Speedup: 1.74x
=========================================================================================


[Scientific Metrics - Epoch 80]
 🟢 Model Size: 129.68 MB -> 74.51 MB
 🔵 Sparsity: 34.89 %
 🟡 Speedup: 1.74x
💾 Checkpoint saved: vgg16_pdt_ep80_sp34.89.pth
Epoch 80/200 | Loss: 0.9043 | Val Acc: 60.08% | Peak VRAM: 2498.17 MB
Epoch 81/200 | Loss: 0.5651 | Val Acc: 59.58% | Peak VRAM: 742.14 MB
Epoch 82/200 | Loss: 0.4868 | Val Acc: 59.64% | Peak VRAM: 742.14 MB
Epoch 83/200 | Loss: 0.4605 | Val Acc: 60.04% | Peak VRAM: 742.14 MB
Epoch 84/200 | Loss: 0.4411 | Val Acc: 58.31% | Peak VRAM: 742.14 MB
Epoch 85/200 | Loss: 0.4259 | Val Acc: 59.88% | Peak VRAM: 742.14 MB
Epoch 86/200 | Loss: 0.4195 | Val Acc: 59.56% | Peak VRAM: 742.14 MB
Epoch 87/200 | Loss: 0.4096 | Val Acc: 59.33% | Peak VRAM: 742.14 MB
Epoch 88/200 | Loss: 0.4021 | Val Acc: 59.82% | Peak VRAM: 742.14 MB
Epoch 89/200 | Loss: 0.4000 | Val Acc: 58.89% | Peak VRAM: 742.14 MB
Epoch 90/200 | Loss: 0.3926 | Val Acc: 59.58% | Peak VRAM: 742.14 MB
Epoch 91/200 | Loss: 0.3884 | Val Acc: 59.40% | Peak VRAM: 742.14 MB
Epoch 92/200 | Loss: 0.3883 | Val Acc: 59.73% | Peak VRAM: 742.14 MB
Epoch 93/200 | Loss: 0.3810 | Val Acc: 58.31% | Peak VRAM: 742.14 MB
Epoch 94/200 | Loss: 0.3723 | Val Acc: 59.34% | Peak VRAM: 742.14 MB
Epoch 95/200 | Loss: 0.3749 | Val Acc: 59.62% | Peak VRAM: 742.14 MB
Epoch 96/200 | Loss: 0.3616 | Val Acc: 59.54% | Peak VRAM: 742.14 MB
Epoch 97/200 | Loss: 0.3632 | Val Acc: 59.91% | Peak VRAM: 742.14 MB
Epoch 98/200 | Loss: 0.3598 | Val Acc: 60.53% | Peak VRAM: 742.14 MB
Epoch 99/200 | Loss: 0.3564 | Val Acc: 60.16% | Peak VRAM: 742.14 MB

[DEBUG] >>> PRUNING @ Epoch 100

[DEBUG] !!! PRUNING TRIGGERED !!! Epoch 100/200

============================== PDT Pruning Report: Epoch 100 ==============================
 [*] Pruned this step: 2440 units | VRAM: 870.5MB -> 870.5MB
 Group  1 |   64/  64 |     0.0% | Hessian: 0.037131
 Group  2 |  128/ 128 |     0.0% | Hessian: 0.387336
 Group  3 |  256/ 256 |     0.0% | Hessian: 0.198688
 Group  4 |  512/ 512 |     0.0% | Hessian: 0.198005
 Group  5 |  512/ 512 |     0.0% | Hessian: 0.147043
 Group  6 | 1385/4096 |    66.2% | Hessian: 0.070753
 Group  7 |    0/4096 |   100.0% | Hessian: 0.020059

[Scientific Metrics] 🟢 Size: 60.38MB | 🔵 Sparsity: 53.44% | 🟡 Speedup: 2.15x
=========================================================================================


[Scientific Metrics - Epoch 100]
 🟢 Model Size: 129.68 MB -> 60.38 MB
 🔵 Sparsity: 54.39 %
 🟡 Speedup: 2.15x
💾 Checkpoint saved: vgg16_pdt_ep100_sp54.39.pth
Epoch 100/200 | Loss: 4.5945 | Val Acc: 1.00% | Peak VRAM: 2498.17 MB
Epoch 101/200 | Loss: 4.6055 | Val Acc: 1.00% | Peak VRAM: 742.14 MB
Epoch 102/200 | Loss: 4.6055 | Val Acc: 1.00% | Peak VRAM: 742.14 MB
Epoch 103/200 | Loss: 4.6055 | Val Acc: 1.00% | Peak VRAM: 742.14 MB
Epoch 104/200 | Loss: 4.6055 | Val Acc: 1.00% | Peak VRAM: 742.14 MB
Epoch 105/200 | Loss: 4.6055 | Val Acc: 1.00% | Peak VRAM: 742.14 MB
Epoch 106/200 | Loss: 4.6055 | Val Acc: 1.00% | Peak VRAM: 742.14 MB
Epoch 107/200 | Loss: 4.6055 | Val Acc: 1.00% | Peak VRAM: 742.14 MB
Epoch 108/200 | Loss: 4.6055 | Val Acc: 1.00% | Peak VRAM: 742.14 MB
Epoch 109/200 | Loss: 4.6055 | Val Acc: 1.00% | Peak VRAM: 742.14 MB
Epoch 110/200 | Loss: 4.6055 | Val Acc: 1.00% | Peak VRAM: 742.14 MB
Epoch 111/200 | Loss: 4.6055 | Val Acc: 1.00% | Peak VRAM: 742.14 MB
Epoch 112/200 | Loss: 4.6055 | Val Acc: 1.00% | Peak VRAM: 742.14 MB
Epoch 113/200 | Loss: 4.6055 | Val Acc: 1.00% | Peak VRAM: 742.14 MB
Epoch 114/200 | Loss: 4.6055 | Val Acc: 1.00% | Peak VRAM: 742.14 MB
Epoch 115/200 | Loss: 4.6055 | Val Acc: 1.00% | Peak VRAM: 742.14 MB
Epoch 116/200 | Loss: 4.6055 | Val Acc: 1.00% | Peak VRAM: 742.14 MB
Epoch 117/200 | Loss: 4.6055 | Val Acc: 1.00% | Peak VRAM: 742.14 MB
Epoch 118/200 | Loss: 4.6055 | Val Acc: 1.00% | Peak VRAM: 742.14 MB
Epoch 119/200 | Loss: 4.6055 | Val Acc: 1.00% | Peak VRAM: 742.14 MB

[DEBUG] >>> PRUNING @ Epoch 120

[DEBUG] !!! PRUNING TRIGGERED !!! Epoch 120/200

============================== PDT Pruning Report: Epoch 120 ==============================
 [*] Pruned this step: 5434 units | VRAM: 869.5MB -> 869.5MB
 Group  1 |   33/  64 |    48.4% | Hessian: 0.000000
 Group  2 |    0/ 128 |   100.0% | Hessian: 0.000000
 Group  3 |    0/ 256 |   100.0% | Hessian: 0.000000
 Group  4 |    0/ 512 |   100.0% | Hessian: 0.000000
 Group  5 |    0/ 512 |   100.0% | Hessian: 0.000000
 Group  6 |  109/4096 |    97.3% | Hessian: 0.000000
 Group  7 |    0/4096 |   100.0% | Hessian: 0.000000

[Scientific Metrics] 🟢 Size: 1.85MB | 🔵 Sparsity: 98.57% | 🟡 Speedup: 70.05x
=========================================================================================


[Scientific Metrics - Epoch 120]
 🟢 Model Size: 129.68 MB -> 1.85 MB
 🔵 Sparsity: 97.80 %
 🟡 Speedup: 70.05x
💾 Checkpoint saved: vgg16_pdt_ep120_sp97.80.pth
Epoch 120/200 | Loss: 4.6055 | Val Acc: 1.00% | Peak VRAM: 2364.68 MB
Epoch 121/200 | Loss: 4.6055 | Val Acc: 1.00% | Peak VRAM: 742.14 MB
Epoch 122/200 | Loss: 4.6055 | Val Acc: 1.00% | Peak VRAM: 742.14 MB
Epoch 123/200 | Loss: 4.6055 | Val Acc: 1.00% | Peak VRAM: 742.14 MB
Epoch 124/200 | Loss: 4.6055 | Val Acc: 1.00% | Peak VRAM: 742.14 MB
Epoch 125/200 | Loss: 4.6055 | Val Acc: 1.00% | Peak VRAM: 742.14 MB
Epoch 126/200 | Loss: 4.6055 | Val Acc: 1.00% | Peak VRAM: 742.14 MB
Epoch 127/200 | Loss: 4.6055 | Val Acc: 1.00% | Peak VRAM: 742.14 MB
Epoch 128/200 | Loss: 4.6055 | Val Acc: 1.00% | Peak VRAM: 742.14 MB
Epoch 129/200 | Loss: 4.6055 | Val Acc: 1.00% | Peak VRAM: 742.14 MB
Epoch 130/200 | Loss: 4.6055 | Val Acc: 1.00% | Peak VRAM: 742.14 MB
Epoch 131/200 | Loss: 4.6055 | Val Acc: 1.00% | Peak VRAM: 742.14 MB
Epoch 132/200 | Loss: 4.6055 | Val Acc: 1.00% | Peak VRAM: 742.14 MB
Epoch 133/200 | Loss: 4.6055 | Val Acc: 1.00% | Peak VRAM: 742.14 MB
Epoch 134/200 | Loss: 4.6055 | Val Acc: 1.00% | Peak VRAM: 742.14 MB
Epoch 135/200 | Loss: 4.6055 | Val Acc: 1.00% | Peak VRAM: 742.14 MB
Epoch 136/200 | Loss: 4.6055 | Val Acc: 1.00% | Peak VRAM: 742.14 MB
Epoch 137/200 | Loss: 4.6055 | Val Acc: 1.00% | Peak VRAM: 742.14 MB
Epoch 138/200 | Loss: 4.6055 | Val Acc: 1.00% | Peak VRAM: 742.14 MB
Epoch 139/200 | Loss: 4.6055 | Val Acc: 1.00% | Peak VRAM: 742.14 MB

[DEBUG] >>> PRUNING @ Epoch 140

[DEBUG] !!! PRUNING TRIGGERED !!! Epoch 140/200

============================== PDT Pruning Report: Epoch 140 ==============================
 [*] Pruned this step: 0 units | VRAM: 869.5MB -> 869.5MB
 Group  1 |   33/  64 |    48.4% | Hessian: 0.000000
 Group  2 |    0/ 128 |   100.0% | Hessian: 0.000000
 Group  3 |    0/ 256 |   100.0% | Hessian: 0.000000
 Group  4 |    0/ 512 |   100.0% | Hessian: 0.000000
 Group  5 |    0/ 512 |   100.0% | Hessian: 0.000000
 Group  6 |  109/4096 |    97.3% | Hessian: 0.000000
 Group  7 |    0/4096 |   100.0% | Hessian: 0.000000

[Scientific Metrics] 🟢 Size: 1.85MB | 🔵 Sparsity: 98.57% | 🟡 Speedup: 70.05x
=========================================================================================


[Scientific Metrics - Epoch 140]
 🟢 Model Size: 129.68 MB -> 1.85 MB
 🔵 Sparsity: 97.80 %
 🟡 Speedup: 70.05x
💾 Checkpoint saved: vgg16_pdt_ep140_sp97.80.pth
Epoch 140/200 | Loss: 4.6055 | Val Acc: 1.00% | Peak VRAM: 2364.68 MB
Epoch 141/200 | Loss: 4.6055 | Val Acc: 1.00% | Peak VRAM: 742.14 MB
Epoch 142/200 | Loss: 4.6055 | Val Acc: 1.00% | Peak VRAM: 742.14 MB
Epoch 143/200 | Loss: 4.6055 | Val Acc: 1.00% | Peak VRAM: 742.14 MB
Epoch 144/200 | Loss: 4.6055 | Val Acc: 1.00% | Peak VRAM: 742.14 MB
Epoch 145/200 | Loss: 4.6055 | Val Acc: 1.00% | Peak VRAM: 742.14 MB
Epoch 146/200 | Loss: 4.6055 | Val Acc: 1.00% | Peak VRAM: 742.14 MB
Epoch 147/200 | Loss: 4.6055 | Val Acc: 1.00% | Peak VRAM: 742.14 MB
Epoch 148/200 | Loss: 4.6055 | Val Acc: 1.00% | Peak VRAM: 742.14 MB
Epoch 149/200 | Loss: 4.6055 | Val Acc: 1.00% | Peak VRAM: 742.14 MB
Epoch 150/200 | Loss: 4.6055 | Val Acc: 1.00% | Peak VRAM: 742.14 MB
Epoch 151/200 | Loss: 4.6055 | Val Acc: 1.00% | Peak VRAM: 742.14 MB
Epoch 152/200 | Loss: 4.6055 | Val Acc: 1.00% | Peak VRAM: 742.14 MB
Epoch 153/200 | Loss: 4.6055 | Val Acc: 1.00% | Peak VRAM: 742.14 MB
Epoch 154/200 | Loss: 4.6055 | Val Acc: 1.00% | Peak VRAM: 742.14 MB
Epoch 155/200 | Loss: 4.6055 | Val Acc: 1.00% | Peak VRAM: 742.14 MB
Epoch 156/200 | Loss: 4.6055 | Val Acc: 1.00% | Peak VRAM: 742.14 MB
Epoch 157/200 | Loss: 4.6055 | Val Acc: 1.00% | Peak VRAM: 742.14 MB
Epoch 158/200 | Loss: 4.6055 | Val Acc: 1.00% | Peak VRAM: 742.14 MB
Epoch 159/200 | Loss: 4.6055 | Val Acc: 1.00% | Peak VRAM: 742.14 MB

[DEBUG] >>> PRUNING @ Epoch 160

[DEBUG] !!! PRUNING TRIGGERED !!! Epoch 160/200

============================== PDT Pruning Report: Epoch 160 ==============================
 [*] Pruned this step: 0 units | VRAM: 869.5MB -> 869.5MB
 Group  1 |   33/  64 |    48.4% | Hessian: 0.000000
 Group  2 |    0/ 128 |   100.0% | Hessian: 0.000000
 Group  3 |    0/ 256 |   100.0% | Hessian: 0.000000
 Group  4 |    0/ 512 |   100.0% | Hessian: 0.000000
 Group  5 |    0/ 512 |   100.0% | Hessian: 0.000000
 Group  6 |  109/4096 |    97.3% | Hessian: 0.000000
 Group  7 |    0/4096 |   100.0% | Hessian: 0.000000

[Scientific Metrics] 🟢 Size: 1.85MB | 🔵 Sparsity: 98.57% | 🟡 Speedup: 70.05x
=========================================================================================


[Scientific Metrics - Epoch 160]
 🟢 Model Size: 129.68 MB -> 1.85 MB
 🔵 Sparsity: 97.80 %
 🟡 Speedup: 70.05x
💾 Checkpoint saved: vgg16_pdt_ep160_sp97.80.pth
Epoch 160/200 | Loss: 4.6055 | Val Acc: 1.00% | Peak VRAM: 2364.68 MB
Epoch 161/200 | Loss: 4.6055 | Val Acc: 1.00% | Peak VRAM: 742.14 MB
Epoch 162/200 | Loss: 4.6055 | Val Acc: 1.00% | Peak VRAM: 742.14 MB
Epoch 163/200 | Loss: 4.6055 | Val Acc: 1.00% | Peak VRAM: 742.14 MB
Epoch 164/200 | Loss: 4.6055 | Val Acc: 1.00% | Peak VRAM: 742.14 MB
Epoch 165/200 | Loss: 4.6055 | Val Acc: 1.00% | Peak VRAM: 742.14 MB
Epoch 166/200 | Loss: 4.6055 | Val Acc: 1.00% | Peak VRAM: 742.14 MB
Epoch 167/200 | Loss: 4.6055 | Val Acc: 1.00% | Peak VRAM: 742.14 MB
Epoch 168/200 | Loss: 4.6055 | Val Acc: 1.00% | Peak VRAM: 742.14 MB
Epoch 169/200 | Loss: 4.6055 | Val Acc: 1.00% | Peak VRAM: 742.14 MB
Epoch 170/200 | Loss: 4.6055 | Val Acc: 1.00% | Peak VRAM: 742.14 MB
Epoch 171/200 | Loss: 4.6055 | Val Acc: 1.00% | Peak VRAM: 742.14 MB
Epoch 172/200 | Loss: 4.6055 | Val Acc: 1.00% | Peak VRAM: 742.14 MB
Epoch 173/200 | Loss: 4.6055 | Val Acc: 1.00% | Peak VRAM: 742.14 MB
Epoch 174/200 | Loss: 4.6055 | Val Acc: 1.00% | Peak VRAM: 742.14 MB
Epoch 175/200 | Loss: 4.6055 | Val Acc: 1.00% | Peak VRAM: 742.14 MB
Epoch 176/200 | Loss: 4.6055 | Val Acc: 1.00% | Peak VRAM: 742.14 MB
Epoch 177/200 | Loss: 4.6055 | Val Acc: 1.00% | Peak VRAM: 742.14 MB
Epoch 178/200 | Loss: 4.6055 | Val Acc: 1.00% | Peak VRAM: 742.14 MB
Epoch 179/200 | Loss: 4.6055 | Val Acc: 1.00% | Peak VRAM: 742.14 MB

[DEBUG] >>> PRUNING @ Epoch 180

[DEBUG] !!! PRUNING TRIGGERED !!! Epoch 180/200

============================== PDT Pruning Report: Epoch 180 ==============================
 [*] Pruned this step: 0 units | VRAM: 869.5MB -> 869.5MB
 Group  1 |   33/  64 |    48.4% | Hessian: 0.000000
 Group  2 |    0/ 128 |   100.0% | Hessian: 0.000000
 Group  3 |    0/ 256 |   100.0% | Hessian: 0.000000
 Group  4 |    0/ 512 |   100.0% | Hessian: 0.000000
 Group  5 |    0/ 512 |   100.0% | Hessian: 0.000000
 Group  6 |  109/4096 |    97.3% | Hessian: 0.000000
 Group  7 |    0/4096 |   100.0% | Hessian: 0.000000

[Scientific Metrics] 🟢 Size: 1.85MB | 🔵 Sparsity: 98.57% | 🟡 Speedup: 70.05x
=========================================================================================


[Scientific Metrics - Epoch 180]
 🟢 Model Size: 129.68 MB -> 1.85 MB
 🔵 Sparsity: 97.80 %
 🟡 Speedup: 70.05x
💾 Checkpoint saved: vgg16_pdt_ep180_sp97.80.pth
Epoch 180/200 | Loss: 4.6055 | Val Acc: 1.00% | Peak VRAM: 2364.68 MB
Epoch 181/200 | Loss: 4.6055 | Val Acc: 1.00% | Peak VRAM: 742.14 MB
Epoch 182/200 | Loss: 4.6055 | Val Acc: 1.00% | Peak VRAM: 742.14 MB
Epoch 183/200 | Loss: 4.6055 | Val Acc: 1.00% | Peak VRAM: 742.14 MB
Epoch 184/200 | Loss: 4.6055 | Val Acc: 1.00% | Peak VRAM: 742.14 MB
Epoch 185/200 | Loss: 4.6055 | Val Acc: 1.00% | Peak VRAM: 742.14 MB
Epoch 186/200 | Loss: 4.6055 | Val Acc: 1.00% | Peak VRAM: 742.14 MB
Epoch 187/200 | Loss: 4.6055 | Val Acc: 1.00% | Peak VRAM: 742.14 MB
Epoch 188/200 | Loss: 4.6055 | Val Acc: 1.00% | Peak VRAM: 742.14 MB
Epoch 189/200 | Loss: 4.6055 | Val Acc: 1.00% | Peak VRAM: 742.14 MB
Epoch 190/200 | Loss: 4.6055 | Val Acc: 1.00% | Peak VRAM: 742.14 MB
Epoch 191/200 | Loss: 4.6055 | Val Acc: 1.00% | Peak VRAM: 742.14 MB
Epoch 192/200 | Loss: 4.6055 | Val Acc: 1.00% | Peak VRAM: 742.14 MB
Epoch 193/200 | Loss: 4.6055 | Val Acc: 1.00% | Peak VRAM: 742.14 MB
Epoch 194/200 | Loss: 4.6055 | Val Acc: 1.00% | Peak VRAM: 742.14 MB
Epoch 195/200 | Loss: 4.6055 | Val Acc: 1.00% | Peak VRAM: 742.14 MB
Epoch 196/200 | Loss: 4.6055 | Val Acc: 1.00% | Peak VRAM: 742.14 MB
Epoch 197/200 | Loss: 4.6055 | Val Acc: 1.00% | Peak VRAM: 742.14 MB
Epoch 198/200 | Loss: 4.6055 | Val Acc: 1.00% | Peak VRAM: 742.14 MB
Epoch 199/200 | Loss: 4.6055 | Val Acc: 1.00% | Peak VRAM: 742.14 MB

[DEBUG] >>> PRUNING @ Epoch 200

[DEBUG] !!! PRUNING TRIGGERED !!! Epoch 200/200

============================== PDT Pruning Report: Epoch 200 ==============================
 [*] Pruned this step: 168 units | VRAM: 869.5MB -> 869.5MB
 Group  1 |    0/  64 |   100.0% | Hessian: 0.000000
 Group  2 |    0/ 128 |   100.0% | Hessian: 0.000000
 Group  3 |    0/ 256 |   100.0% | Hessian: 0.000000
 Group  4 |    0/ 512 |   100.0% | Hessian: 0.000000
 Group  5 |    0/ 512 |   100.0% | Hessian: 0.000000
 Group  6 |    7/4096 |    99.8% | Hessian: 0.000000
 Group  7 |    0/4096 |   100.0% | Hessian: 0.000000

[Scientific Metrics] 🟢 Size: 1.58MB | 🔵 Sparsity: 98.78% | 🟡 Speedup: 82.27x
=========================================================================================


[Scientific Metrics - Epoch 200]
 🟢 Model Size: 129.68 MB -> 1.58 MB
 🔵 Sparsity: 99.15 %
 🟡 Speedup: 82.27x
💾 Checkpoint saved: vgg16_pdt_ep200_sp99.15.pth
Epoch 200/200 | Loss: 4.6055 | Val Acc: 1.00% | Peak VRAM: 2364.68 MB

🏁 Final Model Saved: ./exp/checkpoints/vgg16_pdt_final.pth

================ FINAL PHYSICAL COMPRESSION ================

