📝 Logging started: vit_tiny_patch16_224_pdt_20260304_040028.log
>>> [System] ViT detected. Input size forced to 224 for dataloader.
✅ CIFAR-100 Data loaded: Train(50000), Val/Test(10000)
Experimental Mode: N/A
Target Model: vit_tiny_patch16_224 | Dataset: cifar100
>>> [Model] Loading Vision Transformer for Hessian Analysis: vit_tiny_patch16_224

[Stage 1] Analyzing ViT Block-wise Topology for visiontransformer...
[*] ViT: 12 transformer blocks identified for grouping.

==================== Final Topology Groups ====================
 Group  1 | Channels:  576 | Layers: blocks.0.attn.proj ... (4 layers)
 Group  2 | Channels:  576 | Layers: blocks.1.attn.proj ... (4 layers)
 Group  3 | Channels:  576 | Layers: blocks.2.attn.proj ... (4 layers)
 Group  4 | Channels:  576 | Layers: blocks.3.attn.proj ... (4 layers)
 Group  5 | Channels:  576 | Layers: blocks.4.attn.proj ... (4 layers)
 Group  6 | Channels:  576 | Layers: blocks.5.attn.proj ... (4 layers)
 Group  7 | Channels:  576 | Layers: blocks.6.attn.proj ... (4 layers)
 Group  8 | Channels:  576 | Layers: blocks.7.attn.proj ... (4 layers)
 Group  9 | Channels:  576 | Layers: blocks.8.attn.proj ... (4 layers)
 Group 10 | Channels:  576 | Layers: blocks.9.attn.proj ... (4 layers)
 Group 11 | Channels:  576 | Layers: blocks.10.attn.proj ... (4 layers)
 Group 12 | Channels:  576 | Layers: blocks.11.attn.proj ... (4 layers)
===============================================================
[*] Total 12 groups identified.


[Pruner Init] Identified 12 groups for pruning.
[*] Applied Min Survival Guarantee: 10.0%
[System] Initializing ViTPDTPruner for vit_tiny_patch16_224

>>> Strategy: PDT | Total Epochs: 100
>>> Pruning starts at Epoch 20, every 5 epochs.
Epoch 1/100 | Loss: 4.3091 | Val Acc: 15.20% | Peak VRAM: 4506.89 MB
Epoch 2/100 | Loss: 2.9774 | Val Acc: 39.72% | Peak VRAM: 4506.89 MB
Epoch 3/100 | Loss: 2.0546 | Val Acc: 56.42% | Peak VRAM: 4506.89 MB
Epoch 4/100 | Loss: 1.5406 | Val Acc: 65.09% | Peak VRAM: 4506.89 MB
Epoch 5/100 | Loss: 1.2395 | Val Acc: 70.02% | Peak VRAM: 4506.89 MB
Epoch 6/100 | Loss: 1.0504 | Val Acc: 73.07% | Peak VRAM: 4506.89 MB
Epoch 7/100 | Loss: 0.9237 | Val Acc: 75.42% | Peak VRAM: 4506.89 MB
Epoch 8/100 | Loss: 0.8285 | Val Acc: 77.27% | Peak VRAM: 4506.89 MB
Epoch 9/100 | Loss: 0.7618 | Val Acc: 78.25% | Peak VRAM: 4506.89 MB
Epoch 10/100 | Loss: 0.7055 | Val Acc: 79.36% | Peak VRAM: 4506.89 MB
Epoch 11/100 | Loss: 0.6623 | Val Acc: 80.13% | Peak VRAM: 4506.89 MB
Epoch 12/100 | Loss: 0.6267 | Val Acc: 80.88% | Peak VRAM: 4506.89 MB
Epoch 13/100 | Loss: 0.5921 | Val Acc: 81.28% | Peak VRAM: 4506.89 MB
Epoch 14/100 | Loss: 0.5660 | Val Acc: 81.63% | Peak VRAM: 4506.89 MB
Epoch 15/100 | Loss: 0.5419 | Val Acc: 82.04% | Peak VRAM: 4506.89 MB
Epoch 16/100 | Loss: 0.5184 | Val Acc: 82.47% | Peak VRAM: 4506.89 MB
Epoch 17/100 | Loss: 0.5026 | Val Acc: 82.62% | Peak VRAM: 4506.89 MB
Epoch 18/100 | Loss: 0.4845 | Val Acc: 82.78% | Peak VRAM: 4506.89 MB
Epoch 19/100 | Loss: 0.4703 | Val Acc: 83.07% | Peak VRAM: 4506.89 MB

[System] Saving Baseline Dense Model before pruning starts...
📊 Dense Baseline - Acc: 83.07%, Size: 20.89 MB
💾 Saved Baseline: vit_tiny_patch16_224_DENSE_BASELINE.pth


[DEBUG] >>> PRUNING @ Epoch 20

[DEBUG] === ViT MCPrune (EMA-Hessian) Running: Epoch 20 ===
 [*] ViT Pruning Complete: 415 units pruned.

[Scientific Metrics - Epoch 20]
 🟢 Model Size: 20.89 MB -> 18.76 MB
 🔵 Sparsity: 7.89 %
 🟡 Speedup: 1.11x
💾 Checkpoint saved: vit_tiny_patch16_224_pdt_ep20_sp7.89.pth
Epoch 20/100 | Loss: 1.4998 | Val Acc: 70.60% | Peak VRAM: 19662.38 MB
Epoch 21/100 | Loss: 1.0248 | Val Acc: 73.48% | Peak VRAM: 4508.67 MB
Epoch 22/100 | Loss: 0.8780 | Val Acc: 74.88% | Peak VRAM: 4508.67 MB
Epoch 23/100 | Loss: 0.7931 | Val Acc: 75.99% | Peak VRAM: 4508.67 MB
Epoch 24/100 | Loss: 0.7331 | Val Acc: 76.96% | Peak VRAM: 4508.67 MB

[DEBUG] >>> PRUNING @ Epoch 25

[DEBUG] === ViT MCPrune (EMA-Hessian) Running: Epoch 25 ===
 [*] ViT Pruning Complete: 300 units pruned.

[Scientific Metrics - Epoch 25]
 🟢 Model Size: 20.89 MB -> 17.22 MB
 🔵 Sparsity: 13.60 %
 🟡 Speedup: 1.21x
💾 Checkpoint saved: vit_tiny_patch16_224_pdt_ep25_sp13.60.pth
Epoch 25/100 | Loss: 1.8556 | Val Acc: 59.24% | Peak VRAM: 19663.82 MB
Epoch 26/100 | Loss: 1.3447 | Val Acc: 64.30% | Peak VRAM: 4503.32 MB
Epoch 27/100 | Loss: 1.1682 | Val Acc: 67.05% | Peak VRAM: 4503.32 MB
Epoch 28/100 | Loss: 1.0566 | Val Acc: 68.76% | Peak VRAM: 4503.32 MB
Epoch 29/100 | Loss: 0.9821 | Val Acc: 69.99% | Peak VRAM: 4503.32 MB

[DEBUG] >>> PRUNING @ Epoch 30

[DEBUG] === ViT MCPrune (EMA-Hessian) Running: Epoch 30 ===
 [*] ViT Pruning Complete: 247 units pruned.

[Scientific Metrics - Epoch 30]
 🟢 Model Size: 20.89 MB -> 15.95 MB
 🔵 Sparsity: 18.30 %
 🟡 Speedup: 1.31x
💾 Checkpoint saved: vit_tiny_patch16_224_pdt_ep30_sp18.30.pth
Epoch 30/100 | Loss: 2.4168 | Val Acc: 47.55% | Peak VRAM: 19665.60 MB
Epoch 31/100 | Loss: 1.7857 | Val Acc: 52.80% | Peak VRAM: 4499.76 MB
Epoch 32/100 | Loss: 1.5926 | Val Acc: 55.75% | Peak VRAM: 4499.76 MB
Epoch 33/100 | Loss: 1.4756 | Val Acc: 58.41% | Peak VRAM: 4499.76 MB
Epoch 34/100 | Loss: 1.3797 | Val Acc: 59.93% | Peak VRAM: 4499.76 MB

[DEBUG] >>> PRUNING @ Epoch 35

[DEBUG] === ViT MCPrune (EMA-Hessian) Running: Epoch 35 ===
 [*] ViT Pruning Complete: 217 units pruned.

[Scientific Metrics - Epoch 35]
 🟢 Model Size: 20.89 MB -> 14.84 MB
 🔵 Sparsity: 22.43 %
 🟡 Speedup: 1.41x
💾 Checkpoint saved: vit_tiny_patch16_224_pdt_ep35_sp22.43.pth
Epoch 35/100 | Loss: 2.7058 | Val Acc: 38.46% | Peak VRAM: 19660.26 MB
Epoch 36/100 | Loss: 2.1908 | Val Acc: 43.80% | Peak VRAM: 4499.76 MB
Epoch 37/100 | Loss: 2.0003 | Val Acc: 47.10% | Peak VRAM: 4499.76 MB
Epoch 38/100 | Loss: 1.8752 | Val Acc: 49.03% | Peak VRAM: 4499.76 MB
Epoch 39/100 | Loss: 1.7768 | Val Acc: 50.99% | Peak VRAM: 4499.76 MB

[DEBUG] >>> PRUNING @ Epoch 40

[DEBUG] === ViT MCPrune (EMA-Hessian) Running: Epoch 40 ===
 [*] ViT Pruning Complete: 197 units pruned.

[Scientific Metrics - Epoch 40]
 🟢 Model Size: 20.89 MB -> 13.83 MB
 🔵 Sparsity: 26.17 %
 🟡 Speedup: 1.51x
💾 Checkpoint saved: vit_tiny_patch16_224_pdt_ep40_sp26.17.pth
Epoch 40/100 | Loss: 3.4479 | Val Acc: 26.48% | Peak VRAM: 19656.70 MB
Epoch 41/100 | Loss: 2.7233 | Val Acc: 32.22% | Peak VRAM: 4499.76 MB
Epoch 42/100 | Loss: 2.5059 | Val Acc: 36.04% | Peak VRAM: 4499.76 MB
Epoch 43/100 | Loss: 2.3712 | Val Acc: 38.43% | Peak VRAM: 4499.76 MB
Epoch 44/100 | Loss: 2.2731 | Val Acc: 39.50% | Peak VRAM: 4499.76 MB

[DEBUG] >>> PRUNING @ Epoch 45

[DEBUG] === ViT MCPrune (EMA-Hessian) Running: Epoch 45 ===
 [*] ViT Pruning Complete: 181 units pruned.

[Scientific Metrics - Epoch 45]
 🟢 Model Size: 20.89 MB -> 12.90 MB
 🔵 Sparsity: 29.62 %
 🟡 Speedup: 1.62x
💾 Checkpoint saved: vit_tiny_patch16_224_pdt_ep45_sp29.62.pth
Epoch 45/100 | Loss: 3.3074 | Val Acc: 24.59% | Peak VRAM: 19656.70 MB
Epoch 46/100 | Loss: 2.8697 | Val Acc: 28.95% | Peak VRAM: 4499.76 MB
Epoch 47/100 | Loss: 2.7048 | Val Acc: 31.52% | Peak VRAM: 4499.76 MB
Epoch 48/100 | Loss: 2.5952 | Val Acc: 33.83% | Peak VRAM: 4499.76 MB
Epoch 49/100 | Loss: 2.5126 | Val Acc: 34.46% | Peak VRAM: 4499.76 MB

[DEBUG] >>> PRUNING @ Epoch 50

[DEBUG] === ViT MCPrune (EMA-Hessian) Running: Epoch 50 ===
 [*] ViT Pruning Complete: 164 units pruned.

[Scientific Metrics - Epoch 50]
 🟢 Model Size: 20.89 MB -> 12.06 MB
 🔵 Sparsity: 32.74 %
 🟡 Speedup: 1.73x
💾 Checkpoint saved: vit_tiny_patch16_224_pdt_ep50_sp32.74.pth
Epoch 50/100 | Loss: 3.5898 | Val Acc: 19.66% | Peak VRAM: 19656.70 MB
Epoch 51/100 | Loss: 3.1641 | Val Acc: 23.20% | Peak VRAM: 4499.76 MB
Epoch 52/100 | Loss: 3.0102 | Val Acc: 25.23% | Peak VRAM: 4499.76 MB
Epoch 53/100 | Loss: 2.9039 | Val Acc: 27.21% | Peak VRAM: 4499.76 MB
Epoch 54/100 | Loss: 2.8277 | Val Acc: 28.33% | Peak VRAM: 4499.76 MB

[DEBUG] >>> PRUNING @ Epoch 55

[DEBUG] === ViT MCPrune (EMA-Hessian) Running: Epoch 55 ===
 [*] ViT Pruning Complete: 146 units pruned.

[Scientific Metrics - Epoch 55]
 🟢 Model Size: 20.89 MB -> 11.31 MB
 🔵 Sparsity: 35.51 %
 🟡 Speedup: 1.85x
💾 Checkpoint saved: vit_tiny_patch16_224_pdt_ep55_sp35.51.pth
Epoch 55/100 | Loss: 3.6958 | Val Acc: 15.69% | Peak VRAM: 19656.70 MB
Epoch 56/100 | Loss: 3.3132 | Val Acc: 19.29% | Peak VRAM: 4499.76 MB
Epoch 57/100 | Loss: 3.1558 | Val Acc: 21.75% | Peak VRAM: 4499.76 MB
Epoch 58/100 | Loss: 3.0633 | Val Acc: 23.88% | Peak VRAM: 4499.76 MB
Epoch 59/100 | Loss: 2.9813 | Val Acc: 25.63% | Peak VRAM: 4499.76 MB

[DEBUG] >>> PRUNING @ Epoch 60

[DEBUG] === ViT MCPrune (EMA-Hessian) Running: Epoch 60 ===
 [*] ViT Pruning Complete: 126 units pruned.

[Scientific Metrics - Epoch 60]
 🟢 Model Size: 20.89 MB -> 10.67 MB
 🔵 Sparsity: 37.91 %
 🟡 Speedup: 1.96x
💾 Checkpoint saved: vit_tiny_patch16_224_pdt_ep60_sp37.91.pth
Epoch 60/100 | Loss: 4.0083 | Val Acc: 13.11% | Peak VRAM: 19656.70 MB
Epoch 61/100 | Loss: 3.5874 | Val Acc: 16.59% | Peak VRAM: 4499.76 MB
Epoch 62/100 | Loss: 3.3950 | Val Acc: 19.05% | Peak VRAM: 4499.76 MB
Epoch 63/100 | Loss: 3.2729 | Val Acc: 20.55% | Peak VRAM: 4499.76 MB
Epoch 64/100 | Loss: 3.1881 | Val Acc: 21.81% | Peak VRAM: 4499.76 MB

[DEBUG] >>> PRUNING @ Epoch 65

[DEBUG] === ViT MCPrune (EMA-Hessian) Running: Epoch 65 ===
 [*] ViT Pruning Complete: 104 units pruned.

[Scientific Metrics - Epoch 65]
 🟢 Model Size: 20.89 MB -> 10.13 MB
 🔵 Sparsity: 39.89 %
 🟡 Speedup: 2.06x
💾 Checkpoint saved: vit_tiny_patch16_224_pdt_ep65_sp39.89.pth
Epoch 65/100 | Loss: 4.2904 | Val Acc: 7.29% | Peak VRAM: 19656.70 MB
Epoch 66/100 | Loss: 3.9407 | Val Acc: 10.37% | Peak VRAM: 4499.76 MB
Epoch 67/100 | Loss: 3.7686 | Val Acc: 12.35% | Peak VRAM: 4499.76 MB
Epoch 68/100 | Loss: 3.6438 | Val Acc: 14.52% | Peak VRAM: 4499.76 MB
Epoch 69/100 | Loss: 3.5448 | Val Acc: 16.22% | Peak VRAM: 4499.76 MB

[DEBUG] >>> PRUNING @ Epoch 70

[DEBUG] === ViT MCPrune (EMA-Hessian) Running: Epoch 70 ===
 [*] ViT Pruning Complete: 80 units pruned.

[Scientific Metrics - Epoch 70]
 🟢 Model Size: 20.89 MB -> 9.72 MB
 🔵 Sparsity: 41.41 %
 🟡 Speedup: 2.15x
💾 Checkpoint saved: vit_tiny_patch16_224_pdt_ep70_sp41.41.pth
Epoch 70/100 | Loss: 4.3657 | Val Acc: 5.62% | Peak VRAM: 19656.70 MB
Epoch 71/100 | Loss: 4.1513 | Val Acc: 6.52% | Peak VRAM: 4499.76 MB
Epoch 72/100 | Loss: 4.0652 | Val Acc: 7.79% | Peak VRAM: 4499.76 MB
Epoch 73/100 | Loss: 4.0131 | Val Acc: 8.91% | Peak VRAM: 4499.76 MB
Epoch 74/100 | Loss: 3.9698 | Val Acc: 8.92% | Peak VRAM: 4499.76 MB

[DEBUG] >>> PRUNING @ Epoch 75

[DEBUG] === ViT MCPrune (EMA-Hessian) Running: Epoch 75 ===
 [*] ViT Pruning Complete: 57 units pruned.

[Scientific Metrics - Epoch 75]
 🟢 Model Size: 20.89 MB -> 9.43 MB
 🔵 Sparsity: 42.50 %
 🟡 Speedup: 2.21x
💾 Checkpoint saved: vit_tiny_patch16_224_pdt_ep75_sp42.50.pth
Epoch 75/100 | Loss: 4.2164 | Val Acc: 7.40% | Peak VRAM: 19656.70 MB
Epoch 76/100 | Loss: 4.0923 | Val Acc: 8.29% | Peak VRAM: 4499.76 MB
Epoch 77/100 | Loss: 4.0379 | Val Acc: 8.44% | Peak VRAM: 4499.76 MB
Epoch 78/100 | Loss: 4.0016 | Val Acc: 8.75% | Peak VRAM: 4499.76 MB
Epoch 79/100 | Loss: 3.9752 | Val Acc: 8.97% | Peak VRAM: 4499.76 MB

[DEBUG] >>> PRUNING @ Epoch 80

[DEBUG] === ViT MCPrune (EMA-Hessian) Running: Epoch 80 ===
 [*] ViT Pruning Complete: 36 units pruned.

[Scientific Metrics - Epoch 80]
 🟢 Model Size: 20.89 MB -> 9.25 MB
 🔵 Sparsity: 43.18 %
 🟡 Speedup: 2.26x
💾 Checkpoint saved: vit_tiny_patch16_224_pdt_ep80_sp43.18.pth
Epoch 80/100 | Loss: 4.0828 | Val Acc: 7.94% | Peak VRAM: 19656.70 MB
Epoch 81/100 | Loss: 4.0214 | Val Acc: 8.17% | Peak VRAM: 4499.76 MB
Epoch 82/100 | Loss: 3.9881 | Val Acc: 8.94% | Peak VRAM: 4499.76 MB
Epoch 83/100 | Loss: 3.9604 | Val Acc: 9.04% | Peak VRAM: 4499.76 MB
Epoch 84/100 | Loss: 3.9388 | Val Acc: 9.28% | Peak VRAM: 4499.76 MB

[DEBUG] >>> PRUNING @ Epoch 85

[DEBUG] === ViT MCPrune (EMA-Hessian) Running: Epoch 85 ===
 [*] ViT Pruning Complete: 20 units pruned.

[Scientific Metrics - Epoch 85]
 🟢 Model Size: 20.89 MB -> 9.15 MB
 🔵 Sparsity: 43.56 %
 🟡 Speedup: 2.28x
💾 Checkpoint saved: vit_tiny_patch16_224_pdt_ep85_sp43.56.pth
Epoch 85/100 | Loss: 4.1286 | Val Acc: 7.40% | Peak VRAM: 19656.70 MB
Epoch 86/100 | Loss: 4.0403 | Val Acc: 8.61% | Peak VRAM: 4499.76 MB
Epoch 87/100 | Loss: 4.0023 | Val Acc: 9.17% | Peak VRAM: 4499.76 MB
Epoch 88/100 | Loss: 3.9737 | Val Acc: 8.93% | Peak VRAM: 4499.76 MB
Epoch 89/100 | Loss: 3.9551 | Val Acc: 9.17% | Peak VRAM: 4499.76 MB

[DEBUG] >>> PRUNING @ Epoch 90

[DEBUG] === ViT MCPrune (EMA-Hessian) Running: Epoch 90 ===
 [*] ViT Pruning Complete: 10 units pruned.

[Scientific Metrics - Epoch 90]
 🟢 Model Size: 20.89 MB -> 9.09 MB
 🔵 Sparsity: 43.75 %
 🟡 Speedup: 2.30x
💾 Checkpoint saved: vit_tiny_patch16_224_pdt_ep90_sp43.75.pth
Epoch 90/100 | Loss: 4.3455 | Val Acc: 4.56% | Peak VRAM: 19656.70 MB
Epoch 91/100 | Loss: 4.2643 | Val Acc: 4.96% | Peak VRAM: 4499.76 MB
Epoch 92/100 | Loss: 4.2036 | Val Acc: 5.17% | Peak VRAM: 4499.76 MB
Epoch 93/100 | Loss: 4.1660 | Val Acc: 5.79% | Peak VRAM: 4499.76 MB
Epoch 94/100 | Loss: 4.1401 | Val Acc: 5.90% | Peak VRAM: 4499.76 MB

[DEBUG] >>> PRUNING @ Epoch 95

[DEBUG] === ViT MCPrune (EMA-Hessian) Running: Epoch 95 ===
 [*] ViT Pruning Complete: 3 units pruned.

[Scientific Metrics - Epoch 95]
 🟢 Model Size: 20.89 MB -> 9.08 MB
 🔵 Sparsity: 43.81 %
 🟡 Speedup: 2.30x
💾 Checkpoint saved: vit_tiny_patch16_224_pdt_ep95_sp43.81.pth
Epoch 95/100 | Loss: 4.5698 | Val Acc: 1.53% | Peak VRAM: 19656.70 MB
Epoch 96/100 | Loss: 4.5510 | Val Acc: 2.22% | Peak VRAM: 4499.76 MB
Epoch 97/100 | Loss: 4.5426 | Val Acc: 1.90% | Peak VRAM: 4499.76 MB
Epoch 98/100 | Loss: 4.5346 | Val Acc: 1.79% | Peak VRAM: 4499.76 MB
Epoch 99/100 | Loss: 4.5271 | Val Acc: 1.65% | Peak VRAM: 4499.76 MB

[DEBUG] >>> PRUNING @ Epoch 100

[DEBUG] === ViT MCPrune (EMA-Hessian) Running: Epoch 100 ===
 [*] ViT Pruning Complete: 0 units pruned.

[Scientific Metrics - Epoch 100]
 🟢 Model Size: 20.89 MB -> 9.08 MB
 🔵 Sparsity: 43.81 %
 🟡 Speedup: 2.30x
💾 Checkpoint saved: vit_tiny_patch16_224_pdt_ep100_sp43.81.pth
Epoch 100/100 | Loss: 4.5208 | Val Acc: 1.80% | Peak VRAM: 19656.70 MB

🏁 Final Model Saved: ./exp/checkpoints/vit_tiny_patch16_224_pdt_final.pth

================ FINAL PHYSICAL COMPRESSION ================

